
> phlowers-stellar-app@1.3.0 test
> jest

PASS src/app/ui/pages/studio/top-toolbar/top-toolbar.component.spec.ts (15.405 s)
PASS src/app/ui/pages/study/tabs/sections/newSectionModal/manualSection/manualSection.component.spec.ts (9.407 s)
PASS src/app/ui/pages/study/tabs/sections/newSectionModal/manualSection/supportsTable/supportsTable.component.spec.ts (26.173 s)
PASS src/app/ui/pages/study/tabs/sections/newSectionModal/newSectionModal.component.spec.ts (26.258 s)
PASS src/app/ui/pages/studio/toolbar-dialog/field-measuring/components/header/header.component.spec.ts (5.043 s)
  ● Console

    console.error
      NG0303: Can't set value of the 'spanOptions' input on the 'HeaderComponent' component. Make sure that the 'spanOptions' property is annotated with @Input() or a mapped @Input('spanOptions') exists.

      43 |     it('should create', () => {
      44 |       fixture.componentRef.setInput('measureData', mockMeasureData);
    > 45 |       fixture.componentRef.setInput('spanOptions', mockSpanOptions);
         |                            ^
      46 |       expect(component).toBeTruthy();
      47 |     });
      48 |

      at reportUnknownPropertyError (node_modules/@angular/core/fesm2022/core.mjs:11279:17)
      at ComponentRef2.setInput (node_modules/@angular/core/fesm2022/core.mjs:18025:13)
      at src/app/ui/pages/studio/toolbar-dialog/field-measuring/components/header/header.component.spec.ts:45:28
      at _ZoneDelegate.invoke (node_modules/zone.js/bundles/zone.umd.js:410:32)
      at ProxyZoneSpec.Object.<anonymous>.ProxyZoneSpec.onInvoke (node_modules/zone.js/bundles/zone-testing.umd.js:2219:43)
      at _ZoneDelegate.invoke (node_modules/zone.js/bundles/zone.umd.js:409:38)
      at ZoneImpl.run (node_modules/zone.js/bundles/zone.umd.js:145:47)
      at Object.wrappedFunc (node_modules/zone.js/bundles/zone-testing.umd.js:449:38)

    console.error
      NG0303: Can't set value of the 'spanOptions' input on the 'HeaderComponent' component. Make sure that the 'spanOptions' property is annotated with @Input() or a mapped @Input('spanOptions') exists.

      77 |     beforeEach(() => {
      78 |       fixture.componentRef.setInput('measureData', mockMeasureData);
    > 79 |       fixture.componentRef.setInput('spanOptions', mockSpanOptions);
         |                            ^
      80 |       fixture.detectChanges();
      81 |     });
      82 |

      at reportUnknownPropertyError (node_modules/@angular/core/fesm2022/core.mjs:11279:17)
      at ComponentRef2.setInput (node_modules/@angular/core/fesm2022/core.mjs:18025:13)
      at src/app/ui/pages/studio/toolbar-dialog/field-measuring/components/header/header.component.spec.ts:79:28
      at _ZoneDelegate.invoke (node_modules/zone.js/bundles/zone.umd.js:410:32)
      at ProxyZoneSpec.Object.<anonymous>.ProxyZoneSpec.onInvoke (node_modules/zone.js/bundles/zone-testing.umd.js:2219:43)
      at _ZoneDelegate.invoke (node_modules/zone.js/bundles/zone.umd.js:409:38)
      at ZoneImpl.run (node_modules/zone.js/bundles/zone.umd.js:145:47)
      at Object.wrappedFunc (node_modules/zone.js/bundles/zone-testing.umd.js:449:38)

    console.error
      NG0303: Can't set value of the 'spanOptions' input on the 'HeaderComponent' component. Make sure that the 'spanOptions' property is annotated with @Input() or a mapped @Input('spanOptions') exists.

      77 |     beforeEach(() => {
      78 |       fixture.componentRef.setInput('measureData', mockMeasureData);
    > 79 |       fixture.componentRef.setInput('spanOptions', mockSpanOptions);
         |                            ^
      80 |       fixture.detectChanges();
      81 |     });
      82 |

      at reportUnknownPropertyError (node_modules/@angular/core/fesm2022/core.mjs:11279:17)
      at ComponentRef2.setInput (node_modules/@angular/core/fesm2022/core.mjs:18025:13)
      at src/app/ui/pages/studio/toolbar-dialog/field-measuring/components/header/header.component.spec.ts:79:28
      at _ZoneDelegate.invoke (node_modules/zone.js/bundles/zone.umd.js:410:32)
      at ProxyZoneSpec.Object.<anonymous>.ProxyZoneSpec.onInvoke (node_modules/zone.js/bundles/zone-testing.umd.js:2219:43)
      at _ZoneDelegate.invoke (node_modules/zone.js/bundles/zone.umd.js:409:38)
      at ZoneImpl.run (node_modules/zone.js/bundles/zone.umd.js:145:47)
      at Object.wrappedFunc (node_modules/zone.js/bundles/zone-testing.umd.js:449:38)

    console.error
      NG0303: Can't set value of the 'spanOptions' input on the 'HeaderComponent' component. Make sure that the 'spanOptions' property is annotated with @Input() or a mapped @Input('spanOptions') exists.

      77 |     beforeEach(() => {
      78 |       fixture.componentRef.setInput('measureData', mockMeasureData);
    > 79 |       fixture.componentRef.setInput('spanOptions', mockSpanOptions);
         |                            ^
      80 |       fixture.detectChanges();
      81 |     });
      82 |

      at reportUnknownPropertyError (node_modules/@angular/core/fesm2022/core.mjs:11279:17)
      at ComponentRef2.setInput (node_modules/@angular/core/fesm2022/core.mjs:18025:13)
      at src/app/ui/pages/studio/toolbar-dialog/field-measuring/components/header/header.component.spec.ts:79:28
      at _ZoneDelegate.invoke (node_modules/zone.js/bundles/zone.umd.js:410:32)
      at ProxyZoneSpec.Object.<anonymous>.ProxyZoneSpec.onInvoke (node_modules/zone.js/bundles/zone-testing.umd.js:2219:43)
      at _ZoneDelegate.invoke (node_modules/zone.js/bundles/zone.umd.js:409:38)
      at ZoneImpl.run (node_modules/zone.js/bundles/zone.umd.js:145:47)
      at Object.wrappedFunc (node_modules/zone.js/bundles/zone-testing.umd.js:449:38)

    console.error
      NG0303: Can't set value of the 'spanOptions' input on the 'HeaderComponent' component. Make sure that the 'spanOptions' property is annotated with @Input() or a mapped @Input('spanOptions') exists.

      77 |     beforeEach(() => {
      78 |       fixture.componentRef.setInput('measureData', mockMeasureData);
    > 79 |       fixture.componentRef.setInput('spanOptions', mockSpanOptions);
         |                            ^
      80 |       fixture.detectChanges();
      81 |     });
      82 |

      at reportUnknownPropertyError (node_modules/@angular/core/fesm2022/core.mjs:11279:17)
      at ComponentRef2.setInput (node_modules/@angular/core/fesm2022/core.mjs:18025:13)
      at src/app/ui/pages/studio/toolbar-dialog/field-measuring/components/header/header.component.spec.ts:79:28
      at _ZoneDelegate.invoke (node_modules/zone.js/bundles/zone.umd.js:410:32)
      at ProxyZoneSpec.Object.<anonymous>.ProxyZoneSpec.onInvoke (node_modules/zone.js/bundles/zone-testing.umd.js:2219:43)
      at _ZoneDelegate.invoke (node_modules/zone.js/bundles/zone.umd.js:409:38)
      at ZoneImpl.run (node_modules/zone.js/bundles/zone.umd.js:145:47)
      at Object.wrappedFunc (node_modules/zone.js/bundles/zone-testing.umd.js:449:38)

    console.error
      NG0303: Can't set value of the 'spanOptions' input on the 'HeaderComponent' component. Make sure that the 'spanOptions' property is annotated with @Input() or a mapped @Input('spanOptions') exists.

      77 |     beforeEach(() => {
      78 |       fixture.componentRef.setInput('measureData', mockMeasureData);
    > 79 |       fixture.componentRef.setInput('spanOptions', mockSpanOptions);
         |                            ^
      80 |       fixture.detectChanges();
      81 |     });
      82 |

      at reportUnknownPropertyError (node_modules/@angular/core/fesm2022/core.mjs:11279:17)
      at ComponentRef2.setInput (node_modules/@angular/core/fesm2022/core.mjs:18025:13)
      at src/app/ui/pages/studio/toolbar-dialog/field-measuring/components/header/header.component.spec.ts:79:28
      at _ZoneDelegate.invoke (node_modules/zone.js/bundles/zone.umd.js:410:32)
      at ProxyZoneSpec.Object.<anonymous>.ProxyZoneSpec.onInvoke (node_modules/zone.js/bundles/zone-testing.umd.js:2219:43)
      at _ZoneDelegate.invoke (node_modules/zone.js/bundles/zone.umd.js:409:38)
      at ZoneImpl.run (node_modules/zone.js/bundles/zone.umd.js:145:47)
      at Object.wrappedFunc (node_modules/zone.js/bundles/zone-testing.umd.js:449:38)

    console.error
      NG0303: Can't set value of the 'spanOptions' input on the 'HeaderComponent' component. Make sure that the 'spanOptions' property is annotated with @Input() or a mapped @Input('spanOptions') exists.

      77 |     beforeEach(() => {
      78 |       fixture.componentRef.setInput('measureData', mockMeasureData);
    > 79 |       fixture.componentRef.setInput('spanOptions', mockSpanOptions);
         |                            ^
      80 |       fixture.detectChanges();
      81 |     });
      82 |

      at reportUnknownPropertyError (node_modules/@angular/core/fesm2022/core.mjs:11279:17)
      at ComponentRef2.setInput (node_modules/@angular/core/fesm2022/core.mjs:18025:13)
      at src/app/ui/pages/studio/toolbar-dialog/field-measuring/components/header/header.component.spec.ts:79:28
      at _ZoneDelegate.invoke (node_modules/zone.js/bundles/zone.umd.js:410:32)
      at ProxyZoneSpec.Object.<anonymous>.ProxyZoneSpec.onInvoke (node_modules/zone.js/bundles/zone-testing.umd.js:2219:43)
      at _ZoneDelegate.invoke (node_modules/zone.js/bundles/zone.umd.js:409:38)
      at ZoneImpl.run (node_modules/zone.js/bundles/zone.umd.js:145:47)
      at Object.wrappedFunc (node_modules/zone.js/bundles/zone-testing.umd.js:449:38)

    console.error
      NG0303: Can't set value of the 'spanOptions' input on the 'HeaderComponent' component. Make sure that the 'spanOptions' property is annotated with @Input() or a mapped @Input('spanOptions') exists.

      133 |     beforeEach(() => {
      134 |       fixture.componentRef.setInput('measureData', mockMeasureData);
    > 135 |       fixture.componentRef.setInput('spanOptions', mockSpanOptions);
          |                            ^
      136 |       fixture.detectChanges();
      137 |     });
      138 |

      at reportUnknownPropertyError (node_modules/@angular/core/fesm2022/core.mjs:11279:17)
      at ComponentRef2.setInput (node_modules/@angular/core/fesm2022/core.mjs:18025:13)
      at src/app/ui/pages/studio/toolbar-dialog/field-measuring/components/header/header.component.spec.ts:135:28
      at _ZoneDelegate.invoke (node_modules/zone.js/bundles/zone.umd.js:410:32)
      at ProxyZoneSpec.Object.<anonymous>.ProxyZoneSpec.onInvoke (node_modules/zone.js/bundles/zone-testing.umd.js:2219:43)
      at _ZoneDelegate.invoke (node_modules/zone.js/bundles/zone.umd.js:409:38)
      at ZoneImpl.run (node_modules/zone.js/bundles/zone.umd.js:145:47)
      at Object.wrappedFunc (node_modules/zone.js/bundles/zone-testing.umd.js:449:38)

    console.error
      NG0303: Can't set value of the 'spanOptions' input on the 'HeaderComponent' component. Make sure that the 'spanOptions' property is annotated with @Input() or a mapped @Input('spanOptions') exists.

      133 |     beforeEach(() => {
      134 |       fixture.componentRef.setInput('measureData', mockMeasureData);
    > 135 |       fixture.componentRef.setInput('spanOptions', mockSpanOptions);
          |                            ^
      136 |       fixture.detectChanges();
      137 |     });
      138 |

      at reportUnknownPropertyError (node_modules/@angular/core/fesm2022/core.mjs:11279:17)
      at ComponentRef2.setInput (node_modules/@angular/core/fesm2022/core.mjs:18025:13)
      at src/app/ui/pages/studio/toolbar-dialog/field-measuring/components/header/header.component.spec.ts:135:28
      at _ZoneDelegate.invoke (node_modules/zone.js/bundles/zone.umd.js:410:32)
      at ProxyZoneSpec.Object.<anonymous>.ProxyZoneSpec.onInvoke (node_modules/zone.js/bundles/zone-testing.umd.js:2219:43)
      at _ZoneDelegate.invoke (node_modules/zone.js/bundles/zone.umd.js:409:38)
      at ZoneImpl.run (node_modules/zone.js/bundles/zone.umd.js:145:47)
      at Object.wrappedFunc (node_modules/zone.js/bundles/zone-testing.umd.js:449:38)

    console.error
      NG0303: Can't set value of the 'spanOptions' input on the 'HeaderComponent' component. Make sure that the 'spanOptions' property is annotated with @Input() or a mapped @Input('spanOptions') exists.

      133 |     beforeEach(() => {
      134 |       fixture.componentRef.setInput('measureData', mockMeasureData);
    > 135 |       fixture.componentRef.setInput('spanOptions', mockSpanOptions);
          |                            ^
      136 |       fixture.detectChanges();
      137 |     });
      138 |

      at reportUnknownPropertyError (node_modules/@angular/core/fesm2022/core.mjs:11279:17)
      at ComponentRef2.setInput (node_modules/@angular/core/fesm2022/core.mjs:18025:13)
      at src/app/ui/pages/studio/toolbar-dialog/field-measuring/components/header/header.component.spec.ts:135:28
      at _ZoneDelegate.invoke (node_modules/zone.js/bundles/zone.umd.js:410:32)
      at ProxyZoneSpec.Object.<anonymous>.ProxyZoneSpec.onInvoke (node_modules/zone.js/bundles/zone-testing.umd.js:2219:43)
      at _ZoneDelegate.invoke (node_modules/zone.js/bundles/zone.umd.js:409:38)
      at ZoneImpl.run (node_modules/zone.js/bundles/zone.umd.js:145:47)
      at Object.wrappedFunc (node_modules/zone.js/bundles/zone-testing.umd.js:449:38)

    console.error
      NG0303: Can't set value of the 'spanOptions' input on the 'HeaderComponent' component. Make sure that the 'spanOptions' property is annotated with @Input() or a mapped @Input('spanOptions') exists.

      133 |     beforeEach(() => {
      134 |       fixture.componentRef.setInput('measureData', mockMeasureData);
    > 135 |       fixture.componentRef.setInput('spanOptions', mockSpanOptions);
          |                            ^
      136 |       fixture.detectChanges();
      137 |     });
      138 |

      at reportUnknownPropertyError (node_modules/@angular/core/fesm2022/core.mjs:11279:17)
      at ComponentRef2.setInput (node_modules/@angular/core/fesm2022/core.mjs:18025:13)
      at src/app/ui/pages/studio/toolbar-dialog/field-measuring/components/header/header.component.spec.ts:135:28
      at _ZoneDelegate.invoke (node_modules/zone.js/bundles/zone.umd.js:410:32)
      at ProxyZoneSpec.Object.<anonymous>.ProxyZoneSpec.onInvoke (node_modules/zone.js/bundles/zone-testing.umd.js:2219:43)
      at _ZoneDelegate.invoke (node_modules/zone.js/bundles/zone.umd.js:409:38)
      at ZoneImpl.run (node_modules/zone.js/bundles/zone.umd.js:145:47)
      at Object.wrappedFunc (node_modules/zone.js/bundles/zone-testing.umd.js:449:38)

    console.error
      NG0303: Can't set value of the 'spanOptions' input on the 'HeaderComponent' component. Make sure that the 'spanOptions' property is annotated with @Input() or a mapped @Input('spanOptions') exists.

      133 |     beforeEach(() => {
      134 |       fixture.componentRef.setInput('measureData', mockMeasureData);
    > 135 |       fixture.componentRef.setInput('spanOptions', mockSpanOptions);
          |                            ^
      136 |       fixture.detectChanges();
      137 |     });
      138 |

      at reportUnknownPropertyError (node_modules/@angular/core/fesm2022/core.mjs:11279:17)
      at ComponentRef2.setInput (node_modules/@angular/core/fesm2022/core.mjs:18025:13)
      at src/app/ui/pages/studio/toolbar-dialog/field-measuring/components/header/header.component.spec.ts:135:28
      at _ZoneDelegate.invoke (node_modules/zone.js/bundles/zone.umd.js:410:32)
      at ProxyZoneSpec.Object.<anonymous>.ProxyZoneSpec.onInvoke (node_modules/zone.js/bundles/zone-testing.umd.js:2219:43)
      at _ZoneDelegate.invoke (node_modules/zone.js/bundles/zone.umd.js:409:38)
      at ZoneImpl.run (node_modules/zone.js/bundles/zone.umd.js:145:47)
      at Object.wrappedFunc (node_modules/zone.js/bundles/zone-testing.umd.js:449:38)

    console.error
      NG0303: Can't set value of the 'spanOptions' input on the 'HeaderComponent' component. Make sure that the 'spanOptions' property is annotated with @Input() or a mapped @Input('spanOptions') exists.

      133 |     beforeEach(() => {
      134 |       fixture.componentRef.setInput('measureData', mockMeasureData);
    > 135 |       fixture.componentRef.setInput('spanOptions', mockSpanOptions);
          |                            ^
      136 |       fixture.detectChanges();
      137 |     });
      138 |

      at reportUnknownPropertyError (node_modules/@angular/core/fesm2022/core.mjs:11279:17)
      at ComponentRef2.setInput (node_modules/@angular/core/fesm2022/core.mjs:18025:13)
      at src/app/ui/pages/studio/toolbar-dialog/field-measuring/components/header/header.component.spec.ts:135:28
      at _ZoneDelegate.invoke (node_modules/zone.js/bundles/zone.umd.js:410:32)
      at ProxyZoneSpec.Object.<anonymous>.ProxyZoneSpec.onInvoke (node_modules/zone.js/bundles/zone-testing.umd.js:2219:43)
      at _ZoneDelegate.invoke (node_modules/zone.js/bundles/zone.umd.js:409:38)
      at ZoneImpl.run (node_modules/zone.js/bundles/zone.umd.js:145:47)
      at Object.wrappedFunc (node_modules/zone.js/bundles/zone-testing.umd.js:449:38)

    console.error
      NG0303: Can't set value of the 'spanOptions' input on the 'HeaderComponent' component. Make sure that the 'spanOptions' property is annotated with @Input() or a mapped @Input('spanOptions') exists.

      133 |     beforeEach(() => {
      134 |       fixture.componentRef.setInput('measureData', mockMeasureData);
    > 135 |       fixture.componentRef.setInput('spanOptions', mockSpanOptions);
          |                            ^
      136 |       fixture.detectChanges();
      137 |     });
      138 |

      at reportUnknownPropertyError (node_modules/@angular/core/fesm2022/core.mjs:11279:17)
      at ComponentRef2.setInput (node_modules/@angular/core/fesm2022/core.mjs:18025:13)
      at src/app/ui/pages/studio/toolbar-dialog/field-measuring/components/header/header.component.spec.ts:135:28
      at _ZoneDelegate.invoke (node_modules/zone.js/bundles/zone.umd.js:410:32)
      at ProxyZoneSpec.Object.<anonymous>.ProxyZoneSpec.onInvoke (node_modules/zone.js/bundles/zone-testing.umd.js:2219:43)
      at _ZoneDelegate.invoke (node_modules/zone.js/bundles/zone.umd.js:409:38)
      at ZoneImpl.run (node_modules/zone.js/bundles/zone.umd.js:145:47)
      at Object.wrappedFunc (node_modules/zone.js/bundles/zone-testing.umd.js:449:38)

    console.error
      NG0303: Can't set value of the 'spanOptions' input on the 'HeaderComponent' component. Make sure that the 'spanOptions' property is annotated with @Input() or a mapped @Input('spanOptions') exists.

      133 |     beforeEach(() => {
      134 |       fixture.componentRef.setInput('measureData', mockMeasureData);
    > 135 |       fixture.componentRef.setInput('spanOptions', mockSpanOptions);
          |                            ^
      136 |       fixture.detectChanges();
      137 |     });
      138 |

      at reportUnknownPropertyError (node_modules/@angular/core/fesm2022/core.mjs:11279:17)
      at ComponentRef2.setInput (node_modules/@angular/core/fesm2022/core.mjs:18025:13)
      at src/app/ui/pages/studio/toolbar-dialog/field-measuring/components/header/header.component.spec.ts:135:28
      at _ZoneDelegate.invoke (node_modules/zone.js/bundles/zone.umd.js:410:32)
      at ProxyZoneSpec.Object.<anonymous>.ProxyZoneSpec.onInvoke (node_modules/zone.js/bundles/zone-testing.umd.js:2219:43)
      at _ZoneDelegate.invoke (node_modules/zone.js/bundles/zone.umd.js:409:38)
      at ZoneImpl.run (node_modules/zone.js/bundles/zone.umd.js:145:47)
      at Object.wrappedFunc (node_modules/zone.js/bundles/zone-testing.umd.js:449:38)

    console.error
      NG0303: Can't set value of the 'spanOptions' input on the 'HeaderComponent' component. Make sure that the 'spanOptions' property is annotated with @Input() or a mapped @Input('spanOptions') exists.

      201 |     beforeEach(() => {
      202 |       fixture.componentRef.setInput('measureData', mockMeasureData);
    > 203 |       fixture.componentRef.setInput('spanOptions', mockSpanOptions);
          |                            ^
      204 |       fixture.detectChanges();
      205 |     });
      206 |

      at reportUnknownPropertyError (node_modules/@angular/core/fesm2022/core.mjs:11279:17)
      at ComponentRef2.setInput (node_modules/@angular/core/fesm2022/core.mjs:18025:13)
      at src/app/ui/pages/studio/toolbar-dialog/field-measuring/components/header/header.component.spec.ts:203:28
      at _ZoneDelegate.invoke (node_modules/zone.js/bundles/zone.umd.js:410:32)
      at ProxyZoneSpec.Object.<anonymous>.ProxyZoneSpec.onInvoke (node_modules/zone.js/bundles/zone-testing.umd.js:2219:43)
      at _ZoneDelegate.invoke (node_modules/zone.js/bundles/zone.umd.js:409:38)
      at ZoneImpl.run (node_modules/zone.js/bundles/zone.umd.js:145:47)
      at Object.wrappedFunc (node_modules/zone.js/bundles/zone-testing.umd.js:449:38)

    console.error
      NG0303: Can't set value of the 'spanOptions' input on the 'HeaderComponent' component. Make sure that the 'spanOptions' property is annotated with @Input() or a mapped @Input('spanOptions') exists.

      201 |     beforeEach(() => {
      202 |       fixture.componentRef.setInput('measureData', mockMeasureData);
    > 203 |       fixture.componentRef.setInput('spanOptions', mockSpanOptions);
          |                            ^
      204 |       fixture.detectChanges();
      205 |     });
      206 |

      at reportUnknownPropertyError (node_modules/@angular/core/fesm2022/core.mjs:11279:17)
      at ComponentRef2.setInput (node_modules/@angular/core/fesm2022/core.mjs:18025:13)
      at src/app/ui/pages/studio/toolbar-dialog/field-measuring/components/header/header.component.spec.ts:203:28
      at _ZoneDelegate.invoke (node_modules/zone.js/bundles/zone.umd.js:410:32)
      at ProxyZoneSpec.Object.<anonymous>.ProxyZoneSpec.onInvoke (node_modules/zone.js/bundles/zone-testing.umd.js:2219:43)
      at _ZoneDelegate.invoke (node_modules/zone.js/bundles/zone.umd.js:409:38)
      at ZoneImpl.run (node_modules/zone.js/bundles/zone.umd.js:145:47)
      at Object.wrappedFunc (node_modules/zone.js/bundles/zone-testing.umd.js:449:38)

    console.error
      NG0303: Can't set value of the 'spanOptions' input on the 'HeaderComponent' component. Make sure that the 'spanOptions' property is annotated with @Input() or a mapped @Input('spanOptions') exists.

      201 |     beforeEach(() => {
      202 |       fixture.componentRef.setInput('measureData', mockMeasureData);
    > 203 |       fixture.componentRef.setInput('spanOptions', mockSpanOptions);
          |                            ^
      204 |       fixture.detectChanges();
      205 |     });
      206 |

      at reportUnknownPropertyError (node_modules/@angular/core/fesm2022/core.mjs:11279:17)
      at ComponentRef2.setInput (node_modules/@angular/core/fesm2022/core.mjs:18025:13)
      at src/app/ui/pages/studio/toolbar-dialog/field-measuring/components/header/header.component.spec.ts:203:28
      at _ZoneDelegate.invoke (node_modules/zone.js/bundles/zone.umd.js:410:32)
      at ProxyZoneSpec.Object.<anonymous>.ProxyZoneSpec.onInvoke (node_modules/zone.js/bundles/zone-testing.umd.js:2219:43)
      at _ZoneDelegate.invoke (node_modules/zone.js/bundles/zone.umd.js:409:38)
      at ZoneImpl.run (node_modules/zone.js/bundles/zone.umd.js:145:47)
      at Object.wrappedFunc (node_modules/zone.js/bundles/zone-testing.umd.js:449:38)

    console.error
      NG0303: Can't set value of the 'spanOptions' input on the 'HeaderComponent' component. Make sure that the 'spanOptions' property is annotated with @Input() or a mapped @Input('spanOptions') exists.

      261 |     beforeEach(() => {
      262 |       fixture.componentRef.setInput('measureData', mockMeasureData);
    > 263 |       fixture.componentRef.setInput('spanOptions', mockSpanOptions);
          |                            ^
      264 |       fixture.detectChanges();
      265 |     });
      266 |

      at reportUnknownPropertyError (node_modules/@angular/core/fesm2022/core.mjs:11279:17)
      at ComponentRef2.setInput (node_modules/@angular/core/fesm2022/core.mjs:18025:13)
      at src/app/ui/pages/studio/toolbar-dialog/field-measuring/components/header/header.component.spec.ts:263:28
      at _ZoneDelegate.invoke (node_modules/zone.js/bundles/zone.umd.js:410:32)
      at ProxyZoneSpec.Object.<anonymous>.ProxyZoneSpec.onInvoke (node_modules/zone.js/bundles/zone-testing.umd.js:2219:43)
      at _ZoneDelegate.invoke (node_modules/zone.js/bundles/zone.umd.js:409:38)
      at ZoneImpl.run (node_modules/zone.js/bundles/zone.umd.js:145:47)
      at Object.wrappedFunc (node_modules/zone.js/bundles/zone-testing.umd.js:449:38)

    console.error
      NG0303: Can't set value of the 'spanOptions' input on the 'HeaderComponent' component. Make sure that the 'spanOptions' property is annotated with @Input() or a mapped @Input('spanOptions') exists.

      261 |     beforeEach(() => {
      262 |       fixture.componentRef.setInput('measureData', mockMeasureData);
    > 263 |       fixture.componentRef.setInput('spanOptions', mockSpanOptions);
          |                            ^
      264 |       fixture.detectChanges();
      265 |     });
      266 |

      at reportUnknownPropertyError (node_modules/@angular/core/fesm2022/core.mjs:11279:17)
      at ComponentRef2.setInput (node_modules/@angular/core/fesm2022/core.mjs:18025:13)
      at src/app/ui/pages/studio/toolbar-dialog/field-measuring/components/header/header.component.spec.ts:263:28
      at _ZoneDelegate.invoke (node_modules/zone.js/bundles/zone.umd.js:410:32)
      at ProxyZoneSpec.Object.<anonymous>.ProxyZoneSpec.onInvoke (node_modules/zone.js/bundles/zone-testing.umd.js:2219:43)
      at _ZoneDelegate.invoke (node_modules/zone.js/bundles/zone.umd.js:409:38)
      at ZoneImpl.run (node_modules/zone.js/bundles/zone.umd.js:145:47)
      at Object.wrappedFunc (node_modules/zone.js/bundles/zone-testing.umd.js:449:38)

    console.error
      NG0303: Can't set value of the 'spanOptions' input on the 'HeaderComponent' component. Make sure that the 'spanOptions' property is annotated with @Input() or a mapped @Input('spanOptions') exists.

      261 |     beforeEach(() => {
      262 |       fixture.componentRef.setInput('measureData', mockMeasureData);
    > 263 |       fixture.componentRef.setInput('spanOptions', mockSpanOptions);
          |                            ^
      264 |       fixture.detectChanges();
      265 |     });
      266 |

      at reportUnknownPropertyError (node_modules/@angular/core/fesm2022/core.mjs:11279:17)
      at ComponentRef2.setInput (node_modules/@angular/core/fesm2022/core.mjs:18025:13)
      at src/app/ui/pages/studio/toolbar-dialog/field-measuring/components/header/header.component.spec.ts:263:28
      at _ZoneDelegate.invoke (node_modules/zone.js/bundles/zone.umd.js:410:32)
      at ProxyZoneSpec.Object.<anonymous>.ProxyZoneSpec.onInvoke (node_modules/zone.js/bundles/zone-testing.umd.js:2219:43)
      at _ZoneDelegate.invoke (node_modules/zone.js/bundles/zone.umd.js:409:38)
      at ZoneImpl.run (node_modules/zone.js/bundles/zone.umd.js:145:47)
      at Object.wrappedFunc (node_modules/zone.js/bundles/zone-testing.umd.js:449:38)

    console.error
      NG0303: Can't set value of the 'spanOptions' input on the 'HeaderComponent' component. Make sure that the 'spanOptions' property is annotated with @Input() or a mapped @Input('spanOptions') exists.

      319 |       const measureDataWithoutSpan = { ...mockMeasureData, span: null };
      320 |       newFixture.componentRef.setInput('measureData', measureDataWithoutSpan);
    > 321 |       newFixture.componentRef.setInput('spanOptions', mockSpanOptions);
          |                               ^
      322 |       newFixture.detectChanges();
      323 |
      324 |       // Should have emitted fieldChange with span set to first span [0, 1]

      at reportUnknownPropertyError (node_modules/@angular/core/fesm2022/core.mjs:11279:17)
      at ComponentRef2.setInput (node_modules/@angular/core/fesm2022/core.mjs:18025:13)
      at src/app/ui/pages/studio/toolbar-dialog/field-measuring/components/header/header.component.spec.ts:321:31
      at _ZoneDelegate.invoke (node_modules/zone.js/bundles/zone.umd.js:410:32)
      at ProxyZoneSpec.Object.<anonymous>.ProxyZoneSpec.onInvoke (node_modules/zone.js/bundles/zone-testing.umd.js:2219:43)
      at _ZoneDelegate.invoke (node_modules/zone.js/bundles/zone.umd.js:409:38)
      at ZoneImpl.run (node_modules/zone.js/bundles/zone.umd.js:145:47)
      at Object.wrappedFunc (node_modules/zone.js/bundles/zone-testing.umd.js:449:38)

    console.error
      NG0303: Can't set value of the 'spanOptions' input on the 'HeaderComponent' component. Make sure that the 'spanOptions' property is annotated with @Input() or a mapped @Input('spanOptions') exists.

      261 |     beforeEach(() => {
      262 |       fixture.componentRef.setInput('measureData', mockMeasureData);
    > 263 |       fixture.componentRef.setInput('spanOptions', mockSpanOptions);
          |                            ^
      264 |       fixture.detectChanges();
      265 |     });
      266 |

      at reportUnknownPropertyError (node_modules/@angular/core/fesm2022/core.mjs:11279:17)
      at ComponentRef2.setInput (node_modules/@angular/core/fesm2022/core.mjs:18025:13)
      at src/app/ui/pages/studio/toolbar-dialog/field-measuring/components/header/header.component.spec.ts:263:28
      at _ZoneDelegate.invoke (node_modules/zone.js/bundles/zone.umd.js:410:32)
      at ProxyZoneSpec.Object.<anonymous>.ProxyZoneSpec.onInvoke (node_modules/zone.js/bundles/zone-testing.umd.js:2219:43)
      at _ZoneDelegate.invoke (node_modules/zone.js/bundles/zone.umd.js:409:38)
      at ZoneImpl.run (node_modules/zone.js/bundles/zone.umd.js:145:47)
      at Object.wrappedFunc (node_modules/zone.js/bundles/zone-testing.umd.js:449:38)

    console.error
      NG0303: Can't set value of the 'spanOptions' input on the 'HeaderComponent' component. Make sure that the 'spanOptions' property is annotated with @Input() or a mapped @Input('spanOptions') exists.

      449 |       plotService = TestBed.inject(PlotService);
      450 |       fixture.componentRef.setInput('measureData', mockMeasureData);
    > 451 |       fixture.componentRef.setInput('spanOptions', mockSpanOptions);
          |                            ^
      452 |       fixture.detectChanges();
      453 |     });
      454 |

      at reportUnknownPropertyError (node_modules/@angular/core/fesm2022/core.mjs:11279:17)
      at ComponentRef2.setInput (node_modules/@angular/core/fesm2022/core.mjs:18025:13)
      at src/app/ui/pages/studio/toolbar-dialog/field-measuring/components/header/header.component.spec.ts:451:28
      at _ZoneDelegate.invoke (node_modules/zone.js/bundles/zone.umd.js:410:32)
      at ProxyZoneSpec.Object.<anonymous>.ProxyZoneSpec.onInvoke (node_modules/zone.js/bundles/zone-testing.umd.js:2219:43)
      at _ZoneDelegate.invoke (node_modules/zone.js/bundles/zone.umd.js:409:38)
      at ZoneImpl.run (node_modules/zone.js/bundles/zone.umd.js:145:47)
      at Object.wrappedFunc (node_modules/zone.js/bundles/zone-testing.umd.js:449:38)

    console.error
      NG0303: Can't set value of the 'spanOptions' input on the 'HeaderComponent' component. Make sure that the 'spanOptions' property is annotated with @Input() or a mapped @Input('spanOptions') exists.

      449 |       plotService = TestBed.inject(PlotService);
      450 |       fixture.componentRef.setInput('measureData', mockMeasureData);
    > 451 |       fixture.componentRef.setInput('spanOptions', mockSpanOptions);
          |                            ^
      452 |       fixture.detectChanges();
      453 |     });
      454 |

      at reportUnknownPropertyError (node_modules/@angular/core/fesm2022/core.mjs:11279:17)
      at ComponentRef2.setInput (node_modules/@angular/core/fesm2022/core.mjs:18025:13)
      at src/app/ui/pages/studio/toolbar-dialog/field-measuring/components/header/header.component.spec.ts:451:28
      at _ZoneDelegate.invoke (node_modules/zone.js/bundles/zone.umd.js:410:32)
      at ProxyZoneSpec.Object.<anonymous>.ProxyZoneSpec.onInvoke (node_modules/zone.js/bundles/zone-testing.umd.js:2219:43)
      at _ZoneDelegate.invoke (node_modules/zone.js/bundles/zone.umd.js:409:38)
      at ZoneImpl.run (node_modules/zone.js/bundles/zone.umd.js:145:47)
      at Object.wrappedFunc (node_modules/zone.js/bundles/zone-testing.umd.js:449:38)

    console.error
      NG0303: Can't set value of the 'spanOptions' input on the 'HeaderComponent' component. Make sure that the 'spanOptions' property is annotated with @Input() or a mapped @Input('spanOptions') exists.

      449 |       plotService = TestBed.inject(PlotService);
      450 |       fixture.componentRef.setInput('measureData', mockMeasureData);
    > 451 |       fixture.componentRef.setInput('spanOptions', mockSpanOptions);
          |                            ^
      452 |       fixture.detectChanges();
      453 |     });
      454 |

      at reportUnknownPropertyError (node_modules/@angular/core/fesm2022/core.mjs:11279:17)
      at ComponentRef2.setInput (node_modules/@angular/core/fesm2022/core.mjs:18025:13)
      at src/app/ui/pages/studio/toolbar-dialog/field-measuring/components/header/header.component.spec.ts:451:28
      at _ZoneDelegate.invoke (node_modules/zone.js/bundles/zone.umd.js:410:32)
      at ProxyZoneSpec.Object.<anonymous>.ProxyZoneSpec.onInvoke (node_modules/zone.js/bundles/zone-testing.umd.js:2219:43)
      at _ZoneDelegate.invoke (node_modules/zone.js/bundles/zone.umd.js:409:38)
      at ZoneImpl.run (node_modules/zone.js/bundles/zone.umd.js:145:47)
      at Object.wrappedFunc (node_modules/zone.js/bundles/zone-testing.umd.js:449:38)

    console.error
      NG0303: Can't set value of the 'spanOptions' input on the 'HeaderComponent' component. Make sure that the 'spanOptions' property is annotated with @Input() or a mapped @Input('spanOptions') exists.

      449 |       plotService = TestBed.inject(PlotService);
      450 |       fixture.componentRef.setInput('measureData', mockMeasureData);
    > 451 |       fixture.componentRef.setInput('spanOptions', mockSpanOptions);
          |                            ^
      452 |       fixture.detectChanges();
      453 |     });
      454 |

      at reportUnknownPropertyError (node_modules/@angular/core/fesm2022/core.mjs:11279:17)
      at ComponentRef2.setInput (node_modules/@angular/core/fesm2022/core.mjs:18025:13)
      at src/app/ui/pages/studio/toolbar-dialog/field-measuring/components/header/header.component.spec.ts:451:28
      at _ZoneDelegate.invoke (node_modules/zone.js/bundles/zone.umd.js:410:32)
      at ProxyZoneSpec.Object.<anonymous>.ProxyZoneSpec.onInvoke (node_modules/zone.js/bundles/zone-testing.umd.js:2219:43)
      at _ZoneDelegate.invoke (node_modules/zone.js/bundles/zone.umd.js:409:38)
      at ZoneImpl.run (node_modules/zone.js/bundles/zone.umd.js:145:47)
      at Object.wrappedFunc (node_modules/zone.js/bundles/zone-testing.umd.js:449:38)

    console.error
      NG0303: Can't set value of the 'spanOptions' input on the 'HeaderComponent' component. Make sure that the 'spanOptions' property is annotated with @Input() or a mapped @Input('spanOptions') exists.

      449 |       plotService = TestBed.inject(PlotService);
      450 |       fixture.componentRef.setInput('measureData', mockMeasureData);
    > 451 |       fixture.componentRef.setInput('spanOptions', mockSpanOptions);
          |                            ^
      452 |       fixture.detectChanges();
      453 |     });
      454 |

      at reportUnknownPropertyError (node_modules/@angular/core/fesm2022/core.mjs:11279:17)
      at ComponentRef2.setInput (node_modules/@angular/core/fesm2022/core.mjs:18025:13)
      at src/app/ui/pages/studio/toolbar-dialog/field-measuring/components/header/header.component.spec.ts:451:28
      at _ZoneDelegate.invoke (node_modules/zone.js/bundles/zone.umd.js:410:32)
      at ProxyZoneSpec.Object.<anonymous>.ProxyZoneSpec.onInvoke (node_modules/zone.js/bundles/zone-testing.umd.js:2219:43)
      at _ZoneDelegate.invoke (node_modules/zone.js/bundles/zone.umd.js:409:38)
      at ZoneImpl.run (node_modules/zone.js/bundles/zone.umd.js:145:47)
      at Object.wrappedFunc (node_modules/zone.js/bundles/zone-testing.umd.js:449:38)

    console.error
      NG0303: Can't set value of the 'spanOptions' input on the 'HeaderComponent' component. Make sure that the 'spanOptions' property is annotated with @Input() or a mapped @Input('spanOptions') exists.

      449 |       plotService = TestBed.inject(PlotService);
      450 |       fixture.componentRef.setInput('measureData', mockMeasureData);
    > 451 |       fixture.componentRef.setInput('spanOptions', mockSpanOptions);
          |                            ^
      452 |       fixture.detectChanges();
      453 |     });
      454 |

      at reportUnknownPropertyError (node_modules/@angular/core/fesm2022/core.mjs:11279:17)
      at ComponentRef2.setInput (node_modules/@angular/core/fesm2022/core.mjs:18025:13)
      at src/app/ui/pages/studio/toolbar-dialog/field-measuring/components/header/header.component.spec.ts:451:28
      at _ZoneDelegate.invoke (node_modules/zone.js/bundles/zone.umd.js:410:32)
      at ProxyZoneSpec.Object.<anonymous>.ProxyZoneSpec.onInvoke (node_modules/zone.js/bundles/zone-testing.umd.js:2219:43)
      at _ZoneDelegate.invoke (node_modules/zone.js/bundles/zone.umd.js:409:38)
      at ZoneImpl.run (node_modules/zone.js/bundles/zone.umd.js:145:47)
      at Object.wrappedFunc (node_modules/zone.js/bundles/zone-testing.umd.js:449:38)

    console.error
      NG0303: Can't set value of the 'spanOptions' input on the 'HeaderComponent' component. Make sure that the 'spanOptions' property is annotated with @Input() or a mapped @Input('spanOptions') exists.

      449 |       plotService = TestBed.inject(PlotService);
      450 |       fixture.componentRef.setInput('measureData', mockMeasureData);
    > 451 |       fixture.componentRef.setInput('spanOptions', mockSpanOptions);
          |                            ^
      452 |       fixture.detectChanges();
      453 |     });
      454 |

      at reportUnknownPropertyError (node_modules/@angular/core/fesm2022/core.mjs:11279:17)
      at ComponentRef2.setInput (node_modules/@angular/core/fesm2022/core.mjs:18025:13)
      at src/app/ui/pages/studio/toolbar-dialog/field-measuring/components/header/header.component.spec.ts:451:28
      at _ZoneDelegate.invoke (node_modules/zone.js/bundles/zone.umd.js:410:32)
      at ProxyZoneSpec.Object.<anonymous>.ProxyZoneSpec.onInvoke (node_modules/zone.js/bundles/zone-testing.umd.js:2219:43)
      at _ZoneDelegate.invoke (node_modules/zone.js/bundles/zone.umd.js:409:38)
      at ZoneImpl.run (node_modules/zone.js/bundles/zone.umd.js:145:47)
      at Object.wrappedFunc (node_modules/zone.js/bundles/zone-testing.umd.js:449:38)

    console.error
      NG0303: Can't set value of the 'spanOptions' input on the 'HeaderComponent' component. Make sure that the 'spanOptions' property is annotated with @Input() or a mapped @Input('spanOptions') exists.

      449 |       plotService = TestBed.inject(PlotService);
      450 |       fixture.componentRef.setInput('measureData', mockMeasureData);
    > 451 |       fixture.componentRef.setInput('spanOptions', mockSpanOptions);
          |                            ^
      452 |       fixture.detectChanges();
      453 |     });
      454 |

      at reportUnknownPropertyError (node_modules/@angular/core/fesm2022/core.mjs:11279:17)
      at ComponentRef2.setInput (node_modules/@angular/core/fesm2022/core.mjs:18025:13)
      at src/app/ui/pages/studio/toolbar-dialog/field-measuring/components/header/header.component.spec.ts:451:28
      at _ZoneDelegate.invoke (node_modules/zone.js/bundles/zone.umd.js:410:32)
      at ProxyZoneSpec.Object.<anonymous>.ProxyZoneSpec.onInvoke (node_modules/zone.js/bundles/zone-testing.umd.js:2219:43)
      at _ZoneDelegate.invoke (node_modules/zone.js/bundles/zone.umd.js:409:38)
      at ZoneImpl.run (node_modules/zone.js/bundles/zone.umd.js:145:47)
      at Object.wrappedFunc (node_modules/zone.js/bundles/zone-testing.umd.js:449:38)

    console.error
      NG0303: Can't set value of the 'spanOptions' input on the 'HeaderComponent' component. Make sure that the 'spanOptions' property is annotated with @Input() or a mapped @Input('spanOptions') exists.

      600 |     beforeEach(() => {
      601 |       fixture.componentRef.setInput('measureData', mockMeasureData);
    > 602 |       fixture.componentRef.setInput('spanOptions', mockSpanOptions);
          |                            ^
      603 |       fixture.detectChanges();
      604 |     });
      605 |

      at reportUnknownPropertyError (node_modules/@angular/core/fesm2022/core.mjs:11279:17)
      at ComponentRef2.setInput (node_modules/@angular/core/fesm2022/core.mjs:18025:13)
      at src/app/ui/pages/studio/toolbar-dialog/field-measuring/components/header/header.component.spec.ts:602:28
      at _ZoneDelegate.invoke (node_modules/zone.js/bundles/zone.umd.js:410:32)
      at ProxyZoneSpec.Object.<anonymous>.ProxyZoneSpec.onInvoke (node_modules/zone.js/bundles/zone-testing.umd.js:2219:43)
      at _ZoneDelegate.invoke (node_modules/zone.js/bundles/zone.umd.js:409:38)
      at ZoneImpl.run (node_modules/zone.js/bundles/zone.umd.js:145:47)
      at Object.wrappedFunc (node_modules/zone.js/bundles/zone-testing.umd.js:449:38)

    console.error
      NG0303: Can't set value of the 'spanOptions' input on the 'HeaderComponent' component. Make sure that the 'spanOptions' property is annotated with @Input() or a mapped @Input('spanOptions') exists.

      600 |     beforeEach(() => {
      601 |       fixture.componentRef.setInput('measureData', mockMeasureData);
    > 602 |       fixture.componentRef.setInput('spanOptions', mockSpanOptions);
          |                            ^
      603 |       fixture.detectChanges();
      604 |     });
      605 |

      at reportUnknownPropertyError (node_modules/@angular/core/fesm2022/core.mjs:11279:17)
      at ComponentRef2.setInput (node_modules/@angular/core/fesm2022/core.mjs:18025:13)
      at src/app/ui/pages/studio/toolbar-dialog/field-measuring/components/header/header.component.spec.ts:602:28
      at _ZoneDelegate.invoke (node_modules/zone.js/bundles/zone.umd.js:410:32)
      at ProxyZoneSpec.Object.<anonymous>.ProxyZoneSpec.onInvoke (node_modules/zone.js/bundles/zone-testing.umd.js:2219:43)
      at _ZoneDelegate.invoke (node_modules/zone.js/bundles/zone.umd.js:409:38)
      at ZoneImpl.run (node_modules/zone.js/bundles/zone.umd.js:145:47)
      at Object.wrappedFunc (node_modules/zone.js/bundles/zone-testing.umd.js:449:38)

    console.error
      NG0303: Can't set value of the 'spanOptions' input on the 'HeaderComponent' component. Make sure that the 'spanOptions' property is annotated with @Input() or a mapped @Input('spanOptions') exists.

      631 |
      632 |       fixture.componentRef.setInput('measureData', dataWithNulls);
    > 633 |       fixture.componentRef.setInput('spanOptions', mockSpanOptions);
          |                            ^
      634 |       fixture.detectChanges();
      635 |
      636 |       expect(fixture.nativeElement).toBeTruthy();

      at reportUnknownPropertyError (node_modules/@angular/core/fesm2022/core.mjs:11279:17)
      at ComponentRef2.setInput (node_modules/@angular/core/fesm2022/core.mjs:18025:13)
      at src/app/ui/pages/studio/toolbar-dialog/field-measuring/components/header/header.component.spec.ts:633:28
      at _ZoneDelegate.invoke (node_modules/zone.js/bundles/zone.umd.js:410:32)
      at ProxyZoneSpec.Object.<anonymous>.ProxyZoneSpec.onInvoke (node_modules/zone.js/bundles/zone-testing.umd.js:2219:43)
      at _ZoneDelegate.invoke (node_modules/zone.js/bundles/zone.umd.js:409:38)
      at ZoneImpl.run (node_modules/zone.js/bundles/zone.umd.js:145:47)
      at Object.wrappedFunc (node_modules/zone.js/bundles/zone-testing.umd.js:449:38)

    console.error
      NG0303: Can't set value of the 'spanOptions' input on the 'HeaderComponent' component. Make sure that the 'spanOptions' property is annotated with @Input() or a mapped @Input('spanOptions') exists.

      639 |     it('should handle empty span options array', () => {
      640 |       fixture.componentRef.setInput('measureData', mockMeasureData);
    > 641 |       fixture.componentRef.setInput('spanOptions', []);
          |                            ^
      642 |       fixture.detectChanges();
      643 |
      644 |       const spanSelect = fixture.nativeElement.querySelector('#portee');

      at reportUnknownPropertyError (node_modules/@angular/core/fesm2022/core.mjs:11279:17)
      at ComponentRef2.setInput (node_modules/@angular/core/fesm2022/core.mjs:18025:13)
      at src/app/ui/pages/studio/toolbar-dialog/field-measuring/components/header/header.component.spec.ts:641:28
      at _ZoneDelegate.invoke (node_modules/zone.js/bundles/zone.umd.js:410:32)
      at ProxyZoneSpec.Object.<anonymous>.ProxyZoneSpec.onInvoke (node_modules/zone.js/bundles/zone-testing.umd.js:2219:43)
      at _ZoneDelegate.invoke (node_modules/zone.js/bundles/zone.umd.js:409:38)
      at ZoneImpl.run (node_modules/zone.js/bundles/zone.umd.js:145:47)
      at Object.wrappedFunc (node_modules/zone.js/bundles/zone-testing.umd.js:449:38)

    console.error
      NG0303: Can't set value of the 'spanOptions' input on the 'HeaderComponent' component. Make sure that the 'spanOptions' property is annotated with @Input() or a mapped @Input('spanOptions') exists.

      655 |
      656 |       fixture.componentRef.setInput('measureData', dataWithZeros);
    > 657 |       fixture.componentRef.setInput('spanOptions', mockSpanOptions);
          |                            ^
      658 |       fixture.detectChanges();
      659 |
      660 |       const element = fixture.nativeElement;

      at reportUnknownPropertyError (node_modules/@angular/core/fesm2022/core.mjs:11279:17)
      at ComponentRef2.setInput (node_modules/@angular/core/fesm2022/core.mjs:18025:13)
      at src/app/ui/pages/studio/toolbar-dialog/field-measuring/components/header/header.component.spec.ts:657:28
      at _ZoneDelegate.invoke (node_modules/zone.js/bundles/zone.umd.js:410:32)
      at ProxyZoneSpec.Object.<anonymous>.ProxyZoneSpec.onInvoke (node_modules/zone.js/bundles/zone-testing.umd.js:2219:43)
      at _ZoneDelegate.invoke (node_modules/zone.js/bundles/zone.umd.js:409:38)
      at ZoneImpl.run (node_modules/zone.js/bundles/zone.umd.js:145:47)
      at Object.wrappedFunc (node_modules/zone.js/bundles/zone-testing.umd.js:449:38)

    console.error
      NG0303: Can't set value of the 'spanOptions' input on the 'HeaderComponent' component. Make sure that the 'spanOptions' property is annotated with @Input() or a mapped @Input('spanOptions') exists.

      702 |     beforeEach(() => {
      703 |       fixture.componentRef.setInput('measureData', mockMeasureData);
    > 704 |       fixture.componentRef.setInput('spanOptions', mockSpanOptions);
          |                            ^
      705 |       fixture.detectChanges();
      706 |     });
      707 |

      at reportUnknownPropertyError (node_modules/@angular/core/fesm2022/core.mjs:11279:17)
      at ComponentRef2.setInput (node_modules/@angular/core/fesm2022/core.mjs:18025:13)
      at src/app/ui/pages/studio/toolbar-dialog/field-measuring/components/header/header.component.spec.ts:704:28
      at _ZoneDelegate.invoke (node_modules/zone.js/bundles/zone.umd.js:410:32)
      at ProxyZoneSpec.Object.<anonymous>.ProxyZoneSpec.onInvoke (node_modules/zone.js/bundles/zone-testing.umd.js:2219:43)
      at _ZoneDelegate.invoke (node_modules/zone.js/bundles/zone.umd.js:409:38)
      at ZoneImpl.run (node_modules/zone.js/bundles/zone.umd.js:145:47)
      at Object.wrappedFunc (node_modules/zone.js/bundles/zone-testing.umd.js:449:38)

    console.error
      NG0303: Can't set value of the 'spanOptions' input on the 'HeaderComponent' component. Make sure that the 'spanOptions' property is annotated with @Input() or a mapped @Input('spanOptions') exists.

      726 |     beforeEach(() => {
      727 |       fixture.componentRef.setInput('measureData', mockMeasureData);
    > 728 |       fixture.componentRef.setInput('spanOptions', mockSpanOptions);
          |                            ^
      729 |       fixture.detectChanges();
      730 |     });
      731 |

      at reportUnknownPropertyError (node_modules/@angular/core/fesm2022/core.mjs:11279:17)
      at ComponentRef2.setInput (node_modules/@angular/core/fesm2022/core.mjs:18025:13)
      at src/app/ui/pages/studio/toolbar-dialog/field-measuring/components/header/header.component.spec.ts:728:28
      at _ZoneDelegate.invoke (node_modules/zone.js/bundles/zone.umd.js:410:32)
      at ProxyZoneSpec.Object.<anonymous>.ProxyZoneSpec.onInvoke (node_modules/zone.js/bundles/zone-testing.umd.js:2219:43)
      at _ZoneDelegate.invoke (node_modules/zone.js/bundles/zone.umd.js:409:38)
      at ZoneImpl.run (node_modules/zone.js/bundles/zone.umd.js:145:47)
      at Object.wrappedFunc (node_modules/zone.js/bundles/zone-testing.umd.js:449:38)

    console.error
      NG0303: Can't set value of the 'spanOptions' input on the 'HeaderComponent' component. Make sure that the 'spanOptions' property is annotated with @Input() or a mapped @Input('spanOptions') exists.

      726 |     beforeEach(() => {
      727 |       fixture.componentRef.setInput('measureData', mockMeasureData);
    > 728 |       fixture.componentRef.setInput('spanOptions', mockSpanOptions);
          |                            ^
      729 |       fixture.detectChanges();
      730 |     });
      731 |

      at reportUnknownPropertyError (node_modules/@angular/core/fesm2022/core.mjs:11279:17)
      at ComponentRef2.setInput (node_modules/@angular/core/fesm2022/core.mjs:18025:13)
      at src/app/ui/pages/studio/toolbar-dialog/field-measuring/components/header/header.component.spec.ts:728:28
      at _ZoneDelegate.invoke (node_modules/zone.js/bundles/zone.umd.js:410:32)
      at ProxyZoneSpec.Object.<anonymous>.ProxyZoneSpec.onInvoke (node_modules/zone.js/bundles/zone-testing.umd.js:2219:43)
      at _ZoneDelegate.invoke (node_modules/zone.js/bundles/zone.umd.js:409:38)
      at ZoneImpl.run (node_modules/zone.js/bundles/zone.umd.js:145:47)
      at Object.wrappedFunc (node_modules/zone.js/bundles/zone-testing.umd.js:449:38)

PASS src/app/ui/pages/studies/components/import-study/import-study.component.spec.ts (6.001 s)
  ● Console

    console.error
      Error importing file Error: fileReadError
          at Object.reader.onerror (/home/infoger/phlowers-stellar-app/src/app/ui/pages/studies/components/import-study/import-study.component.ts:389:16)
          at /home/infoger/phlowers-stellar-app/src/app/ui/pages/studies/components/import-study/import-study.component.spec.ts:169:33
          at _ZoneDelegate.invoke (/home/infoger/phlowers-stellar-app/node_modules/zone.js/bundles/zone.umd.js:410:32)
          at ProxyZoneSpec.Object.<anonymous>.ProxyZoneSpec.onInvoke (/home/infoger/phlowers-stellar-app/node_modules/zone.js/bundles/zone-testing.umd.js:2219:43)
          at _ZoneDelegate.invoke (/home/infoger/phlowers-stellar-app/node_modules/zone.js/bundles/zone.umd.js:409:38)
          at ZoneImpl.run (/home/infoger/phlowers-stellar-app/node_modules/zone.js/bundles/zone.umd.js:145:47)
          at Object.wrappedFunc (/home/infoger/phlowers-stellar-app/node_modules/zone.js/bundles/zone-testing.umd.js:449:38)
          at Promise.then.completed (/home/infoger/phlowers-stellar-app/node_modules/jest-circus/build/utils.js:290:26)
          at new Promise (<anonymous>)
          at callAsyncCircusFn (/home/infoger/phlowers-stellar-app/node_modules/jest-circus/build/utils.js:231:10)
          at _callCircusTest (/home/infoger/phlowers-stellar-app/node_modules/jest-circus/build/run.js:316:40)
          at processTicksAndRejections (node:internal/process/task_queues:105:5)
          at _runTest (/home/infoger/phlowers-stellar-app/node_modules/jest-circus/build/run.js:252:3)
          at _runTestsForDescribeBlock (/home/infoger/phlowers-stellar-app/node_modules/jest-circus/build/run.js:126:9)
          at _runTestsForDescribeBlock (/home/infoger/phlowers-stellar-app/node_modules/jest-circus/build/run.js:121:9)
          at _runTestsForDescribeBlock (/home/infoger/phlowers-stellar-app/node_modules/jest-circus/build/run.js:121:9)
          at run (/home/infoger/phlowers-stellar-app/node_modules/jest-circus/build/run.js:71:3)
          at runAndTransformResultsToJestFormat (/home/infoger/phlowers-stellar-app/node_modules/jest-circus/build/legacy-code-todo-rewrite/jestAdapterInit.js:122:21)

      431 |   private handleFileError(fileError: unknown, fileName: string): void {
      432 |     const errorType = this.getErrorType(fileError);
    > 433 |     console.error('Error importing file', fileError);
          |             ^
      434 |     this.messageService.add(importErrorMessage(errorType));
      435 |     this.erroredFiles.set([...this.erroredFiles(), fileName]);
      436 |   }

      at ImportStudyComponent.handleFileError (src/app/ui/pages/studies/components/import-study/import-study.component.ts:433:13)
      at ImportStudyComponent.processValidFiles (src/app/ui/pages/studies/components/import-study/import-study.component.ts:451:14)
      at ImportStudyComponent.loadFiles (src/app/ui/pages/studies/components/import-study/import-study.component.ts:472:9)

    console.error
      Error importing file Error: cableNotFound
          at ImportStudyComponent.validateCable (/home/infoger/phlowers-stellar-app/src/app/ui/pages/studies/components/import-study/import-study.component.ts:307:13)
          at ImportStudyComponent.processProtoV4FileContent (/home/infoger/phlowers-stellar-app/src/app/ui/pages/studies/components/import-study/import-study.component.ts:357:19)
          at Object.reader.onload (/home/infoger/phlowers-stellar-app/src/app/ui/pages/studies/components/import-study/import-study.component.ts:377:11)

      431 |   private handleFileError(fileError: unknown, fileName: string): void {
      432 |     const errorType = this.getErrorType(fileError);
    > 433 |     console.error('Error importing file', fileError);
          |             ^
      434 |     this.messageService.add(importErrorMessage(errorType));
      435 |     this.erroredFiles.set([...this.erroredFiles(), fileName]);
      436 |   }

      at ImportStudyComponent.handleFileError (src/app/ui/pages/studies/components/import-study/import-study.component.ts:433:13)
      at ImportStudyComponent.processValidFiles (src/app/ui/pages/studies/components/import-study/import-study.component.ts:451:14)
      at ImportStudyComponent.loadFiles (src/app/ui/pages/studies/components/import-study/import-study.component.ts:472:9)

    console.error
      Error importing file Error: cableNotFound
          at ImportStudyComponent.validateCable (/home/infoger/phlowers-stellar-app/src/app/ui/pages/studies/components/import-study/import-study.component.ts:307:13)
          at ImportStudyComponent.processProtoV4FileContent (/home/infoger/phlowers-stellar-app/src/app/ui/pages/studies/components/import-study/import-study.component.ts:357:19)
          at Object.reader.onload (/home/infoger/phlowers-stellar-app/src/app/ui/pages/studies/components/import-study/import-study.component.ts:377:11)

      431 |   private handleFileError(fileError: unknown, fileName: string): void {
      432 |     const errorType = this.getErrorType(fileError);
    > 433 |     console.error('Error importing file', fileError);
          |             ^
      434 |     this.messageService.add(importErrorMessage(errorType));
      435 |     this.erroredFiles.set([...this.erroredFiles(), fileName]);
      436 |   }

      at ImportStudyComponent.handleFileError (src/app/ui/pages/studies/components/import-study/import-study.component.ts:433:13)
      at ImportStudyComponent.processValidFiles (src/app/ui/pages/studies/components/import-study/import-study.component.ts:451:14)
      at ImportStudyComponent.loadFiles (src/app/ui/pages/studies/components/import-study/import-study.component.ts:472:9)

    console.error
      Error parsing JSON SyntaxError: Unexpected token 'i', "invalid json content" is not valid JSON
          at JSON.parse (<anonymous>)
          at ImportStudyComponent.parseJsonContent (/home/infoger/phlowers-stellar-app/src/app/ui/pages/studies/components/import-study/import-study.component.ts:147:19)
          at ImportStudyComponent.processAppFileContent (/home/infoger/phlowers-stellar-app/src/app/ui/pages/studies/components/import-study/import-study.component.ts:206:31)
          at Object.reader.onload (/home/infoger/phlowers-stellar-app/src/app/ui/pages/studies/components/import-study/import-study.component.ts:220:22)
          at /home/infoger/phlowers-stellar-app/src/app/ui/pages/studies/components/import-study/import-study.component.spec.ts:1476:26
          at timer (/home/infoger/phlowers-stellar-app/node_modules/zone.js/bundles/zone.umd.js:1829:43)
          at _ZoneDelegate.invokeTask (/home/infoger/phlowers-stellar-app/node_modules/zone.js/bundles/zone.umd.js:443:37)
          at ProxyZoneSpec.Object.<anonymous>.ProxyZoneSpec.onInvokeTask (/home/infoger/phlowers-stellar-app/node_modules/zone.js/bundles/zone-testing.umd.js:2250:43)
          at _ZoneDelegate.invokeTask (/home/infoger/phlowers-stellar-app/node_modules/zone.js/bundles/zone.umd.js:442:42)
          at ZoneImpl.runTask (/home/infoger/phlowers-stellar-app/node_modules/zone.js/bundles/zone.umd.js:194:51)
          at ZoneTask.invokeTask (/home/infoger/phlowers-stellar-app/node_modules/zone.js/bundles/zone.umd.js:521:38)
          at ZoneTask.invoke (/home/infoger/phlowers-stellar-app/node_modules/zone.js/bundles/zone.umd.js:510:52)
          at data.args.<computed> (/home/infoger/phlowers-stellar-app/node_modules/zone.js/bundles/zone.umd.js:1797:36)
          at Timeout.task [as _onTimeout] (/home/infoger/phlowers-stellar-app/node_modules/jest-environment-jsdom/node_modules/jsdom/lib/jsdom/browser/Window.js:520:19)
          at listOnTimeout (node:internal/timers:608:17)
          at processTimers (node:internal/timers:543:7)

      147 |       return JSON.parse(jsonContent) as Record<string, unknown>;
      148 |     } catch (error: unknown) {
    > 149 |       console.error('Error parsing JSON', error);
          |               ^
      150 |       throw new Error('fileParseError');
      151 |     }
      152 |   }

      at ImportStudyComponent.parseJsonContent (src/app/ui/pages/studies/components/import-study/import-study.component.ts:149:15)
      at ImportStudyComponent.processAppFileContent (src/app/ui/pages/studies/components/import-study/import-study.component.ts:206:31)
      at Object.reader.onload (src/app/ui/pages/studies/components/import-study/import-study.component.ts:220:22)
      at src/app/ui/pages/studies/components/import-study/import-study.component.spec.ts:1476:26
      at timer (node_modules/zone.js/bundles/zone.umd.js:1829:43)
      at _ZoneDelegate.invokeTask (node_modules/zone.js/bundles/zone.umd.js:443:37)
      at ProxyZoneSpec.Object.<anonymous>.ProxyZoneSpec.onInvokeTask (node_modules/zone.js/bundles/zone-testing.umd.js:2250:43)
      at _ZoneDelegate.invokeTask (node_modules/zone.js/bundles/zone.umd.js:442:42)
      at ZoneImpl.runTask (node_modules/zone.js/bundles/zone.umd.js:194:51)
      at ZoneTask.invokeTask (node_modules/zone.js/bundles/zone.umd.js:521:38)
      at ZoneTask.invoke (node_modules/zone.js/bundles/zone.umd.js:510:52)
      at data.args.<computed> (node_modules/zone.js/bundles/zone.umd.js:1797:36)

    console.error
      Error importing file Error: fileParseError
          at ImportStudyComponent.parseJsonContent (/home/infoger/phlowers-stellar-app/src/app/ui/pages/studies/components/import-study/import-study.component.ts:150:13)
          at ImportStudyComponent.processAppFileContent (/home/infoger/phlowers-stellar-app/src/app/ui/pages/studies/components/import-study/import-study.component.ts:206:31)
          at Object.reader.onload (/home/infoger/phlowers-stellar-app/src/app/ui/pages/studies/components/import-study/import-study.component.ts:220:22)
          at /home/infoger/phlowers-stellar-app/src/app/ui/pages/studies/components/import-study/import-study.component.spec.ts:1476:26
          at timer (/home/infoger/phlowers-stellar-app/node_modules/zone.js/bundles/zone.umd.js:1829:43)
          at _ZoneDelegate.invokeTask (/home/infoger/phlowers-stellar-app/node_modules/zone.js/bundles/zone.umd.js:443:37)
          at ProxyZoneSpec.Object.<anonymous>.ProxyZoneSpec.onInvokeTask (/home/infoger/phlowers-stellar-app/node_modules/zone.js/bundles/zone-testing.umd.js:2250:43)
          at _ZoneDelegate.invokeTask (/home/infoger/phlowers-stellar-app/node_modules/zone.js/bundles/zone.umd.js:442:42)
          at ZoneImpl.runTask (/home/infoger/phlowers-stellar-app/node_modules/zone.js/bundles/zone.umd.js:194:51)
          at ZoneTask.invokeTask (/home/infoger/phlowers-stellar-app/node_modules/zone.js/bundles/zone.umd.js:521:38)
          at ZoneTask.invoke (/home/infoger/phlowers-stellar-app/node_modules/zone.js/bundles/zone.umd.js:510:52)
          at data.args.<computed> (/home/infoger/phlowers-stellar-app/node_modules/zone.js/bundles/zone.umd.js:1797:36)
          at Timeout.task [as _onTimeout] (/home/infoger/phlowers-stellar-app/node_modules/jest-environment-jsdom/node_modules/jsdom/lib/jsdom/browser/Window.js:520:19)
          at listOnTimeout (node:internal/timers:608:17)
          at processTimers (node:internal/timers:543:7)

      431 |   private handleFileError(fileError: unknown, fileName: string): void {
      432 |     const errorType = this.getErrorType(fileError);
    > 433 |     console.error('Error importing file', fileError);
          |             ^
      434 |     this.messageService.add(importErrorMessage(errorType));
      435 |     this.erroredFiles.set([...this.erroredFiles(), fileName]);
      436 |   }

      at ImportStudyComponent.handleFileError (src/app/ui/pages/studies/components/import-study/import-study.component.ts:433:13)
      at ImportStudyComponent.processValidFiles (src/app/ui/pages/studies/components/import-study/import-study.component.ts:451:14)
      at ImportStudyComponent.loadFiles (src/app/ui/pages/studies/components/import-study/import-study.component.ts:472:9)

    console.error
      Error importing study Error: Database error
          at /home/infoger/phlowers-stellar-app/src/app/ui/pages/studies/components/import-study/import-study.component.spec.ts:1612:68
          at _ZoneDelegate.invoke (/home/infoger/phlowers-stellar-app/node_modules/zone.js/bundles/zone.umd.js:410:32)
          at ProxyZoneSpec.Object.<anonymous>.ProxyZoneSpec.onInvoke (/home/infoger/phlowers-stellar-app/node_modules/zone.js/bundles/zone-testing.umd.js:2219:43)
          at _ZoneDelegate.invoke (/home/infoger/phlowers-stellar-app/node_modules/zone.js/bundles/zone.umd.js:409:38)
          at ZoneImpl.run (/home/infoger/phlowers-stellar-app/node_modules/zone.js/bundles/zone.umd.js:145:47)
          at Object.wrappedFunc (/home/infoger/phlowers-stellar-app/node_modules/zone.js/bundles/zone-testing.umd.js:449:38)
          at Promise.then.completed (/home/infoger/phlowers-stellar-app/node_modules/jest-circus/build/utils.js:290:26)
          at new Promise (<anonymous>)
          at callAsyncCircusFn (/home/infoger/phlowers-stellar-app/node_modules/jest-circus/build/utils.js:231:10)
          at _callCircusTest (/home/infoger/phlowers-stellar-app/node_modules/jest-circus/build/run.js:316:40)
          at _runTest (/home/infoger/phlowers-stellar-app/node_modules/jest-circus/build/run.js:252:3)
          at _runTestsForDescribeBlock (/home/infoger/phlowers-stellar-app/node_modules/jest-circus/build/run.js:126:9)
          at _runTestsForDescribeBlock (/home/infoger/phlowers-stellar-app/node_modules/jest-circus/build/run.js:121:9)
          at _runTestsForDescribeBlock (/home/infoger/phlowers-stellar-app/node_modules/jest-circus/build/run.js:121:9)
          at run (/home/infoger/phlowers-stellar-app/node_modules/jest-circus/build/run.js:71:3)
          at runAndTransformResultsToJestFormat (/home/infoger/phlowers-stellar-app/node_modules/jest-circus/build/legacy-code-todo-rewrite/jestAdapterInit.js:122:21)

      223 |             reject(error);
      224 |           } else {
    > 225 |             console.error('Error importing study', error);
          |                     ^
      226 |             reject(new Error('studyImportError'));
      227 |           }
      228 |         }

      at Object.reader.onload (src/app/ui/pages/studies/components/import-study/import-study.component.ts:225:21)

    console.error
      Error importing file Error: studyImportError
          at Object.reader.onload (/home/infoger/phlowers-stellar-app/src/app/ui/pages/studies/components/import-study/import-study.component.ts:226:20)

      431 |   private handleFileError(fileError: unknown, fileName: string): void {
      432 |     const errorType = this.getErrorType(fileError);
    > 433 |     console.error('Error importing file', fileError);
          |             ^
      434 |     this.messageService.add(importErrorMessage(errorType));
      435 |     this.erroredFiles.set([...this.erroredFiles(), fileName]);
      436 |   }

      at ImportStudyComponent.handleFileError (src/app/ui/pages/studies/components/import-study/import-study.component.ts:433:13)
      at ImportStudyComponent.processValidFiles (src/app/ui/pages/studies/components/import-study/import-study.component.ts:451:14)
      at ImportStudyComponent.loadFiles (src/app/ui/pages/studies/components/import-study/import-study.component.ts:472:9)

    console.error
      Error parsing JSON SyntaxError: Unexpected token 'i', "invalid json content" is not valid JSON
          at JSON.parse (<anonymous>)
          at ImportStudyComponent.parseJsonContent (/home/infoger/phlowers-stellar-app/src/app/ui/pages/studies/components/import-study/import-study.component.ts:147:19)
          at ImportStudyComponent.processAppFileContent (/home/infoger/phlowers-stellar-app/src/app/ui/pages/studies/components/import-study/import-study.component.ts:206:31)
          at Object.reader.onload (/home/infoger/phlowers-stellar-app/src/app/ui/pages/studies/components/import-study/import-study.component.ts:220:22)
          at /home/infoger/phlowers-stellar-app/src/app/ui/pages/studies/components/import-study/import-study.component.spec.ts:1911:26
          at timer (/home/infoger/phlowers-stellar-app/node_modules/zone.js/bundles/zone.umd.js:1829:43)
          at _ZoneDelegate.invokeTask (/home/infoger/phlowers-stellar-app/node_modules/zone.js/bundles/zone.umd.js:443:37)
          at ProxyZoneSpec.Object.<anonymous>.ProxyZoneSpec.onInvokeTask (/home/infoger/phlowers-stellar-app/node_modules/zone.js/bundles/zone-testing.umd.js:2250:43)
          at _ZoneDelegate.invokeTask (/home/infoger/phlowers-stellar-app/node_modules/zone.js/bundles/zone.umd.js:442:42)
          at ZoneImpl.runTask (/home/infoger/phlowers-stellar-app/node_modules/zone.js/bundles/zone.umd.js:194:51)
          at ZoneTask.invokeTask (/home/infoger/phlowers-stellar-app/node_modules/zone.js/bundles/zone.umd.js:521:38)
          at ZoneTask.invoke (/home/infoger/phlowers-stellar-app/node_modules/zone.js/bundles/zone.umd.js:510:52)
          at data.args.<computed> (/home/infoger/phlowers-stellar-app/node_modules/zone.js/bundles/zone.umd.js:1797:36)
          at Timeout.task [as _onTimeout] (/home/infoger/phlowers-stellar-app/node_modules/jest-environment-jsdom/node_modules/jsdom/lib/jsdom/browser/Window.js:520:19)
          at listOnTimeout (node:internal/timers:608:17)
          at processTimers (node:internal/timers:543:7)

      147 |       return JSON.parse(jsonContent) as Record<string, unknown>;
      148 |     } catch (error: unknown) {
    > 149 |       console.error('Error parsing JSON', error);
          |               ^
      150 |       throw new Error('fileParseError');
      151 |     }
      152 |   }

      at ImportStudyComponent.parseJsonContent (src/app/ui/pages/studies/components/import-study/import-study.component.ts:149:15)
      at ImportStudyComponent.processAppFileContent (src/app/ui/pages/studies/components/import-study/import-study.component.ts:206:31)
      at Object.reader.onload (src/app/ui/pages/studies/components/import-study/import-study.component.ts:220:22)
      at src/app/ui/pages/studies/components/import-study/import-study.component.spec.ts:1911:26
      at timer (node_modules/zone.js/bundles/zone.umd.js:1829:43)
      at _ZoneDelegate.invokeTask (node_modules/zone.js/bundles/zone.umd.js:443:37)
      at ProxyZoneSpec.Object.<anonymous>.ProxyZoneSpec.onInvokeTask (node_modules/zone.js/bundles/zone-testing.umd.js:2250:43)
      at _ZoneDelegate.invokeTask (node_modules/zone.js/bundles/zone.umd.js:442:42)
      at ZoneImpl.runTask (node_modules/zone.js/bundles/zone.umd.js:194:51)
      at ZoneTask.invokeTask (node_modules/zone.js/bundles/zone.umd.js:521:38)
      at ZoneTask.invoke (node_modules/zone.js/bundles/zone.umd.js:510:52)
      at data.args.<computed> (node_modules/zone.js/bundles/zone.umd.js:1797:36)

    console.error
      Error decoding base64 DOMException {}

      138 |       return atob(textContent);
      139 |     } catch (error: unknown) {
    > 140 |       console.error('Error decoding base64', error);
          |               ^
      141 |       throw new Error('fileDecodeError');
      142 |     }
      143 |   }

      at ImportStudyComponent.decodeBase64FromText (src/app/ui/pages/studies/components/import-study/import-study.component.ts:140:15)
      at ImportStudyComponent.processAppFileContent (src/app/ui/pages/studies/components/import-study/import-study.component.ts:205:33)
      at Object.reader.onload (src/app/ui/pages/studies/components/import-study/import-study.component.ts:220:22)
      at src/app/ui/pages/studies/components/import-study/import-study.component.spec.ts:1934:26
      at timer (node_modules/zone.js/bundles/zone.umd.js:1829:43)
      at _ZoneDelegate.invokeTask (node_modules/zone.js/bundles/zone.umd.js:443:37)
      at ProxyZoneSpec.Object.<anonymous>.ProxyZoneSpec.onInvokeTask (node_modules/zone.js/bundles/zone-testing.umd.js:2250:43)
      at _ZoneDelegate.invokeTask (node_modules/zone.js/bundles/zone.umd.js:442:42)
      at ZoneImpl.runTask (node_modules/zone.js/bundles/zone.umd.js:194:51)
      at ZoneTask.invokeTask (node_modules/zone.js/bundles/zone.umd.js:521:38)
      at ZoneTask.invoke (node_modules/zone.js/bundles/zone.umd.js:510:52)
      at data.args.<computed> (node_modules/zone.js/bundles/zone.umd.js:1797:36)

    console.error
      Error parsing JSON SyntaxError: Unexpected token '', "ée" is not valid JSON
          at JSON.parse (<anonymous>)
          at ImportStudyComponent.parseJsonContent (/home/infoger/phlowers-stellar-app/src/app/ui/pages/studies/components/import-study/import-study.component.ts:147:19)
          at ImportStudyComponent.processAppFileContent (/home/infoger/phlowers-stellar-app/src/app/ui/pages/studies/components/import-study/import-study.component.ts:206:31)
          at Object.reader.onload (/home/infoger/phlowers-stellar-app/src/app/ui/pages/studies/components/import-study/import-study.component.ts:220:22)
          at /home/infoger/phlowers-stellar-app/src/app/ui/pages/studies/components/import-study/import-study.component.spec.ts:1991:26
          at timer (/home/infoger/phlowers-stellar-app/node_modules/zone.js/bundles/zone.umd.js:1829:43)
          at _ZoneDelegate.invokeTask (/home/infoger/phlowers-stellar-app/node_modules/zone.js/bundles/zone.umd.js:443:37)
          at ProxyZoneSpec.Object.<anonymous>.ProxyZoneSpec.onInvokeTask (/home/infoger/phlowers-stellar-app/node_modules/zone.js/bundles/zone-testing.umd.js:2250:43)
          at _ZoneDelegate.invokeTask (/home/infoger/phlowers-stellar-app/node_modules/zone.js/bundles/zone.umd.js:442:42)
          at ZoneImpl.runTask (/home/infoger/phlowers-stellar-app/node_modules/zone.js/bundles/zone.umd.js:194:51)
          at ZoneTask.invokeTask (/home/infoger/phlowers-stellar-app/node_modules/zone.js/bundles/zone.umd.js:521:38)
          at ZoneTask.invoke (/home/infoger/phlowers-stellar-app/node_modules/zone.js/bundles/zone.umd.js:510:52)
          at data.args.<computed> (/home/infoger/phlowers-stellar-app/node_modules/zone.js/bundles/zone.umd.js:1797:36)
          at Timeout.task [as _onTimeout] (/home/infoger/phlowers-stellar-app/node_modules/jest-environment-jsdom/node_modules/jsdom/lib/jsdom/browser/Window.js:520:19)
          at listOnTimeout (node:internal/timers:608:17)
          at processTimers (node:internal/timers:543:7)

      147 |       return JSON.parse(jsonContent) as Record<string, unknown>;
      148 |     } catch (error: unknown) {
    > 149 |       console.error('Error parsing JSON', error);
          |               ^
      150 |       throw new Error('fileParseError');
      151 |     }
      152 |   }

      at ImportStudyComponent.parseJsonContent (src/app/ui/pages/studies/components/import-study/import-study.component.ts:149:15)
      at ImportStudyComponent.processAppFileContent (src/app/ui/pages/studies/components/import-study/import-study.component.ts:206:31)
      at Object.reader.onload (src/app/ui/pages/studies/components/import-study/import-study.component.ts:220:22)
      at src/app/ui/pages/studies/components/import-study/import-study.component.spec.ts:1991:26
      at timer (node_modules/zone.js/bundles/zone.umd.js:1829:43)
      at _ZoneDelegate.invokeTask (node_modules/zone.js/bundles/zone.umd.js:443:37)
      at ProxyZoneSpec.Object.<anonymous>.ProxyZoneSpec.onInvokeTask (node_modules/zone.js/bundles/zone-testing.umd.js:2250:43)
      at _ZoneDelegate.invokeTask (node_modules/zone.js/bundles/zone.umd.js:442:42)
      at ZoneImpl.runTask (node_modules/zone.js/bundles/zone.umd.js:194:51)
      at ZoneTask.invokeTask (node_modules/zone.js/bundles/zone.umd.js:521:38)
      at ZoneTask.invoke (node_modules/zone.js/bundles/zone.umd.js:510:52)
      at data.args.<computed> (node_modules/zone.js/bundles/zone.umd.js:1797:36)

PASS src/app/ui/pages/studio/obstacles/obstaclesForm/obstaclesForm.component.spec.ts (9.141 s)
PASS src/app/ui/pages/studio/new-charge-modal/new-charge-modal.component.spec.ts (5.33 s)
PASS src/app/ui/pages/admin/admin.spec.ts (6.108 s)
  ● Console

    console.log
      registration is {
        unregister: [Function: mockConstructor] {
          _isMockFunction: true,
          getMockImplementation: [Function (anonymous)],
          mock: [Getter/Setter],
          mockClear: [Function (anonymous)],
          mockReset: [Function (anonymous)],
          mockRestore: [Function (anonymous)],
          mockReturnValueOnce: [Function (anonymous)],
          mockResolvedValueOnce: [Function (anonymous)],
          mockRejectedValueOnce: [Function (anonymous)],
          mockReturnValue: [Function (anonymous)],
          mockResolvedValue: [Function (anonymous)],
          mockRejectedValue: [Function (anonymous)],
          mockImplementationOnce: [Function (anonymous)],
          withImplementation: [Function: bound withImplementation],
          mockImplementation: [Function (anonymous)],
          mockReturnThis: [Function (anonymous)],
          mockName: [Function (anonymous)],
          getMockName: [Function (anonymous)]
        }
      }

      at accept (src/app/ui/pages/admin/admin.ts:107:19)

PASS src/app/ui/pages/study/tabs/sections/sectionsTab.component.spec.ts (5.662 s)
PASS src/app/ui/pages/studio/toolbar-dialog/vtl-and-guying/vtl-and-guying.component.spec.ts
PASS src/app/ui/pages/study/study.component.spec.ts (5.209 s)
FAIL src/app/ui/pages/studio/top-toolbar/scale-view/scale-view.component.spec.ts
  ● Console

    console.error
      ERROR TypeError: Cannot read properties of null (reading 'offsetHeight')
          at absolutePosition (/home/infoger/phlowers-stellar-app/node_modules/@primeuix/utils/dom/index.mjs:143:38)
          at _Popover.align (/home/infoger/phlowers-stellar-app/node_modules/primeng/fesm2022/primeng-popover.mjs:311:9)
          at _Popover.onAnimationStart (/home/infoger/phlowers-stellar-app/node_modules/primeng/fesm2022/primeng-popover.mjs:330:18)
          at _Popover_div_0_Template_div_animation_animation_start_0_listener (ng:///_Popover/ɵcmp.js:25:39)
          at executeListenerWithErrorHandling (/home/infoger/phlowers-stellar-app/node_modules/@angular/core/fesm2022/core.mjs:30050:16)
          at wrapListenerIn_markDirtyAndPreventDefault (/home/infoger/phlowers-stellar-app/node_modules/@angular/core/fesm2022/core.mjs:30033:22)
          at fn (/home/infoger/phlowers-stellar-app/node_modules/@angular/animations/fesm2022/browser.mjs:4818:25)
          at Array.forEach (<anonymous>)
          at /home/infoger/phlowers-stellar-app/node_modules/@angular/animations/fesm2022/browser.mjs:4816:46
          at _ZoneDelegate.invoke (/home/infoger/phlowers-stellar-app/node_modules/zone.js/bundles/zone.umd.js:410:32)
          at Object.onInvoke (/home/infoger/phlowers-stellar-app/node_modules/@angular/core/fesm2022/core.mjs:6579:33)
          at _ZoneDelegate.invoke (/home/infoger/phlowers-stellar-app/node_modules/zone.js/bundles/zone.umd.js:409:38)
          at ZoneImpl.run (/home/infoger/phlowers-stellar-app/node_modules/zone.js/bundles/zone.umd.js:145:47)
          at NgZone.run (/home/infoger/phlowers-stellar-app/node_modules/@angular/core/fesm2022/core.mjs:6425:28)
          at /home/infoger/phlowers-stellar-app/node_modules/@angular/animations/fesm2022/browser.mjs:4815:28
          at _ZoneDelegate.invokeTask (/home/infoger/phlowers-stellar-app/node_modules/zone.js/bundles/zone.umd.js:443:37)
          at ZoneImpl.runTask (/home/infoger/phlowers-stellar-app/node_modules/zone.js/bundles/zone.umd.js:194:51)
          at drainMicroTaskQueue (/home/infoger/phlowers-stellar-app/node_modules/zone.js/bundles/zone.umd.js:627:39)
          at processTicksAndRejections (node:internal/process/task_queues:105:5)

      at ErrorHandler.handleError (node_modules/@angular/core/fesm2022/core.mjs:6731:23)
      at handleError (node_modules/@angular/core/fesm2022/core.mjs:30066:34)
      at executeListenerWithErrorHandling (node_modules/@angular/core/fesm2022/core.mjs:30054:9)
      at wrapListenerIn_markDirtyAndPreventDefault (node_modules/@angular/core/fesm2022/core.mjs:30033:22)
      at fn (node_modules/@angular/animations/fesm2022/browser.mjs:4818:25)
          at Array.forEach (<anonymous>)
      at node_modules/@angular/animations/fesm2022/browser.mjs:4816:46
      at _ZoneDelegate.invoke (node_modules/zone.js/bundles/zone.umd.js:410:32)
      at Object.onInvoke (node_modules/@angular/core/fesm2022/core.mjs:6579:33)
      at _ZoneDelegate.invoke (node_modules/zone.js/bundles/zone.umd.js:409:38)
      at ZoneImpl.run (node_modules/zone.js/bundles/zone.umd.js:145:47)
      at NgZone.run (node_modules/@angular/core/fesm2022/core.mjs:6425:28)
      at node_modules/@angular/animations/fesm2022/browser.mjs:4815:28
      at _ZoneDelegate.invokeTask (node_modules/zone.js/bundles/zone.umd.js:443:37)
      at ZoneImpl.runTask (node_modules/zone.js/bundles/zone.umd.js:194:51)
      at drainMicroTaskQueue (node_modules/zone.js/bundles/zone.umd.js:627:39)

    console.error
      ERROR TypeError: Cannot read properties of null (reading 'offsetHeight')
          at absolutePosition (/home/infoger/phlowers-stellar-app/node_modules/@primeuix/utils/dom/index.mjs:143:38)
          at _Popover.align (/home/infoger/phlowers-stellar-app/node_modules/primeng/fesm2022/primeng-popover.mjs:311:9)
          at _Popover.onAnimationStart (/home/infoger/phlowers-stellar-app/node_modules/primeng/fesm2022/primeng-popover.mjs:330:18)
          at _Popover_div_0_Template_div_animation_animation_start_0_listener (ng:///_Popover/ɵcmp.js:25:39)
          at executeListenerWithErrorHandling (/home/infoger/phlowers-stellar-app/node_modules/@angular/core/fesm2022/core.mjs:30050:16)
          at wrapListenerIn_markDirtyAndPreventDefault (/home/infoger/phlowers-stellar-app/node_modules/@angular/core/fesm2022/core.mjs:30033:22)
          at fn (/home/infoger/phlowers-stellar-app/node_modules/@angular/animations/fesm2022/browser.mjs:4818:25)
          at Array.forEach (<anonymous>)
          at /home/infoger/phlowers-stellar-app/node_modules/@angular/animations/fesm2022/browser.mjs:4816:46
          at _ZoneDelegate.invoke (/home/infoger/phlowers-stellar-app/node_modules/zone.js/bundles/zone.umd.js:410:32)
          at Object.onInvoke (/home/infoger/phlowers-stellar-app/node_modules/@angular/core/fesm2022/core.mjs:6579:33)
          at _ZoneDelegate.invoke (/home/infoger/phlowers-stellar-app/node_modules/zone.js/bundles/zone.umd.js:409:38)
          at ZoneImpl.run (/home/infoger/phlowers-stellar-app/node_modules/zone.js/bundles/zone.umd.js:145:47)
          at NgZone.run (/home/infoger/phlowers-stellar-app/node_modules/@angular/core/fesm2022/core.mjs:6425:28)
          at /home/infoger/phlowers-stellar-app/node_modules/@angular/animations/fesm2022/browser.mjs:4815:28
          at _ZoneDelegate.invokeTask (/home/infoger/phlowers-stellar-app/node_modules/zone.js/bundles/zone.umd.js:443:37)
          at ZoneImpl.runTask (/home/infoger/phlowers-stellar-app/node_modules/zone.js/bundles/zone.umd.js:194:51)
          at drainMicroTaskQueue (/home/infoger/phlowers-stellar-app/node_modules/zone.js/bundles/zone.umd.js:627:39)
          at processTicksAndRejections (node:internal/process/task_queues:105:5)

      at ErrorHandler.handleError (node_modules/@angular/core/fesm2022/core.mjs:6731:23)
      at handleError (node_modules/@angular/core/fesm2022/core.mjs:30066:34)
      at executeListenerWithErrorHandling (node_modules/@angular/core/fesm2022/core.mjs:30054:9)
      at wrapListenerIn_markDirtyAndPreventDefault (node_modules/@angular/core/fesm2022/core.mjs:30033:22)
      at fn (node_modules/@angular/animations/fesm2022/browser.mjs:4818:25)
          at Array.forEach (<anonymous>)
      at node_modules/@angular/animations/fesm2022/browser.mjs:4816:46
      at _ZoneDelegate.invoke (node_modules/zone.js/bundles/zone.umd.js:410:32)
      at Object.onInvoke (node_modules/@angular/core/fesm2022/core.mjs:6579:33)
      at _ZoneDelegate.invoke (node_modules/zone.js/bundles/zone.umd.js:409:38)
      at ZoneImpl.run (node_modules/zone.js/bundles/zone.umd.js:145:47)
      at NgZone.run (node_modules/@angular/core/fesm2022/core.mjs:6425:28)
      at node_modules/@angular/animations/fesm2022/browser.mjs:4815:28
      at _ZoneDelegate.invokeTask (node_modules/zone.js/bundles/zone.umd.js:443:37)
      at ZoneImpl.runTask (node_modules/zone.js/bundles/zone.umd.js:194:51)
      at drainMicroTaskQueue (node_modules/zone.js/bundles/zone.umd.js:627:39)

    console.error
      ERROR TypeError: Cannot read properties of null (reading 'offsetHeight')
          at absolutePosition (/home/infoger/phlowers-stellar-app/node_modules/@primeuix/utils/dom/index.mjs:143:38)
          at _Popover.align (/home/infoger/phlowers-stellar-app/node_modules/primeng/fesm2022/primeng-popover.mjs:311:9)
          at _Popover.onAnimationStart (/home/infoger/phlowers-stellar-app/node_modules/primeng/fesm2022/primeng-popover.mjs:330:18)
          at _Popover_div_0_Template_div_animation_animation_start_0_listener (ng:///_Popover/ɵcmp.js:25:39)
          at executeListenerWithErrorHandling (/home/infoger/phlowers-stellar-app/node_modules/@angular/core/fesm2022/core.mjs:30050:16)
          at wrapListenerIn_markDirtyAndPreventDefault (/home/infoger/phlowers-stellar-app/node_modules/@angular/core/fesm2022/core.mjs:30033:22)
          at fn (/home/infoger/phlowers-stellar-app/node_modules/@angular/animations/fesm2022/browser.mjs:4818:25)
          at Array.forEach (<anonymous>)
          at /home/infoger/phlowers-stellar-app/node_modules/@angular/animations/fesm2022/browser.mjs:4816:46
          at _ZoneDelegate.invoke (/home/infoger/phlowers-stellar-app/node_modules/zone.js/bundles/zone.umd.js:410:32)
          at Object.onInvoke (/home/infoger/phlowers-stellar-app/node_modules/@angular/core/fesm2022/core.mjs:6579:33)
          at _ZoneDelegate.invoke (/home/infoger/phlowers-stellar-app/node_modules/zone.js/bundles/zone.umd.js:409:38)
          at ZoneImpl.run (/home/infoger/phlowers-stellar-app/node_modules/zone.js/bundles/zone.umd.js:145:47)
          at NgZone.run (/home/infoger/phlowers-stellar-app/node_modules/@angular/core/fesm2022/core.mjs:6425:28)
          at /home/infoger/phlowers-stellar-app/node_modules/@angular/animations/fesm2022/browser.mjs:4815:28
          at _ZoneDelegate.invokeTask (/home/infoger/phlowers-stellar-app/node_modules/zone.js/bundles/zone.umd.js:443:37)
          at ZoneImpl.runTask (/home/infoger/phlowers-stellar-app/node_modules/zone.js/bundles/zone.umd.js:194:51)
          at drainMicroTaskQueue (/home/infoger/phlowers-stellar-app/node_modules/zone.js/bundles/zone.umd.js:627:39)
          at processTicksAndRejections (node:internal/process/task_queues:105:5)

      at ErrorHandler.handleError (node_modules/@angular/core/fesm2022/core.mjs:6731:23)
      at handleError (node_modules/@angular/core/fesm2022/core.mjs:30066:34)
      at executeListenerWithErrorHandling (node_modules/@angular/core/fesm2022/core.mjs:30054:9)
      at wrapListenerIn_markDirtyAndPreventDefault (node_modules/@angular/core/fesm2022/core.mjs:30033:22)
      at fn (node_modules/@angular/animations/fesm2022/browser.mjs:4818:25)
          at Array.forEach (<anonymous>)
      at node_modules/@angular/animations/fesm2022/browser.mjs:4816:46
      at _ZoneDelegate.invoke (node_modules/zone.js/bundles/zone.umd.js:410:32)
      at Object.onInvoke (node_modules/@angular/core/fesm2022/core.mjs:6579:33)
      at _ZoneDelegate.invoke (node_modules/zone.js/bundles/zone.umd.js:409:38)
      at ZoneImpl.run (node_modules/zone.js/bundles/zone.umd.js:145:47)
      at NgZone.run (node_modules/@angular/core/fesm2022/core.mjs:6425:28)
      at node_modules/@angular/animations/fesm2022/browser.mjs:4815:28
      at _ZoneDelegate.invokeTask (node_modules/zone.js/bundles/zone.umd.js:443:37)
      at ZoneImpl.runTask (node_modules/zone.js/bundles/zone.umd.js:194:51)
      at drainMicroTaskQueue (node_modules/zone.js/bundles/zone.umd.js:627:39)

    console.error
      ERROR TypeError: Cannot read properties of null (reading 'offsetHeight')
          at absolutePosition (/home/infoger/phlowers-stellar-app/node_modules/@primeuix/utils/dom/index.mjs:143:38)
          at _Popover.align (/home/infoger/phlowers-stellar-app/node_modules/primeng/fesm2022/primeng-popover.mjs:311:9)
          at _Popover.onAnimationStart (/home/infoger/phlowers-stellar-app/node_modules/primeng/fesm2022/primeng-popover.mjs:330:18)
          at _Popover_div_0_Template_div_animation_animation_start_0_listener (ng:///_Popover/ɵcmp.js:25:39)
          at executeListenerWithErrorHandling (/home/infoger/phlowers-stellar-app/node_modules/@angular/core/fesm2022/core.mjs:30050:16)
          at wrapListenerIn_markDirtyAndPreventDefault (/home/infoger/phlowers-stellar-app/node_modules/@angular/core/fesm2022/core.mjs:30033:22)
          at fn (/home/infoger/phlowers-stellar-app/node_modules/@angular/animations/fesm2022/browser.mjs:4818:25)
          at Array.forEach (<anonymous>)
          at /home/infoger/phlowers-stellar-app/node_modules/@angular/animations/fesm2022/browser.mjs:4816:46
          at _ZoneDelegate.invoke (/home/infoger/phlowers-stellar-app/node_modules/zone.js/bundles/zone.umd.js:410:32)
          at Object.onInvoke (/home/infoger/phlowers-stellar-app/node_modules/@angular/core/fesm2022/core.mjs:6579:33)
          at _ZoneDelegate.invoke (/home/infoger/phlowers-stellar-app/node_modules/zone.js/bundles/zone.umd.js:409:38)
          at ZoneImpl.run (/home/infoger/phlowers-stellar-app/node_modules/zone.js/bundles/zone.umd.js:145:47)
          at NgZone.run (/home/infoger/phlowers-stellar-app/node_modules/@angular/core/fesm2022/core.mjs:6425:28)
          at /home/infoger/phlowers-stellar-app/node_modules/@angular/animations/fesm2022/browser.mjs:4815:28
          at _ZoneDelegate.invokeTask (/home/infoger/phlowers-stellar-app/node_modules/zone.js/bundles/zone.umd.js:443:37)
          at ZoneImpl.runTask (/home/infoger/phlowers-stellar-app/node_modules/zone.js/bundles/zone.umd.js:194:51)
          at drainMicroTaskQueue (/home/infoger/phlowers-stellar-app/node_modules/zone.js/bundles/zone.umd.js:627:39)
          at processTicksAndRejections (node:internal/process/task_queues:105:5)

      at ErrorHandler.handleError (node_modules/@angular/core/fesm2022/core.mjs:6731:23)
      at handleError (node_modules/@angular/core/fesm2022/core.mjs:30066:34)
      at executeListenerWithErrorHandling (node_modules/@angular/core/fesm2022/core.mjs:30054:9)
      at wrapListenerIn_markDirtyAndPreventDefault (node_modules/@angular/core/fesm2022/core.mjs:30033:22)
      at fn (node_modules/@angular/animations/fesm2022/browser.mjs:4818:25)
          at Array.forEach (<anonymous>)
      at node_modules/@angular/animations/fesm2022/browser.mjs:4816:46
      at _ZoneDelegate.invoke (node_modules/zone.js/bundles/zone.umd.js:410:32)
      at Object.onInvoke (node_modules/@angular/core/fesm2022/core.mjs:6579:33)
      at _ZoneDelegate.invoke (node_modules/zone.js/bundles/zone.umd.js:409:38)
      at ZoneImpl.run (node_modules/zone.js/bundles/zone.umd.js:145:47)
      at NgZone.run (node_modules/@angular/core/fesm2022/core.mjs:6425:28)
      at node_modules/@angular/animations/fesm2022/browser.mjs:4815:28
      at _ZoneDelegate.invokeTask (node_modules/zone.js/bundles/zone.umd.js:443:37)
      at ZoneImpl.runTask (node_modules/zone.js/bundles/zone.umd.js:194:51)
      at drainMicroTaskQueue (node_modules/zone.js/bundles/zone.umd.js:627:39)

    console.error
      ERROR TypeError: Cannot read properties of null (reading 'offsetHeight')
          at absolutePosition (/home/infoger/phlowers-stellar-app/node_modules/@primeuix/utils/dom/index.mjs:143:38)
          at _Popover.align (/home/infoger/phlowers-stellar-app/node_modules/primeng/fesm2022/primeng-popover.mjs:311:9)
          at _Popover.onAnimationStart (/home/infoger/phlowers-stellar-app/node_modules/primeng/fesm2022/primeng-popover.mjs:330:18)
          at _Popover_div_0_Template_div_animation_animation_start_0_listener (ng:///_Popover/ɵcmp.js:25:39)
          at executeListenerWithErrorHandling (/home/infoger/phlowers-stellar-app/node_modules/@angular/core/fesm2022/core.mjs:30050:16)
          at wrapListenerIn_markDirtyAndPreventDefault (/home/infoger/phlowers-stellar-app/node_modules/@angular/core/fesm2022/core.mjs:30033:22)
          at fn (/home/infoger/phlowers-stellar-app/node_modules/@angular/animations/fesm2022/browser.mjs:4818:25)
          at Array.forEach (<anonymous>)
          at /home/infoger/phlowers-stellar-app/node_modules/@angular/animations/fesm2022/browser.mjs:4816:46
          at _ZoneDelegate.invoke (/home/infoger/phlowers-stellar-app/node_modules/zone.js/bundles/zone.umd.js:410:32)
          at Object.onInvoke (/home/infoger/phlowers-stellar-app/node_modules/@angular/core/fesm2022/core.mjs:6579:33)
          at _ZoneDelegate.invoke (/home/infoger/phlowers-stellar-app/node_modules/zone.js/bundles/zone.umd.js:409:38)
          at ZoneImpl.run (/home/infoger/phlowers-stellar-app/node_modules/zone.js/bundles/zone.umd.js:145:47)
          at NgZone.run (/home/infoger/phlowers-stellar-app/node_modules/@angular/core/fesm2022/core.mjs:6425:28)
          at /home/infoger/phlowers-stellar-app/node_modules/@angular/animations/fesm2022/browser.mjs:4815:28
          at _ZoneDelegate.invokeTask (/home/infoger/phlowers-stellar-app/node_modules/zone.js/bundles/zone.umd.js:443:37)
          at ZoneImpl.runTask (/home/infoger/phlowers-stellar-app/node_modules/zone.js/bundles/zone.umd.js:194:51)
          at drainMicroTaskQueue (/home/infoger/phlowers-stellar-app/node_modules/zone.js/bundles/zone.umd.js:627:39)
          at processTicksAndRejections (node:internal/process/task_queues:105:5)

      at ErrorHandler.handleError (node_modules/@angular/core/fesm2022/core.mjs:6731:23)
      at handleError (node_modules/@angular/core/fesm2022/core.mjs:30066:34)
      at executeListenerWithErrorHandling (node_modules/@angular/core/fesm2022/core.mjs:30054:9)
      at wrapListenerIn_markDirtyAndPreventDefault (node_modules/@angular/core/fesm2022/core.mjs:30033:22)
      at fn (node_modules/@angular/animations/fesm2022/browser.mjs:4818:25)
          at Array.forEach (<anonymous>)
      at node_modules/@angular/animations/fesm2022/browser.mjs:4816:46
      at _ZoneDelegate.invoke (node_modules/zone.js/bundles/zone.umd.js:410:32)
      at Object.onInvoke (node_modules/@angular/core/fesm2022/core.mjs:6579:33)
      at _ZoneDelegate.invoke (node_modules/zone.js/bundles/zone.umd.js:409:38)
      at ZoneImpl.run (node_modules/zone.js/bundles/zone.umd.js:145:47)
      at NgZone.run (node_modules/@angular/core/fesm2022/core.mjs:6425:28)
      at node_modules/@angular/animations/fesm2022/browser.mjs:4815:28
      at _ZoneDelegate.invokeTask (node_modules/zone.js/bundles/zone.umd.js:443:37)
      at ZoneImpl.runTask (node_modules/zone.js/bundles/zone.umd.js:194:51)
      at drainMicroTaskQueue (node_modules/zone.js/bundles/zone.umd.js:627:39)

    console.error
      ERROR TypeError: Cannot read properties of null (reading 'offsetHeight')
          at absolutePosition (/home/infoger/phlowers-stellar-app/node_modules/@primeuix/utils/dom/index.mjs:143:38)
          at _Popover.align (/home/infoger/phlowers-stellar-app/node_modules/primeng/fesm2022/primeng-popover.mjs:311:9)
          at _Popover.onAnimationStart (/home/infoger/phlowers-stellar-app/node_modules/primeng/fesm2022/primeng-popover.mjs:330:18)
          at _Popover_div_0_Template_div_animation_animation_start_0_listener (ng:///_Popover/ɵcmp.js:25:39)
          at executeListenerWithErrorHandling (/home/infoger/phlowers-stellar-app/node_modules/@angular/core/fesm2022/core.mjs:30050:16)
          at wrapListenerIn_markDirtyAndPreventDefault (/home/infoger/phlowers-stellar-app/node_modules/@angular/core/fesm2022/core.mjs:30033:22)
          at fn (/home/infoger/phlowers-stellar-app/node_modules/@angular/animations/fesm2022/browser.mjs:4818:25)
          at Array.forEach (<anonymous>)
          at /home/infoger/phlowers-stellar-app/node_modules/@angular/animations/fesm2022/browser.mjs:4816:46
          at _ZoneDelegate.invoke (/home/infoger/phlowers-stellar-app/node_modules/zone.js/bundles/zone.umd.js:410:32)
          at Object.onInvoke (/home/infoger/phlowers-stellar-app/node_modules/@angular/core/fesm2022/core.mjs:6579:33)
          at _ZoneDelegate.invoke (/home/infoger/phlowers-stellar-app/node_modules/zone.js/bundles/zone.umd.js:409:38)
          at ZoneImpl.run (/home/infoger/phlowers-stellar-app/node_modules/zone.js/bundles/zone.umd.js:145:47)
          at NgZone.run (/home/infoger/phlowers-stellar-app/node_modules/@angular/core/fesm2022/core.mjs:6425:28)
          at /home/infoger/phlowers-stellar-app/node_modules/@angular/animations/fesm2022/browser.mjs:4815:28
          at _ZoneDelegate.invokeTask (/home/infoger/phlowers-stellar-app/node_modules/zone.js/bundles/zone.umd.js:443:37)
          at ZoneImpl.runTask (/home/infoger/phlowers-stellar-app/node_modules/zone.js/bundles/zone.umd.js:194:51)
          at drainMicroTaskQueue (/home/infoger/phlowers-stellar-app/node_modules/zone.js/bundles/zone.umd.js:627:39)
          at processTicksAndRejections (node:internal/process/task_queues:105:5)

      at ErrorHandler.handleError (node_modules/@angular/core/fesm2022/core.mjs:6731:23)
      at handleError (node_modules/@angular/core/fesm2022/core.mjs:30066:34)
      at executeListenerWithErrorHandling (node_modules/@angular/core/fesm2022/core.mjs:30054:9)
      at wrapListenerIn_markDirtyAndPreventDefault (node_modules/@angular/core/fesm2022/core.mjs:30033:22)
      at fn (node_modules/@angular/animations/fesm2022/browser.mjs:4818:25)
          at Array.forEach (<anonymous>)
      at node_modules/@angular/animations/fesm2022/browser.mjs:4816:46
      at _ZoneDelegate.invoke (node_modules/zone.js/bundles/zone.umd.js:410:32)
      at Object.onInvoke (node_modules/@angular/core/fesm2022/core.mjs:6579:33)
      at _ZoneDelegate.invoke (node_modules/zone.js/bundles/zone.umd.js:409:38)
      at ZoneImpl.run (node_modules/zone.js/bundles/zone.umd.js:145:47)
      at NgZone.run (node_modules/@angular/core/fesm2022/core.mjs:6425:28)
      at node_modules/@angular/animations/fesm2022/browser.mjs:4815:28
      at _ZoneDelegate.invokeTask (node_modules/zone.js/bundles/zone.umd.js:443:37)
      at ZoneImpl.runTask (node_modules/zone.js/bundles/zone.umd.js:194:51)
      at drainMicroTaskQueue (node_modules/zone.js/bundles/zone.umd.js:627:39)

    console.error
      ERROR TypeError: Cannot read properties of null (reading 'offsetHeight')
          at absolutePosition (/home/infoger/phlowers-stellar-app/node_modules/@primeuix/utils/dom/index.mjs:143:38)
          at _Popover.align (/home/infoger/phlowers-stellar-app/node_modules/primeng/fesm2022/primeng-popover.mjs:311:9)
          at _Popover.onAnimationStart (/home/infoger/phlowers-stellar-app/node_modules/primeng/fesm2022/primeng-popover.mjs:330:18)
          at _Popover_div_0_Template_div_animation_animation_start_0_listener (ng:///_Popover/ɵcmp.js:25:39)
          at executeListenerWithErrorHandling (/home/infoger/phlowers-stellar-app/node_modules/@angular/core/fesm2022/core.mjs:30050:16)
          at wrapListenerIn_markDirtyAndPreventDefault (/home/infoger/phlowers-stellar-app/node_modules/@angular/core/fesm2022/core.mjs:30033:22)
          at fn (/home/infoger/phlowers-stellar-app/node_modules/@angular/animations/fesm2022/browser.mjs:4818:25)
          at Array.forEach (<anonymous>)
          at /home/infoger/phlowers-stellar-app/node_modules/@angular/animations/fesm2022/browser.mjs:4816:46
          at _ZoneDelegate.invoke (/home/infoger/phlowers-stellar-app/node_modules/zone.js/bundles/zone.umd.js:410:32)
          at Object.onInvoke (/home/infoger/phlowers-stellar-app/node_modules/@angular/core/fesm2022/core.mjs:6579:33)
          at _ZoneDelegate.invoke (/home/infoger/phlowers-stellar-app/node_modules/zone.js/bundles/zone.umd.js:409:38)
          at ZoneImpl.run (/home/infoger/phlowers-stellar-app/node_modules/zone.js/bundles/zone.umd.js:145:47)
          at NgZone.run (/home/infoger/phlowers-stellar-app/node_modules/@angular/core/fesm2022/core.mjs:6425:28)
          at /home/infoger/phlowers-stellar-app/node_modules/@angular/animations/fesm2022/browser.mjs:4815:28
          at _ZoneDelegate.invokeTask (/home/infoger/phlowers-stellar-app/node_modules/zone.js/bundles/zone.umd.js:443:37)
          at ZoneImpl.runTask (/home/infoger/phlowers-stellar-app/node_modules/zone.js/bundles/zone.umd.js:194:51)
          at drainMicroTaskQueue (/home/infoger/phlowers-stellar-app/node_modules/zone.js/bundles/zone.umd.js:627:39)
          at processTicksAndRejections (node:internal/process/task_queues:105:5)

      at ErrorHandler.handleError (node_modules/@angular/core/fesm2022/core.mjs:6731:23)
      at handleError (node_modules/@angular/core/fesm2022/core.mjs:30066:34)
      at executeListenerWithErrorHandling (node_modules/@angular/core/fesm2022/core.mjs:30054:9)
      at wrapListenerIn_markDirtyAndPreventDefault (node_modules/@angular/core/fesm2022/core.mjs:30033:22)
      at fn (node_modules/@angular/animations/fesm2022/browser.mjs:4818:25)
          at Array.forEach (<anonymous>)
      at node_modules/@angular/animations/fesm2022/browser.mjs:4816:46
      at _ZoneDelegate.invoke (node_modules/zone.js/bundles/zone.umd.js:410:32)
      at Object.onInvoke (node_modules/@angular/core/fesm2022/core.mjs:6579:33)
      at _ZoneDelegate.invoke (node_modules/zone.js/bundles/zone.umd.js:409:38)
      at ZoneImpl.run (node_modules/zone.js/bundles/zone.umd.js:145:47)
      at NgZone.run (node_modules/@angular/core/fesm2022/core.mjs:6425:28)
      at node_modules/@angular/animations/fesm2022/browser.mjs:4815:28
      at _ZoneDelegate.invokeTask (node_modules/zone.js/bundles/zone.umd.js:443:37)
      at ZoneImpl.runTask (node_modules/zone.js/bundles/zone.umd.js:194:51)
      at drainMicroTaskQueue (node_modules/zone.js/bundles/zone.umd.js:627:39)

    console.error
      ERROR TypeError: Cannot read properties of null (reading 'offsetHeight')
          at absolutePosition (/home/infoger/phlowers-stellar-app/node_modules/@primeuix/utils/dom/index.mjs:143:38)
          at _Popover.align (/home/infoger/phlowers-stellar-app/node_modules/primeng/fesm2022/primeng-popover.mjs:311:9)
          at _Popover.onAnimationStart (/home/infoger/phlowers-stellar-app/node_modules/primeng/fesm2022/primeng-popover.mjs:330:18)
          at _Popover_div_0_Template_div_animation_animation_start_0_listener (ng:///_Popover/ɵcmp.js:25:39)
          at executeListenerWithErrorHandling (/home/infoger/phlowers-stellar-app/node_modules/@angular/core/fesm2022/core.mjs:30050:16)
          at wrapListenerIn_markDirtyAndPreventDefault (/home/infoger/phlowers-stellar-app/node_modules/@angular/core/fesm2022/core.mjs:30033:22)
          at fn (/home/infoger/phlowers-stellar-app/node_modules/@angular/animations/fesm2022/browser.mjs:4818:25)
          at Array.forEach (<anonymous>)
          at /home/infoger/phlowers-stellar-app/node_modules/@angular/animations/fesm2022/browser.mjs:4816:46
          at _ZoneDelegate.invoke (/home/infoger/phlowers-stellar-app/node_modules/zone.js/bundles/zone.umd.js:410:32)
          at Object.onInvoke (/home/infoger/phlowers-stellar-app/node_modules/@angular/core/fesm2022/core.mjs:6579:33)
          at _ZoneDelegate.invoke (/home/infoger/phlowers-stellar-app/node_modules/zone.js/bundles/zone.umd.js:409:38)
          at ZoneImpl.run (/home/infoger/phlowers-stellar-app/node_modules/zone.js/bundles/zone.umd.js:145:47)
          at NgZone.run (/home/infoger/phlowers-stellar-app/node_modules/@angular/core/fesm2022/core.mjs:6425:28)
          at /home/infoger/phlowers-stellar-app/node_modules/@angular/animations/fesm2022/browser.mjs:4815:28
          at _ZoneDelegate.invokeTask (/home/infoger/phlowers-stellar-app/node_modules/zone.js/bundles/zone.umd.js:443:37)
          at ZoneImpl.runTask (/home/infoger/phlowers-stellar-app/node_modules/zone.js/bundles/zone.umd.js:194:51)
          at drainMicroTaskQueue (/home/infoger/phlowers-stellar-app/node_modules/zone.js/bundles/zone.umd.js:627:39)
          at processTicksAndRejections (node:internal/process/task_queues:105:5)

      at ErrorHandler.handleError (node_modules/@angular/core/fesm2022/core.mjs:6731:23)
      at handleError (node_modules/@angular/core/fesm2022/core.mjs:30066:34)
      at executeListenerWithErrorHandling (node_modules/@angular/core/fesm2022/core.mjs:30054:9)
      at wrapListenerIn_markDirtyAndPreventDefault (node_modules/@angular/core/fesm2022/core.mjs:30033:22)
      at fn (node_modules/@angular/animations/fesm2022/browser.mjs:4818:25)
          at Array.forEach (<anonymous>)
      at node_modules/@angular/animations/fesm2022/browser.mjs:4816:46
      at _ZoneDelegate.invoke (node_modules/zone.js/bundles/zone.umd.js:410:32)
      at Object.onInvoke (node_modules/@angular/core/fesm2022/core.mjs:6579:33)
      at _ZoneDelegate.invoke (node_modules/zone.js/bundles/zone.umd.js:409:38)
      at ZoneImpl.run (node_modules/zone.js/bundles/zone.umd.js:145:47)
      at NgZone.run (node_modules/@angular/core/fesm2022/core.mjs:6425:28)
      at node_modules/@angular/animations/fesm2022/browser.mjs:4815:28
      at _ZoneDelegate.invokeTask (node_modules/zone.js/bundles/zone.umd.js:443:37)
      at ZoneImpl.runTask (node_modules/zone.js/bundles/zone.umd.js:194:51)
      at drainMicroTaskQueue (node_modules/zone.js/bundles/zone.umd.js:627:39)

    console.error
      ERROR TypeError: Cannot read properties of null (reading 'offsetHeight')
          at absolutePosition (/home/infoger/phlowers-stellar-app/node_modules/@primeuix/utils/dom/index.mjs:143:38)
          at _Popover.align (/home/infoger/phlowers-stellar-app/node_modules/primeng/fesm2022/primeng-popover.mjs:311:9)
          at _Popover.onAnimationStart (/home/infoger/phlowers-stellar-app/node_modules/primeng/fesm2022/primeng-popover.mjs:330:18)
          at _Popover_div_0_Template_div_animation_animation_start_0_listener (ng:///_Popover/ɵcmp.js:25:39)
          at executeListenerWithErrorHandling (/home/infoger/phlowers-stellar-app/node_modules/@angular/core/fesm2022/core.mjs:30050:16)
          at wrapListenerIn_markDirtyAndPreventDefault (/home/infoger/phlowers-stellar-app/node_modules/@angular/core/fesm2022/core.mjs:30033:22)
          at fn (/home/infoger/phlowers-stellar-app/node_modules/@angular/animations/fesm2022/browser.mjs:4818:25)
          at Array.forEach (<anonymous>)
          at /home/infoger/phlowers-stellar-app/node_modules/@angular/animations/fesm2022/browser.mjs:4816:46
          at _ZoneDelegate.invoke (/home/infoger/phlowers-stellar-app/node_modules/zone.js/bundles/zone.umd.js:410:32)
          at Object.onInvoke (/home/infoger/phlowers-stellar-app/node_modules/@angular/core/fesm2022/core.mjs:6579:33)
          at _ZoneDelegate.invoke (/home/infoger/phlowers-stellar-app/node_modules/zone.js/bundles/zone.umd.js:409:38)
          at ZoneImpl.run (/home/infoger/phlowers-stellar-app/node_modules/zone.js/bundles/zone.umd.js:145:47)
          at NgZone.run (/home/infoger/phlowers-stellar-app/node_modules/@angular/core/fesm2022/core.mjs:6425:28)
          at /home/infoger/phlowers-stellar-app/node_modules/@angular/animations/fesm2022/browser.mjs:4815:28
          at _ZoneDelegate.invokeTask (/home/infoger/phlowers-stellar-app/node_modules/zone.js/bundles/zone.umd.js:443:37)
          at ZoneImpl.runTask (/home/infoger/phlowers-stellar-app/node_modules/zone.js/bundles/zone.umd.js:194:51)
          at drainMicroTaskQueue (/home/infoger/phlowers-stellar-app/node_modules/zone.js/bundles/zone.umd.js:627:39)
          at processTicksAndRejections (node:internal/process/task_queues:105:5)

      at ErrorHandler.handleError (node_modules/@angular/core/fesm2022/core.mjs:6731:23)
      at handleError (node_modules/@angular/core/fesm2022/core.mjs:30066:34)
      at executeListenerWithErrorHandling (node_modules/@angular/core/fesm2022/core.mjs:30054:9)
      at wrapListenerIn_markDirtyAndPreventDefault (node_modules/@angular/core/fesm2022/core.mjs:30033:22)
      at fn (node_modules/@angular/animations/fesm2022/browser.mjs:4818:25)
          at Array.forEach (<anonymous>)
      at node_modules/@angular/animations/fesm2022/browser.mjs:4816:46
      at _ZoneDelegate.invoke (node_modules/zone.js/bundles/zone.umd.js:410:32)
      at Object.onInvoke (node_modules/@angular/core/fesm2022/core.mjs:6579:33)
      at _ZoneDelegate.invoke (node_modules/zone.js/bundles/zone.umd.js:409:38)
      at ZoneImpl.run (node_modules/zone.js/bundles/zone.umd.js:145:47)
      at NgZone.run (node_modules/@angular/core/fesm2022/core.mjs:6425:28)
      at node_modules/@angular/animations/fesm2022/browser.mjs:4815:28
      at _ZoneDelegate.invokeTask (node_modules/zone.js/bundles/zone.umd.js:443:37)
      at ZoneImpl.runTask (node_modules/zone.js/bundles/zone.umd.js:194:51)
      at drainMicroTaskQueue (node_modules/zone.js/bundles/zone.umd.js:627:39)

    console.error
      ERROR TypeError: Cannot read properties of null (reading 'offsetHeight')
          at absolutePosition (/home/infoger/phlowers-stellar-app/node_modules/@primeuix/utils/dom/index.mjs:143:38)
          at _Popover.align (/home/infoger/phlowers-stellar-app/node_modules/primeng/fesm2022/primeng-popover.mjs:311:9)
          at _Popover.onAnimationStart (/home/infoger/phlowers-stellar-app/node_modules/primeng/fesm2022/primeng-popover.mjs:330:18)
          at _Popover_div_0_Template_div_animation_animation_start_0_listener (ng:///_Popover/ɵcmp.js:25:39)
          at executeListenerWithErrorHandling (/home/infoger/phlowers-stellar-app/node_modules/@angular/core/fesm2022/core.mjs:30050:16)
          at wrapListenerIn_markDirtyAndPreventDefault (/home/infoger/phlowers-stellar-app/node_modules/@angular/core/fesm2022/core.mjs:30033:22)
          at fn (/home/infoger/phlowers-stellar-app/node_modules/@angular/animations/fesm2022/browser.mjs:4818:25)
          at Array.forEach (<anonymous>)
          at /home/infoger/phlowers-stellar-app/node_modules/@angular/animations/fesm2022/browser.mjs:4816:46
          at _ZoneDelegate.invoke (/home/infoger/phlowers-stellar-app/node_modules/zone.js/bundles/zone.umd.js:410:32)
          at Object.onInvoke (/home/infoger/phlowers-stellar-app/node_modules/@angular/core/fesm2022/core.mjs:6579:33)
          at _ZoneDelegate.invoke (/home/infoger/phlowers-stellar-app/node_modules/zone.js/bundles/zone.umd.js:409:38)
          at ZoneImpl.run (/home/infoger/phlowers-stellar-app/node_modules/zone.js/bundles/zone.umd.js:145:47)
          at NgZone.run (/home/infoger/phlowers-stellar-app/node_modules/@angular/core/fesm2022/core.mjs:6425:28)
          at /home/infoger/phlowers-stellar-app/node_modules/@angular/animations/fesm2022/browser.mjs:4815:28
          at _ZoneDelegate.invokeTask (/home/infoger/phlowers-stellar-app/node_modules/zone.js/bundles/zone.umd.js:443:37)
          at ZoneImpl.runTask (/home/infoger/phlowers-stellar-app/node_modules/zone.js/bundles/zone.umd.js:194:51)
          at drainMicroTaskQueue (/home/infoger/phlowers-stellar-app/node_modules/zone.js/bundles/zone.umd.js:627:39)
          at processTicksAndRejections (node:internal/process/task_queues:105:5)

      at ErrorHandler.handleError (node_modules/@angular/core/fesm2022/core.mjs:6731:23)
      at handleError (node_modules/@angular/core/fesm2022/core.mjs:30066:34)
      at executeListenerWithErrorHandling (node_modules/@angular/core/fesm2022/core.mjs:30054:9)
      at wrapListenerIn_markDirtyAndPreventDefault (node_modules/@angular/core/fesm2022/core.mjs:30033:22)
      at fn (node_modules/@angular/animations/fesm2022/browser.mjs:4818:25)
          at Array.forEach (<anonymous>)
      at node_modules/@angular/animations/fesm2022/browser.mjs:4816:46
      at _ZoneDelegate.invoke (node_modules/zone.js/bundles/zone.umd.js:410:32)
      at Object.onInvoke (node_modules/@angular/core/fesm2022/core.mjs:6579:33)
      at _ZoneDelegate.invoke (node_modules/zone.js/bundles/zone.umd.js:409:38)
      at ZoneImpl.run (node_modules/zone.js/bundles/zone.umd.js:145:47)
      at NgZone.run (node_modules/@angular/core/fesm2022/core.mjs:6425:28)
      at node_modules/@angular/animations/fesm2022/browser.mjs:4815:28
      at _ZoneDelegate.invokeTask (node_modules/zone.js/bundles/zone.umd.js:443:37)
      at ZoneImpl.runTask (node_modules/zone.js/bundles/zone.umd.js:194:51)
      at drainMicroTaskQueue (node_modules/zone.js/bundles/zone.umd.js:627:39)

    console.error
      ERROR TypeError: Cannot read properties of null (reading 'offsetHeight')
          at absolutePosition (/home/infoger/phlowers-stellar-app/node_modules/@primeuix/utils/dom/index.mjs:143:38)
          at _Popover.align (/home/infoger/phlowers-stellar-app/node_modules/primeng/fesm2022/primeng-popover.mjs:311:9)
          at _Popover.onAnimationStart (/home/infoger/phlowers-stellar-app/node_modules/primeng/fesm2022/primeng-popover.mjs:330:18)
          at _Popover_div_0_Template_div_animation_animation_start_0_listener (ng:///_Popover/ɵcmp.js:25:39)
          at executeListenerWithErrorHandling (/home/infoger/phlowers-stellar-app/node_modules/@angular/core/fesm2022/core.mjs:30050:16)
          at wrapListenerIn_markDirtyAndPreventDefault (/home/infoger/phlowers-stellar-app/node_modules/@angular/core/fesm2022/core.mjs:30033:22)
          at fn (/home/infoger/phlowers-stellar-app/node_modules/@angular/animations/fesm2022/browser.mjs:4818:25)
          at Array.forEach (<anonymous>)
          at /home/infoger/phlowers-stellar-app/node_modules/@angular/animations/fesm2022/browser.mjs:4816:46
          at _ZoneDelegate.invoke (/home/infoger/phlowers-stellar-app/node_modules/zone.js/bundles/zone.umd.js:410:32)
          at Object.onInvoke (/home/infoger/phlowers-stellar-app/node_modules/@angular/core/fesm2022/core.mjs:6579:33)
          at _ZoneDelegate.invoke (/home/infoger/phlowers-stellar-app/node_modules/zone.js/bundles/zone.umd.js:409:38)
          at ZoneImpl.run (/home/infoger/phlowers-stellar-app/node_modules/zone.js/bundles/zone.umd.js:145:47)
          at NgZone.run (/home/infoger/phlowers-stellar-app/node_modules/@angular/core/fesm2022/core.mjs:6425:28)
          at /home/infoger/phlowers-stellar-app/node_modules/@angular/animations/fesm2022/browser.mjs:4815:28
          at _ZoneDelegate.invokeTask (/home/infoger/phlowers-stellar-app/node_modules/zone.js/bundles/zone.umd.js:443:37)
          at ZoneImpl.runTask (/home/infoger/phlowers-stellar-app/node_modules/zone.js/bundles/zone.umd.js:194:51)
          at drainMicroTaskQueue (/home/infoger/phlowers-stellar-app/node_modules/zone.js/bundles/zone.umd.js:627:39)
          at processTicksAndRejections (node:internal/process/task_queues:105:5)

      at ErrorHandler.handleError (node_modules/@angular/core/fesm2022/core.mjs:6731:23)
      at handleError (node_modules/@angular/core/fesm2022/core.mjs:30066:34)
      at executeListenerWithErrorHandling (node_modules/@angular/core/fesm2022/core.mjs:30054:9)
      at wrapListenerIn_markDirtyAndPreventDefault (node_modules/@angular/core/fesm2022/core.mjs:30033:22)
      at fn (node_modules/@angular/animations/fesm2022/browser.mjs:4818:25)
          at Array.forEach (<anonymous>)
      at node_modules/@angular/animations/fesm2022/browser.mjs:4816:46
      at _ZoneDelegate.invoke (node_modules/zone.js/bundles/zone.umd.js:410:32)
      at Object.onInvoke (node_modules/@angular/core/fesm2022/core.mjs:6579:33)
      at _ZoneDelegate.invoke (node_modules/zone.js/bundles/zone.umd.js:409:38)
      at ZoneImpl.run (node_modules/zone.js/bundles/zone.umd.js:145:47)
      at NgZone.run (node_modules/@angular/core/fesm2022/core.mjs:6425:28)
      at node_modules/@angular/animations/fesm2022/browser.mjs:4815:28
      at _ZoneDelegate.invokeTask (node_modules/zone.js/bundles/zone.umd.js:443:37)
      at ZoneImpl.runTask (node_modules/zone.js/bundles/zone.umd.js:194:51)
      at drainMicroTaskQueue (node_modules/zone.js/bundles/zone.umd.js:627:39)

    console.error
      ERROR TypeError: Cannot read properties of null (reading 'offsetHeight')
          at absolutePosition (/home/infoger/phlowers-stellar-app/node_modules/@primeuix/utils/dom/index.mjs:143:38)
          at _Popover.align (/home/infoger/phlowers-stellar-app/node_modules/primeng/fesm2022/primeng-popover.mjs:311:9)
          at _Popover.onAnimationStart (/home/infoger/phlowers-stellar-app/node_modules/primeng/fesm2022/primeng-popover.mjs:330:18)
          at _Popover_div_0_Template_div_animation_animation_start_0_listener (ng:///_Popover/ɵcmp.js:25:39)
          at executeListenerWithErrorHandling (/home/infoger/phlowers-stellar-app/node_modules/@angular/core/fesm2022/core.mjs:30050:16)
          at wrapListenerIn_markDirtyAndPreventDefault (/home/infoger/phlowers-stellar-app/node_modules/@angular/core/fesm2022/core.mjs:30033:22)
          at fn (/home/infoger/phlowers-stellar-app/node_modules/@angular/animations/fesm2022/browser.mjs:4818:25)
          at Array.forEach (<anonymous>)
          at /home/infoger/phlowers-stellar-app/node_modules/@angular/animations/fesm2022/browser.mjs:4816:46
          at _ZoneDelegate.invoke (/home/infoger/phlowers-stellar-app/node_modules/zone.js/bundles/zone.umd.js:410:32)
          at Object.onInvoke (/home/infoger/phlowers-stellar-app/node_modules/@angular/core/fesm2022/core.mjs:6579:33)
          at _ZoneDelegate.invoke (/home/infoger/phlowers-stellar-app/node_modules/zone.js/bundles/zone.umd.js:409:38)
          at ZoneImpl.run (/home/infoger/phlowers-stellar-app/node_modules/zone.js/bundles/zone.umd.js:145:47)
          at NgZone.run (/home/infoger/phlowers-stellar-app/node_modules/@angular/core/fesm2022/core.mjs:6425:28)
          at /home/infoger/phlowers-stellar-app/node_modules/@angular/animations/fesm2022/browser.mjs:4815:28
          at _ZoneDelegate.invokeTask (/home/infoger/phlowers-stellar-app/node_modules/zone.js/bundles/zone.umd.js:443:37)
          at ZoneImpl.runTask (/home/infoger/phlowers-stellar-app/node_modules/zone.js/bundles/zone.umd.js:194:51)
          at drainMicroTaskQueue (/home/infoger/phlowers-stellar-app/node_modules/zone.js/bundles/zone.umd.js:627:39)
          at processTicksAndRejections (node:internal/process/task_queues:105:5)

      at ErrorHandler.handleError (node_modules/@angular/core/fesm2022/core.mjs:6731:23)
      at handleError (node_modules/@angular/core/fesm2022/core.mjs:30066:34)
      at executeListenerWithErrorHandling (node_modules/@angular/core/fesm2022/core.mjs:30054:9)
      at wrapListenerIn_markDirtyAndPreventDefault (node_modules/@angular/core/fesm2022/core.mjs:30033:22)
      at fn (node_modules/@angular/animations/fesm2022/browser.mjs:4818:25)
          at Array.forEach (<anonymous>)
      at node_modules/@angular/animations/fesm2022/browser.mjs:4816:46
      at _ZoneDelegate.invoke (node_modules/zone.js/bundles/zone.umd.js:410:32)
      at Object.onInvoke (node_modules/@angular/core/fesm2022/core.mjs:6579:33)
      at _ZoneDelegate.invoke (node_modules/zone.js/bundles/zone.umd.js:409:38)
      at ZoneImpl.run (node_modules/zone.js/bundles/zone.umd.js:145:47)
      at NgZone.run (node_modules/@angular/core/fesm2022/core.mjs:6425:28)
      at node_modules/@angular/animations/fesm2022/browser.mjs:4815:28
      at _ZoneDelegate.invokeTask (node_modules/zone.js/bundles/zone.umd.js:443:37)
      at ZoneImpl.runTask (node_modules/zone.js/bundles/zone.umd.js:194:51)
      at drainMicroTaskQueue (node_modules/zone.js/bundles/zone.umd.js:627:39)

  ● ScaleViewComponent › Component Initialization › should have scaleMax set to 250

    expect(received).toBe(expected) // Object.is equality

    Expected: 250
    Received: 100

      66 |
      67 |     it('should have scaleMax set to 250', () => {
    > 68 |       expect(component.scaleMax).toBe(250);
         |                                  ^
      69 |     });
      70 |
      71 |     it('should initialize the scale form control to "auto"', () => {

      at src/app/ui/pages/studio/top-toolbar/scale-view/scale-view.component.spec.ts:68:34
      at _ZoneDelegate.invoke (node_modules/zone.js/bundles/zone.umd.js:410:32)
      at ProxyZoneSpec.Object.<anonymous>.ProxyZoneSpec.onInvoke (node_modules/zone.js/bundles/zone-testing.umd.js:2219:43)
      at _ZoneDelegate.invoke (node_modules/zone.js/bundles/zone.umd.js:409:38)
      at ZoneImpl.run (node_modules/zone.js/bundles/zone.umd.js:145:47)
      at Object.wrappedFunc (node_modules/zone.js/bundles/zone-testing.umd.js:449:38)

PASS src/app/ui/pages/studio/menu-bar/menu-bar.component.spec.ts
PASS src/app/ui/pages/studio/toolbar-dialog/field-measuring/field-measuring.component.spec.ts
  ● Console

    console.error
      NG0304: 'p-tabs' is not a known element (used in the 'FieldMeasuringComponent' component template):
      1. If 'p-tabs' is an Angular component, then verify that it is included in the '@Component.imports' of this component.
      2. If 'p-tabs' is a Web Component then add 'CUSTOM_ELEMENTS_SCHEMA' to the '@Component.schemas' of this component to suppress this message.

      at validateElementIsKnown (node_modules/@angular/core/fesm2022/core.mjs:11182:25)
      at ɵɵelementStart (node_modules/@angular/core/fesm2022/core.mjs:27876:9)
      at FieldMeasuringComponent_Template (ng:/FieldMeasuringComponent.js:148:9)
      at executeTemplate (node_modules/@angular/core/fesm2022/core.mjs:12389:9)
      at renderView (node_modules/@angular/core/fesm2022/core.mjs:12895:13)
      at renderComponent (node_modules/@angular/core/fesm2022/core.mjs:12840:5)
      at renderChildComponents (node_modules/@angular/core/fesm2022/core.mjs:12943:9)
      at renderView (node_modules/@angular/core/fesm2022/core.mjs:12923:13)
      at ComponentFactory2.create (node_modules/@angular/core/fesm2022/core.mjs:17959:17)
      at initComponent (node_modules/@angular/core/fesm2022/testing.mjs:2053:51)
      at _ZoneDelegate.invoke (node_modules/zone.js/bundles/zone.umd.js:410:32)
      at Object.onInvoke (node_modules/@angular/core/fesm2022/core.mjs:6579:33)
      at _ZoneDelegate.invoke (node_modules/zone.js/bundles/zone.umd.js:409:38)
      at ZoneImpl.run (node_modules/zone.js/bundles/zone.umd.js:145:47)
      at NgZone.run (node_modules/@angular/core/fesm2022/core.mjs:6425:28)
      at _TestBedImpl.createComponent (node_modules/@angular/core/fesm2022/testing.mjs:2058:41)
      at _TestBedImpl.createComponent (node_modules/@angular/core/fesm2022/testing.mjs:1844:37)
      at src/app/ui/pages/studio/toolbar-dialog/field-measuring/field-measuring.component.spec.ts:128:23

    console.error
      NG0304: 'p-tablist' is not a known element (used in the 'FieldMeasuringComponent' component template):
      1. If 'p-tablist' is an Angular component, then verify that it is included in the '@Component.imports' of this component.
      2. If 'p-tablist' is a Web Component then add 'CUSTOM_ELEMENTS_SCHEMA' to the '@Component.schemas' of this component to suppress this message.

      at validateElementIsKnown (node_modules/@angular/core/fesm2022/core.mjs:11182:25)
      at ɵɵelementStart (node_modules/@angular/core/fesm2022/core.mjs:27876:9)
      at FieldMeasuringComponent_Template (ng:/FieldMeasuringComponent.js:154:9)
      at executeTemplate (node_modules/@angular/core/fesm2022/core.mjs:12389:9)
      at renderView (node_modules/@angular/core/fesm2022/core.mjs:12895:13)
      at renderComponent (node_modules/@angular/core/fesm2022/core.mjs:12840:5)
      at renderChildComponents (node_modules/@angular/core/fesm2022/core.mjs:12943:9)
      at renderView (node_modules/@angular/core/fesm2022/core.mjs:12923:13)
      at ComponentFactory2.create (node_modules/@angular/core/fesm2022/core.mjs:17959:17)
      at initComponent (node_modules/@angular/core/fesm2022/testing.mjs:2053:51)
      at _ZoneDelegate.invoke (node_modules/zone.js/bundles/zone.umd.js:410:32)
      at Object.onInvoke (node_modules/@angular/core/fesm2022/core.mjs:6579:33)
      at _ZoneDelegate.invoke (node_modules/zone.js/bundles/zone.umd.js:409:38)
      at ZoneImpl.run (node_modules/zone.js/bundles/zone.umd.js:145:47)
      at NgZone.run (node_modules/@angular/core/fesm2022/core.mjs:6425:28)
      at _TestBedImpl.createComponent (node_modules/@angular/core/fesm2022/testing.mjs:2058:41)
      at _TestBedImpl.createComponent (node_modules/@angular/core/fesm2022/testing.mjs:1844:37)
      at src/app/ui/pages/studio/toolbar-dialog/field-measuring/field-measuring.component.spec.ts:128:23

    console.error
      NG0304: 'p-tab' is not a known element (used in the 'FieldMeasuringComponent' component template):
      1. If 'p-tab' is an Angular component, then verify that it is included in the '@Component.imports' of this component.
      2. If 'p-tab' is a Web Component then add 'CUSTOM_ELEMENTS_SCHEMA' to the '@Component.schemas' of this component to suppress this message.

      at validateElementIsKnown (node_modules/@angular/core/fesm2022/core.mjs:11182:25)
      at ɵɵelementStart (node_modules/@angular/core/fesm2022/core.mjs:27876:9)
      at FieldMeasuringComponent_Template (ng:/FieldMeasuringComponent.js:154:44)
      at executeTemplate (node_modules/@angular/core/fesm2022/core.mjs:12389:9)
      at renderView (node_modules/@angular/core/fesm2022/core.mjs:12895:13)
      at renderComponent (node_modules/@angular/core/fesm2022/core.mjs:12840:5)
      at renderChildComponents (node_modules/@angular/core/fesm2022/core.mjs:12943:9)
      at renderView (node_modules/@angular/core/fesm2022/core.mjs:12923:13)
      at ComponentFactory2.create (node_modules/@angular/core/fesm2022/core.mjs:17959:17)
      at initComponent (node_modules/@angular/core/fesm2022/testing.mjs:2053:51)
      at _ZoneDelegate.invoke (node_modules/zone.js/bundles/zone.umd.js:410:32)
      at Object.onInvoke (node_modules/@angular/core/fesm2022/core.mjs:6579:33)
      at _ZoneDelegate.invoke (node_modules/zone.js/bundles/zone.umd.js:409:38)
      at ZoneImpl.run (node_modules/zone.js/bundles/zone.umd.js:145:47)
      at NgZone.run (node_modules/@angular/core/fesm2022/core.mjs:6425:28)
      at _TestBedImpl.createComponent (node_modules/@angular/core/fesm2022/testing.mjs:2058:41)
      at _TestBedImpl.createComponent (node_modules/@angular/core/fesm2022/testing.mjs:1844:37)
      at src/app/ui/pages/studio/toolbar-dialog/field-measuring/field-measuring.component.spec.ts:128:23

    console.error
      NG0304: 'p-tab' is not a known element (used in the 'FieldMeasuringComponent' component template):
      1. If 'p-tab' is an Angular component, then verify that it is included in the '@Component.imports' of this component.
      2. If 'p-tab' is a Web Component then add 'CUSTOM_ELEMENTS_SCHEMA' to the '@Component.schemas' of this component to suppress this message.

      at validateElementIsKnown (node_modules/@angular/core/fesm2022/core.mjs:11182:25)
      at ɵɵelementStart (node_modules/@angular/core/fesm2022/core.mjs:27876:9)
      at FieldMeasuringComponent_Template (ng:/FieldMeasuringComponent.js:157:9)
      at executeTemplate (node_modules/@angular/core/fesm2022/core.mjs:12389:9)
      at renderView (node_modules/@angular/core/fesm2022/core.mjs:12895:13)
      at renderComponent (node_modules/@angular/core/fesm2022/core.mjs:12840:5)
      at renderChildComponents (node_modules/@angular/core/fesm2022/core.mjs:12943:9)
      at renderView (node_modules/@angular/core/fesm2022/core.mjs:12923:13)
      at ComponentFactory2.create (node_modules/@angular/core/fesm2022/core.mjs:17959:17)
      at initComponent (node_modules/@angular/core/fesm2022/testing.mjs:2053:51)
      at _ZoneDelegate.invoke (node_modules/zone.js/bundles/zone.umd.js:410:32)
      at Object.onInvoke (node_modules/@angular/core/fesm2022/core.mjs:6579:33)
      at _ZoneDelegate.invoke (node_modules/zone.js/bundles/zone.umd.js:409:38)
      at ZoneImpl.run (node_modules/zone.js/bundles/zone.umd.js:145:47)
      at NgZone.run (node_modules/@angular/core/fesm2022/core.mjs:6425:28)
      at _TestBedImpl.createComponent (node_modules/@angular/core/fesm2022/testing.mjs:2058:41)
      at _TestBedImpl.createComponent (node_modules/@angular/core/fesm2022/testing.mjs:1844:37)
      at src/app/ui/pages/studio/toolbar-dialog/field-measuring/field-measuring.component.spec.ts:128:23

    console.error
      NG0304: 'p-tab' is not a known element (used in the 'FieldMeasuringComponent' component template):
      1. If 'p-tab' is an Angular component, then verify that it is included in the '@Component.imports' of this component.
      2. If 'p-tab' is a Web Component then add 'CUSTOM_ELEMENTS_SCHEMA' to the '@Component.schemas' of this component to suppress this message.

      at validateElementIsKnown (node_modules/@angular/core/fesm2022/core.mjs:11182:25)
      at ɵɵelementStart (node_modules/@angular/core/fesm2022/core.mjs:27876:9)
      at FieldMeasuringComponent_Template (ng:/FieldMeasuringComponent.js:160:9)
      at executeTemplate (node_modules/@angular/core/fesm2022/core.mjs:12389:9)
      at renderView (node_modules/@angular/core/fesm2022/core.mjs:12895:13)
      at renderComponent (node_modules/@angular/core/fesm2022/core.mjs:12840:5)
      at renderChildComponents (node_modules/@angular/core/fesm2022/core.mjs:12943:9)
      at renderView (node_modules/@angular/core/fesm2022/core.mjs:12923:13)
      at ComponentFactory2.create (node_modules/@angular/core/fesm2022/core.mjs:17959:17)
      at initComponent (node_modules/@angular/core/fesm2022/testing.mjs:2053:51)
      at _ZoneDelegate.invoke (node_modules/zone.js/bundles/zone.umd.js:410:32)
      at Object.onInvoke (node_modules/@angular/core/fesm2022/core.mjs:6579:33)
      at _ZoneDelegate.invoke (node_modules/zone.js/bundles/zone.umd.js:409:38)
      at ZoneImpl.run (node_modules/zone.js/bundles/zone.umd.js:145:47)
      at NgZone.run (node_modules/@angular/core/fesm2022/core.mjs:6425:28)
      at _TestBedImpl.createComponent (node_modules/@angular/core/fesm2022/testing.mjs:2058:41)
      at _TestBedImpl.createComponent (node_modules/@angular/core/fesm2022/testing.mjs:1844:37)
      at src/app/ui/pages/studio/toolbar-dialog/field-measuring/field-measuring.component.spec.ts:128:23

    console.error
      NG0304: 'p-tab' is not a known element (used in the 'FieldMeasuringComponent' component template):
      1. If 'p-tab' is an Angular component, then verify that it is included in the '@Component.imports' of this component.
      2. If 'p-tab' is a Web Component then add 'CUSTOM_ELEMENTS_SCHEMA' to the '@Component.schemas' of this component to suppress this message.

      at validateElementIsKnown (node_modules/@angular/core/fesm2022/core.mjs:11182:25)
      at ɵɵelementStart (node_modules/@angular/core/fesm2022/core.mjs:27876:9)
      at FieldMeasuringComponent_Template (ng:/FieldMeasuringComponent.js:163:9)
      at executeTemplate (node_modules/@angular/core/fesm2022/core.mjs:12389:9)
      at renderView (node_modules/@angular/core/fesm2022/core.mjs:12895:13)
      at renderComponent (node_modules/@angular/core/fesm2022/core.mjs:12840:5)
      at renderChildComponents (node_modules/@angular/core/fesm2022/core.mjs:12943:9)
      at renderView (node_modules/@angular/core/fesm2022/core.mjs:12923:13)
      at ComponentFactory2.create (node_modules/@angular/core/fesm2022/core.mjs:17959:17)
      at initComponent (node_modules/@angular/core/fesm2022/testing.mjs:2053:51)
      at _ZoneDelegate.invoke (node_modules/zone.js/bundles/zone.umd.js:410:32)
      at Object.onInvoke (node_modules/@angular/core/fesm2022/core.mjs:6579:33)
      at _ZoneDelegate.invoke (node_modules/zone.js/bundles/zone.umd.js:409:38)
      at ZoneImpl.run (node_modules/zone.js/bundles/zone.umd.js:145:47)
      at NgZone.run (node_modules/@angular/core/fesm2022/core.mjs:6425:28)
      at _TestBedImpl.createComponent (node_modules/@angular/core/fesm2022/testing.mjs:2058:41)
      at _TestBedImpl.createComponent (node_modules/@angular/core/fesm2022/testing.mjs:1844:37)
      at src/app/ui/pages/studio/toolbar-dialog/field-measuring/field-measuring.component.spec.ts:128:23

    console.error
      NG0304: 'p-tabpanel' is not a known element (used in the 'FieldMeasuringComponent' component template):
      1. If 'p-tabpanel' is an Angular component, then verify that it is included in the '@Component.imports' of this component.
      2. If 'p-tabpanel' is a Web Component then add 'CUSTOM_ELEMENTS_SCHEMA' to the '@Component.schemas' of this component to suppress this message.

      at validateElementIsKnown (node_modules/@angular/core/fesm2022/core.mjs:11182:25)
      at ɵɵelementStart (node_modules/@angular/core/fesm2022/core.mjs:27876:9)
      at FieldMeasuringComponent_Template (ng:/FieldMeasuringComponent.js:166:9)
      at executeTemplate (node_modules/@angular/core/fesm2022/core.mjs:12389:9)
      at renderView (node_modules/@angular/core/fesm2022/core.mjs:12895:13)
      at renderComponent (node_modules/@angular/core/fesm2022/core.mjs:12840:5)
      at renderChildComponents (node_modules/@angular/core/fesm2022/core.mjs:12943:9)
      at renderView (node_modules/@angular/core/fesm2022/core.mjs:12923:13)
      at ComponentFactory2.create (node_modules/@angular/core/fesm2022/core.mjs:17959:17)
      at initComponent (node_modules/@angular/core/fesm2022/testing.mjs:2053:51)
      at _ZoneDelegate.invoke (node_modules/zone.js/bundles/zone.umd.js:410:32)
      at Object.onInvoke (node_modules/@angular/core/fesm2022/core.mjs:6579:33)
      at _ZoneDelegate.invoke (node_modules/zone.js/bundles/zone.umd.js:409:38)
      at ZoneImpl.run (node_modules/zone.js/bundles/zone.umd.js:145:47)
      at NgZone.run (node_modules/@angular/core/fesm2022/core.mjs:6425:28)
      at _TestBedImpl.createComponent (node_modules/@angular/core/fesm2022/testing.mjs:2058:41)
      at _TestBedImpl.createComponent (node_modules/@angular/core/fesm2022/testing.mjs:1844:37)
      at src/app/ui/pages/studio/toolbar-dialog/field-measuring/field-measuring.component.spec.ts:128:23

    console.error
      NG0304: 'p-tabpanel' is not a known element (used in the 'FieldMeasuringComponent' component template):
      1. If 'p-tabpanel' is an Angular component, then verify that it is included in the '@Component.imports' of this component.
      2. If 'p-tabpanel' is a Web Component then add 'CUSTOM_ELEMENTS_SCHEMA' to the '@Component.schemas' of this component to suppress this message.

      at validateElementIsKnown (node_modules/@angular/core/fesm2022/core.mjs:11182:25)
      at ɵɵelementStart (node_modules/@angular/core/fesm2022/core.mjs:27876:9)
      at FieldMeasuringComponent_Template (ng:/FieldMeasuringComponent.js:172:9)
      at executeTemplate (node_modules/@angular/core/fesm2022/core.mjs:12389:9)
      at renderView (node_modules/@angular/core/fesm2022/core.mjs:12895:13)
      at renderComponent (node_modules/@angular/core/fesm2022/core.mjs:12840:5)
      at renderChildComponents (node_modules/@angular/core/fesm2022/core.mjs:12943:9)
      at renderView (node_modules/@angular/core/fesm2022/core.mjs:12923:13)
      at ComponentFactory2.create (node_modules/@angular/core/fesm2022/core.mjs:17959:17)
      at initComponent (node_modules/@angular/core/fesm2022/testing.mjs:2053:51)
      at _ZoneDelegate.invoke (node_modules/zone.js/bundles/zone.umd.js:410:32)
      at Object.onInvoke (node_modules/@angular/core/fesm2022/core.mjs:6579:33)
      at _ZoneDelegate.invoke (node_modules/zone.js/bundles/zone.umd.js:409:38)
      at ZoneImpl.run (node_modules/zone.js/bundles/zone.umd.js:145:47)
      at NgZone.run (node_modules/@angular/core/fesm2022/core.mjs:6425:28)
      at _TestBedImpl.createComponent (node_modules/@angular/core/fesm2022/testing.mjs:2058:41)
      at _TestBedImpl.createComponent (node_modules/@angular/core/fesm2022/testing.mjs:1844:37)
      at src/app/ui/pages/studio/toolbar-dialog/field-measuring/field-measuring.component.spec.ts:128:23

    console.error
      NG0304: 'p-tabpanel' is not a known element (used in the 'FieldMeasuringComponent' component template):
      1. If 'p-tabpanel' is an Angular component, then verify that it is included in the '@Component.imports' of this component.
      2. If 'p-tabpanel' is a Web Component then add 'CUSTOM_ELEMENTS_SCHEMA' to the '@Component.schemas' of this component to suppress this message.

      at validateElementIsKnown (node_modules/@angular/core/fesm2022/core.mjs:11182:25)
      at ɵɵelementStart (node_modules/@angular/core/fesm2022/core.mjs:27876:9)
      at FieldMeasuringComponent_Template (ng:/FieldMeasuringComponent.js:179:9)
      at executeTemplate (node_modules/@angular/core/fesm2022/core.mjs:12389:9)
      at renderView (node_modules/@angular/core/fesm2022/core.mjs:12895:13)
      at renderComponent (node_modules/@angular/core/fesm2022/core.mjs:12840:5)
      at renderChildComponents (node_modules/@angular/core/fesm2022/core.mjs:12943:9)
      at renderView (node_modules/@angular/core/fesm2022/core.mjs:12923:13)
      at ComponentFactory2.create (node_modules/@angular/core/fesm2022/core.mjs:17959:17)
      at initComponent (node_modules/@angular/core/fesm2022/testing.mjs:2053:51)
      at _ZoneDelegate.invoke (node_modules/zone.js/bundles/zone.umd.js:410:32)
      at Object.onInvoke (node_modules/@angular/core/fesm2022/core.mjs:6579:33)
      at _ZoneDelegate.invoke (node_modules/zone.js/bundles/zone.umd.js:409:38)
      at ZoneImpl.run (node_modules/zone.js/bundles/zone.umd.js:145:47)
      at NgZone.run (node_modules/@angular/core/fesm2022/core.mjs:6425:28)
      at _TestBedImpl.createComponent (node_modules/@angular/core/fesm2022/testing.mjs:2058:41)
      at _TestBedImpl.createComponent (node_modules/@angular/core/fesm2022/testing.mjs:1844:37)
      at src/app/ui/pages/studio/toolbar-dialog/field-measuring/field-measuring.component.spec.ts:128:23

    console.error
      NG0304: 'app-temperature-calculation' is not a known element (used in the 'FieldMeasuringComponent' component template):
      1. If 'app-temperature-calculation' is an Angular component, then verify that it is included in the '@Component.imports' of this component.
      2. If 'app-temperature-calculation' is a Web Component then add 'CUSTOM_ELEMENTS_SCHEMA' to the '@Component.schemas' of this component to suppress this message.

      at validateElementIsKnown (node_modules/@angular/core/fesm2022/core.mjs:11182:25)
      at ɵɵelementStart (node_modules/@angular/core/fesm2022/core.mjs:27876:9)
      at FieldMeasuringComponent_Template (ng:/FieldMeasuringComponent.js:179:49)
      at executeTemplate (node_modules/@angular/core/fesm2022/core.mjs:12389:9)
      at renderView (node_modules/@angular/core/fesm2022/core.mjs:12895:13)
      at renderComponent (node_modules/@angular/core/fesm2022/core.mjs:12840:5)
      at renderChildComponents (node_modules/@angular/core/fesm2022/core.mjs:12943:9)
      at renderView (node_modules/@angular/core/fesm2022/core.mjs:12923:13)
      at ComponentFactory2.create (node_modules/@angular/core/fesm2022/core.mjs:17959:17)
      at initComponent (node_modules/@angular/core/fesm2022/testing.mjs:2053:51)
      at _ZoneDelegate.invoke (node_modules/zone.js/bundles/zone.umd.js:410:32)
      at Object.onInvoke (node_modules/@angular/core/fesm2022/core.mjs:6579:33)
      at _ZoneDelegate.invoke (node_modules/zone.js/bundles/zone.umd.js:409:38)
      at ZoneImpl.run (node_modules/zone.js/bundles/zone.umd.js:145:47)
      at NgZone.run (node_modules/@angular/core/fesm2022/core.mjs:6425:28)
      at _TestBedImpl.createComponent (node_modules/@angular/core/fesm2022/testing.mjs:2058:41)
      at _TestBedImpl.createComponent (node_modules/@angular/core/fesm2022/testing.mjs:1844:37)
      at src/app/ui/pages/studio/toolbar-dialog/field-measuring/field-measuring.component.spec.ts:128:23

    console.error
      NG0304: 'p-tabpanel' is not a known element (used in the 'FieldMeasuringComponent' component template):
      1. If 'p-tabpanel' is an Angular component, then verify that it is included in the '@Component.imports' of this component.
      2. If 'p-tabpanel' is a Web Component then add 'CUSTOM_ELEMENTS_SCHEMA' to the '@Component.schemas' of this component to suppress this message.

      at validateElementIsKnown (node_modules/@angular/core/fesm2022/core.mjs:11182:25)
      at ɵɵelementStart (node_modules/@angular/core/fesm2022/core.mjs:27876:9)
      at FieldMeasuringComponent_Template (ng:/FieldMeasuringComponent.js:187:9)
      at executeTemplate (node_modules/@angular/core/fesm2022/core.mjs:12389:9)
      at renderView (node_modules/@angular/core/fesm2022/core.mjs:12895:13)
      at renderComponent (node_modules/@angular/core/fesm2022/core.mjs:12840:5)
      at renderChildComponents (node_modules/@angular/core/fesm2022/core.mjs:12943:9)
      at renderView (node_modules/@angular/core/fesm2022/core.mjs:12923:13)
      at ComponentFactory2.create (node_modules/@angular/core/fesm2022/core.mjs:17959:17)
      at initComponent (node_modules/@angular/core/fesm2022/testing.mjs:2053:51)
      at _ZoneDelegate.invoke (node_modules/zone.js/bundles/zone.umd.js:410:32)
      at Object.onInvoke (node_modules/@angular/core/fesm2022/core.mjs:6579:33)
      at _ZoneDelegate.invoke (node_modules/zone.js/bundles/zone.umd.js:409:38)
      at ZoneImpl.run (node_modules/zone.js/bundles/zone.umd.js:145:47)
      at NgZone.run (node_modules/@angular/core/fesm2022/core.mjs:6425:28)
      at _TestBedImpl.createComponent (node_modules/@angular/core/fesm2022/testing.mjs:2058:41)
      at _TestBedImpl.createComponent (node_modules/@angular/core/fesm2022/testing.mjs:1844:37)
      at src/app/ui/pages/studio/toolbar-dialog/field-measuring/field-measuring.component.spec.ts:128:23

    console.error
      NG0304: 'app-parameter-at-15c-without-wind' is not a known element (used in the 'FieldMeasuringComponent' component template):
      1. If 'app-parameter-at-15c-without-wind' is an Angular component, then verify that it is included in the '@Component.imports' of this component.
      2. If 'app-parameter-at-15c-without-wind' is a Web Component then add 'CUSTOM_ELEMENTS_SCHEMA' to the '@Component.schemas' of this component to suppress this message.

      at validateElementIsKnown (node_modules/@angular/core/fesm2022/core.mjs:11182:25)
      at ɵɵelementStart (node_modules/@angular/core/fesm2022/core.mjs:27876:9)
      at FieldMeasuringComponent_Template (ng:/FieldMeasuringComponent.js:187:49)
      at executeTemplate (node_modules/@angular/core/fesm2022/core.mjs:12389:9)
      at renderView (node_modules/@angular/core/fesm2022/core.mjs:12895:13)
      at renderComponent (node_modules/@angular/core/fesm2022/core.mjs:12840:5)
      at renderChildComponents (node_modules/@angular/core/fesm2022/core.mjs:12943:9)
      at renderView (node_modules/@angular/core/fesm2022/core.mjs:12923:13)
      at ComponentFactory2.create (node_modules/@angular/core/fesm2022/core.mjs:17959:17)
      at initComponent (node_modules/@angular/core/fesm2022/testing.mjs:2053:51)
      at _ZoneDelegate.invoke (node_modules/zone.js/bundles/zone.umd.js:410:32)
      at Object.onInvoke (node_modules/@angular/core/fesm2022/core.mjs:6579:33)
      at _ZoneDelegate.invoke (node_modules/zone.js/bundles/zone.umd.js:409:38)
      at ZoneImpl.run (node_modules/zone.js/bundles/zone.umd.js:145:47)
      at NgZone.run (node_modules/@angular/core/fesm2022/core.mjs:6425:28)
      at _TestBedImpl.createComponent (node_modules/@angular/core/fesm2022/testing.mjs:2058:41)
      at _TestBedImpl.createComponent (node_modules/@angular/core/fesm2022/testing.mjs:1844:37)
      at src/app/ui/pages/studio/toolbar-dialog/field-measuring/field-measuring.component.spec.ts:128:23

    console.error
      NG0304: 'p-tabs' is not a known element (used in the 'FieldMeasuringComponent' component template):
      1. If 'p-tabs' is an Angular component, then verify that it is included in the '@Component.imports' of this component.
      2. If 'p-tabs' is a Web Component then add 'CUSTOM_ELEMENTS_SCHEMA' to the '@Component.schemas' of this component to suppress this message.

      at validateElementIsKnown (node_modules/@angular/core/fesm2022/core.mjs:11182:25)
      at ɵɵelementStart (node_modules/@angular/core/fesm2022/core.mjs:27876:9)
      at FieldMeasuringComponent_Template (ng:/FieldMeasuringComponent.js:148:9)
      at executeTemplate (node_modules/@angular/core/fesm2022/core.mjs:12389:9)
      at renderView (node_modules/@angular/core/fesm2022/core.mjs:12895:13)
      at renderComponent (node_modules/@angular/core/fesm2022/core.mjs:12840:5)
      at renderChildComponents (node_modules/@angular/core/fesm2022/core.mjs:12943:9)
      at renderView (node_modules/@angular/core/fesm2022/core.mjs:12923:13)
      at ComponentFactory2.create (node_modules/@angular/core/fesm2022/core.mjs:17959:17)
      at initComponent (node_modules/@angular/core/fesm2022/testing.mjs:2053:51)
      at _ZoneDelegate.invoke (node_modules/zone.js/bundles/zone.umd.js:410:32)
      at Object.onInvoke (node_modules/@angular/core/fesm2022/core.mjs:6579:33)
      at _ZoneDelegate.invoke (node_modules/zone.js/bundles/zone.umd.js:409:38)
      at ZoneImpl.run (node_modules/zone.js/bundles/zone.umd.js:145:47)
      at NgZone.run (node_modules/@angular/core/fesm2022/core.mjs:6425:28)
      at _TestBedImpl.createComponent (node_modules/@angular/core/fesm2022/testing.mjs:2058:41)
      at _TestBedImpl.createComponent (node_modules/@angular/core/fesm2022/testing.mjs:1844:37)
      at src/app/ui/pages/studio/toolbar-dialog/field-measuring/field-measuring.component.spec.ts:128:23

    console.error
      NG0304: 'p-tablist' is not a known element (used in the 'FieldMeasuringComponent' component template):
      1. If 'p-tablist' is an Angular component, then verify that it is included in the '@Component.imports' of this component.
      2. If 'p-tablist' is a Web Component then add 'CUSTOM_ELEMENTS_SCHEMA' to the '@Component.schemas' of this component to suppress this message.

      at validateElementIsKnown (node_modules/@angular/core/fesm2022/core.mjs:11182:25)
      at ɵɵelementStart (node_modules/@angular/core/fesm2022/core.mjs:27876:9)
      at FieldMeasuringComponent_Template (ng:/FieldMeasuringComponent.js:154:9)
      at executeTemplate (node_modules/@angular/core/fesm2022/core.mjs:12389:9)
      at renderView (node_modules/@angular/core/fesm2022/core.mjs:12895:13)
      at renderComponent (node_modules/@angular/core/fesm2022/core.mjs:12840:5)
      at renderChildComponents (node_modules/@angular/core/fesm2022/core.mjs:12943:9)
      at renderView (node_modules/@angular/core/fesm2022/core.mjs:12923:13)
      at ComponentFactory2.create (node_modules/@angular/core/fesm2022/core.mjs:17959:17)
      at initComponent (node_modules/@angular/core/fesm2022/testing.mjs:2053:51)
      at _ZoneDelegate.invoke (node_modules/zone.js/bundles/zone.umd.js:410:32)
      at Object.onInvoke (node_modules/@angular/core/fesm2022/core.mjs:6579:33)
      at _ZoneDelegate.invoke (node_modules/zone.js/bundles/zone.umd.js:409:38)
      at ZoneImpl.run (node_modules/zone.js/bundles/zone.umd.js:145:47)
      at NgZone.run (node_modules/@angular/core/fesm2022/core.mjs:6425:28)
      at _TestBedImpl.createComponent (node_modules/@angular/core/fesm2022/testing.mjs:2058:41)
      at _TestBedImpl.createComponent (node_modules/@angular/core/fesm2022/testing.mjs:1844:37)
      at src/app/ui/pages/studio/toolbar-dialog/field-measuring/field-measuring.component.spec.ts:128:23

    console.error
      NG0304: 'p-tab' is not a known element (used in the 'FieldMeasuringComponent' component template):
      1. If 'p-tab' is an Angular component, then verify that it is included in the '@Component.imports' of this component.
      2. If 'p-tab' is a Web Component then add 'CUSTOM_ELEMENTS_SCHEMA' to the '@Component.schemas' of this component to suppress this message.

      at validateElementIsKnown (node_modules/@angular/core/fesm2022/core.mjs:11182:25)
      at ɵɵelementStart (node_modules/@angular/core/fesm2022/core.mjs:27876:9)
      at FieldMeasuringComponent_Template (ng:/FieldMeasuringComponent.js:154:44)
      at executeTemplate (node_modules/@angular/core/fesm2022/core.mjs:12389:9)
      at renderView (node_modules/@angular/core/fesm2022/core.mjs:12895:13)
      at renderComponent (node_modules/@angular/core/fesm2022/core.mjs:12840:5)
      at renderChildComponents (node_modules/@angular/core/fesm2022/core.mjs:12943:9)
      at renderView (node_modules/@angular/core/fesm2022/core.mjs:12923:13)
      at ComponentFactory2.create (node_modules/@angular/core/fesm2022/core.mjs:17959:17)
      at initComponent (node_modules/@angular/core/fesm2022/testing.mjs:2053:51)
      at _ZoneDelegate.invoke (node_modules/zone.js/bundles/zone.umd.js:410:32)
      at Object.onInvoke (node_modules/@angular/core/fesm2022/core.mjs:6579:33)
      at _ZoneDelegate.invoke (node_modules/zone.js/bundles/zone.umd.js:409:38)
      at ZoneImpl.run (node_modules/zone.js/bundles/zone.umd.js:145:47)
      at NgZone.run (node_modules/@angular/core/fesm2022/core.mjs:6425:28)
      at _TestBedImpl.createComponent (node_modules/@angular/core/fesm2022/testing.mjs:2058:41)
      at _TestBedImpl.createComponent (node_modules/@angular/core/fesm2022/testing.mjs:1844:37)
      at src/app/ui/pages/studio/toolbar-dialog/field-measuring/field-measuring.component.spec.ts:128:23

    console.error
      NG0304: 'p-tab' is not a known element (used in the 'FieldMeasuringComponent' component template):
      1. If 'p-tab' is an Angular component, then verify that it is included in the '@Component.imports' of this component.
      2. If 'p-tab' is a Web Component then add 'CUSTOM_ELEMENTS_SCHEMA' to the '@Component.schemas' of this component to suppress this message.

      at validateElementIsKnown (node_modules/@angular/core/fesm2022/core.mjs:11182:25)
      at ɵɵelementStart (node_modules/@angular/core/fesm2022/core.mjs:27876:9)
      at FieldMeasuringComponent_Template (ng:/FieldMeasuringComponent.js:157:9)
      at executeTemplate (node_modules/@angular/core/fesm2022/core.mjs:12389:9)
      at renderView (node_modules/@angular/core/fesm2022/core.mjs:12895:13)
      at renderComponent (node_modules/@angular/core/fesm2022/core.mjs:12840:5)
      at renderChildComponents (node_modules/@angular/core/fesm2022/core.mjs:12943:9)
      at renderView (node_modules/@angular/core/fesm2022/core.mjs:12923:13)
      at ComponentFactory2.create (node_modules/@angular/core/fesm2022/core.mjs:17959:17)
      at initComponent (node_modules/@angular/core/fesm2022/testing.mjs:2053:51)
      at _ZoneDelegate.invoke (node_modules/zone.js/bundles/zone.umd.js:410:32)
      at Object.onInvoke (node_modules/@angular/core/fesm2022/core.mjs:6579:33)
      at _ZoneDelegate.invoke (node_modules/zone.js/bundles/zone.umd.js:409:38)
      at ZoneImpl.run (node_modules/zone.js/bundles/zone.umd.js:145:47)
      at NgZone.run (node_modules/@angular/core/fesm2022/core.mjs:6425:28)
      at _TestBedImpl.createComponent (node_modules/@angular/core/fesm2022/testing.mjs:2058:41)
      at _TestBedImpl.createComponent (node_modules/@angular/core/fesm2022/testing.mjs:1844:37)
      at src/app/ui/pages/studio/toolbar-dialog/field-measuring/field-measuring.component.spec.ts:128:23

    console.error
      NG0304: 'p-tab' is not a known element (used in the 'FieldMeasuringComponent' component template):
      1. If 'p-tab' is an Angular component, then verify that it is included in the '@Component.imports' of this component.
      2. If 'p-tab' is a Web Component then add 'CUSTOM_ELEMENTS_SCHEMA' to the '@Component.schemas' of this component to suppress this message.

      at validateElementIsKnown (node_modules/@angular/core/fesm2022/core.mjs:11182:25)
      at ɵɵelementStart (node_modules/@angular/core/fesm2022/core.mjs:27876:9)
      at FieldMeasuringComponent_Template (ng:/FieldMeasuringComponent.js:160:9)
      at executeTemplate (node_modules/@angular/core/fesm2022/core.mjs:12389:9)
      at renderView (node_modules/@angular/core/fesm2022/core.mjs:12895:13)
      at renderComponent (node_modules/@angular/core/fesm2022/core.mjs:12840:5)
      at renderChildComponents (node_modules/@angular/core/fesm2022/core.mjs:12943:9)
      at renderView (node_modules/@angular/core/fesm2022/core.mjs:12923:13)
      at ComponentFactory2.create (node_modules/@angular/core/fesm2022/core.mjs:17959:17)
      at initComponent (node_modules/@angular/core/fesm2022/testing.mjs:2053:51)
      at _ZoneDelegate.invoke (node_modules/zone.js/bundles/zone.umd.js:410:32)
      at Object.onInvoke (node_modules/@angular/core/fesm2022/core.mjs:6579:33)
      at _ZoneDelegate.invoke (node_modules/zone.js/bundles/zone.umd.js:409:38)
      at ZoneImpl.run (node_modules/zone.js/bundles/zone.umd.js:145:47)
      at NgZone.run (node_modules/@angular/core/fesm2022/core.mjs:6425:28)
      at _TestBedImpl.createComponent (node_modules/@angular/core/fesm2022/testing.mjs:2058:41)
      at _TestBedImpl.createComponent (node_modules/@angular/core/fesm2022/testing.mjs:1844:37)
      at src/app/ui/pages/studio/toolbar-dialog/field-measuring/field-measuring.component.spec.ts:128:23

    console.error
      NG0304: 'p-tab' is not a known element (used in the 'FieldMeasuringComponent' component template):
      1. If 'p-tab' is an Angular component, then verify that it is included in the '@Component.imports' of this component.
      2. If 'p-tab' is a Web Component then add 'CUSTOM_ELEMENTS_SCHEMA' to the '@Component.schemas' of this component to suppress this message.

      at validateElementIsKnown (node_modules/@angular/core/fesm2022/core.mjs:11182:25)
      at ɵɵelementStart (node_modules/@angular/core/fesm2022/core.mjs:27876:9)
      at FieldMeasuringComponent_Template (ng:/FieldMeasuringComponent.js:163:9)
      at executeTemplate (node_modules/@angular/core/fesm2022/core.mjs:12389:9)
      at renderView (node_modules/@angular/core/fesm2022/core.mjs:12895:13)
      at renderComponent (node_modules/@angular/core/fesm2022/core.mjs:12840:5)
      at renderChildComponents (node_modules/@angular/core/fesm2022/core.mjs:12943:9)
      at renderView (node_modules/@angular/core/fesm2022/core.mjs:12923:13)
      at ComponentFactory2.create (node_modules/@angular/core/fesm2022/core.mjs:17959:17)
      at initComponent (node_modules/@angular/core/fesm2022/testing.mjs:2053:51)
      at _ZoneDelegate.invoke (node_modules/zone.js/bundles/zone.umd.js:410:32)
      at Object.onInvoke (node_modules/@angular/core/fesm2022/core.mjs:6579:33)
      at _ZoneDelegate.invoke (node_modules/zone.js/bundles/zone.umd.js:409:38)
      at ZoneImpl.run (node_modules/zone.js/bundles/zone.umd.js:145:47)
      at NgZone.run (node_modules/@angular/core/fesm2022/core.mjs:6425:28)
      at _TestBedImpl.createComponent (node_modules/@angular/core/fesm2022/testing.mjs:2058:41)
      at _TestBedImpl.createComponent (node_modules/@angular/core/fesm2022/testing.mjs:1844:37)
      at src/app/ui/pages/studio/toolbar-dialog/field-measuring/field-measuring.component.spec.ts:128:23

    console.error
      NG0304: 'p-tabpanel' is not a known element (used in the 'FieldMeasuringComponent' component template):
      1. If 'p-tabpanel' is an Angular component, then verify that it is included in the '@Component.imports' of this component.
      2. If 'p-tabpanel' is a Web Component then add 'CUSTOM_ELEMENTS_SCHEMA' to the '@Component.schemas' of this component to suppress this message.

      at validateElementIsKnown (node_modules/@angular/core/fesm2022/core.mjs:11182:25)
      at ɵɵelementStart (node_modules/@angular/core/fesm2022/core.mjs:27876:9)
      at FieldMeasuringComponent_Template (ng:/FieldMeasuringComponent.js:166:9)
      at executeTemplate (node_modules/@angular/core/fesm2022/core.mjs:12389:9)
      at renderView (node_modules/@angular/core/fesm2022/core.mjs:12895:13)
      at renderComponent (node_modules/@angular/core/fesm2022/core.mjs:12840:5)
      at renderChildComponents (node_modules/@angular/core/fesm2022/core.mjs:12943:9)
      at renderView (node_modules/@angular/core/fesm2022/core.mjs:12923:13)
      at ComponentFactory2.create (node_modules/@angular/core/fesm2022/core.mjs:17959:17)
      at initComponent (node_modules/@angular/core/fesm2022/testing.mjs:2053:51)
      at _ZoneDelegate.invoke (node_modules/zone.js/bundles/zone.umd.js:410:32)
      at Object.onInvoke (node_modules/@angular/core/fesm2022/core.mjs:6579:33)
      at _ZoneDelegate.invoke (node_modules/zone.js/bundles/zone.umd.js:409:38)
      at ZoneImpl.run (node_modules/zone.js/bundles/zone.umd.js:145:47)
      at NgZone.run (node_modules/@angular/core/fesm2022/core.mjs:6425:28)
      at _TestBedImpl.createComponent (node_modules/@angular/core/fesm2022/testing.mjs:2058:41)
      at _TestBedImpl.createComponent (node_modules/@angular/core/fesm2022/testing.mjs:1844:37)
      at src/app/ui/pages/studio/toolbar-dialog/field-measuring/field-measuring.component.spec.ts:128:23

    console.error
      NG0304: 'p-tabpanel' is not a known element (used in the 'FieldMeasuringComponent' component template):
      1. If 'p-tabpanel' is an Angular component, then verify that it is included in the '@Component.imports' of this component.
      2. If 'p-tabpanel' is a Web Component then add 'CUSTOM_ELEMENTS_SCHEMA' to the '@Component.schemas' of this component to suppress this message.

      at validateElementIsKnown (node_modules/@angular/core/fesm2022/core.mjs:11182:25)
      at ɵɵelementStart (node_modules/@angular/core/fesm2022/core.mjs:27876:9)
      at FieldMeasuringComponent_Template (ng:/FieldMeasuringComponent.js:172:9)
      at executeTemplate (node_modules/@angular/core/fesm2022/core.mjs:12389:9)
      at renderView (node_modules/@angular/core/fesm2022/core.mjs:12895:13)
      at renderComponent (node_modules/@angular/core/fesm2022/core.mjs:12840:5)
      at renderChildComponents (node_modules/@angular/core/fesm2022/core.mjs:12943:9)
      at renderView (node_modules/@angular/core/fesm2022/core.mjs:12923:13)
      at ComponentFactory2.create (node_modules/@angular/core/fesm2022/core.mjs:17959:17)
      at initComponent (node_modules/@angular/core/fesm2022/testing.mjs:2053:51)
      at _ZoneDelegate.invoke (node_modules/zone.js/bundles/zone.umd.js:410:32)
      at Object.onInvoke (node_modules/@angular/core/fesm2022/core.mjs:6579:33)
      at _ZoneDelegate.invoke (node_modules/zone.js/bundles/zone.umd.js:409:38)
      at ZoneImpl.run (node_modules/zone.js/bundles/zone.umd.js:145:47)
      at NgZone.run (node_modules/@angular/core/fesm2022/core.mjs:6425:28)
      at _TestBedImpl.createComponent (node_modules/@angular/core/fesm2022/testing.mjs:2058:41)
      at _TestBedImpl.createComponent (node_modules/@angular/core/fesm2022/testing.mjs:1844:37)
      at src/app/ui/pages/studio/toolbar-dialog/field-measuring/field-measuring.component.spec.ts:128:23

    console.error
      NG0304: 'p-tabpanel' is not a known element (used in the 'FieldMeasuringComponent' component template):
      1. If 'p-tabpanel' is an Angular component, then verify that it is included in the '@Component.imports' of this component.
      2. If 'p-tabpanel' is a Web Component then add 'CUSTOM_ELEMENTS_SCHEMA' to the '@Component.schemas' of this component to suppress this message.

      at validateElementIsKnown (node_modules/@angular/core/fesm2022/core.mjs:11182:25)
      at ɵɵelementStart (node_modules/@angular/core/fesm2022/core.mjs:27876:9)
      at FieldMeasuringComponent_Template (ng:/FieldMeasuringComponent.js:179:9)
      at executeTemplate (node_modules/@angular/core/fesm2022/core.mjs:12389:9)
      at renderView (node_modules/@angular/core/fesm2022/core.mjs:12895:13)
      at renderComponent (node_modules/@angular/core/fesm2022/core.mjs:12840:5)
      at renderChildComponents (node_modules/@angular/core/fesm2022/core.mjs:12943:9)
      at renderView (node_modules/@angular/core/fesm2022/core.mjs:12923:13)
      at ComponentFactory2.create (node_modules/@angular/core/fesm2022/core.mjs:17959:17)
      at initComponent (node_modules/@angular/core/fesm2022/testing.mjs:2053:51)
      at _ZoneDelegate.invoke (node_modules/zone.js/bundles/zone.umd.js:410:32)
      at Object.onInvoke (node_modules/@angular/core/fesm2022/core.mjs:6579:33)
      at _ZoneDelegate.invoke (node_modules/zone.js/bundles/zone.umd.js:409:38)
      at ZoneImpl.run (node_modules/zone.js/bundles/zone.umd.js:145:47)
      at NgZone.run (node_modules/@angular/core/fesm2022/core.mjs:6425:28)
      at _TestBedImpl.createComponent (node_modules/@angular/core/fesm2022/testing.mjs:2058:41)
      at _TestBedImpl.createComponent (node_modules/@angular/core/fesm2022/testing.mjs:1844:37)
      at src/app/ui/pages/studio/toolbar-dialog/field-measuring/field-measuring.component.spec.ts:128:23

    console.error
      NG0304: 'app-temperature-calculation' is not a known element (used in the 'FieldMeasuringComponent' component template):
      1. If 'app-temperature-calculation' is an Angular component, then verify that it is included in the '@Component.imports' of this component.
      2. If 'app-temperature-calculation' is a Web Component then add 'CUSTOM_ELEMENTS_SCHEMA' to the '@Component.schemas' of this component to suppress this message.

      at validateElementIsKnown (node_modules/@angular/core/fesm2022/core.mjs:11182:25)
      at ɵɵelementStart (node_modules/@angular/core/fesm2022/core.mjs:27876:9)
      at FieldMeasuringComponent_Template (ng:/FieldMeasuringComponent.js:179:49)
      at executeTemplate (node_modules/@angular/core/fesm2022/core.mjs:12389:9)
      at renderView (node_modules/@angular/core/fesm2022/core.mjs:12895:13)
      at renderComponent (node_modules/@angular/core/fesm2022/core.mjs:12840:5)
      at renderChildComponents (node_modules/@angular/core/fesm2022/core.mjs:12943:9)
      at renderView (node_modules/@angular/core/fesm2022/core.mjs:12923:13)
      at ComponentFactory2.create (node_modules/@angular/core/fesm2022/core.mjs:17959:17)
      at initComponent (node_modules/@angular/core/fesm2022/testing.mjs:2053:51)
      at _ZoneDelegate.invoke (node_modules/zone.js/bundles/zone.umd.js:410:32)
      at Object.onInvoke (node_modules/@angular/core/fesm2022/core.mjs:6579:33)
      at _ZoneDelegate.invoke (node_modules/zone.js/bundles/zone.umd.js:409:38)
      at ZoneImpl.run (node_modules/zone.js/bundles/zone.umd.js:145:47)
      at NgZone.run (node_modules/@angular/core/fesm2022/core.mjs:6425:28)
      at _TestBedImpl.createComponent (node_modules/@angular/core/fesm2022/testing.mjs:2058:41)
      at _TestBedImpl.createComponent (node_modules/@angular/core/fesm2022/testing.mjs:1844:37)
      at src/app/ui/pages/studio/toolbar-dialog/field-measuring/field-measuring.component.spec.ts:128:23

    console.error
      NG0304: 'p-tabpanel' is not a known element (used in the 'FieldMeasuringComponent' component template):
      1. If 'p-tabpanel' is an Angular component, then verify that it is included in the '@Component.imports' of this component.
      2. If 'p-tabpanel' is a Web Component then add 'CUSTOM_ELEMENTS_SCHEMA' to the '@Component.schemas' of this component to suppress this message.

      at validateElementIsKnown (node_modules/@angular/core/fesm2022/core.mjs:11182:25)
      at ɵɵelementStart (node_modules/@angular/core/fesm2022/core.mjs:27876:9)
      at FieldMeasuringComponent_Template (ng:/FieldMeasuringComponent.js:187:9)
      at executeTemplate (node_modules/@angular/core/fesm2022/core.mjs:12389:9)
      at renderView (node_modules/@angular/core/fesm2022/core.mjs:12895:13)
      at renderComponent (node_modules/@angular/core/fesm2022/core.mjs:12840:5)
      at renderChildComponents (node_modules/@angular/core/fesm2022/core.mjs:12943:9)
      at renderView (node_modules/@angular/core/fesm2022/core.mjs:12923:13)
      at ComponentFactory2.create (node_modules/@angular/core/fesm2022/core.mjs:17959:17)
      at initComponent (node_modules/@angular/core/fesm2022/testing.mjs:2053:51)
      at _ZoneDelegate.invoke (node_modules/zone.js/bundles/zone.umd.js:410:32)
      at Object.onInvoke (node_modules/@angular/core/fesm2022/core.mjs:6579:33)
      at _ZoneDelegate.invoke (node_modules/zone.js/bundles/zone.umd.js:409:38)
      at ZoneImpl.run (node_modules/zone.js/bundles/zone.umd.js:145:47)
      at NgZone.run (node_modules/@angular/core/fesm2022/core.mjs:6425:28)
      at _TestBedImpl.createComponent (node_modules/@angular/core/fesm2022/testing.mjs:2058:41)
      at _TestBedImpl.createComponent (node_modules/@angular/core/fesm2022/testing.mjs:1844:37)
      at src/app/ui/pages/studio/toolbar-dialog/field-measuring/field-measuring.component.spec.ts:128:23

    console.error
      NG0304: 'app-parameter-at-15c-without-wind' is not a known element (used in the 'FieldMeasuringComponent' component template):
      1. If 'app-parameter-at-15c-without-wind' is an Angular component, then verify that it is included in the '@Component.imports' of this component.
      2. If 'app-parameter-at-15c-without-wind' is a Web Component then add 'CUSTOM_ELEMENTS_SCHEMA' to the '@Component.schemas' of this component to suppress this message.

      at validateElementIsKnown (node_modules/@angular/core/fesm2022/core.mjs:11182:25)
      at ɵɵelementStart (node_modules/@angular/core/fesm2022/core.mjs:27876:9)
      at FieldMeasuringComponent_Template (ng:/FieldMeasuringComponent.js:187:49)
      at executeTemplate (node_modules/@angular/core/fesm2022/core.mjs:12389:9)
      at renderView (node_modules/@angular/core/fesm2022/core.mjs:12895:13)
      at renderComponent (node_modules/@angular/core/fesm2022/core.mjs:12840:5)
      at renderChildComponents (node_modules/@angular/core/fesm2022/core.mjs:12943:9)
      at renderView (node_modules/@angular/core/fesm2022/core.mjs:12923:13)
      at ComponentFactory2.create (node_modules/@angular/core/fesm2022/core.mjs:17959:17)
      at initComponent (node_modules/@angular/core/fesm2022/testing.mjs:2053:51)
      at _ZoneDelegate.invoke (node_modules/zone.js/bundles/zone.umd.js:410:32)
      at Object.onInvoke (node_modules/@angular/core/fesm2022/core.mjs:6579:33)
      at _ZoneDelegate.invoke (node_modules/zone.js/bundles/zone.umd.js:409:38)
      at ZoneImpl.run (node_modules/zone.js/bundles/zone.umd.js:145:47)
      at NgZone.run (node_modules/@angular/core/fesm2022/core.mjs:6425:28)
      at _TestBedImpl.createComponent (node_modules/@angular/core/fesm2022/testing.mjs:2058:41)
      at _TestBedImpl.createComponent (node_modules/@angular/core/fesm2022/testing.mjs:1844:37)
      at src/app/ui/pages/studio/toolbar-dialog/field-measuring/field-measuring.component.spec.ts:128:23

    console.error
      NG0304: 'p-tabs' is not a known element (used in the 'FieldMeasuringComponent' component template):
      1. If 'p-tabs' is an Angular component, then verify that it is included in the '@Component.imports' of this component.
      2. If 'p-tabs' is a Web Component then add 'CUSTOM_ELEMENTS_SCHEMA' to the '@Component.schemas' of this component to suppress this message.

      at validateElementIsKnown (node_modules/@angular/core/fesm2022/core.mjs:11182:25)
      at ɵɵelementStart (node_modules/@angular/core/fesm2022/core.mjs:27876:9)
      at FieldMeasuringComponent_Template (ng:/FieldMeasuringComponent.js:148:9)
      at executeTemplate (node_modules/@angular/core/fesm2022/core.mjs:12389:9)
      at renderView (node_modules/@angular/core/fesm2022/core.mjs:12895:13)
      at renderComponent (node_modules/@angular/core/fesm2022/core.mjs:12840:5)
      at renderChildComponents (node_modules/@angular/core/fesm2022/core.mjs:12943:9)
      at renderView (node_modules/@angular/core/fesm2022/core.mjs:12923:13)
      at ComponentFactory2.create (node_modules/@angular/core/fesm2022/core.mjs:17959:17)
      at initComponent (node_modules/@angular/core/fesm2022/testing.mjs:2053:51)
      at _ZoneDelegate.invoke (node_modules/zone.js/bundles/zone.umd.js:410:32)
      at Object.onInvoke (node_modules/@angular/core/fesm2022/core.mjs:6579:33)
      at _ZoneDelegate.invoke (node_modules/zone.js/bundles/zone.umd.js:409:38)
      at ZoneImpl.run (node_modules/zone.js/bundles/zone.umd.js:145:47)
      at NgZone.run (node_modules/@angular/core/fesm2022/core.mjs:6425:28)
      at _TestBedImpl.createComponent (node_modules/@angular/core/fesm2022/testing.mjs:2058:41)
      at _TestBedImpl.createComponent (node_modules/@angular/core/fesm2022/testing.mjs:1844:37)
      at src/app/ui/pages/studio/toolbar-dialog/field-measuring/field-measuring.component.spec.ts:128:23

    console.error
      NG0304: 'p-tablist' is not a known element (used in the 'FieldMeasuringComponent' component template):
      1. If 'p-tablist' is an Angular component, then verify that it is included in the '@Component.imports' of this component.
      2. If 'p-tablist' is a Web Component then add 'CUSTOM_ELEMENTS_SCHEMA' to the '@Component.schemas' of this component to suppress this message.

      at validateElementIsKnown (node_modules/@angular/core/fesm2022/core.mjs:11182:25)
      at ɵɵelementStart (node_modules/@angular/core/fesm2022/core.mjs:27876:9)
      at FieldMeasuringComponent_Template (ng:/FieldMeasuringComponent.js:154:9)
      at executeTemplate (node_modules/@angular/core/fesm2022/core.mjs:12389:9)
      at renderView (node_modules/@angular/core/fesm2022/core.mjs:12895:13)
      at renderComponent (node_modules/@angular/core/fesm2022/core.mjs:12840:5)
      at renderChildComponents (node_modules/@angular/core/fesm2022/core.mjs:12943:9)
      at renderView (node_modules/@angular/core/fesm2022/core.mjs:12923:13)
      at ComponentFactory2.create (node_modules/@angular/core/fesm2022/core.mjs:17959:17)
      at initComponent (node_modules/@angular/core/fesm2022/testing.mjs:2053:51)
      at _ZoneDelegate.invoke (node_modules/zone.js/bundles/zone.umd.js:410:32)
      at Object.onInvoke (node_modules/@angular/core/fesm2022/core.mjs:6579:33)
      at _ZoneDelegate.invoke (node_modules/zone.js/bundles/zone.umd.js:409:38)
      at ZoneImpl.run (node_modules/zone.js/bundles/zone.umd.js:145:47)
      at NgZone.run (node_modules/@angular/core/fesm2022/core.mjs:6425:28)
      at _TestBedImpl.createComponent (node_modules/@angular/core/fesm2022/testing.mjs:2058:41)
      at _TestBedImpl.createComponent (node_modules/@angular/core/fesm2022/testing.mjs:1844:37)
      at src/app/ui/pages/studio/toolbar-dialog/field-measuring/field-measuring.component.spec.ts:128:23

    console.error
      NG0304: 'p-tab' is not a known element (used in the 'FieldMeasuringComponent' component template):
      1. If 'p-tab' is an Angular component, then verify that it is included in the '@Component.imports' of this component.
      2. If 'p-tab' is a Web Component then add 'CUSTOM_ELEMENTS_SCHEMA' to the '@Component.schemas' of this component to suppress this message.

      at validateElementIsKnown (node_modules/@angular/core/fesm2022/core.mjs:11182:25)
      at ɵɵelementStart (node_modules/@angular/core/fesm2022/core.mjs:27876:9)
      at FieldMeasuringComponent_Template (ng:/FieldMeasuringComponent.js:154:44)
      at executeTemplate (node_modules/@angular/core/fesm2022/core.mjs:12389:9)
      at renderView (node_modules/@angular/core/fesm2022/core.mjs:12895:13)
      at renderComponent (node_modules/@angular/core/fesm2022/core.mjs:12840:5)
      at renderChildComponents (node_modules/@angular/core/fesm2022/core.mjs:12943:9)
      at renderView (node_modules/@angular/core/fesm2022/core.mjs:12923:13)
      at ComponentFactory2.create (node_modules/@angular/core/fesm2022/core.mjs:17959:17)
      at initComponent (node_modules/@angular/core/fesm2022/testing.mjs:2053:51)
      at _ZoneDelegate.invoke (node_modules/zone.js/bundles/zone.umd.js:410:32)
      at Object.onInvoke (node_modules/@angular/core/fesm2022/core.mjs:6579:33)
      at _ZoneDelegate.invoke (node_modules/zone.js/bundles/zone.umd.js:409:38)
      at ZoneImpl.run (node_modules/zone.js/bundles/zone.umd.js:145:47)
      at NgZone.run (node_modules/@angular/core/fesm2022/core.mjs:6425:28)
      at _TestBedImpl.createComponent (node_modules/@angular/core/fesm2022/testing.mjs:2058:41)
      at _TestBedImpl.createComponent (node_modules/@angular/core/fesm2022/testing.mjs:1844:37)
      at src/app/ui/pages/studio/toolbar-dialog/field-measuring/field-measuring.component.spec.ts:128:23

    console.error
      NG0304: 'p-tab' is not a known element (used in the 'FieldMeasuringComponent' component template):
      1. If 'p-tab' is an Angular component, then verify that it is included in the '@Component.imports' of this component.
      2. If 'p-tab' is a Web Component then add 'CUSTOM_ELEMENTS_SCHEMA' to the '@Component.schemas' of this component to suppress this message.

      at validateElementIsKnown (node_modules/@angular/core/fesm2022/core.mjs:11182:25)
      at ɵɵelementStart (node_modules/@angular/core/fesm2022/core.mjs:27876:9)
      at FieldMeasuringComponent_Template (ng:/FieldMeasuringComponent.js:157:9)
      at executeTemplate (node_modules/@angular/core/fesm2022/core.mjs:12389:9)
      at renderView (node_modules/@angular/core/fesm2022/core.mjs:12895:13)
      at renderComponent (node_modules/@angular/core/fesm2022/core.mjs:12840:5)
      at renderChildComponents (node_modules/@angular/core/fesm2022/core.mjs:12943:9)
      at renderView (node_modules/@angular/core/fesm2022/core.mjs:12923:13)
      at ComponentFactory2.create (node_modules/@angular/core/fesm2022/core.mjs:17959:17)
      at initComponent (node_modules/@angular/core/fesm2022/testing.mjs:2053:51)
      at _ZoneDelegate.invoke (node_modules/zone.js/bundles/zone.umd.js:410:32)
      at Object.onInvoke (node_modules/@angular/core/fesm2022/core.mjs:6579:33)
      at _ZoneDelegate.invoke (node_modules/zone.js/bundles/zone.umd.js:409:38)
      at ZoneImpl.run (node_modules/zone.js/bundles/zone.umd.js:145:47)
      at NgZone.run (node_modules/@angular/core/fesm2022/core.mjs:6425:28)
      at _TestBedImpl.createComponent (node_modules/@angular/core/fesm2022/testing.mjs:2058:41)
      at _TestBedImpl.createComponent (node_modules/@angular/core/fesm2022/testing.mjs:1844:37)
      at src/app/ui/pages/studio/toolbar-dialog/field-measuring/field-measuring.component.spec.ts:128:23

    console.error
      NG0304: 'p-tab' is not a known element (used in the 'FieldMeasuringComponent' component template):
      1. If 'p-tab' is an Angular component, then verify that it is included in the '@Component.imports' of this component.
      2. If 'p-tab' is a Web Component then add 'CUSTOM_ELEMENTS_SCHEMA' to the '@Component.schemas' of this component to suppress this message.

      at validateElementIsKnown (node_modules/@angular/core/fesm2022/core.mjs:11182:25)
      at ɵɵelementStart (node_modules/@angular/core/fesm2022/core.mjs:27876:9)
      at FieldMeasuringComponent_Template (ng:/FieldMeasuringComponent.js:160:9)
      at executeTemplate (node_modules/@angular/core/fesm2022/core.mjs:12389:9)
      at renderView (node_modules/@angular/core/fesm2022/core.mjs:12895:13)
      at renderComponent (node_modules/@angular/core/fesm2022/core.mjs:12840:5)
      at renderChildComponents (node_modules/@angular/core/fesm2022/core.mjs:12943:9)
      at renderView (node_modules/@angular/core/fesm2022/core.mjs:12923:13)
      at ComponentFactory2.create (node_modules/@angular/core/fesm2022/core.mjs:17959:17)
      at initComponent (node_modules/@angular/core/fesm2022/testing.mjs:2053:51)
      at _ZoneDelegate.invoke (node_modules/zone.js/bundles/zone.umd.js:410:32)
      at Object.onInvoke (node_modules/@angular/core/fesm2022/core.mjs:6579:33)
      at _ZoneDelegate.invoke (node_modules/zone.js/bundles/zone.umd.js:409:38)
      at ZoneImpl.run (node_modules/zone.js/bundles/zone.umd.js:145:47)
      at NgZone.run (node_modules/@angular/core/fesm2022/core.mjs:6425:28)
      at _TestBedImpl.createComponent (node_modules/@angular/core/fesm2022/testing.mjs:2058:41)
      at _TestBedImpl.createComponent (node_modules/@angular/core/fesm2022/testing.mjs:1844:37)
      at src/app/ui/pages/studio/toolbar-dialog/field-measuring/field-measuring.component.spec.ts:128:23

    console.error
      NG0304: 'p-tab' is not a known element (used in the 'FieldMeasuringComponent' component template):
      1. If 'p-tab' is an Angular component, then verify that it is included in the '@Component.imports' of this component.
      2. If 'p-tab' is a Web Component then add 'CUSTOM_ELEMENTS_SCHEMA' to the '@Component.schemas' of this component to suppress this message.

      at validateElementIsKnown (node_modules/@angular/core/fesm2022/core.mjs:11182:25)
      at ɵɵelementStart (node_modules/@angular/core/fesm2022/core.mjs:27876:9)
      at FieldMeasuringComponent_Template (ng:/FieldMeasuringComponent.js:163:9)
      at executeTemplate (node_modules/@angular/core/fesm2022/core.mjs:12389:9)
      at renderView (node_modules/@angular/core/fesm2022/core.mjs:12895:13)
      at renderComponent (node_modules/@angular/core/fesm2022/core.mjs:12840:5)
      at renderChildComponents (node_modules/@angular/core/fesm2022/core.mjs:12943:9)
      at renderView (node_modules/@angular/core/fesm2022/core.mjs:12923:13)
      at ComponentFactory2.create (node_modules/@angular/core/fesm2022/core.mjs:17959:17)
      at initComponent (node_modules/@angular/core/fesm2022/testing.mjs:2053:51)
      at _ZoneDelegate.invoke (node_modules/zone.js/bundles/zone.umd.js:410:32)
      at Object.onInvoke (node_modules/@angular/core/fesm2022/core.mjs:6579:33)
      at _ZoneDelegate.invoke (node_modules/zone.js/bundles/zone.umd.js:409:38)
      at ZoneImpl.run (node_modules/zone.js/bundles/zone.umd.js:145:47)
      at NgZone.run (node_modules/@angular/core/fesm2022/core.mjs:6425:28)
      at _TestBedImpl.createComponent (node_modules/@angular/core/fesm2022/testing.mjs:2058:41)
      at _TestBedImpl.createComponent (node_modules/@angular/core/fesm2022/testing.mjs:1844:37)
      at src/app/ui/pages/studio/toolbar-dialog/field-measuring/field-measuring.component.spec.ts:128:23

    console.error
      NG0304: 'p-tabpanel' is not a known element (used in the 'FieldMeasuringComponent' component template):
      1. If 'p-tabpanel' is an Angular component, then verify that it is included in the '@Component.imports' of this component.
      2. If 'p-tabpanel' is a Web Component then add 'CUSTOM_ELEMENTS_SCHEMA' to the '@Component.schemas' of this component to suppress this message.

      at validateElementIsKnown (node_modules/@angular/core/fesm2022/core.mjs:11182:25)
      at ɵɵelementStart (node_modules/@angular/core/fesm2022/core.mjs:27876:9)
      at FieldMeasuringComponent_Template (ng:/FieldMeasuringComponent.js:166:9)
      at executeTemplate (node_modules/@angular/core/fesm2022/core.mjs:12389:9)
      at renderView (node_modules/@angular/core/fesm2022/core.mjs:12895:13)
      at renderComponent (node_modules/@angular/core/fesm2022/core.mjs:12840:5)
      at renderChildComponents (node_modules/@angular/core/fesm2022/core.mjs:12943:9)
      at renderView (node_modules/@angular/core/fesm2022/core.mjs:12923:13)
      at ComponentFactory2.create (node_modules/@angular/core/fesm2022/core.mjs:17959:17)
      at initComponent (node_modules/@angular/core/fesm2022/testing.mjs:2053:51)
      at _ZoneDelegate.invoke (node_modules/zone.js/bundles/zone.umd.js:410:32)
      at Object.onInvoke (node_modules/@angular/core/fesm2022/core.mjs:6579:33)
      at _ZoneDelegate.invoke (node_modules/zone.js/bundles/zone.umd.js:409:38)
      at ZoneImpl.run (node_modules/zone.js/bundles/zone.umd.js:145:47)
      at NgZone.run (node_modules/@angular/core/fesm2022/core.mjs:6425:28)
      at _TestBedImpl.createComponent (node_modules/@angular/core/fesm2022/testing.mjs:2058:41)
      at _TestBedImpl.createComponent (node_modules/@angular/core/fesm2022/testing.mjs:1844:37)
      at src/app/ui/pages/studio/toolbar-dialog/field-measuring/field-measuring.component.spec.ts:128:23

    console.error
      NG0304: 'p-tabpanel' is not a known element (used in the 'FieldMeasuringComponent' component template):
      1. If 'p-tabpanel' is an Angular component, then verify that it is included in the '@Component.imports' of this component.
      2. If 'p-tabpanel' is a Web Component then add 'CUSTOM_ELEMENTS_SCHEMA' to the '@Component.schemas' of this component to suppress this message.

      at validateElementIsKnown (node_modules/@angular/core/fesm2022/core.mjs:11182:25)
      at ɵɵelementStart (node_modules/@angular/core/fesm2022/core.mjs:27876:9)
      at FieldMeasuringComponent_Template (ng:/FieldMeasuringComponent.js:172:9)
      at executeTemplate (node_modules/@angular/core/fesm2022/core.mjs:12389:9)
      at renderView (node_modules/@angular/core/fesm2022/core.mjs:12895:13)
      at renderComponent (node_modules/@angular/core/fesm2022/core.mjs:12840:5)
      at renderChildComponents (node_modules/@angular/core/fesm2022/core.mjs:12943:9)
      at renderView (node_modules/@angular/core/fesm2022/core.mjs:12923:13)
      at ComponentFactory2.create (node_modules/@angular/core/fesm2022/core.mjs:17959:17)
      at initComponent (node_modules/@angular/core/fesm2022/testing.mjs:2053:51)
      at _ZoneDelegate.invoke (node_modules/zone.js/bundles/zone.umd.js:410:32)
      at Object.onInvoke (node_modules/@angular/core/fesm2022/core.mjs:6579:33)
      at _ZoneDelegate.invoke (node_modules/zone.js/bundles/zone.umd.js:409:38)
      at ZoneImpl.run (node_modules/zone.js/bundles/zone.umd.js:145:47)
      at NgZone.run (node_modules/@angular/core/fesm2022/core.mjs:6425:28)
      at _TestBedImpl.createComponent (node_modules/@angular/core/fesm2022/testing.mjs:2058:41)
      at _TestBedImpl.createComponent (node_modules/@angular/core/fesm2022/testing.mjs:1844:37)
      at src/app/ui/pages/studio/toolbar-dialog/field-measuring/field-measuring.component.spec.ts:128:23

    console.error
      NG0304: 'p-tabpanel' is not a known element (used in the 'FieldMeasuringComponent' component template):
      1. If 'p-tabpanel' is an Angular component, then verify that it is included in the '@Component.imports' of this component.
      2. If 'p-tabpanel' is a Web Component then add 'CUSTOM_ELEMENTS_SCHEMA' to the '@Component.schemas' of this component to suppress this message.

      at validateElementIsKnown (node_modules/@angular/core/fesm2022/core.mjs:11182:25)
      at ɵɵelementStart (node_modules/@angular/core/fesm2022/core.mjs:27876:9)
      at FieldMeasuringComponent_Template (ng:/FieldMeasuringComponent.js:179:9)
      at executeTemplate (node_modules/@angular/core/fesm2022/core.mjs:12389:9)
      at renderView (node_modules/@angular/core/fesm2022/core.mjs:12895:13)
      at renderComponent (node_modules/@angular/core/fesm2022/core.mjs:12840:5)
      at renderChildComponents (node_modules/@angular/core/fesm2022/core.mjs:12943:9)
      at renderView (node_modules/@angular/core/fesm2022/core.mjs:12923:13)
      at ComponentFactory2.create (node_modules/@angular/core/fesm2022/core.mjs:17959:17)
      at initComponent (node_modules/@angular/core/fesm2022/testing.mjs:2053:51)
      at _ZoneDelegate.invoke (node_modules/zone.js/bundles/zone.umd.js:410:32)
      at Object.onInvoke (node_modules/@angular/core/fesm2022/core.mjs:6579:33)
      at _ZoneDelegate.invoke (node_modules/zone.js/bundles/zone.umd.js:409:38)
      at ZoneImpl.run (node_modules/zone.js/bundles/zone.umd.js:145:47)
      at NgZone.run (node_modules/@angular/core/fesm2022/core.mjs:6425:28)
      at _TestBedImpl.createComponent (node_modules/@angular/core/fesm2022/testing.mjs:2058:41)
      at _TestBedImpl.createComponent (node_modules/@angular/core/fesm2022/testing.mjs:1844:37)
      at src/app/ui/pages/studio/toolbar-dialog/field-measuring/field-measuring.component.spec.ts:128:23

    console.error
      NG0304: 'app-temperature-calculation' is not a known element (used in the 'FieldMeasuringComponent' component template):
      1. If 'app-temperature-calculation' is an Angular component, then verify that it is included in the '@Component.imports' of this component.
      2. If 'app-temperature-calculation' is a Web Component then add 'CUSTOM_ELEMENTS_SCHEMA' to the '@Component.schemas' of this component to suppress this message.

      at validateElementIsKnown (node_modules/@angular/core/fesm2022/core.mjs:11182:25)
      at ɵɵelementStart (node_modules/@angular/core/fesm2022/core.mjs:27876:9)
      at FieldMeasuringComponent_Template (ng:/FieldMeasuringComponent.js:179:49)
      at executeTemplate (node_modules/@angular/core/fesm2022/core.mjs:12389:9)
      at renderView (node_modules/@angular/core/fesm2022/core.mjs:12895:13)
      at renderComponent (node_modules/@angular/core/fesm2022/core.mjs:12840:5)
      at renderChildComponents (node_modules/@angular/core/fesm2022/core.mjs:12943:9)
      at renderView (node_modules/@angular/core/fesm2022/core.mjs:12923:13)
      at ComponentFactory2.create (node_modules/@angular/core/fesm2022/core.mjs:17959:17)
      at initComponent (node_modules/@angular/core/fesm2022/testing.mjs:2053:51)
      at _ZoneDelegate.invoke (node_modules/zone.js/bundles/zone.umd.js:410:32)
      at Object.onInvoke (node_modules/@angular/core/fesm2022/core.mjs:6579:33)
      at _ZoneDelegate.invoke (node_modules/zone.js/bundles/zone.umd.js:409:38)
      at ZoneImpl.run (node_modules/zone.js/bundles/zone.umd.js:145:47)
      at NgZone.run (node_modules/@angular/core/fesm2022/core.mjs:6425:28)
      at _TestBedImpl.createComponent (node_modules/@angular/core/fesm2022/testing.mjs:2058:41)
      at _TestBedImpl.createComponent (node_modules/@angular/core/fesm2022/testing.mjs:1844:37)
      at src/app/ui/pages/studio/toolbar-dialog/field-measuring/field-measuring.component.spec.ts:128:23

    console.error
      NG0304: 'p-tabpanel' is not a known element (used in the 'FieldMeasuringComponent' component template):
      1. If 'p-tabpanel' is an Angular component, then verify that it is included in the '@Component.imports' of this component.
      2. If 'p-tabpanel' is a Web Component then add 'CUSTOM_ELEMENTS_SCHEMA' to the '@Component.schemas' of this component to suppress this message.

      at validateElementIsKnown (node_modules/@angular/core/fesm2022/core.mjs:11182:25)
      at ɵɵelementStart (node_modules/@angular/core/fesm2022/core.mjs:27876:9)
      at FieldMeasuringComponent_Template (ng:/FieldMeasuringComponent.js:187:9)
      at executeTemplate (node_modules/@angular/core/fesm2022/core.mjs:12389:9)
      at renderView (node_modules/@angular/core/fesm2022/core.mjs:12895:13)
      at renderComponent (node_modules/@angular/core/fesm2022/core.mjs:12840:5)
      at renderChildComponents (node_modules/@angular/core/fesm2022/core.mjs:12943:9)
      at renderView (node_modules/@angular/core/fesm2022/core.mjs:12923:13)
      at ComponentFactory2.create (node_modules/@angular/core/fesm2022/core.mjs:17959:17)
      at initComponent (node_modules/@angular/core/fesm2022/testing.mjs:2053:51)
      at _ZoneDelegate.invoke (node_modules/zone.js/bundles/zone.umd.js:410:32)
      at Object.onInvoke (node_modules/@angular/core/fesm2022/core.mjs:6579:33)
      at _ZoneDelegate.invoke (node_modules/zone.js/bundles/zone.umd.js:409:38)
      at ZoneImpl.run (node_modules/zone.js/bundles/zone.umd.js:145:47)
      at NgZone.run (node_modules/@angular/core/fesm2022/core.mjs:6425:28)
      at _TestBedImpl.createComponent (node_modules/@angular/core/fesm2022/testing.mjs:2058:41)
      at _TestBedImpl.createComponent (node_modules/@angular/core/fesm2022/testing.mjs:1844:37)
      at src/app/ui/pages/studio/toolbar-dialog/field-measuring/field-measuring.component.spec.ts:128:23

    console.error
      NG0304: 'app-parameter-at-15c-without-wind' is not a known element (used in the 'FieldMeasuringComponent' component template):
      1. If 'app-parameter-at-15c-without-wind' is an Angular component, then verify that it is included in the '@Component.imports' of this component.
      2. If 'app-parameter-at-15c-without-wind' is a Web Component then add 'CUSTOM_ELEMENTS_SCHEMA' to the '@Component.schemas' of this component to suppress this message.

      at validateElementIsKnown (node_modules/@angular/core/fesm2022/core.mjs:11182:25)
      at ɵɵelementStart (node_modules/@angular/core/fesm2022/core.mjs:27876:9)
      at FieldMeasuringComponent_Template (ng:/FieldMeasuringComponent.js:187:49)
      at executeTemplate (node_modules/@angular/core/fesm2022/core.mjs:12389:9)
      at renderView (node_modules/@angular/core/fesm2022/core.mjs:12895:13)
      at renderComponent (node_modules/@angular/core/fesm2022/core.mjs:12840:5)
      at renderChildComponents (node_modules/@angular/core/fesm2022/core.mjs:12943:9)
      at renderView (node_modules/@angular/core/fesm2022/core.mjs:12923:13)
      at ComponentFactory2.create (node_modules/@angular/core/fesm2022/core.mjs:17959:17)
      at initComponent (node_modules/@angular/core/fesm2022/testing.mjs:2053:51)
      at _ZoneDelegate.invoke (node_modules/zone.js/bundles/zone.umd.js:410:32)
      at Object.onInvoke (node_modules/@angular/core/fesm2022/core.mjs:6579:33)
      at _ZoneDelegate.invoke (node_modules/zone.js/bundles/zone.umd.js:409:38)
      at ZoneImpl.run (node_modules/zone.js/bundles/zone.umd.js:145:47)
      at NgZone.run (node_modules/@angular/core/fesm2022/core.mjs:6425:28)
      at _TestBedImpl.createComponent (node_modules/@angular/core/fesm2022/testing.mjs:2058:41)
      at _TestBedImpl.createComponent (node_modules/@angular/core/fesm2022/testing.mjs:1844:37)
      at src/app/ui/pages/studio/toolbar-dialog/field-measuring/field-measuring.component.spec.ts:128:23

    console.error
      NG0304: 'p-tabs' is not a known element (used in the 'FieldMeasuringComponent' component template):
      1. If 'p-tabs' is an Angular component, then verify that it is included in the '@Component.imports' of this component.
      2. If 'p-tabs' is a Web Component then add 'CUSTOM_ELEMENTS_SCHEMA' to the '@Component.schemas' of this component to suppress this message.

      at validateElementIsKnown (node_modules/@angular/core/fesm2022/core.mjs:11182:25)
      at ɵɵelementStart (node_modules/@angular/core/fesm2022/core.mjs:27876:9)
      at FieldMeasuringComponent_Template (ng:/FieldMeasuringComponent.js:148:9)
      at executeTemplate (node_modules/@angular/core/fesm2022/core.mjs:12389:9)
      at renderView (node_modules/@angular/core/fesm2022/core.mjs:12895:13)
      at renderComponent (node_modules/@angular/core/fesm2022/core.mjs:12840:5)
      at renderChildComponents (node_modules/@angular/core/fesm2022/core.mjs:12943:9)
      at renderView (node_modules/@angular/core/fesm2022/core.mjs:12923:13)
      at ComponentFactory2.create (node_modules/@angular/core/fesm2022/core.mjs:17959:17)
      at initComponent (node_modules/@angular/core/fesm2022/testing.mjs:2053:51)
      at _ZoneDelegate.invoke (node_modules/zone.js/bundles/zone.umd.js:410:32)
      at Object.onInvoke (node_modules/@angular/core/fesm2022/core.mjs:6579:33)
      at _ZoneDelegate.invoke (node_modules/zone.js/bundles/zone.umd.js:409:38)
      at ZoneImpl.run (node_modules/zone.js/bundles/zone.umd.js:145:47)
      at NgZone.run (node_modules/@angular/core/fesm2022/core.mjs:6425:28)
      at _TestBedImpl.createComponent (node_modules/@angular/core/fesm2022/testing.mjs:2058:41)
      at _TestBedImpl.createComponent (node_modules/@angular/core/fesm2022/testing.mjs:1844:37)
      at src/app/ui/pages/studio/toolbar-dialog/field-measuring/field-measuring.component.spec.ts:128:23

    console.error
      NG0304: 'p-tablist' is not a known element (used in the 'FieldMeasuringComponent' component template):
      1. If 'p-tablist' is an Angular component, then verify that it is included in the '@Component.imports' of this component.
      2. If 'p-tablist' is a Web Component then add 'CUSTOM_ELEMENTS_SCHEMA' to the '@Component.schemas' of this component to suppress this message.

      at validateElementIsKnown (node_modules/@angular/core/fesm2022/core.mjs:11182:25)
      at ɵɵelementStart (node_modules/@angular/core/fesm2022/core.mjs:27876:9)
      at FieldMeasuringComponent_Template (ng:/FieldMeasuringComponent.js:154:9)
      at executeTemplate (node_modules/@angular/core/fesm2022/core.mjs:12389:9)
      at renderView (node_modules/@angular/core/fesm2022/core.mjs:12895:13)
      at renderComponent (node_modules/@angular/core/fesm2022/core.mjs:12840:5)
      at renderChildComponents (node_modules/@angular/core/fesm2022/core.mjs:12943:9)
      at renderView (node_modules/@angular/core/fesm2022/core.mjs:12923:13)
      at ComponentFactory2.create (node_modules/@angular/core/fesm2022/core.mjs:17959:17)
      at initComponent (node_modules/@angular/core/fesm2022/testing.mjs:2053:51)
      at _ZoneDelegate.invoke (node_modules/zone.js/bundles/zone.umd.js:410:32)
      at Object.onInvoke (node_modules/@angular/core/fesm2022/core.mjs:6579:33)
      at _ZoneDelegate.invoke (node_modules/zone.js/bundles/zone.umd.js:409:38)
      at ZoneImpl.run (node_modules/zone.js/bundles/zone.umd.js:145:47)
      at NgZone.run (node_modules/@angular/core/fesm2022/core.mjs:6425:28)
      at _TestBedImpl.createComponent (node_modules/@angular/core/fesm2022/testing.mjs:2058:41)
      at _TestBedImpl.createComponent (node_modules/@angular/core/fesm2022/testing.mjs:1844:37)
      at src/app/ui/pages/studio/toolbar-dialog/field-measuring/field-measuring.component.spec.ts:128:23

    console.error
      NG0304: 'p-tab' is not a known element (used in the 'FieldMeasuringComponent' component template):
      1. If 'p-tab' is an Angular component, then verify that it is included in the '@Component.imports' of this component.
      2. If 'p-tab' is a Web Component then add 'CUSTOM_ELEMENTS_SCHEMA' to the '@Component.schemas' of this component to suppress this message.

      at validateElementIsKnown (node_modules/@angular/core/fesm2022/core.mjs:11182:25)
      at ɵɵelementStart (node_modules/@angular/core/fesm2022/core.mjs:27876:9)
      at FieldMeasuringComponent_Template (ng:/FieldMeasuringComponent.js:154:44)
      at executeTemplate (node_modules/@angular/core/fesm2022/core.mjs:12389:9)
      at renderView (node_modules/@angular/core/fesm2022/core.mjs:12895:13)
      at renderComponent (node_modules/@angular/core/fesm2022/core.mjs:12840:5)
      at renderChildComponents (node_modules/@angular/core/fesm2022/core.mjs:12943:9)
      at renderView (node_modules/@angular/core/fesm2022/core.mjs:12923:13)
      at ComponentFactory2.create (node_modules/@angular/core/fesm2022/core.mjs:17959:17)
      at initComponent (node_modules/@angular/core/fesm2022/testing.mjs:2053:51)
      at _ZoneDelegate.invoke (node_modules/zone.js/bundles/zone.umd.js:410:32)
      at Object.onInvoke (node_modules/@angular/core/fesm2022/core.mjs:6579:33)
      at _ZoneDelegate.invoke (node_modules/zone.js/bundles/zone.umd.js:409:38)
      at ZoneImpl.run (node_modules/zone.js/bundles/zone.umd.js:145:47)
      at NgZone.run (node_modules/@angular/core/fesm2022/core.mjs:6425:28)
      at _TestBedImpl.createComponent (node_modules/@angular/core/fesm2022/testing.mjs:2058:41)
      at _TestBedImpl.createComponent (node_modules/@angular/core/fesm2022/testing.mjs:1844:37)
      at src/app/ui/pages/studio/toolbar-dialog/field-measuring/field-measuring.component.spec.ts:128:23

    console.error
      NG0304: 'p-tab' is not a known element (used in the 'FieldMeasuringComponent' component template):
      1. If 'p-tab' is an Angular component, then verify that it is included in the '@Component.imports' of this component.
      2. If 'p-tab' is a Web Component then add 'CUSTOM_ELEMENTS_SCHEMA' to the '@Component.schemas' of this component to suppress this message.

      at validateElementIsKnown (node_modules/@angular/core/fesm2022/core.mjs:11182:25)
      at ɵɵelementStart (node_modules/@angular/core/fesm2022/core.mjs:27876:9)
      at FieldMeasuringComponent_Template (ng:/FieldMeasuringComponent.js:157:9)
      at executeTemplate (node_modules/@angular/core/fesm2022/core.mjs:12389:9)
      at renderView (node_modules/@angular/core/fesm2022/core.mjs:12895:13)
      at renderComponent (node_modules/@angular/core/fesm2022/core.mjs:12840:5)
      at renderChildComponents (node_modules/@angular/core/fesm2022/core.mjs:12943:9)
      at renderView (node_modules/@angular/core/fesm2022/core.mjs:12923:13)
      at ComponentFactory2.create (node_modules/@angular/core/fesm2022/core.mjs:17959:17)
      at initComponent (node_modules/@angular/core/fesm2022/testing.mjs:2053:51)
      at _ZoneDelegate.invoke (node_modules/zone.js/bundles/zone.umd.js:410:32)
      at Object.onInvoke (node_modules/@angular/core/fesm2022/core.mjs:6579:33)
      at _ZoneDelegate.invoke (node_modules/zone.js/bundles/zone.umd.js:409:38)
      at ZoneImpl.run (node_modules/zone.js/bundles/zone.umd.js:145:47)
      at NgZone.run (node_modules/@angular/core/fesm2022/core.mjs:6425:28)
      at _TestBedImpl.createComponent (node_modules/@angular/core/fesm2022/testing.mjs:2058:41)
      at _TestBedImpl.createComponent (node_modules/@angular/core/fesm2022/testing.mjs:1844:37)
      at src/app/ui/pages/studio/toolbar-dialog/field-measuring/field-measuring.component.spec.ts:128:23

    console.error
      NG0304: 'p-tab' is not a known element (used in the 'FieldMeasuringComponent' component template):
      1. If 'p-tab' is an Angular component, then verify that it is included in the '@Component.imports' of this component.
      2. If 'p-tab' is a Web Component then add 'CUSTOM_ELEMENTS_SCHEMA' to the '@Component.schemas' of this component to suppress this message.

      at validateElementIsKnown (node_modules/@angular/core/fesm2022/core.mjs:11182:25)
      at ɵɵelementStart (node_modules/@angular/core/fesm2022/core.mjs:27876:9)
      at FieldMeasuringComponent_Template (ng:/FieldMeasuringComponent.js:160:9)
      at executeTemplate (node_modules/@angular/core/fesm2022/core.mjs:12389:9)
      at renderView (node_modules/@angular/core/fesm2022/core.mjs:12895:13)
      at renderComponent (node_modules/@angular/core/fesm2022/core.mjs:12840:5)
      at renderChildComponents (node_modules/@angular/core/fesm2022/core.mjs:12943:9)
      at renderView (node_modules/@angular/core/fesm2022/core.mjs:12923:13)
      at ComponentFactory2.create (node_modules/@angular/core/fesm2022/core.mjs:17959:17)
      at initComponent (node_modules/@angular/core/fesm2022/testing.mjs:2053:51)
      at _ZoneDelegate.invoke (node_modules/zone.js/bundles/zone.umd.js:410:32)
      at Object.onInvoke (node_modules/@angular/core/fesm2022/core.mjs:6579:33)
      at _ZoneDelegate.invoke (node_modules/zone.js/bundles/zone.umd.js:409:38)
      at ZoneImpl.run (node_modules/zone.js/bundles/zone.umd.js:145:47)
      at NgZone.run (node_modules/@angular/core/fesm2022/core.mjs:6425:28)
      at _TestBedImpl.createComponent (node_modules/@angular/core/fesm2022/testing.mjs:2058:41)
      at _TestBedImpl.createComponent (node_modules/@angular/core/fesm2022/testing.mjs:1844:37)
      at src/app/ui/pages/studio/toolbar-dialog/field-measuring/field-measuring.component.spec.ts:128:23

    console.error
      NG0304: 'p-tab' is not a known element (used in the 'FieldMeasuringComponent' component template):
      1. If 'p-tab' is an Angular component, then verify that it is included in the '@Component.imports' of this component.
      2. If 'p-tab' is a Web Component then add 'CUSTOM_ELEMENTS_SCHEMA' to the '@Component.schemas' of this component to suppress this message.

      at validateElementIsKnown (node_modules/@angular/core/fesm2022/core.mjs:11182:25)
      at ɵɵelementStart (node_modules/@angular/core/fesm2022/core.mjs:27876:9)
      at FieldMeasuringComponent_Template (ng:/FieldMeasuringComponent.js:163:9)
      at executeTemplate (node_modules/@angular/core/fesm2022/core.mjs:12389:9)
      at renderView (node_modules/@angular/core/fesm2022/core.mjs:12895:13)
      at renderComponent (node_modules/@angular/core/fesm2022/core.mjs:12840:5)
      at renderChildComponents (node_modules/@angular/core/fesm2022/core.mjs:12943:9)
      at renderView (node_modules/@angular/core/fesm2022/core.mjs:12923:13)
      at ComponentFactory2.create (node_modules/@angular/core/fesm2022/core.mjs:17959:17)
      at initComponent (node_modules/@angular/core/fesm2022/testing.mjs:2053:51)
      at _ZoneDelegate.invoke (node_modules/zone.js/bundles/zone.umd.js:410:32)
      at Object.onInvoke (node_modules/@angular/core/fesm2022/core.mjs:6579:33)
      at _ZoneDelegate.invoke (node_modules/zone.js/bundles/zone.umd.js:409:38)
      at ZoneImpl.run (node_modules/zone.js/bundles/zone.umd.js:145:47)
      at NgZone.run (node_modules/@angular/core/fesm2022/core.mjs:6425:28)
      at _TestBedImpl.createComponent (node_modules/@angular/core/fesm2022/testing.mjs:2058:41)
      at _TestBedImpl.createComponent (node_modules/@angular/core/fesm2022/testing.mjs:1844:37)
      at src/app/ui/pages/studio/toolbar-dialog/field-measuring/field-measuring.component.spec.ts:128:23

    console.error
      NG0304: 'p-tabpanel' is not a known element (used in the 'FieldMeasuringComponent' component template):
      1. If 'p-tabpanel' is an Angular component, then verify that it is included in the '@Component.imports' of this component.
      2. If 'p-tabpanel' is a Web Component then add 'CUSTOM_ELEMENTS_SCHEMA' to the '@Component.schemas' of this component to suppress this message.

      at validateElementIsKnown (node_modules/@angular/core/fesm2022/core.mjs:11182:25)
      at ɵɵelementStart (node_modules/@angular/core/fesm2022/core.mjs:27876:9)
      at FieldMeasuringComponent_Template (ng:/FieldMeasuringComponent.js:166:9)
      at executeTemplate (node_modules/@angular/core/fesm2022/core.mjs:12389:9)
      at renderView (node_modules/@angular/core/fesm2022/core.mjs:12895:13)
      at renderComponent (node_modules/@angular/core/fesm2022/core.mjs:12840:5)
      at renderChildComponents (node_modules/@angular/core/fesm2022/core.mjs:12943:9)
      at renderView (node_modules/@angular/core/fesm2022/core.mjs:12923:13)
      at ComponentFactory2.create (node_modules/@angular/core/fesm2022/core.mjs:17959:17)
      at initComponent (node_modules/@angular/core/fesm2022/testing.mjs:2053:51)
      at _ZoneDelegate.invoke (node_modules/zone.js/bundles/zone.umd.js:410:32)
      at Object.onInvoke (node_modules/@angular/core/fesm2022/core.mjs:6579:33)
      at _ZoneDelegate.invoke (node_modules/zone.js/bundles/zone.umd.js:409:38)
      at ZoneImpl.run (node_modules/zone.js/bundles/zone.umd.js:145:47)
      at NgZone.run (node_modules/@angular/core/fesm2022/core.mjs:6425:28)
      at _TestBedImpl.createComponent (node_modules/@angular/core/fesm2022/testing.mjs:2058:41)
      at _TestBedImpl.createComponent (node_modules/@angular/core/fesm2022/testing.mjs:1844:37)
      at src/app/ui/pages/studio/toolbar-dialog/field-measuring/field-measuring.component.spec.ts:128:23

    console.error
      NG0304: 'p-tabpanel' is not a known element (used in the 'FieldMeasuringComponent' component template):
      1. If 'p-tabpanel' is an Angular component, then verify that it is included in the '@Component.imports' of this component.
      2. If 'p-tabpanel' is a Web Component then add 'CUSTOM_ELEMENTS_SCHEMA' to the '@Component.schemas' of this component to suppress this message.

      at validateElementIsKnown (node_modules/@angular/core/fesm2022/core.mjs:11182:25)
      at ɵɵelementStart (node_modules/@angular/core/fesm2022/core.mjs:27876:9)
      at FieldMeasuringComponent_Template (ng:/FieldMeasuringComponent.js:172:9)
      at executeTemplate (node_modules/@angular/core/fesm2022/core.mjs:12389:9)
      at renderView (node_modules/@angular/core/fesm2022/core.mjs:12895:13)
      at renderComponent (node_modules/@angular/core/fesm2022/core.mjs:12840:5)
      at renderChildComponents (node_modules/@angular/core/fesm2022/core.mjs:12943:9)
      at renderView (node_modules/@angular/core/fesm2022/core.mjs:12923:13)
      at ComponentFactory2.create (node_modules/@angular/core/fesm2022/core.mjs:17959:17)
      at initComponent (node_modules/@angular/core/fesm2022/testing.mjs:2053:51)
      at _ZoneDelegate.invoke (node_modules/zone.js/bundles/zone.umd.js:410:32)
      at Object.onInvoke (node_modules/@angular/core/fesm2022/core.mjs:6579:33)
      at _ZoneDelegate.invoke (node_modules/zone.js/bundles/zone.umd.js:409:38)
      at ZoneImpl.run (node_modules/zone.js/bundles/zone.umd.js:145:47)
      at NgZone.run (node_modules/@angular/core/fesm2022/core.mjs:6425:28)
      at _TestBedImpl.createComponent (node_modules/@angular/core/fesm2022/testing.mjs:2058:41)
      at _TestBedImpl.createComponent (node_modules/@angular/core/fesm2022/testing.mjs:1844:37)
      at src/app/ui/pages/studio/toolbar-dialog/field-measuring/field-measuring.component.spec.ts:128:23

    console.error
      NG0304: 'p-tabpanel' is not a known element (used in the 'FieldMeasuringComponent' component template):
      1. If 'p-tabpanel' is an Angular component, then verify that it is included in the '@Component.imports' of this component.
      2. If 'p-tabpanel' is a Web Component then add 'CUSTOM_ELEMENTS_SCHEMA' to the '@Component.schemas' of this component to suppress this message.

      at validateElementIsKnown (node_modules/@angular/core/fesm2022/core.mjs:11182:25)
      at ɵɵelementStart (node_modules/@angular/core/fesm2022/core.mjs:27876:9)
      at FieldMeasuringComponent_Template (ng:/FieldMeasuringComponent.js:179:9)
      at executeTemplate (node_modules/@angular/core/fesm2022/core.mjs:12389:9)
      at renderView (node_modules/@angular/core/fesm2022/core.mjs:12895:13)
      at renderComponent (node_modules/@angular/core/fesm2022/core.mjs:12840:5)
      at renderChildComponents (node_modules/@angular/core/fesm2022/core.mjs:12943:9)
      at renderView (node_modules/@angular/core/fesm2022/core.mjs:12923:13)
      at ComponentFactory2.create (node_modules/@angular/core/fesm2022/core.mjs:17959:17)
      at initComponent (node_modules/@angular/core/fesm2022/testing.mjs:2053:51)
      at _ZoneDelegate.invoke (node_modules/zone.js/bundles/zone.umd.js:410:32)
      at Object.onInvoke (node_modules/@angular/core/fesm2022/core.mjs:6579:33)
      at _ZoneDelegate.invoke (node_modules/zone.js/bundles/zone.umd.js:409:38)
      at ZoneImpl.run (node_modules/zone.js/bundles/zone.umd.js:145:47)
      at NgZone.run (node_modules/@angular/core/fesm2022/core.mjs:6425:28)
      at _TestBedImpl.createComponent (node_modules/@angular/core/fesm2022/testing.mjs:2058:41)
      at _TestBedImpl.createComponent (node_modules/@angular/core/fesm2022/testing.mjs:1844:37)
      at src/app/ui/pages/studio/toolbar-dialog/field-measuring/field-measuring.component.spec.ts:128:23

    console.error
      NG0304: 'app-temperature-calculation' is not a known element (used in the 'FieldMeasuringComponent' component template):
      1. If 'app-temperature-calculation' is an Angular component, then verify that it is included in the '@Component.imports' of this component.
      2. If 'app-temperature-calculation' is a Web Component then add 'CUSTOM_ELEMENTS_SCHEMA' to the '@Component.schemas' of this component to suppress this message.

      at validateElementIsKnown (node_modules/@angular/core/fesm2022/core.mjs:11182:25)
      at ɵɵelementStart (node_modules/@angular/core/fesm2022/core.mjs:27876:9)
      at FieldMeasuringComponent_Template (ng:/FieldMeasuringComponent.js:179:49)
      at executeTemplate (node_modules/@angular/core/fesm2022/core.mjs:12389:9)
      at renderView (node_modules/@angular/core/fesm2022/core.mjs:12895:13)
      at renderComponent (node_modules/@angular/core/fesm2022/core.mjs:12840:5)
      at renderChildComponents (node_modules/@angular/core/fesm2022/core.mjs:12943:9)
      at renderView (node_modules/@angular/core/fesm2022/core.mjs:12923:13)
      at ComponentFactory2.create (node_modules/@angular/core/fesm2022/core.mjs:17959:17)
      at initComponent (node_modules/@angular/core/fesm2022/testing.mjs:2053:51)
      at _ZoneDelegate.invoke (node_modules/zone.js/bundles/zone.umd.js:410:32)
      at Object.onInvoke (node_modules/@angular/core/fesm2022/core.mjs:6579:33)
      at _ZoneDelegate.invoke (node_modules/zone.js/bundles/zone.umd.js:409:38)
      at ZoneImpl.run (node_modules/zone.js/bundles/zone.umd.js:145:47)
      at NgZone.run (node_modules/@angular/core/fesm2022/core.mjs:6425:28)
      at _TestBedImpl.createComponent (node_modules/@angular/core/fesm2022/testing.mjs:2058:41)
      at _TestBedImpl.createComponent (node_modules/@angular/core/fesm2022/testing.mjs:1844:37)
      at src/app/ui/pages/studio/toolbar-dialog/field-measuring/field-measuring.component.spec.ts:128:23

    console.error
      NG0304: 'p-tabpanel' is not a known element (used in the 'FieldMeasuringComponent' component template):
      1. If 'p-tabpanel' is an Angular component, then verify that it is included in the '@Component.imports' of this component.
      2. If 'p-tabpanel' is a Web Component then add 'CUSTOM_ELEMENTS_SCHEMA' to the '@Component.schemas' of this component to suppress this message.

      at validateElementIsKnown (node_modules/@angular/core/fesm2022/core.mjs:11182:25)
      at ɵɵelementStart (node_modules/@angular/core/fesm2022/core.mjs:27876:9)
      at FieldMeasuringComponent_Template (ng:/FieldMeasuringComponent.js:187:9)
      at executeTemplate (node_modules/@angular/core/fesm2022/core.mjs:12389:9)
      at renderView (node_modules/@angular/core/fesm2022/core.mjs:12895:13)
      at renderComponent (node_modules/@angular/core/fesm2022/core.mjs:12840:5)
      at renderChildComponents (node_modules/@angular/core/fesm2022/core.mjs:12943:9)
      at renderView (node_modules/@angular/core/fesm2022/core.mjs:12923:13)
      at ComponentFactory2.create (node_modules/@angular/core/fesm2022/core.mjs:17959:17)
      at initComponent (node_modules/@angular/core/fesm2022/testing.mjs:2053:51)
      at _ZoneDelegate.invoke (node_modules/zone.js/bundles/zone.umd.js:410:32)
      at Object.onInvoke (node_modules/@angular/core/fesm2022/core.mjs:6579:33)
      at _ZoneDelegate.invoke (node_modules/zone.js/bundles/zone.umd.js:409:38)
      at ZoneImpl.run (node_modules/zone.js/bundles/zone.umd.js:145:47)
      at NgZone.run (node_modules/@angular/core/fesm2022/core.mjs:6425:28)
      at _TestBedImpl.createComponent (node_modules/@angular/core/fesm2022/testing.mjs:2058:41)
      at _TestBedImpl.createComponent (node_modules/@angular/core/fesm2022/testing.mjs:1844:37)
      at src/app/ui/pages/studio/toolbar-dialog/field-measuring/field-measuring.component.spec.ts:128:23

    console.error
      NG0304: 'app-parameter-at-15c-without-wind' is not a known element (used in the 'FieldMeasuringComponent' component template):
      1. If 'app-parameter-at-15c-without-wind' is an Angular component, then verify that it is included in the '@Component.imports' of this component.
      2. If 'app-parameter-at-15c-without-wind' is a Web Component then add 'CUSTOM_ELEMENTS_SCHEMA' to the '@Component.schemas' of this component to suppress this message.

      at validateElementIsKnown (node_modules/@angular/core/fesm2022/core.mjs:11182:25)
      at ɵɵelementStart (node_modules/@angular/core/fesm2022/core.mjs:27876:9)
      at FieldMeasuringComponent_Template (ng:/FieldMeasuringComponent.js:187:49)
      at executeTemplate (node_modules/@angular/core/fesm2022/core.mjs:12389:9)
      at renderView (node_modules/@angular/core/fesm2022/core.mjs:12895:13)
      at renderComponent (node_modules/@angular/core/fesm2022/core.mjs:12840:5)
      at renderChildComponents (node_modules/@angular/core/fesm2022/core.mjs:12943:9)
      at renderView (node_modules/@angular/core/fesm2022/core.mjs:12923:13)
      at ComponentFactory2.create (node_modules/@angular/core/fesm2022/core.mjs:17959:17)
      at initComponent (node_modules/@angular/core/fesm2022/testing.mjs:2053:51)
      at _ZoneDelegate.invoke (node_modules/zone.js/bundles/zone.umd.js:410:32)
      at Object.onInvoke (node_modules/@angular/core/fesm2022/core.mjs:6579:33)
      at _ZoneDelegate.invoke (node_modules/zone.js/bundles/zone.umd.js:409:38)
      at ZoneImpl.run (node_modules/zone.js/bundles/zone.umd.js:145:47)
      at NgZone.run (node_modules/@angular/core/fesm2022/core.mjs:6425:28)
      at _TestBedImpl.createComponent (node_modules/@angular/core/fesm2022/testing.mjs:2058:41)
      at _TestBedImpl.createComponent (node_modules/@angular/core/fesm2022/testing.mjs:1844:37)
      at src/app/ui/pages/studio/toolbar-dialog/field-measuring/field-measuring.component.spec.ts:128:23

    console.error
      NG0304: 'p-tabs' is not a known element (used in the 'FieldMeasuringComponent' component template):
      1. If 'p-tabs' is an Angular component, then verify that it is included in the '@Component.imports' of this component.
      2. If 'p-tabs' is a Web Component then add 'CUSTOM_ELEMENTS_SCHEMA' to the '@Component.schemas' of this component to suppress this message.

      at validateElementIsKnown (node_modules/@angular/core/fesm2022/core.mjs:11182:25)
      at ɵɵelementStart (node_modules/@angular/core/fesm2022/core.mjs:27876:9)
      at FieldMeasuringComponent_Template (ng:/FieldMeasuringComponent.js:148:9)
      at executeTemplate (node_modules/@angular/core/fesm2022/core.mjs:12389:9)
      at renderView (node_modules/@angular/core/fesm2022/core.mjs:12895:13)
      at renderComponent (node_modules/@angular/core/fesm2022/core.mjs:12840:5)
      at renderChildComponents (node_modules/@angular/core/fesm2022/core.mjs:12943:9)
      at renderView (node_modules/@angular/core/fesm2022/core.mjs:12923:13)
      at ComponentFactory2.create (node_modules/@angular/core/fesm2022/core.mjs:17959:17)
      at initComponent (node_modules/@angular/core/fesm2022/testing.mjs:2053:51)
      at _ZoneDelegate.invoke (node_modules/zone.js/bundles/zone.umd.js:410:32)
      at Object.onInvoke (node_modules/@angular/core/fesm2022/core.mjs:6579:33)
      at _ZoneDelegate.invoke (node_modules/zone.js/bundles/zone.umd.js:409:38)
      at ZoneImpl.run (node_modules/zone.js/bundles/zone.umd.js:145:47)
      at NgZone.run (node_modules/@angular/core/fesm2022/core.mjs:6425:28)
      at _TestBedImpl.createComponent (node_modules/@angular/core/fesm2022/testing.mjs:2058:41)
      at _TestBedImpl.createComponent (node_modules/@angular/core/fesm2022/testing.mjs:1844:37)
      at src/app/ui/pages/studio/toolbar-dialog/field-measuring/field-measuring.component.spec.ts:128:23

    console.error
      NG0304: 'p-tablist' is not a known element (used in the 'FieldMeasuringComponent' component template):
      1. If 'p-tablist' is an Angular component, then verify that it is included in the '@Component.imports' of this component.
      2. If 'p-tablist' is a Web Component then add 'CUSTOM_ELEMENTS_SCHEMA' to the '@Component.schemas' of this component to suppress this message.

      at validateElementIsKnown (node_modules/@angular/core/fesm2022/core.mjs:11182:25)
      at ɵɵelementStart (node_modules/@angular/core/fesm2022/core.mjs:27876:9)
      at FieldMeasuringComponent_Template (ng:/FieldMeasuringComponent.js:154:9)
      at executeTemplate (node_modules/@angular/core/fesm2022/core.mjs:12389:9)
      at renderView (node_modules/@angular/core/fesm2022/core.mjs:12895:13)
      at renderComponent (node_modules/@angular/core/fesm2022/core.mjs:12840:5)
      at renderChildComponents (node_modules/@angular/core/fesm2022/core.mjs:12943:9)
      at renderView (node_modules/@angular/core/fesm2022/core.mjs:12923:13)
      at ComponentFactory2.create (node_modules/@angular/core/fesm2022/core.mjs:17959:17)
      at initComponent (node_modules/@angular/core/fesm2022/testing.mjs:2053:51)
      at _ZoneDelegate.invoke (node_modules/zone.js/bundles/zone.umd.js:410:32)
      at Object.onInvoke (node_modules/@angular/core/fesm2022/core.mjs:6579:33)
      at _ZoneDelegate.invoke (node_modules/zone.js/bundles/zone.umd.js:409:38)
      at ZoneImpl.run (node_modules/zone.js/bundles/zone.umd.js:145:47)
      at NgZone.run (node_modules/@angular/core/fesm2022/core.mjs:6425:28)
      at _TestBedImpl.createComponent (node_modules/@angular/core/fesm2022/testing.mjs:2058:41)
      at _TestBedImpl.createComponent (node_modules/@angular/core/fesm2022/testing.mjs:1844:37)
      at src/app/ui/pages/studio/toolbar-dialog/field-measuring/field-measuring.component.spec.ts:128:23

    console.error
      NG0304: 'p-tab' is not a known element (used in the 'FieldMeasuringComponent' component template):
      1. If 'p-tab' is an Angular component, then verify that it is included in the '@Component.imports' of this component.
      2. If 'p-tab' is a Web Component then add 'CUSTOM_ELEMENTS_SCHEMA' to the '@Component.schemas' of this component to suppress this message.

      at validateElementIsKnown (node_modules/@angular/core/fesm2022/core.mjs:11182:25)
      at ɵɵelementStart (node_modules/@angular/core/fesm2022/core.mjs:27876:9)
      at FieldMeasuringComponent_Template (ng:/FieldMeasuringComponent.js:154:44)
      at executeTemplate (node_modules/@angular/core/fesm2022/core.mjs:12389:9)
      at renderView (node_modules/@angular/core/fesm2022/core.mjs:12895:13)
      at renderComponent (node_modules/@angular/core/fesm2022/core.mjs:12840:5)
      at renderChildComponents (node_modules/@angular/core/fesm2022/core.mjs:12943:9)
      at renderView (node_modules/@angular/core/fesm2022/core.mjs:12923:13)
      at ComponentFactory2.create (node_modules/@angular/core/fesm2022/core.mjs:17959:17)
      at initComponent (node_modules/@angular/core/fesm2022/testing.mjs:2053:51)
      at _ZoneDelegate.invoke (node_modules/zone.js/bundles/zone.umd.js:410:32)
      at Object.onInvoke (node_modules/@angular/core/fesm2022/core.mjs:6579:33)
      at _ZoneDelegate.invoke (node_modules/zone.js/bundles/zone.umd.js:409:38)
      at ZoneImpl.run (node_modules/zone.js/bundles/zone.umd.js:145:47)
      at NgZone.run (node_modules/@angular/core/fesm2022/core.mjs:6425:28)
      at _TestBedImpl.createComponent (node_modules/@angular/core/fesm2022/testing.mjs:2058:41)
      at _TestBedImpl.createComponent (node_modules/@angular/core/fesm2022/testing.mjs:1844:37)
      at src/app/ui/pages/studio/toolbar-dialog/field-measuring/field-measuring.component.spec.ts:128:23

    console.error
      NG0304: 'p-tab' is not a known element (used in the 'FieldMeasuringComponent' component template):
      1. If 'p-tab' is an Angular component, then verify that it is included in the '@Component.imports' of this component.
      2. If 'p-tab' is a Web Component then add 'CUSTOM_ELEMENTS_SCHEMA' to the '@Component.schemas' of this component to suppress this message.

      at validateElementIsKnown (node_modules/@angular/core/fesm2022/core.mjs:11182:25)
      at ɵɵelementStart (node_modules/@angular/core/fesm2022/core.mjs:27876:9)
      at FieldMeasuringComponent_Template (ng:/FieldMeasuringComponent.js:157:9)
      at executeTemplate (node_modules/@angular/core/fesm2022/core.mjs:12389:9)
      at renderView (node_modules/@angular/core/fesm2022/core.mjs:12895:13)
      at renderComponent (node_modules/@angular/core/fesm2022/core.mjs:12840:5)
      at renderChildComponents (node_modules/@angular/core/fesm2022/core.mjs:12943:9)
      at renderView (node_modules/@angular/core/fesm2022/core.mjs:12923:13)
      at ComponentFactory2.create (node_modules/@angular/core/fesm2022/core.mjs:17959:17)
      at initComponent (node_modules/@angular/core/fesm2022/testing.mjs:2053:51)
      at _ZoneDelegate.invoke (node_modules/zone.js/bundles/zone.umd.js:410:32)
      at Object.onInvoke (node_modules/@angular/core/fesm2022/core.mjs:6579:33)
      at _ZoneDelegate.invoke (node_modules/zone.js/bundles/zone.umd.js:409:38)
      at ZoneImpl.run (node_modules/zone.js/bundles/zone.umd.js:145:47)
      at NgZone.run (node_modules/@angular/core/fesm2022/core.mjs:6425:28)
      at _TestBedImpl.createComponent (node_modules/@angular/core/fesm2022/testing.mjs:2058:41)
      at _TestBedImpl.createComponent (node_modules/@angular/core/fesm2022/testing.mjs:1844:37)
      at src/app/ui/pages/studio/toolbar-dialog/field-measuring/field-measuring.component.spec.ts:128:23

    console.error
      NG0304: 'p-tab' is not a known element (used in the 'FieldMeasuringComponent' component template):
      1. If 'p-tab' is an Angular component, then verify that it is included in the '@Component.imports' of this component.
      2. If 'p-tab' is a Web Component then add 'CUSTOM_ELEMENTS_SCHEMA' to the '@Component.schemas' of this component to suppress this message.

      at validateElementIsKnown (node_modules/@angular/core/fesm2022/core.mjs:11182:25)
      at ɵɵelementStart (node_modules/@angular/core/fesm2022/core.mjs:27876:9)
      at FieldMeasuringComponent_Template (ng:/FieldMeasuringComponent.js:160:9)
      at executeTemplate (node_modules/@angular/core/fesm2022/core.mjs:12389:9)
      at renderView (node_modules/@angular/core/fesm2022/core.mjs:12895:13)
      at renderComponent (node_modules/@angular/core/fesm2022/core.mjs:12840:5)
      at renderChildComponents (node_modules/@angular/core/fesm2022/core.mjs:12943:9)
      at renderView (node_modules/@angular/core/fesm2022/core.mjs:12923:13)
      at ComponentFactory2.create (node_modules/@angular/core/fesm2022/core.mjs:17959:17)
      at initComponent (node_modules/@angular/core/fesm2022/testing.mjs:2053:51)
      at _ZoneDelegate.invoke (node_modules/zone.js/bundles/zone.umd.js:410:32)
      at Object.onInvoke (node_modules/@angular/core/fesm2022/core.mjs:6579:33)
      at _ZoneDelegate.invoke (node_modules/zone.js/bundles/zone.umd.js:409:38)
      at ZoneImpl.run (node_modules/zone.js/bundles/zone.umd.js:145:47)
      at NgZone.run (node_modules/@angular/core/fesm2022/core.mjs:6425:28)
      at _TestBedImpl.createComponent (node_modules/@angular/core/fesm2022/testing.mjs:2058:41)
      at _TestBedImpl.createComponent (node_modules/@angular/core/fesm2022/testing.mjs:1844:37)
      at src/app/ui/pages/studio/toolbar-dialog/field-measuring/field-measuring.component.spec.ts:128:23

    console.error
      NG0304: 'p-tab' is not a known element (used in the 'FieldMeasuringComponent' component template):
      1. If 'p-tab' is an Angular component, then verify that it is included in the '@Component.imports' of this component.
      2. If 'p-tab' is a Web Component then add 'CUSTOM_ELEMENTS_SCHEMA' to the '@Component.schemas' of this component to suppress this message.

      at validateElementIsKnown (node_modules/@angular/core/fesm2022/core.mjs:11182:25)
      at ɵɵelementStart (node_modules/@angular/core/fesm2022/core.mjs:27876:9)
      at FieldMeasuringComponent_Template (ng:/FieldMeasuringComponent.js:163:9)
      at executeTemplate (node_modules/@angular/core/fesm2022/core.mjs:12389:9)
      at renderView (node_modules/@angular/core/fesm2022/core.mjs:12895:13)
      at renderComponent (node_modules/@angular/core/fesm2022/core.mjs:12840:5)
      at renderChildComponents (node_modules/@angular/core/fesm2022/core.mjs:12943:9)
      at renderView (node_modules/@angular/core/fesm2022/core.mjs:12923:13)
      at ComponentFactory2.create (node_modules/@angular/core/fesm2022/core.mjs:17959:17)
      at initComponent (node_modules/@angular/core/fesm2022/testing.mjs:2053:51)
      at _ZoneDelegate.invoke (node_modules/zone.js/bundles/zone.umd.js:410:32)
      at Object.onInvoke (node_modules/@angular/core/fesm2022/core.mjs:6579:33)
      at _ZoneDelegate.invoke (node_modules/zone.js/bundles/zone.umd.js:409:38)
      at ZoneImpl.run (node_modules/zone.js/bundles/zone.umd.js:145:47)
      at NgZone.run (node_modules/@angular/core/fesm2022/core.mjs:6425:28)
      at _TestBedImpl.createComponent (node_modules/@angular/core/fesm2022/testing.mjs:2058:41)
      at _TestBedImpl.createComponent (node_modules/@angular/core/fesm2022/testing.mjs:1844:37)
      at src/app/ui/pages/studio/toolbar-dialog/field-measuring/field-measuring.component.spec.ts:128:23

    console.error
      NG0304: 'p-tabpanel' is not a known element (used in the 'FieldMeasuringComponent' component template):
      1. If 'p-tabpanel' is an Angular component, then verify that it is included in the '@Component.imports' of this component.
      2. If 'p-tabpanel' is a Web Component then add 'CUSTOM_ELEMENTS_SCHEMA' to the '@Component.schemas' of this component to suppress this message.

      at validateElementIsKnown (node_modules/@angular/core/fesm2022/core.mjs:11182:25)
      at ɵɵelementStart (node_modules/@angular/core/fesm2022/core.mjs:27876:9)
      at FieldMeasuringComponent_Template (ng:/FieldMeasuringComponent.js:166:9)
      at executeTemplate (node_modules/@angular/core/fesm2022/core.mjs:12389:9)
      at renderView (node_modules/@angular/core/fesm2022/core.mjs:12895:13)
      at renderComponent (node_modules/@angular/core/fesm2022/core.mjs:12840:5)
      at renderChildComponents (node_modules/@angular/core/fesm2022/core.mjs:12943:9)
      at renderView (node_modules/@angular/core/fesm2022/core.mjs:12923:13)
      at ComponentFactory2.create (node_modules/@angular/core/fesm2022/core.mjs:17959:17)
      at initComponent (node_modules/@angular/core/fesm2022/testing.mjs:2053:51)
      at _ZoneDelegate.invoke (node_modules/zone.js/bundles/zone.umd.js:410:32)
      at Object.onInvoke (node_modules/@angular/core/fesm2022/core.mjs:6579:33)
      at _ZoneDelegate.invoke (node_modules/zone.js/bundles/zone.umd.js:409:38)
      at ZoneImpl.run (node_modules/zone.js/bundles/zone.umd.js:145:47)
      at NgZone.run (node_modules/@angular/core/fesm2022/core.mjs:6425:28)
      at _TestBedImpl.createComponent (node_modules/@angular/core/fesm2022/testing.mjs:2058:41)
      at _TestBedImpl.createComponent (node_modules/@angular/core/fesm2022/testing.mjs:1844:37)
      at src/app/ui/pages/studio/toolbar-dialog/field-measuring/field-measuring.component.spec.ts:128:23

    console.error
      NG0304: 'p-tabpanel' is not a known element (used in the 'FieldMeasuringComponent' component template):
      1. If 'p-tabpanel' is an Angular component, then verify that it is included in the '@Component.imports' of this component.
      2. If 'p-tabpanel' is a Web Component then add 'CUSTOM_ELEMENTS_SCHEMA' to the '@Component.schemas' of this component to suppress this message.

      at validateElementIsKnown (node_modules/@angular/core/fesm2022/core.mjs:11182:25)
      at ɵɵelementStart (node_modules/@angular/core/fesm2022/core.mjs:27876:9)
      at FieldMeasuringComponent_Template (ng:/FieldMeasuringComponent.js:172:9)
      at executeTemplate (node_modules/@angular/core/fesm2022/core.mjs:12389:9)
      at renderView (node_modules/@angular/core/fesm2022/core.mjs:12895:13)
      at renderComponent (node_modules/@angular/core/fesm2022/core.mjs:12840:5)
      at renderChildComponents (node_modules/@angular/core/fesm2022/core.mjs:12943:9)
      at renderView (node_modules/@angular/core/fesm2022/core.mjs:12923:13)
      at ComponentFactory2.create (node_modules/@angular/core/fesm2022/core.mjs:17959:17)
      at initComponent (node_modules/@angular/core/fesm2022/testing.mjs:2053:51)
      at _ZoneDelegate.invoke (node_modules/zone.js/bundles/zone.umd.js:410:32)
      at Object.onInvoke (node_modules/@angular/core/fesm2022/core.mjs:6579:33)
      at _ZoneDelegate.invoke (node_modules/zone.js/bundles/zone.umd.js:409:38)
      at ZoneImpl.run (node_modules/zone.js/bundles/zone.umd.js:145:47)
      at NgZone.run (node_modules/@angular/core/fesm2022/core.mjs:6425:28)
      at _TestBedImpl.createComponent (node_modules/@angular/core/fesm2022/testing.mjs:2058:41)
      at _TestBedImpl.createComponent (node_modules/@angular/core/fesm2022/testing.mjs:1844:37)
      at src/app/ui/pages/studio/toolbar-dialog/field-measuring/field-measuring.component.spec.ts:128:23

    console.error
      NG0304: 'p-tabpanel' is not a known element (used in the 'FieldMeasuringComponent' component template):
      1. If 'p-tabpanel' is an Angular component, then verify that it is included in the '@Component.imports' of this component.
      2. If 'p-tabpanel' is a Web Component then add 'CUSTOM_ELEMENTS_SCHEMA' to the '@Component.schemas' of this component to suppress this message.

      at validateElementIsKnown (node_modules/@angular/core/fesm2022/core.mjs:11182:25)
      at ɵɵelementStart (node_modules/@angular/core/fesm2022/core.mjs:27876:9)
      at FieldMeasuringComponent_Template (ng:/FieldMeasuringComponent.js:179:9)
      at executeTemplate (node_modules/@angular/core/fesm2022/core.mjs:12389:9)
      at renderView (node_modules/@angular/core/fesm2022/core.mjs:12895:13)
      at renderComponent (node_modules/@angular/core/fesm2022/core.mjs:12840:5)
      at renderChildComponents (node_modules/@angular/core/fesm2022/core.mjs:12943:9)
      at renderView (node_modules/@angular/core/fesm2022/core.mjs:12923:13)
      at ComponentFactory2.create (node_modules/@angular/core/fesm2022/core.mjs:17959:17)
      at initComponent (node_modules/@angular/core/fesm2022/testing.mjs:2053:51)
      at _ZoneDelegate.invoke (node_modules/zone.js/bundles/zone.umd.js:410:32)
      at Object.onInvoke (node_modules/@angular/core/fesm2022/core.mjs:6579:33)
      at _ZoneDelegate.invoke (node_modules/zone.js/bundles/zone.umd.js:409:38)
      at ZoneImpl.run (node_modules/zone.js/bundles/zone.umd.js:145:47)
      at NgZone.run (node_modules/@angular/core/fesm2022/core.mjs:6425:28)
      at _TestBedImpl.createComponent (node_modules/@angular/core/fesm2022/testing.mjs:2058:41)
      at _TestBedImpl.createComponent (node_modules/@angular/core/fesm2022/testing.mjs:1844:37)
      at src/app/ui/pages/studio/toolbar-dialog/field-measuring/field-measuring.component.spec.ts:128:23

    console.error
      NG0304: 'app-temperature-calculation' is not a known element (used in the 'FieldMeasuringComponent' component template):
      1. If 'app-temperature-calculation' is an Angular component, then verify that it is included in the '@Component.imports' of this component.
      2. If 'app-temperature-calculation' is a Web Component then add 'CUSTOM_ELEMENTS_SCHEMA' to the '@Component.schemas' of this component to suppress this message.

      at validateElementIsKnown (node_modules/@angular/core/fesm2022/core.mjs:11182:25)
      at ɵɵelementStart (node_modules/@angular/core/fesm2022/core.mjs:27876:9)
      at FieldMeasuringComponent_Template (ng:/FieldMeasuringComponent.js:179:49)
      at executeTemplate (node_modules/@angular/core/fesm2022/core.mjs:12389:9)
      at renderView (node_modules/@angular/core/fesm2022/core.mjs:12895:13)
      at renderComponent (node_modules/@angular/core/fesm2022/core.mjs:12840:5)
      at renderChildComponents (node_modules/@angular/core/fesm2022/core.mjs:12943:9)
      at renderView (node_modules/@angular/core/fesm2022/core.mjs:12923:13)
      at ComponentFactory2.create (node_modules/@angular/core/fesm2022/core.mjs:17959:17)
      at initComponent (node_modules/@angular/core/fesm2022/testing.mjs:2053:51)
      at _ZoneDelegate.invoke (node_modules/zone.js/bundles/zone.umd.js:410:32)
      at Object.onInvoke (node_modules/@angular/core/fesm2022/core.mjs:6579:33)
      at _ZoneDelegate.invoke (node_modules/zone.js/bundles/zone.umd.js:409:38)
      at ZoneImpl.run (node_modules/zone.js/bundles/zone.umd.js:145:47)
      at NgZone.run (node_modules/@angular/core/fesm2022/core.mjs:6425:28)
      at _TestBedImpl.createComponent (node_modules/@angular/core/fesm2022/testing.mjs:2058:41)
      at _TestBedImpl.createComponent (node_modules/@angular/core/fesm2022/testing.mjs:1844:37)
      at src/app/ui/pages/studio/toolbar-dialog/field-measuring/field-measuring.component.spec.ts:128:23

    console.error
      NG0304: 'p-tabpanel' is not a known element (used in the 'FieldMeasuringComponent' component template):
      1. If 'p-tabpanel' is an Angular component, then verify that it is included in the '@Component.imports' of this component.
      2. If 'p-tabpanel' is a Web Component then add 'CUSTOM_ELEMENTS_SCHEMA' to the '@Component.schemas' of this component to suppress this message.

      at validateElementIsKnown (node_modules/@angular/core/fesm2022/core.mjs:11182:25)
      at ɵɵelementStart (node_modules/@angular/core/fesm2022/core.mjs:27876:9)
      at FieldMeasuringComponent_Template (ng:/FieldMeasuringComponent.js:187:9)
      at executeTemplate (node_modules/@angular/core/fesm2022/core.mjs:12389:9)
      at renderView (node_modules/@angular/core/fesm2022/core.mjs:12895:13)
      at renderComponent (node_modules/@angular/core/fesm2022/core.mjs:12840:5)
      at renderChildComponents (node_modules/@angular/core/fesm2022/core.mjs:12943:9)
      at renderView (node_modules/@angular/core/fesm2022/core.mjs:12923:13)
      at ComponentFactory2.create (node_modules/@angular/core/fesm2022/core.mjs:17959:17)
      at initComponent (node_modules/@angular/core/fesm2022/testing.mjs:2053:51)
      at _ZoneDelegate.invoke (node_modules/zone.js/bundles/zone.umd.js:410:32)
      at Object.onInvoke (node_modules/@angular/core/fesm2022/core.mjs:6579:33)
      at _ZoneDelegate.invoke (node_modules/zone.js/bundles/zone.umd.js:409:38)
      at ZoneImpl.run (node_modules/zone.js/bundles/zone.umd.js:145:47)
      at NgZone.run (node_modules/@angular/core/fesm2022/core.mjs:6425:28)
      at _TestBedImpl.createComponent (node_modules/@angular/core/fesm2022/testing.mjs:2058:41)
      at _TestBedImpl.createComponent (node_modules/@angular/core/fesm2022/testing.mjs:1844:37)
      at src/app/ui/pages/studio/toolbar-dialog/field-measuring/field-measuring.component.spec.ts:128:23

    console.error
      NG0304: 'app-parameter-at-15c-without-wind' is not a known element (used in the 'FieldMeasuringComponent' component template):
      1. If 'app-parameter-at-15c-without-wind' is an Angular component, then verify that it is included in the '@Component.imports' of this component.
      2. If 'app-parameter-at-15c-without-wind' is a Web Component then add 'CUSTOM_ELEMENTS_SCHEMA' to the '@Component.schemas' of this component to suppress this message.

      at validateElementIsKnown (node_modules/@angular/core/fesm2022/core.mjs:11182:25)
      at ɵɵelementStart (node_modules/@angular/core/fesm2022/core.mjs:27876:9)
      at FieldMeasuringComponent_Template (ng:/FieldMeasuringComponent.js:187:49)
      at executeTemplate (node_modules/@angular/core/fesm2022/core.mjs:12389:9)
      at renderView (node_modules/@angular/core/fesm2022/core.mjs:12895:13)
      at renderComponent (node_modules/@angular/core/fesm2022/core.mjs:12840:5)
      at renderChildComponents (node_modules/@angular/core/fesm2022/core.mjs:12943:9)
      at renderView (node_modules/@angular/core/fesm2022/core.mjs:12923:13)
      at ComponentFactory2.create (node_modules/@angular/core/fesm2022/core.mjs:17959:17)
      at initComponent (node_modules/@angular/core/fesm2022/testing.mjs:2053:51)
      at _ZoneDelegate.invoke (node_modules/zone.js/bundles/zone.umd.js:410:32)
      at Object.onInvoke (node_modules/@angular/core/fesm2022/core.mjs:6579:33)
      at _ZoneDelegate.invoke (node_modules/zone.js/bundles/zone.umd.js:409:38)
      at ZoneImpl.run (node_modules/zone.js/bundles/zone.umd.js:145:47)
      at NgZone.run (node_modules/@angular/core/fesm2022/core.mjs:6425:28)
      at _TestBedImpl.createComponent (node_modules/@angular/core/fesm2022/testing.mjs:2058:41)
      at _TestBedImpl.createComponent (node_modules/@angular/core/fesm2022/testing.mjs:1844:37)
      at src/app/ui/pages/studio/toolbar-dialog/field-measuring/field-measuring.component.spec.ts:128:23

    console.error
      NG0304: 'p-tabs' is not a known element (used in the 'FieldMeasuringComponent' component template):
      1. If 'p-tabs' is an Angular component, then verify that it is included in the '@Component.imports' of this component.
      2. If 'p-tabs' is a Web Component then add 'CUSTOM_ELEMENTS_SCHEMA' to the '@Component.schemas' of this component to suppress this message.

      at validateElementIsKnown (node_modules/@angular/core/fesm2022/core.mjs:11182:25)
      at ɵɵelementStart (node_modules/@angular/core/fesm2022/core.mjs:27876:9)
      at FieldMeasuringComponent_Template (ng:/FieldMeasuringComponent.js:148:9)
      at executeTemplate (node_modules/@angular/core/fesm2022/core.mjs:12389:9)
      at renderView (node_modules/@angular/core/fesm2022/core.mjs:12895:13)
      at renderComponent (node_modules/@angular/core/fesm2022/core.mjs:12840:5)
      at renderChildComponents (node_modules/@angular/core/fesm2022/core.mjs:12943:9)
      at renderView (node_modules/@angular/core/fesm2022/core.mjs:12923:13)
      at ComponentFactory2.create (node_modules/@angular/core/fesm2022/core.mjs:17959:17)
      at initComponent (node_modules/@angular/core/fesm2022/testing.mjs:2053:51)
      at _ZoneDelegate.invoke (node_modules/zone.js/bundles/zone.umd.js:410:32)
      at Object.onInvoke (node_modules/@angular/core/fesm2022/core.mjs:6579:33)
      at _ZoneDelegate.invoke (node_modules/zone.js/bundles/zone.umd.js:409:38)
      at ZoneImpl.run (node_modules/zone.js/bundles/zone.umd.js:145:47)
      at NgZone.run (node_modules/@angular/core/fesm2022/core.mjs:6425:28)
      at _TestBedImpl.createComponent (node_modules/@angular/core/fesm2022/testing.mjs:2058:41)
      at _TestBedImpl.createComponent (node_modules/@angular/core/fesm2022/testing.mjs:1844:37)
      at src/app/ui/pages/studio/toolbar-dialog/field-measuring/field-measuring.component.spec.ts:128:23

    console.error
      NG0304: 'p-tablist' is not a known element (used in the 'FieldMeasuringComponent' component template):
      1. If 'p-tablist' is an Angular component, then verify that it is included in the '@Component.imports' of this component.
      2. If 'p-tablist' is a Web Component then add 'CUSTOM_ELEMENTS_SCHEMA' to the '@Component.schemas' of this component to suppress this message.

      at validateElementIsKnown (node_modules/@angular/core/fesm2022/core.mjs:11182:25)
      at ɵɵelementStart (node_modules/@angular/core/fesm2022/core.mjs:27876:9)
      at FieldMeasuringComponent_Template (ng:/FieldMeasuringComponent.js:154:9)
      at executeTemplate (node_modules/@angular/core/fesm2022/core.mjs:12389:9)
      at renderView (node_modules/@angular/core/fesm2022/core.mjs:12895:13)
      at renderComponent (node_modules/@angular/core/fesm2022/core.mjs:12840:5)
      at renderChildComponents (node_modules/@angular/core/fesm2022/core.mjs:12943:9)
      at renderView (node_modules/@angular/core/fesm2022/core.mjs:12923:13)
      at ComponentFactory2.create (node_modules/@angular/core/fesm2022/core.mjs:17959:17)
      at initComponent (node_modules/@angular/core/fesm2022/testing.mjs:2053:51)
      at _ZoneDelegate.invoke (node_modules/zone.js/bundles/zone.umd.js:410:32)
      at Object.onInvoke (node_modules/@angular/core/fesm2022/core.mjs:6579:33)
      at _ZoneDelegate.invoke (node_modules/zone.js/bundles/zone.umd.js:409:38)
      at ZoneImpl.run (node_modules/zone.js/bundles/zone.umd.js:145:47)
      at NgZone.run (node_modules/@angular/core/fesm2022/core.mjs:6425:28)
      at _TestBedImpl.createComponent (node_modules/@angular/core/fesm2022/testing.mjs:2058:41)
      at _TestBedImpl.createComponent (node_modules/@angular/core/fesm2022/testing.mjs:1844:37)
      at src/app/ui/pages/studio/toolbar-dialog/field-measuring/field-measuring.component.spec.ts:128:23

    console.error
      NG0304: 'p-tab' is not a known element (used in the 'FieldMeasuringComponent' component template):
      1. If 'p-tab' is an Angular component, then verify that it is included in the '@Component.imports' of this component.
      2. If 'p-tab' is a Web Component then add 'CUSTOM_ELEMENTS_SCHEMA' to the '@Component.schemas' of this component to suppress this message.

      at validateElementIsKnown (node_modules/@angular/core/fesm2022/core.mjs:11182:25)
      at ɵɵelementStart (node_modules/@angular/core/fesm2022/core.mjs:27876:9)
      at FieldMeasuringComponent_Template (ng:/FieldMeasuringComponent.js:154:44)
      at executeTemplate (node_modules/@angular/core/fesm2022/core.mjs:12389:9)
      at renderView (node_modules/@angular/core/fesm2022/core.mjs:12895:13)
      at renderComponent (node_modules/@angular/core/fesm2022/core.mjs:12840:5)
      at renderChildComponents (node_modules/@angular/core/fesm2022/core.mjs:12943:9)
      at renderView (node_modules/@angular/core/fesm2022/core.mjs:12923:13)
      at ComponentFactory2.create (node_modules/@angular/core/fesm2022/core.mjs:17959:17)
      at initComponent (node_modules/@angular/core/fesm2022/testing.mjs:2053:51)
      at _ZoneDelegate.invoke (node_modules/zone.js/bundles/zone.umd.js:410:32)
      at Object.onInvoke (node_modules/@angular/core/fesm2022/core.mjs:6579:33)
      at _ZoneDelegate.invoke (node_modules/zone.js/bundles/zone.umd.js:409:38)
      at ZoneImpl.run (node_modules/zone.js/bundles/zone.umd.js:145:47)
      at NgZone.run (node_modules/@angular/core/fesm2022/core.mjs:6425:28)
      at _TestBedImpl.createComponent (node_modules/@angular/core/fesm2022/testing.mjs:2058:41)
      at _TestBedImpl.createComponent (node_modules/@angular/core/fesm2022/testing.mjs:1844:37)
      at src/app/ui/pages/studio/toolbar-dialog/field-measuring/field-measuring.component.spec.ts:128:23

    console.error
      NG0304: 'p-tab' is not a known element (used in the 'FieldMeasuringComponent' component template):
      1. If 'p-tab' is an Angular component, then verify that it is included in the '@Component.imports' of this component.
      2. If 'p-tab' is a Web Component then add 'CUSTOM_ELEMENTS_SCHEMA' to the '@Component.schemas' of this component to suppress this message.

      at validateElementIsKnown (node_modules/@angular/core/fesm2022/core.mjs:11182:25)
      at ɵɵelementStart (node_modules/@angular/core/fesm2022/core.mjs:27876:9)
      at FieldMeasuringComponent_Template (ng:/FieldMeasuringComponent.js:157:9)
      at executeTemplate (node_modules/@angular/core/fesm2022/core.mjs:12389:9)
      at renderView (node_modules/@angular/core/fesm2022/core.mjs:12895:13)
      at renderComponent (node_modules/@angular/core/fesm2022/core.mjs:12840:5)
      at renderChildComponents (node_modules/@angular/core/fesm2022/core.mjs:12943:9)
      at renderView (node_modules/@angular/core/fesm2022/core.mjs:12923:13)
      at ComponentFactory2.create (node_modules/@angular/core/fesm2022/core.mjs:17959:17)
      at initComponent (node_modules/@angular/core/fesm2022/testing.mjs:2053:51)
      at _ZoneDelegate.invoke (node_modules/zone.js/bundles/zone.umd.js:410:32)
      at Object.onInvoke (node_modules/@angular/core/fesm2022/core.mjs:6579:33)
      at _ZoneDelegate.invoke (node_modules/zone.js/bundles/zone.umd.js:409:38)
      at ZoneImpl.run (node_modules/zone.js/bundles/zone.umd.js:145:47)
      at NgZone.run (node_modules/@angular/core/fesm2022/core.mjs:6425:28)
      at _TestBedImpl.createComponent (node_modules/@angular/core/fesm2022/testing.mjs:2058:41)
      at _TestBedImpl.createComponent (node_modules/@angular/core/fesm2022/testing.mjs:1844:37)
      at src/app/ui/pages/studio/toolbar-dialog/field-measuring/field-measuring.component.spec.ts:128:23

    console.error
      NG0304: 'p-tab' is not a known element (used in the 'FieldMeasuringComponent' component template):
      1. If 'p-tab' is an Angular component, then verify that it is included in the '@Component.imports' of this component.
      2. If 'p-tab' is a Web Component then add 'CUSTOM_ELEMENTS_SCHEMA' to the '@Component.schemas' of this component to suppress this message.

      at validateElementIsKnown (node_modules/@angular/core/fesm2022/core.mjs:11182:25)
      at ɵɵelementStart (node_modules/@angular/core/fesm2022/core.mjs:27876:9)
      at FieldMeasuringComponent_Template (ng:/FieldMeasuringComponent.js:160:9)
      at executeTemplate (node_modules/@angular/core/fesm2022/core.mjs:12389:9)
      at renderView (node_modules/@angular/core/fesm2022/core.mjs:12895:13)
      at renderComponent (node_modules/@angular/core/fesm2022/core.mjs:12840:5)
      at renderChildComponents (node_modules/@angular/core/fesm2022/core.mjs:12943:9)
      at renderView (node_modules/@angular/core/fesm2022/core.mjs:12923:13)
      at ComponentFactory2.create (node_modules/@angular/core/fesm2022/core.mjs:17959:17)
      at initComponent (node_modules/@angular/core/fesm2022/testing.mjs:2053:51)
      at _ZoneDelegate.invoke (node_modules/zone.js/bundles/zone.umd.js:410:32)
      at Object.onInvoke (node_modules/@angular/core/fesm2022/core.mjs:6579:33)
      at _ZoneDelegate.invoke (node_modules/zone.js/bundles/zone.umd.js:409:38)
      at ZoneImpl.run (node_modules/zone.js/bundles/zone.umd.js:145:47)
      at NgZone.run (node_modules/@angular/core/fesm2022/core.mjs:6425:28)
      at _TestBedImpl.createComponent (node_modules/@angular/core/fesm2022/testing.mjs:2058:41)
      at _TestBedImpl.createComponent (node_modules/@angular/core/fesm2022/testing.mjs:1844:37)
      at src/app/ui/pages/studio/toolbar-dialog/field-measuring/field-measuring.component.spec.ts:128:23

    console.error
      NG0304: 'p-tab' is not a known element (used in the 'FieldMeasuringComponent' component template):
      1. If 'p-tab' is an Angular component, then verify that it is included in the '@Component.imports' of this component.
      2. If 'p-tab' is a Web Component then add 'CUSTOM_ELEMENTS_SCHEMA' to the '@Component.schemas' of this component to suppress this message.

      at validateElementIsKnown (node_modules/@angular/core/fesm2022/core.mjs:11182:25)
      at ɵɵelementStart (node_modules/@angular/core/fesm2022/core.mjs:27876:9)
      at FieldMeasuringComponent_Template (ng:/FieldMeasuringComponent.js:163:9)
      at executeTemplate (node_modules/@angular/core/fesm2022/core.mjs:12389:9)
      at renderView (node_modules/@angular/core/fesm2022/core.mjs:12895:13)
      at renderComponent (node_modules/@angular/core/fesm2022/core.mjs:12840:5)
      at renderChildComponents (node_modules/@angular/core/fesm2022/core.mjs:12943:9)
      at renderView (node_modules/@angular/core/fesm2022/core.mjs:12923:13)
      at ComponentFactory2.create (node_modules/@angular/core/fesm2022/core.mjs:17959:17)
      at initComponent (node_modules/@angular/core/fesm2022/testing.mjs:2053:51)
      at _ZoneDelegate.invoke (node_modules/zone.js/bundles/zone.umd.js:410:32)
      at Object.onInvoke (node_modules/@angular/core/fesm2022/core.mjs:6579:33)
      at _ZoneDelegate.invoke (node_modules/zone.js/bundles/zone.umd.js:409:38)
      at ZoneImpl.run (node_modules/zone.js/bundles/zone.umd.js:145:47)
      at NgZone.run (node_modules/@angular/core/fesm2022/core.mjs:6425:28)
      at _TestBedImpl.createComponent (node_modules/@angular/core/fesm2022/testing.mjs:2058:41)
      at _TestBedImpl.createComponent (node_modules/@angular/core/fesm2022/testing.mjs:1844:37)
      at src/app/ui/pages/studio/toolbar-dialog/field-measuring/field-measuring.component.spec.ts:128:23

    console.error
      NG0304: 'p-tabpanel' is not a known element (used in the 'FieldMeasuringComponent' component template):
      1. If 'p-tabpanel' is an Angular component, then verify that it is included in the '@Component.imports' of this component.
      2. If 'p-tabpanel' is a Web Component then add 'CUSTOM_ELEMENTS_SCHEMA' to the '@Component.schemas' of this component to suppress this message.

      at validateElementIsKnown (node_modules/@angular/core/fesm2022/core.mjs:11182:25)
      at ɵɵelementStart (node_modules/@angular/core/fesm2022/core.mjs:27876:9)
      at FieldMeasuringComponent_Template (ng:/FieldMeasuringComponent.js:166:9)
      at executeTemplate (node_modules/@angular/core/fesm2022/core.mjs:12389:9)
      at renderView (node_modules/@angular/core/fesm2022/core.mjs:12895:13)
      at renderComponent (node_modules/@angular/core/fesm2022/core.mjs:12840:5)
      at renderChildComponents (node_modules/@angular/core/fesm2022/core.mjs:12943:9)
      at renderView (node_modules/@angular/core/fesm2022/core.mjs:12923:13)
      at ComponentFactory2.create (node_modules/@angular/core/fesm2022/core.mjs:17959:17)
      at initComponent (node_modules/@angular/core/fesm2022/testing.mjs:2053:51)
      at _ZoneDelegate.invoke (node_modules/zone.js/bundles/zone.umd.js:410:32)
      at Object.onInvoke (node_modules/@angular/core/fesm2022/core.mjs:6579:33)
      at _ZoneDelegate.invoke (node_modules/zone.js/bundles/zone.umd.js:409:38)
      at ZoneImpl.run (node_modules/zone.js/bundles/zone.umd.js:145:47)
      at NgZone.run (node_modules/@angular/core/fesm2022/core.mjs:6425:28)
      at _TestBedImpl.createComponent (node_modules/@angular/core/fesm2022/testing.mjs:2058:41)
      at _TestBedImpl.createComponent (node_modules/@angular/core/fesm2022/testing.mjs:1844:37)
      at src/app/ui/pages/studio/toolbar-dialog/field-measuring/field-measuring.component.spec.ts:128:23

    console.error
      NG0304: 'p-tabpanel' is not a known element (used in the 'FieldMeasuringComponent' component template):
      1. If 'p-tabpanel' is an Angular component, then verify that it is included in the '@Component.imports' of this component.
      2. If 'p-tabpanel' is a Web Component then add 'CUSTOM_ELEMENTS_SCHEMA' to the '@Component.schemas' of this component to suppress this message.

      at validateElementIsKnown (node_modules/@angular/core/fesm2022/core.mjs:11182:25)
      at ɵɵelementStart (node_modules/@angular/core/fesm2022/core.mjs:27876:9)
      at FieldMeasuringComponent_Template (ng:/FieldMeasuringComponent.js:172:9)
      at executeTemplate (node_modules/@angular/core/fesm2022/core.mjs:12389:9)
      at renderView (node_modules/@angular/core/fesm2022/core.mjs:12895:13)
      at renderComponent (node_modules/@angular/core/fesm2022/core.mjs:12840:5)
      at renderChildComponents (node_modules/@angular/core/fesm2022/core.mjs:12943:9)
      at renderView (node_modules/@angular/core/fesm2022/core.mjs:12923:13)
      at ComponentFactory2.create (node_modules/@angular/core/fesm2022/core.mjs:17959:17)
      at initComponent (node_modules/@angular/core/fesm2022/testing.mjs:2053:51)
      at _ZoneDelegate.invoke (node_modules/zone.js/bundles/zone.umd.js:410:32)
      at Object.onInvoke (node_modules/@angular/core/fesm2022/core.mjs:6579:33)
      at _ZoneDelegate.invoke (node_modules/zone.js/bundles/zone.umd.js:409:38)
      at ZoneImpl.run (node_modules/zone.js/bundles/zone.umd.js:145:47)
      at NgZone.run (node_modules/@angular/core/fesm2022/core.mjs:6425:28)
      at _TestBedImpl.createComponent (node_modules/@angular/core/fesm2022/testing.mjs:2058:41)
      at _TestBedImpl.createComponent (node_modules/@angular/core/fesm2022/testing.mjs:1844:37)
      at src/app/ui/pages/studio/toolbar-dialog/field-measuring/field-measuring.component.spec.ts:128:23

    console.error
      NG0304: 'p-tabpanel' is not a known element (used in the 'FieldMeasuringComponent' component template):
      1. If 'p-tabpanel' is an Angular component, then verify that it is included in the '@Component.imports' of this component.
      2. If 'p-tabpanel' is a Web Component then add 'CUSTOM_ELEMENTS_SCHEMA' to the '@Component.schemas' of this component to suppress this message.

      at validateElementIsKnown (node_modules/@angular/core/fesm2022/core.mjs:11182:25)
      at ɵɵelementStart (node_modules/@angular/core/fesm2022/core.mjs:27876:9)
      at FieldMeasuringComponent_Template (ng:/FieldMeasuringComponent.js:179:9)
      at executeTemplate (node_modules/@angular/core/fesm2022/core.mjs:12389:9)
      at renderView (node_modules/@angular/core/fesm2022/core.mjs:12895:13)
      at renderComponent (node_modules/@angular/core/fesm2022/core.mjs:12840:5)
      at renderChildComponents (node_modules/@angular/core/fesm2022/core.mjs:12943:9)
      at renderView (node_modules/@angular/core/fesm2022/core.mjs:12923:13)
      at ComponentFactory2.create (node_modules/@angular/core/fesm2022/core.mjs:17959:17)
      at initComponent (node_modules/@angular/core/fesm2022/testing.mjs:2053:51)
      at _ZoneDelegate.invoke (node_modules/zone.js/bundles/zone.umd.js:410:32)
      at Object.onInvoke (node_modules/@angular/core/fesm2022/core.mjs:6579:33)
      at _ZoneDelegate.invoke (node_modules/zone.js/bundles/zone.umd.js:409:38)
      at ZoneImpl.run (node_modules/zone.js/bundles/zone.umd.js:145:47)
      at NgZone.run (node_modules/@angular/core/fesm2022/core.mjs:6425:28)
      at _TestBedImpl.createComponent (node_modules/@angular/core/fesm2022/testing.mjs:2058:41)
      at _TestBedImpl.createComponent (node_modules/@angular/core/fesm2022/testing.mjs:1844:37)
      at src/app/ui/pages/studio/toolbar-dialog/field-measuring/field-measuring.component.spec.ts:128:23

    console.error
      NG0304: 'app-temperature-calculation' is not a known element (used in the 'FieldMeasuringComponent' component template):
      1. If 'app-temperature-calculation' is an Angular component, then verify that it is included in the '@Component.imports' of this component.
      2. If 'app-temperature-calculation' is a Web Component then add 'CUSTOM_ELEMENTS_SCHEMA' to the '@Component.schemas' of this component to suppress this message.

      at validateElementIsKnown (node_modules/@angular/core/fesm2022/core.mjs:11182:25)
      at ɵɵelementStart (node_modules/@angular/core/fesm2022/core.mjs:27876:9)
      at FieldMeasuringComponent_Template (ng:/FieldMeasuringComponent.js:179:49)
      at executeTemplate (node_modules/@angular/core/fesm2022/core.mjs:12389:9)
      at renderView (node_modules/@angular/core/fesm2022/core.mjs:12895:13)
      at renderComponent (node_modules/@angular/core/fesm2022/core.mjs:12840:5)
      at renderChildComponents (node_modules/@angular/core/fesm2022/core.mjs:12943:9)
      at renderView (node_modules/@angular/core/fesm2022/core.mjs:12923:13)
      at ComponentFactory2.create (node_modules/@angular/core/fesm2022/core.mjs:17959:17)
      at initComponent (node_modules/@angular/core/fesm2022/testing.mjs:2053:51)
      at _ZoneDelegate.invoke (node_modules/zone.js/bundles/zone.umd.js:410:32)
      at Object.onInvoke (node_modules/@angular/core/fesm2022/core.mjs:6579:33)
      at _ZoneDelegate.invoke (node_modules/zone.js/bundles/zone.umd.js:409:38)
      at ZoneImpl.run (node_modules/zone.js/bundles/zone.umd.js:145:47)
      at NgZone.run (node_modules/@angular/core/fesm2022/core.mjs:6425:28)
      at _TestBedImpl.createComponent (node_modules/@angular/core/fesm2022/testing.mjs:2058:41)
      at _TestBedImpl.createComponent (node_modules/@angular/core/fesm2022/testing.mjs:1844:37)
      at src/app/ui/pages/studio/toolbar-dialog/field-measuring/field-measuring.component.spec.ts:128:23

    console.error
      NG0304: 'p-tabpanel' is not a known element (used in the 'FieldMeasuringComponent' component template):
      1. If 'p-tabpanel' is an Angular component, then verify that it is included in the '@Component.imports' of this component.
      2. If 'p-tabpanel' is a Web Component then add 'CUSTOM_ELEMENTS_SCHEMA' to the '@Component.schemas' of this component to suppress this message.

      at validateElementIsKnown (node_modules/@angular/core/fesm2022/core.mjs:11182:25)
      at ɵɵelementStart (node_modules/@angular/core/fesm2022/core.mjs:27876:9)
      at FieldMeasuringComponent_Template (ng:/FieldMeasuringComponent.js:187:9)
      at executeTemplate (node_modules/@angular/core/fesm2022/core.mjs:12389:9)
      at renderView (node_modules/@angular/core/fesm2022/core.mjs:12895:13)
      at renderComponent (node_modules/@angular/core/fesm2022/core.mjs:12840:5)
      at renderChildComponents (node_modules/@angular/core/fesm2022/core.mjs:12943:9)
      at renderView (node_modules/@angular/core/fesm2022/core.mjs:12923:13)
      at ComponentFactory2.create (node_modules/@angular/core/fesm2022/core.mjs:17959:17)
      at initComponent (node_modules/@angular/core/fesm2022/testing.mjs:2053:51)
      at _ZoneDelegate.invoke (node_modules/zone.js/bundles/zone.umd.js:410:32)
      at Object.onInvoke (node_modules/@angular/core/fesm2022/core.mjs:6579:33)
      at _ZoneDelegate.invoke (node_modules/zone.js/bundles/zone.umd.js:409:38)
      at ZoneImpl.run (node_modules/zone.js/bundles/zone.umd.js:145:47)
      at NgZone.run (node_modules/@angular/core/fesm2022/core.mjs:6425:28)
      at _TestBedImpl.createComponent (node_modules/@angular/core/fesm2022/testing.mjs:2058:41)
      at _TestBedImpl.createComponent (node_modules/@angular/core/fesm2022/testing.mjs:1844:37)
      at src/app/ui/pages/studio/toolbar-dialog/field-measuring/field-measuring.component.spec.ts:128:23

    console.error
      NG0304: 'app-parameter-at-15c-without-wind' is not a known element (used in the 'FieldMeasuringComponent' component template):
      1. If 'app-parameter-at-15c-without-wind' is an Angular component, then verify that it is included in the '@Component.imports' of this component.
      2. If 'app-parameter-at-15c-without-wind' is a Web Component then add 'CUSTOM_ELEMENTS_SCHEMA' to the '@Component.schemas' of this component to suppress this message.

      at validateElementIsKnown (node_modules/@angular/core/fesm2022/core.mjs:11182:25)
      at ɵɵelementStart (node_modules/@angular/core/fesm2022/core.mjs:27876:9)
      at FieldMeasuringComponent_Template (ng:/FieldMeasuringComponent.js:187:49)
      at executeTemplate (node_modules/@angular/core/fesm2022/core.mjs:12389:9)
      at renderView (node_modules/@angular/core/fesm2022/core.mjs:12895:13)
      at renderComponent (node_modules/@angular/core/fesm2022/core.mjs:12840:5)
      at renderChildComponents (node_modules/@angular/core/fesm2022/core.mjs:12943:9)
      at renderView (node_modules/@angular/core/fesm2022/core.mjs:12923:13)
      at ComponentFactory2.create (node_modules/@angular/core/fesm2022/core.mjs:17959:17)
      at initComponent (node_modules/@angular/core/fesm2022/testing.mjs:2053:51)
      at _ZoneDelegate.invoke (node_modules/zone.js/bundles/zone.umd.js:410:32)
      at Object.onInvoke (node_modules/@angular/core/fesm2022/core.mjs:6579:33)
      at _ZoneDelegate.invoke (node_modules/zone.js/bundles/zone.umd.js:409:38)
      at ZoneImpl.run (node_modules/zone.js/bundles/zone.umd.js:145:47)
      at NgZone.run (node_modules/@angular/core/fesm2022/core.mjs:6425:28)
      at _TestBedImpl.createComponent (node_modules/@angular/core/fesm2022/testing.mjs:2058:41)
      at _TestBedImpl.createComponent (node_modules/@angular/core/fesm2022/testing.mjs:1844:37)
      at src/app/ui/pages/studio/toolbar-dialog/field-measuring/field-measuring.component.spec.ts:128:23

    console.error
      NG0304: 'p-tabs' is not a known element (used in the 'FieldMeasuringComponent' component template):
      1. If 'p-tabs' is an Angular component, then verify that it is included in the '@Component.imports' of this component.
      2. If 'p-tabs' is a Web Component then add 'CUSTOM_ELEMENTS_SCHEMA' to the '@Component.schemas' of this component to suppress this message.

      at validateElementIsKnown (node_modules/@angular/core/fesm2022/core.mjs:11182:25)
      at ɵɵelementStart (node_modules/@angular/core/fesm2022/core.mjs:27876:9)
      at FieldMeasuringComponent_Template (ng:/FieldMeasuringComponent.js:148:9)
      at executeTemplate (node_modules/@angular/core/fesm2022/core.mjs:12389:9)
      at renderView (node_modules/@angular/core/fesm2022/core.mjs:12895:13)
      at renderComponent (node_modules/@angular/core/fesm2022/core.mjs:12840:5)
      at renderChildComponents (node_modules/@angular/core/fesm2022/core.mjs:12943:9)
      at renderView (node_modules/@angular/core/fesm2022/core.mjs:12923:13)
      at ComponentFactory2.create (node_modules/@angular/core/fesm2022/core.mjs:17959:17)
      at initComponent (node_modules/@angular/core/fesm2022/testing.mjs:2053:51)
      at _ZoneDelegate.invoke (node_modules/zone.js/bundles/zone.umd.js:410:32)
      at Object.onInvoke (node_modules/@angular/core/fesm2022/core.mjs:6579:33)
      at _ZoneDelegate.invoke (node_modules/zone.js/bundles/zone.umd.js:409:38)
      at ZoneImpl.run (node_modules/zone.js/bundles/zone.umd.js:145:47)
      at NgZone.run (node_modules/@angular/core/fesm2022/core.mjs:6425:28)
      at _TestBedImpl.createComponent (node_modules/@angular/core/fesm2022/testing.mjs:2058:41)
      at _TestBedImpl.createComponent (node_modules/@angular/core/fesm2022/testing.mjs:1844:37)
      at src/app/ui/pages/studio/toolbar-dialog/field-measuring/field-measuring.component.spec.ts:128:23

    console.error
      NG0304: 'p-tablist' is not a known element (used in the 'FieldMeasuringComponent' component template):
      1. If 'p-tablist' is an Angular component, then verify that it is included in the '@Component.imports' of this component.
      2. If 'p-tablist' is a Web Component then add 'CUSTOM_ELEMENTS_SCHEMA' to the '@Component.schemas' of this component to suppress this message.

      at validateElementIsKnown (node_modules/@angular/core/fesm2022/core.mjs:11182:25)
      at ɵɵelementStart (node_modules/@angular/core/fesm2022/core.mjs:27876:9)
      at FieldMeasuringComponent_Template (ng:/FieldMeasuringComponent.js:154:9)
      at executeTemplate (node_modules/@angular/core/fesm2022/core.mjs:12389:9)
      at renderView (node_modules/@angular/core/fesm2022/core.mjs:12895:13)
      at renderComponent (node_modules/@angular/core/fesm2022/core.mjs:12840:5)
      at renderChildComponents (node_modules/@angular/core/fesm2022/core.mjs:12943:9)
      at renderView (node_modules/@angular/core/fesm2022/core.mjs:12923:13)
      at ComponentFactory2.create (node_modules/@angular/core/fesm2022/core.mjs:17959:17)
      at initComponent (node_modules/@angular/core/fesm2022/testing.mjs:2053:51)
      at _ZoneDelegate.invoke (node_modules/zone.js/bundles/zone.umd.js:410:32)
      at Object.onInvoke (node_modules/@angular/core/fesm2022/core.mjs:6579:33)
      at _ZoneDelegate.invoke (node_modules/zone.js/bundles/zone.umd.js:409:38)
      at ZoneImpl.run (node_modules/zone.js/bundles/zone.umd.js:145:47)
      at NgZone.run (node_modules/@angular/core/fesm2022/core.mjs:6425:28)
      at _TestBedImpl.createComponent (node_modules/@angular/core/fesm2022/testing.mjs:2058:41)
      at _TestBedImpl.createComponent (node_modules/@angular/core/fesm2022/testing.mjs:1844:37)
      at src/app/ui/pages/studio/toolbar-dialog/field-measuring/field-measuring.component.spec.ts:128:23

    console.error
      NG0304: 'p-tab' is not a known element (used in the 'FieldMeasuringComponent' component template):
      1. If 'p-tab' is an Angular component, then verify that it is included in the '@Component.imports' of this component.
      2. If 'p-tab' is a Web Component then add 'CUSTOM_ELEMENTS_SCHEMA' to the '@Component.schemas' of this component to suppress this message.

      at validateElementIsKnown (node_modules/@angular/core/fesm2022/core.mjs:11182:25)
      at ɵɵelementStart (node_modules/@angular/core/fesm2022/core.mjs:27876:9)
      at FieldMeasuringComponent_Template (ng:/FieldMeasuringComponent.js:154:44)
      at executeTemplate (node_modules/@angular/core/fesm2022/core.mjs:12389:9)
      at renderView (node_modules/@angular/core/fesm2022/core.mjs:12895:13)
      at renderComponent (node_modules/@angular/core/fesm2022/core.mjs:12840:5)
      at renderChildComponents (node_modules/@angular/core/fesm2022/core.mjs:12943:9)
      at renderView (node_modules/@angular/core/fesm2022/core.mjs:12923:13)
      at ComponentFactory2.create (node_modules/@angular/core/fesm2022/core.mjs:17959:17)
      at initComponent (node_modules/@angular/core/fesm2022/testing.mjs:2053:51)
      at _ZoneDelegate.invoke (node_modules/zone.js/bundles/zone.umd.js:410:32)
      at Object.onInvoke (node_modules/@angular/core/fesm2022/core.mjs:6579:33)
      at _ZoneDelegate.invoke (node_modules/zone.js/bundles/zone.umd.js:409:38)
      at ZoneImpl.run (node_modules/zone.js/bundles/zone.umd.js:145:47)
      at NgZone.run (node_modules/@angular/core/fesm2022/core.mjs:6425:28)
      at _TestBedImpl.createComponent (node_modules/@angular/core/fesm2022/testing.mjs:2058:41)
      at _TestBedImpl.createComponent (node_modules/@angular/core/fesm2022/testing.mjs:1844:37)
      at src/app/ui/pages/studio/toolbar-dialog/field-measuring/field-measuring.component.spec.ts:128:23

    console.error
      NG0304: 'p-tab' is not a known element (used in the 'FieldMeasuringComponent' component template):
      1. If 'p-tab' is an Angular component, then verify that it is included in the '@Component.imports' of this component.
      2. If 'p-tab' is a Web Component then add 'CUSTOM_ELEMENTS_SCHEMA' to the '@Component.schemas' of this component to suppress this message.

      at validateElementIsKnown (node_modules/@angular/core/fesm2022/core.mjs:11182:25)
      at ɵɵelementStart (node_modules/@angular/core/fesm2022/core.mjs:27876:9)
      at FieldMeasuringComponent_Template (ng:/FieldMeasuringComponent.js:157:9)
      at executeTemplate (node_modules/@angular/core/fesm2022/core.mjs:12389:9)
      at renderView (node_modules/@angular/core/fesm2022/core.mjs:12895:13)
      at renderComponent (node_modules/@angular/core/fesm2022/core.mjs:12840:5)
      at renderChildComponents (node_modules/@angular/core/fesm2022/core.mjs:12943:9)
      at renderView (node_modules/@angular/core/fesm2022/core.mjs:12923:13)
      at ComponentFactory2.create (node_modules/@angular/core/fesm2022/core.mjs:17959:17)
      at initComponent (node_modules/@angular/core/fesm2022/testing.mjs:2053:51)
      at _ZoneDelegate.invoke (node_modules/zone.js/bundles/zone.umd.js:410:32)
      at Object.onInvoke (node_modules/@angular/core/fesm2022/core.mjs:6579:33)
      at _ZoneDelegate.invoke (node_modules/zone.js/bundles/zone.umd.js:409:38)
      at ZoneImpl.run (node_modules/zone.js/bundles/zone.umd.js:145:47)
      at NgZone.run (node_modules/@angular/core/fesm2022/core.mjs:6425:28)
      at _TestBedImpl.createComponent (node_modules/@angular/core/fesm2022/testing.mjs:2058:41)
      at _TestBedImpl.createComponent (node_modules/@angular/core/fesm2022/testing.mjs:1844:37)
      at src/app/ui/pages/studio/toolbar-dialog/field-measuring/field-measuring.component.spec.ts:128:23

    console.error
      NG0304: 'p-tab' is not a known element (used in the 'FieldMeasuringComponent' component template):
      1. If 'p-tab' is an Angular component, then verify that it is included in the '@Component.imports' of this component.
      2. If 'p-tab' is a Web Component then add 'CUSTOM_ELEMENTS_SCHEMA' to the '@Component.schemas' of this component to suppress this message.

      at validateElementIsKnown (node_modules/@angular/core/fesm2022/core.mjs:11182:25)
      at ɵɵelementStart (node_modules/@angular/core/fesm2022/core.mjs:27876:9)
      at FieldMeasuringComponent_Template (ng:/FieldMeasuringComponent.js:160:9)
      at executeTemplate (node_modules/@angular/core/fesm2022/core.mjs:12389:9)
      at renderView (node_modules/@angular/core/fesm2022/core.mjs:12895:13)
      at renderComponent (node_modules/@angular/core/fesm2022/core.mjs:12840:5)
      at renderChildComponents (node_modules/@angular/core/fesm2022/core.mjs:12943:9)
      at renderView (node_modules/@angular/core/fesm2022/core.mjs:12923:13)
      at ComponentFactory2.create (node_modules/@angular/core/fesm2022/core.mjs:17959:17)
      at initComponent (node_modules/@angular/core/fesm2022/testing.mjs:2053:51)
      at _ZoneDelegate.invoke (node_modules/zone.js/bundles/zone.umd.js:410:32)
      at Object.onInvoke (node_modules/@angular/core/fesm2022/core.mjs:6579:33)
      at _ZoneDelegate.invoke (node_modules/zone.js/bundles/zone.umd.js:409:38)
      at ZoneImpl.run (node_modules/zone.js/bundles/zone.umd.js:145:47)
      at NgZone.run (node_modules/@angular/core/fesm2022/core.mjs:6425:28)
      at _TestBedImpl.createComponent (node_modules/@angular/core/fesm2022/testing.mjs:2058:41)
      at _TestBedImpl.createComponent (node_modules/@angular/core/fesm2022/testing.mjs:1844:37)
      at src/app/ui/pages/studio/toolbar-dialog/field-measuring/field-measuring.component.spec.ts:128:23

    console.error
      NG0304: 'p-tab' is not a known element (used in the 'FieldMeasuringComponent' component template):
      1. If 'p-tab' is an Angular component, then verify that it is included in the '@Component.imports' of this component.
      2. If 'p-tab' is a Web Component then add 'CUSTOM_ELEMENTS_SCHEMA' to the '@Component.schemas' of this component to suppress this message.

      at validateElementIsKnown (node_modules/@angular/core/fesm2022/core.mjs:11182:25)
      at ɵɵelementStart (node_modules/@angular/core/fesm2022/core.mjs:27876:9)
      at FieldMeasuringComponent_Template (ng:/FieldMeasuringComponent.js:163:9)
      at executeTemplate (node_modules/@angular/core/fesm2022/core.mjs:12389:9)
      at renderView (node_modules/@angular/core/fesm2022/core.mjs:12895:13)
      at renderComponent (node_modules/@angular/core/fesm2022/core.mjs:12840:5)
      at renderChildComponents (node_modules/@angular/core/fesm2022/core.mjs:12943:9)
      at renderView (node_modules/@angular/core/fesm2022/core.mjs:12923:13)
      at ComponentFactory2.create (node_modules/@angular/core/fesm2022/core.mjs:17959:17)
      at initComponent (node_modules/@angular/core/fesm2022/testing.mjs:2053:51)
      at _ZoneDelegate.invoke (node_modules/zone.js/bundles/zone.umd.js:410:32)
      at Object.onInvoke (node_modules/@angular/core/fesm2022/core.mjs:6579:33)
      at _ZoneDelegate.invoke (node_modules/zone.js/bundles/zone.umd.js:409:38)
      at ZoneImpl.run (node_modules/zone.js/bundles/zone.umd.js:145:47)
      at NgZone.run (node_modules/@angular/core/fesm2022/core.mjs:6425:28)
      at _TestBedImpl.createComponent (node_modules/@angular/core/fesm2022/testing.mjs:2058:41)
      at _TestBedImpl.createComponent (node_modules/@angular/core/fesm2022/testing.mjs:1844:37)
      at src/app/ui/pages/studio/toolbar-dialog/field-measuring/field-measuring.component.spec.ts:128:23

    console.error
      NG0304: 'p-tabpanel' is not a known element (used in the 'FieldMeasuringComponent' component template):
      1. If 'p-tabpanel' is an Angular component, then verify that it is included in the '@Component.imports' of this component.
      2. If 'p-tabpanel' is a Web Component then add 'CUSTOM_ELEMENTS_SCHEMA' to the '@Component.schemas' of this component to suppress this message.

      at validateElementIsKnown (node_modules/@angular/core/fesm2022/core.mjs:11182:25)
      at ɵɵelementStart (node_modules/@angular/core/fesm2022/core.mjs:27876:9)
      at FieldMeasuringComponent_Template (ng:/FieldMeasuringComponent.js:166:9)
      at executeTemplate (node_modules/@angular/core/fesm2022/core.mjs:12389:9)
      at renderView (node_modules/@angular/core/fesm2022/core.mjs:12895:13)
      at renderComponent (node_modules/@angular/core/fesm2022/core.mjs:12840:5)
      at renderChildComponents (node_modules/@angular/core/fesm2022/core.mjs:12943:9)
      at renderView (node_modules/@angular/core/fesm2022/core.mjs:12923:13)
      at ComponentFactory2.create (node_modules/@angular/core/fesm2022/core.mjs:17959:17)
      at initComponent (node_modules/@angular/core/fesm2022/testing.mjs:2053:51)
      at _ZoneDelegate.invoke (node_modules/zone.js/bundles/zone.umd.js:410:32)
      at Object.onInvoke (node_modules/@angular/core/fesm2022/core.mjs:6579:33)
      at _ZoneDelegate.invoke (node_modules/zone.js/bundles/zone.umd.js:409:38)
      at ZoneImpl.run (node_modules/zone.js/bundles/zone.umd.js:145:47)
      at NgZone.run (node_modules/@angular/core/fesm2022/core.mjs:6425:28)
      at _TestBedImpl.createComponent (node_modules/@angular/core/fesm2022/testing.mjs:2058:41)
      at _TestBedImpl.createComponent (node_modules/@angular/core/fesm2022/testing.mjs:1844:37)
      at src/app/ui/pages/studio/toolbar-dialog/field-measuring/field-measuring.component.spec.ts:128:23

    console.error
      NG0304: 'p-tabpanel' is not a known element (used in the 'FieldMeasuringComponent' component template):
      1. If 'p-tabpanel' is an Angular component, then verify that it is included in the '@Component.imports' of this component.
      2. If 'p-tabpanel' is a Web Component then add 'CUSTOM_ELEMENTS_SCHEMA' to the '@Component.schemas' of this component to suppress this message.

      at validateElementIsKnown (node_modules/@angular/core/fesm2022/core.mjs:11182:25)
      at ɵɵelementStart (node_modules/@angular/core/fesm2022/core.mjs:27876:9)
      at FieldMeasuringComponent_Template (ng:/FieldMeasuringComponent.js:172:9)
      at executeTemplate (node_modules/@angular/core/fesm2022/core.mjs:12389:9)
      at renderView (node_modules/@angular/core/fesm2022/core.mjs:12895:13)
      at renderComponent (node_modules/@angular/core/fesm2022/core.mjs:12840:5)
      at renderChildComponents (node_modules/@angular/core/fesm2022/core.mjs:12943:9)
      at renderView (node_modules/@angular/core/fesm2022/core.mjs:12923:13)
      at ComponentFactory2.create (node_modules/@angular/core/fesm2022/core.mjs:17959:17)
      at initComponent (node_modules/@angular/core/fesm2022/testing.mjs:2053:51)
      at _ZoneDelegate.invoke (node_modules/zone.js/bundles/zone.umd.js:410:32)
      at Object.onInvoke (node_modules/@angular/core/fesm2022/core.mjs:6579:33)
      at _ZoneDelegate.invoke (node_modules/zone.js/bundles/zone.umd.js:409:38)
      at ZoneImpl.run (node_modules/zone.js/bundles/zone.umd.js:145:47)
      at NgZone.run (node_modules/@angular/core/fesm2022/core.mjs:6425:28)
      at _TestBedImpl.createComponent (node_modules/@angular/core/fesm2022/testing.mjs:2058:41)
      at _TestBedImpl.createComponent (node_modules/@angular/core/fesm2022/testing.mjs:1844:37)
      at src/app/ui/pages/studio/toolbar-dialog/field-measuring/field-measuring.component.spec.ts:128:23

    console.error
      NG0304: 'p-tabpanel' is not a known element (used in the 'FieldMeasuringComponent' component template):
      1. If 'p-tabpanel' is an Angular component, then verify that it is included in the '@Component.imports' of this component.
      2. If 'p-tabpanel' is a Web Component then add 'CUSTOM_ELEMENTS_SCHEMA' to the '@Component.schemas' of this component to suppress this message.

      at validateElementIsKnown (node_modules/@angular/core/fesm2022/core.mjs:11182:25)
      at ɵɵelementStart (node_modules/@angular/core/fesm2022/core.mjs:27876:9)
      at FieldMeasuringComponent_Template (ng:/FieldMeasuringComponent.js:179:9)
      at executeTemplate (node_modules/@angular/core/fesm2022/core.mjs:12389:9)
      at renderView (node_modules/@angular/core/fesm2022/core.mjs:12895:13)
      at renderComponent (node_modules/@angular/core/fesm2022/core.mjs:12840:5)
      at renderChildComponents (node_modules/@angular/core/fesm2022/core.mjs:12943:9)
      at renderView (node_modules/@angular/core/fesm2022/core.mjs:12923:13)
      at ComponentFactory2.create (node_modules/@angular/core/fesm2022/core.mjs:17959:17)
      at initComponent (node_modules/@angular/core/fesm2022/testing.mjs:2053:51)
      at _ZoneDelegate.invoke (node_modules/zone.js/bundles/zone.umd.js:410:32)
      at Object.onInvoke (node_modules/@angular/core/fesm2022/core.mjs:6579:33)
      at _ZoneDelegate.invoke (node_modules/zone.js/bundles/zone.umd.js:409:38)
      at ZoneImpl.run (node_modules/zone.js/bundles/zone.umd.js:145:47)
      at NgZone.run (node_modules/@angular/core/fesm2022/core.mjs:6425:28)
      at _TestBedImpl.createComponent (node_modules/@angular/core/fesm2022/testing.mjs:2058:41)
      at _TestBedImpl.createComponent (node_modules/@angular/core/fesm2022/testing.mjs:1844:37)
      at src/app/ui/pages/studio/toolbar-dialog/field-measuring/field-measuring.component.spec.ts:128:23

    console.error
      NG0304: 'app-temperature-calculation' is not a known element (used in the 'FieldMeasuringComponent' component template):
      1. If 'app-temperature-calculation' is an Angular component, then verify that it is included in the '@Component.imports' of this component.
      2. If 'app-temperature-calculation' is a Web Component then add 'CUSTOM_ELEMENTS_SCHEMA' to the '@Component.schemas' of this component to suppress this message.

      at validateElementIsKnown (node_modules/@angular/core/fesm2022/core.mjs:11182:25)
      at ɵɵelementStart (node_modules/@angular/core/fesm2022/core.mjs:27876:9)
      at FieldMeasuringComponent_Template (ng:/FieldMeasuringComponent.js:179:49)
      at executeTemplate (node_modules/@angular/core/fesm2022/core.mjs:12389:9)
      at renderView (node_modules/@angular/core/fesm2022/core.mjs:12895:13)
      at renderComponent (node_modules/@angular/core/fesm2022/core.mjs:12840:5)
      at renderChildComponents (node_modules/@angular/core/fesm2022/core.mjs:12943:9)
      at renderView (node_modules/@angular/core/fesm2022/core.mjs:12923:13)
      at ComponentFactory2.create (node_modules/@angular/core/fesm2022/core.mjs:17959:17)
      at initComponent (node_modules/@angular/core/fesm2022/testing.mjs:2053:51)
      at _ZoneDelegate.invoke (node_modules/zone.js/bundles/zone.umd.js:410:32)
      at Object.onInvoke (node_modules/@angular/core/fesm2022/core.mjs:6579:33)
      at _ZoneDelegate.invoke (node_modules/zone.js/bundles/zone.umd.js:409:38)
      at ZoneImpl.run (node_modules/zone.js/bundles/zone.umd.js:145:47)
      at NgZone.run (node_modules/@angular/core/fesm2022/core.mjs:6425:28)
      at _TestBedImpl.createComponent (node_modules/@angular/core/fesm2022/testing.mjs:2058:41)
      at _TestBedImpl.createComponent (node_modules/@angular/core/fesm2022/testing.mjs:1844:37)
      at src/app/ui/pages/studio/toolbar-dialog/field-measuring/field-measuring.component.spec.ts:128:23

    console.error
      NG0304: 'p-tabpanel' is not a known element (used in the 'FieldMeasuringComponent' component template):
      1. If 'p-tabpanel' is an Angular component, then verify that it is included in the '@Component.imports' of this component.
      2. If 'p-tabpanel' is a Web Component then add 'CUSTOM_ELEMENTS_SCHEMA' to the '@Component.schemas' of this component to suppress this message.

      at validateElementIsKnown (node_modules/@angular/core/fesm2022/core.mjs:11182:25)
      at ɵɵelementStart (node_modules/@angular/core/fesm2022/core.mjs:27876:9)
      at FieldMeasuringComponent_Template (ng:/FieldMeasuringComponent.js:187:9)
      at executeTemplate (node_modules/@angular/core/fesm2022/core.mjs:12389:9)
      at renderView (node_modules/@angular/core/fesm2022/core.mjs:12895:13)
      at renderComponent (node_modules/@angular/core/fesm2022/core.mjs:12840:5)
      at renderChildComponents (node_modules/@angular/core/fesm2022/core.mjs:12943:9)
      at renderView (node_modules/@angular/core/fesm2022/core.mjs:12923:13)
      at ComponentFactory2.create (node_modules/@angular/core/fesm2022/core.mjs:17959:17)
      at initComponent (node_modules/@angular/core/fesm2022/testing.mjs:2053:51)
      at _ZoneDelegate.invoke (node_modules/zone.js/bundles/zone.umd.js:410:32)
      at Object.onInvoke (node_modules/@angular/core/fesm2022/core.mjs:6579:33)
      at _ZoneDelegate.invoke (node_modules/zone.js/bundles/zone.umd.js:409:38)
      at ZoneImpl.run (node_modules/zone.js/bundles/zone.umd.js:145:47)
      at NgZone.run (node_modules/@angular/core/fesm2022/core.mjs:6425:28)
      at _TestBedImpl.createComponent (node_modules/@angular/core/fesm2022/testing.mjs:2058:41)
      at _TestBedImpl.createComponent (node_modules/@angular/core/fesm2022/testing.mjs:1844:37)
      at src/app/ui/pages/studio/toolbar-dialog/field-measuring/field-measuring.component.spec.ts:128:23

    console.error
      NG0304: 'app-parameter-at-15c-without-wind' is not a known element (used in the 'FieldMeasuringComponent' component template):
      1. If 'app-parameter-at-15c-without-wind' is an Angular component, then verify that it is included in the '@Component.imports' of this component.
      2. If 'app-parameter-at-15c-without-wind' is a Web Component then add 'CUSTOM_ELEMENTS_SCHEMA' to the '@Component.schemas' of this component to suppress this message.

      at validateElementIsKnown (node_modules/@angular/core/fesm2022/core.mjs:11182:25)
      at ɵɵelementStart (node_modules/@angular/core/fesm2022/core.mjs:27876:9)
      at FieldMeasuringComponent_Template (ng:/FieldMeasuringComponent.js:187:49)
      at executeTemplate (node_modules/@angular/core/fesm2022/core.mjs:12389:9)
      at renderView (node_modules/@angular/core/fesm2022/core.mjs:12895:13)
      at renderComponent (node_modules/@angular/core/fesm2022/core.mjs:12840:5)
      at renderChildComponents (node_modules/@angular/core/fesm2022/core.mjs:12943:9)
      at renderView (node_modules/@angular/core/fesm2022/core.mjs:12923:13)
      at ComponentFactory2.create (node_modules/@angular/core/fesm2022/core.mjs:17959:17)
      at initComponent (node_modules/@angular/core/fesm2022/testing.mjs:2053:51)
      at _ZoneDelegate.invoke (node_modules/zone.js/bundles/zone.umd.js:410:32)
      at Object.onInvoke (node_modules/@angular/core/fesm2022/core.mjs:6579:33)
      at _ZoneDelegate.invoke (node_modules/zone.js/bundles/zone.umd.js:409:38)
      at ZoneImpl.run (node_modules/zone.js/bundles/zone.umd.js:145:47)
      at NgZone.run (node_modules/@angular/core/fesm2022/core.mjs:6425:28)
      at _TestBedImpl.createComponent (node_modules/@angular/core/fesm2022/testing.mjs:2058:41)
      at _TestBedImpl.createComponent (node_modules/@angular/core/fesm2022/testing.mjs:1844:37)
      at src/app/ui/pages/studio/toolbar-dialog/field-measuring/field-measuring.component.spec.ts:128:23

    console.error
      NG0303: Can't bind to 'measureData' since it isn't a known property of 'app-header' (used in the 'FieldMeasuringComponent' component template).
      1. If 'app-header' is an Angular component and it has the 'measureData' input, then verify that it is included in the '@Component.imports' of this component.
      2. If 'app-header' is a Web Component then add 'CUSTOM_ELEMENTS_SCHEMA' to the '@Component.schemas' of this component to suppress this message.
      3. To allow any property add 'NO_ERRORS_SCHEMA' to the '@Component.schemas' of this component.

      at reportUnknownPropertyError (node_modules/@angular/core/fesm2022/core.mjs:11279:17)
      at handleUnknownPropertyError (node_modules/@angular/core/fesm2022/core.mjs:11272:5)
      at elementPropertyInternal (node_modules/@angular/core/fesm2022/core.mjs:12530:17)
      at ɵɵproperty (node_modules/@angular/core/fesm2022/core.mjs:26058:9)
      at FieldMeasuringComponent_Template (ng:/FieldMeasuringComponent.js:200:9)
      at executeTemplate (node_modules/@angular/core/fesm2022/core.mjs:12389:9)
      at refreshView (node_modules/@angular/core/fesm2022/core.mjs:14074:13)
      at detectChangesInView (node_modules/@angular/core/fesm2022/core.mjs:14294:9)
      at detectChangesInViewIfAttached (node_modules/@angular/core/fesm2022/core.mjs:14254:5)
      at detectChangesInComponent (node_modules/@angular/core/fesm2022/core.mjs:14242:5)
      at detectChangesInChildComponents (node_modules/@angular/core/fesm2022/core.mjs:14313:9)
      at refreshView (node_modules/@angular/core/fesm2022/core.mjs:14129:13)
      at detectChangesInView (node_modules/@angular/core/fesm2022/core.mjs:14294:9)
      at detectChangesInViewWhileDirty (node_modules/@angular/core/fesm2022/core.mjs:13986:9)
      at detectChangesInternal (node_modules/@angular/core/fesm2022/core.mjs:13968:9)
      at ViewRef.detectChanges (node_modules/@angular/core/fesm2022/core.mjs:14825:9)
      at node_modules/@angular/core/fesm2022/testing.mjs:292:44
      at _ZoneDelegate.invoke (node_modules/zone.js/bundles/zone.umd.js:410:32)
      at Object.onInvoke (node_modules/@angular/core/fesm2022/core.mjs:6579:33)
      at _ZoneDelegate.invoke (node_modules/zone.js/bundles/zone.umd.js:409:38)
      at ZoneImpl.run (node_modules/zone.js/bundles/zone.umd.js:145:47)
      at NgZone.run (node_modules/@angular/core/fesm2022/core.mjs:6425:28)
      at ComponentFixture.detectChanges (node_modules/@angular/core/fesm2022/testing.mjs:289:30)
      at src/app/ui/pages/studio/toolbar-dialog/field-measuring/field-measuring.component.spec.ts:184:15
      at _ZoneDelegate.invoke (node_modules/zone.js/bundles/zone.umd.js:410:32)
      at ProxyZoneSpec.Object.<anonymous>.ProxyZoneSpec.onInvoke (node_modules/zone.js/bundles/zone-testing.umd.js:2219:43)
      at _ZoneDelegate.invoke (node_modules/zone.js/bundles/zone.umd.js:409:38)
      at ZoneImpl.run (node_modules/zone.js/bundles/zone.umd.js:145:47)
      at Object.wrappedFunc (node_modules/zone.js/bundles/zone-testing.umd.js:449:38)

    console.error
      NG0303: Can't bind to 'value' since it isn't a known property of 'p-tabs' (used in the 'FieldMeasuringComponent' component template).
      1. If 'p-tabs' is an Angular component and it has the 'value' input, then verify that it is included in the '@Component.imports' of this component.
      2. If 'p-tabs' is a Web Component then add 'CUSTOM_ELEMENTS_SCHEMA' to the '@Component.schemas' of this component to suppress this message.
      3. To allow any property add 'NO_ERRORS_SCHEMA' to the '@Component.schemas' of this component.

      at reportUnknownPropertyError (node_modules/@angular/core/fesm2022/core.mjs:11279:17)
      at handleUnknownPropertyError (node_modules/@angular/core/fesm2022/core.mjs:11272:5)
      at elementPropertyInternal (node_modules/@angular/core/fesm2022/core.mjs:12530:17)
      at ɵɵtwoWayProperty (node_modules/@angular/core/fesm2022/core.mjs:32062:9)
      at FieldMeasuringComponent_Template (ng:/FieldMeasuringComponent.js:202:9)
      at executeTemplate (node_modules/@angular/core/fesm2022/core.mjs:12389:9)
      at refreshView (node_modules/@angular/core/fesm2022/core.mjs:14074:13)
      at detectChangesInView (node_modules/@angular/core/fesm2022/core.mjs:14294:9)
      at detectChangesInViewIfAttached (node_modules/@angular/core/fesm2022/core.mjs:14254:5)
      at detectChangesInComponent (node_modules/@angular/core/fesm2022/core.mjs:14242:5)
      at detectChangesInChildComponents (node_modules/@angular/core/fesm2022/core.mjs:14313:9)
      at refreshView (node_modules/@angular/core/fesm2022/core.mjs:14129:13)
      at detectChangesInView (node_modules/@angular/core/fesm2022/core.mjs:14294:9)
      at detectChangesInViewWhileDirty (node_modules/@angular/core/fesm2022/core.mjs:13986:9)
      at detectChangesInternal (node_modules/@angular/core/fesm2022/core.mjs:13968:9)
      at ViewRef.detectChanges (node_modules/@angular/core/fesm2022/core.mjs:14825:9)
      at node_modules/@angular/core/fesm2022/testing.mjs:292:44
      at _ZoneDelegate.invoke (node_modules/zone.js/bundles/zone.umd.js:410:32)
      at Object.onInvoke (node_modules/@angular/core/fesm2022/core.mjs:6579:33)
      at _ZoneDelegate.invoke (node_modules/zone.js/bundles/zone.umd.js:409:38)
      at ZoneImpl.run (node_modules/zone.js/bundles/zone.umd.js:145:47)
      at NgZone.run (node_modules/@angular/core/fesm2022/core.mjs:6425:28)
      at ComponentFixture.detectChanges (node_modules/@angular/core/fesm2022/testing.mjs:289:30)
      at src/app/ui/pages/studio/toolbar-dialog/field-measuring/field-measuring.component.spec.ts:184:15
      at _ZoneDelegate.invoke (node_modules/zone.js/bundles/zone.umd.js:410:32)
      at ProxyZoneSpec.Object.<anonymous>.ProxyZoneSpec.onInvoke (node_modules/zone.js/bundles/zone-testing.umd.js:2219:43)
      at _ZoneDelegate.invoke (node_modules/zone.js/bundles/zone.umd.js:409:38)
      at ZoneImpl.run (node_modules/zone.js/bundles/zone.umd.js:145:47)
      at Object.wrappedFunc (node_modules/zone.js/bundles/zone-testing.umd.js:449:38)

    console.error
      NG0303: Can't bind to 'isNameAlreadyTaken' since it isn't a known property of 'app-field-datas' (used in the 'FieldMeasuringComponent' component template).
      1. If 'app-field-datas' is an Angular component and it has the 'isNameAlreadyTaken' input, then verify that it is included in the '@Component.imports' of this component.
      2. If 'app-field-datas' is a Web Component then add 'CUSTOM_ELEMENTS_SCHEMA' to the '@Component.schemas' of this component to suppress this message.
      3. To allow any property add 'NO_ERRORS_SCHEMA' to the '@Component.schemas' of this component.

      at reportUnknownPropertyError (node_modules/@angular/core/fesm2022/core.mjs:11279:17)
      at handleUnknownPropertyError (node_modules/@angular/core/fesm2022/core.mjs:11272:5)
      at elementPropertyInternal (node_modules/@angular/core/fesm2022/core.mjs:12530:17)
      at ɵɵproperty (node_modules/@angular/core/fesm2022/core.mjs:26058:9)
      at FieldMeasuringComponent_Template (ng:/FieldMeasuringComponent.js:204:9)
      at executeTemplate (node_modules/@angular/core/fesm2022/core.mjs:12389:9)
      at refreshView (node_modules/@angular/core/fesm2022/core.mjs:14074:13)
      at detectChangesInView (node_modules/@angular/core/fesm2022/core.mjs:14294:9)
      at detectChangesInViewIfAttached (node_modules/@angular/core/fesm2022/core.mjs:14254:5)
      at detectChangesInComponent (node_modules/@angular/core/fesm2022/core.mjs:14242:5)
      at detectChangesInChildComponents (node_modules/@angular/core/fesm2022/core.mjs:14313:9)
      at refreshView (node_modules/@angular/core/fesm2022/core.mjs:14129:13)
      at detectChangesInView (node_modules/@angular/core/fesm2022/core.mjs:14294:9)
      at detectChangesInViewWhileDirty (node_modules/@angular/core/fesm2022/core.mjs:13986:9)
      at detectChangesInternal (node_modules/@angular/core/fesm2022/core.mjs:13968:9)
      at ViewRef.detectChanges (node_modules/@angular/core/fesm2022/core.mjs:14825:9)
      at node_modules/@angular/core/fesm2022/testing.mjs:292:44
      at _ZoneDelegate.invoke (node_modules/zone.js/bundles/zone.umd.js:410:32)
      at Object.onInvoke (node_modules/@angular/core/fesm2022/core.mjs:6579:33)
      at _ZoneDelegate.invoke (node_modules/zone.js/bundles/zone.umd.js:409:38)
      at ZoneImpl.run (node_modules/zone.js/bundles/zone.umd.js:145:47)
      at NgZone.run (node_modules/@angular/core/fesm2022/core.mjs:6425:28)
      at ComponentFixture.detectChanges (node_modules/@angular/core/fesm2022/testing.mjs:289:30)
      at src/app/ui/pages/studio/toolbar-dialog/field-measuring/field-measuring.component.spec.ts:184:15
      at _ZoneDelegate.invoke (node_modules/zone.js/bundles/zone.umd.js:410:32)
      at ProxyZoneSpec.Object.<anonymous>.ProxyZoneSpec.onInvoke (node_modules/zone.js/bundles/zone-testing.umd.js:2219:43)
      at _ZoneDelegate.invoke (node_modules/zone.js/bundles/zone.umd.js:409:38)
      at ZoneImpl.run (node_modules/zone.js/bundles/zone.umd.js:145:47)
      at Object.wrappedFunc (node_modules/zone.js/bundles/zone-testing.umd.js:449:38)

    console.error
      NG0303: Can't bind to 'measureData' since it isn't a known property of 'app-field-datas' (used in the 'FieldMeasuringComponent' component template).
      1. If 'app-field-datas' is an Angular component and it has the 'measureData' input, then verify that it is included in the '@Component.imports' of this component.
      2. If 'app-field-datas' is a Web Component then add 'CUSTOM_ELEMENTS_SCHEMA' to the '@Component.schemas' of this component to suppress this message.
      3. To allow any property add 'NO_ERRORS_SCHEMA' to the '@Component.schemas' of this component.

      at reportUnknownPropertyError (node_modules/@angular/core/fesm2022/core.mjs:11279:17)
      at handleUnknownPropertyError (node_modules/@angular/core/fesm2022/core.mjs:11272:5)
      at elementPropertyInternal (node_modules/@angular/core/fesm2022/core.mjs:12530:17)
      at ɵɵproperty (node_modules/@angular/core/fesm2022/core.mjs:26058:9)
      at FieldMeasuringComponent_Template (ng:/FieldMeasuringComponent.js:204:73)
      at executeTemplate (node_modules/@angular/core/fesm2022/core.mjs:12389:9)
      at refreshView (node_modules/@angular/core/fesm2022/core.mjs:14074:13)
      at detectChangesInView (node_modules/@angular/core/fesm2022/core.mjs:14294:9)
      at detectChangesInViewIfAttached (node_modules/@angular/core/fesm2022/core.mjs:14254:5)
      at detectChangesInComponent (node_modules/@angular/core/fesm2022/core.mjs:14242:5)
      at detectChangesInChildComponents (node_modules/@angular/core/fesm2022/core.mjs:14313:9)
      at refreshView (node_modules/@angular/core/fesm2022/core.mjs:14129:13)
      at detectChangesInView (node_modules/@angular/core/fesm2022/core.mjs:14294:9)
      at detectChangesInViewWhileDirty (node_modules/@angular/core/fesm2022/core.mjs:13986:9)
      at detectChangesInternal (node_modules/@angular/core/fesm2022/core.mjs:13968:9)
      at ViewRef.detectChanges (node_modules/@angular/core/fesm2022/core.mjs:14825:9)
      at node_modules/@angular/core/fesm2022/testing.mjs:292:44
      at _ZoneDelegate.invoke (node_modules/zone.js/bundles/zone.umd.js:410:32)
      at Object.onInvoke (node_modules/@angular/core/fesm2022/core.mjs:6579:33)
      at _ZoneDelegate.invoke (node_modules/zone.js/bundles/zone.umd.js:409:38)
      at ZoneImpl.run (node_modules/zone.js/bundles/zone.umd.js:145:47)
      at NgZone.run (node_modules/@angular/core/fesm2022/core.mjs:6425:28)
      at ComponentFixture.detectChanges (node_modules/@angular/core/fesm2022/testing.mjs:289:30)
      at src/app/ui/pages/studio/toolbar-dialog/field-measuring/field-measuring.component.spec.ts:184:15
      at _ZoneDelegate.invoke (node_modules/zone.js/bundles/zone.umd.js:410:32)
      at ProxyZoneSpec.Object.<anonymous>.ProxyZoneSpec.onInvoke (node_modules/zone.js/bundles/zone-testing.umd.js:2219:43)
      at _ZoneDelegate.invoke (node_modules/zone.js/bundles/zone.umd.js:409:38)
      at ZoneImpl.run (node_modules/zone.js/bundles/zone.umd.js:145:47)
      at Object.wrappedFunc (node_modules/zone.js/bundles/zone-testing.umd.js:449:38)

    console.error
      NG0303: Can't bind to 'measureData' since it isn't a known property of 'app-calculus-setting' (used in the 'FieldMeasuringComponent' component template).
      1. If 'app-calculus-setting' is an Angular component and it has the 'measureData' input, then verify that it is included in the '@Component.imports' of this component.
      2. If 'app-calculus-setting' is a Web Component then add 'CUSTOM_ELEMENTS_SCHEMA' to the '@Component.schemas' of this component to suppress this message.
      3. To allow any property add 'NO_ERRORS_SCHEMA' to the '@Component.schemas' of this component.

      at reportUnknownPropertyError (node_modules/@angular/core/fesm2022/core.mjs:11279:17)
      at handleUnknownPropertyError (node_modules/@angular/core/fesm2022/core.mjs:11272:5)
      at elementPropertyInternal (node_modules/@angular/core/fesm2022/core.mjs:12530:17)
      at ɵɵtwoWayProperty (node_modules/@angular/core/fesm2022/core.mjs:32062:9)
      at FieldMeasuringComponent_Template (ng:/FieldMeasuringComponent.js:207:9)
      at executeTemplate (node_modules/@angular/core/fesm2022/core.mjs:12389:9)
      at refreshView (node_modules/@angular/core/fesm2022/core.mjs:14074:13)
      at detectChangesInView (node_modules/@angular/core/fesm2022/core.mjs:14294:9)
      at detectChangesInViewIfAttached (node_modules/@angular/core/fesm2022/core.mjs:14254:5)
      at detectChangesInComponent (node_modules/@angular/core/fesm2022/core.mjs:14242:5)
      at detectChangesInChildComponents (node_modules/@angular/core/fesm2022/core.mjs:14313:9)
      at refreshView (node_modules/@angular/core/fesm2022/core.mjs:14129:13)
      at detectChangesInView (node_modules/@angular/core/fesm2022/core.mjs:14294:9)
      at detectChangesInViewWhileDirty (node_modules/@angular/core/fesm2022/core.mjs:13986:9)
      at detectChangesInternal (node_modules/@angular/core/fesm2022/core.mjs:13968:9)
      at ViewRef.detectChanges (node_modules/@angular/core/fesm2022/core.mjs:14825:9)
      at node_modules/@angular/core/fesm2022/testing.mjs:292:44
      at _ZoneDelegate.invoke (node_modules/zone.js/bundles/zone.umd.js:410:32)
      at Object.onInvoke (node_modules/@angular/core/fesm2022/core.mjs:6579:33)
      at _ZoneDelegate.invoke (node_modules/zone.js/bundles/zone.umd.js:409:38)
      at ZoneImpl.run (node_modules/zone.js/bundles/zone.umd.js:145:47)
      at NgZone.run (node_modules/@angular/core/fesm2022/core.mjs:6425:28)
      at ComponentFixture.detectChanges (node_modules/@angular/core/fesm2022/testing.mjs:289:30)
      at src/app/ui/pages/studio/toolbar-dialog/field-measuring/field-measuring.component.spec.ts:184:15
      at _ZoneDelegate.invoke (node_modules/zone.js/bundles/zone.umd.js:410:32)
      at ProxyZoneSpec.Object.<anonymous>.ProxyZoneSpec.onInvoke (node_modules/zone.js/bundles/zone-testing.umd.js:2219:43)
      at _ZoneDelegate.invoke (node_modules/zone.js/bundles/zone.umd.js:409:38)
      at ZoneImpl.run (node_modules/zone.js/bundles/zone.umd.js:145:47)
      at Object.wrappedFunc (node_modules/zone.js/bundles/zone-testing.umd.js:449:38)

    console.error
      NG0303: Can't bind to 'windDirectionOptions' since it isn't a known property of 'app-temperature-calculation' (used in the 'FieldMeasuringComponent' component template).
      1. If 'app-temperature-calculation' is an Angular component and it has the 'windDirectionOptions' input, then verify that it is included in the '@Component.imports' of this component.
      2. If 'app-temperature-calculation' is a Web Component then add 'CUSTOM_ELEMENTS_SCHEMA' to the '@Component.schemas' of this component to suppress this message.
      3. To allow any property add 'NO_ERRORS_SCHEMA' to the '@Component.schemas' of this component.

      at reportUnknownPropertyError (node_modules/@angular/core/fesm2022/core.mjs:11279:17)
      at handleUnknownPropertyError (node_modules/@angular/core/fesm2022/core.mjs:11272:5)
      at elementPropertyInternal (node_modules/@angular/core/fesm2022/core.mjs:12530:17)
      at ɵɵproperty (node_modules/@angular/core/fesm2022/core.mjs:26058:9)
      at FieldMeasuringComponent_Template (ng:/FieldMeasuringComponent.js:209:9)
      at executeTemplate (node_modules/@angular/core/fesm2022/core.mjs:12389:9)
      at refreshView (node_modules/@angular/core/fesm2022/core.mjs:14074:13)
      at detectChangesInView (node_modules/@angular/core/fesm2022/core.mjs:14294:9)
      at detectChangesInViewIfAttached (node_modules/@angular/core/fesm2022/core.mjs:14254:5)
      at detectChangesInComponent (node_modules/@angular/core/fesm2022/core.mjs:14242:5)
      at detectChangesInChildComponents (node_modules/@angular/core/fesm2022/core.mjs:14313:9)
      at refreshView (node_modules/@angular/core/fesm2022/core.mjs:14129:13)
      at detectChangesInView (node_modules/@angular/core/fesm2022/core.mjs:14294:9)
      at detectChangesInViewWhileDirty (node_modules/@angular/core/fesm2022/core.mjs:13986:9)
      at detectChangesInternal (node_modules/@angular/core/fesm2022/core.mjs:13968:9)
      at ViewRef.detectChanges (node_modules/@angular/core/fesm2022/core.mjs:14825:9)
      at node_modules/@angular/core/fesm2022/testing.mjs:292:44
      at _ZoneDelegate.invoke (node_modules/zone.js/bundles/zone.umd.js:410:32)
      at Object.onInvoke (node_modules/@angular/core/fesm2022/core.mjs:6579:33)
      at _ZoneDelegate.invoke (node_modules/zone.js/bundles/zone.umd.js:409:38)
      at ZoneImpl.run (node_modules/zone.js/bundles/zone.umd.js:145:47)
      at NgZone.run (node_modules/@angular/core/fesm2022/core.mjs:6425:28)
      at ComponentFixture.detectChanges (node_modules/@angular/core/fesm2022/testing.mjs:289:30)
      at src/app/ui/pages/studio/toolbar-dialog/field-measuring/field-measuring.component.spec.ts:184:15
      at _ZoneDelegate.invoke (node_modules/zone.js/bundles/zone.umd.js:410:32)
      at ProxyZoneSpec.Object.<anonymous>.ProxyZoneSpec.onInvoke (node_modules/zone.js/bundles/zone-testing.umd.js:2219:43)
      at _ZoneDelegate.invoke (node_modules/zone.js/bundles/zone.umd.js:409:38)
      at ZoneImpl.run (node_modules/zone.js/bundles/zone.umd.js:145:47)
      at Object.wrappedFunc (node_modules/zone.js/bundles/zone-testing.umd.js:449:38)

    console.error
      NG0303: Can't bind to 'skyCoverOptions' since it isn't a known property of 'app-temperature-calculation' (used in the 'FieldMeasuringComponent' component template).
      1. If 'app-temperature-calculation' is an Angular component and it has the 'skyCoverOptions' input, then verify that it is included in the '@Component.imports' of this component.
      2. If 'app-temperature-calculation' is a Web Component then add 'CUSTOM_ELEMENTS_SCHEMA' to the '@Component.schemas' of this component to suppress this message.
      3. To allow any property add 'NO_ERRORS_SCHEMA' to the '@Component.schemas' of this component.

      at reportUnknownPropertyError (node_modules/@angular/core/fesm2022/core.mjs:11279:17)
      at handleUnknownPropertyError (node_modules/@angular/core/fesm2022/core.mjs:11272:5)
      at elementPropertyInternal (node_modules/@angular/core/fesm2022/core.mjs:12530:17)
      at ɵɵproperty (node_modules/@angular/core/fesm2022/core.mjs:26058:9)
      at FieldMeasuringComponent_Template (ng:/FieldMeasuringComponent.js:209:77)
      at executeTemplate (node_modules/@angular/core/fesm2022/core.mjs:12389:9)
      at refreshView (node_modules/@angular/core/fesm2022/core.mjs:14074:13)
      at detectChangesInView (node_modules/@angular/core/fesm2022/core.mjs:14294:9)
      at detectChangesInViewIfAttached (node_modules/@angular/core/fesm2022/core.mjs:14254:5)
      at detectChangesInComponent (node_modules/@angular/core/fesm2022/core.mjs:14242:5)
      at detectChangesInChildComponents (node_modules/@angular/core/fesm2022/core.mjs:14313:9)
      at refreshView (node_modules/@angular/core/fesm2022/core.mjs:14129:13)
      at detectChangesInView (node_modules/@angular/core/fesm2022/core.mjs:14294:9)
      at detectChangesInViewWhileDirty (node_modules/@angular/core/fesm2022/core.mjs:13986:9)
      at detectChangesInternal (node_modules/@angular/core/fesm2022/core.mjs:13968:9)
      at ViewRef.detectChanges (node_modules/@angular/core/fesm2022/core.mjs:14825:9)
      at node_modules/@angular/core/fesm2022/testing.mjs:292:44
      at _ZoneDelegate.invoke (node_modules/zone.js/bundles/zone.umd.js:410:32)
      at Object.onInvoke (node_modules/@angular/core/fesm2022/core.mjs:6579:33)
      at _ZoneDelegate.invoke (node_modules/zone.js/bundles/zone.umd.js:409:38)
      at ZoneImpl.run (node_modules/zone.js/bundles/zone.umd.js:145:47)
      at NgZone.run (node_modules/@angular/core/fesm2022/core.mjs:6425:28)
      at ComponentFixture.detectChanges (node_modules/@angular/core/fesm2022/testing.mjs:289:30)
      at src/app/ui/pages/studio/toolbar-dialog/field-measuring/field-measuring.component.spec.ts:184:15
      at _ZoneDelegate.invoke (node_modules/zone.js/bundles/zone.umd.js:410:32)
      at ProxyZoneSpec.Object.<anonymous>.ProxyZoneSpec.onInvoke (node_modules/zone.js/bundles/zone-testing.umd.js:2219:43)
      at _ZoneDelegate.invoke (node_modules/zone.js/bundles/zone.umd.js:409:38)
      at ZoneImpl.run (node_modules/zone.js/bundles/zone.umd.js:145:47)
      at Object.wrappedFunc (node_modules/zone.js/bundles/zone-testing.umd.js:449:38)

    console.error
      NG0303: Can't bind to 'measureData' since it isn't a known property of 'app-temperature-calculation' (used in the 'FieldMeasuringComponent' component template).
      1. If 'app-temperature-calculation' is an Angular component and it has the 'measureData' input, then verify that it is included in the '@Component.imports' of this component.
      2. If 'app-temperature-calculation' is a Web Component then add 'CUSTOM_ELEMENTS_SCHEMA' to the '@Component.schemas' of this component to suppress this message.
      3. To allow any property add 'NO_ERRORS_SCHEMA' to the '@Component.schemas' of this component.

      at reportUnknownPropertyError (node_modules/@angular/core/fesm2022/core.mjs:11279:17)
      at handleUnknownPropertyError (node_modules/@angular/core/fesm2022/core.mjs:11272:5)
      at elementPropertyInternal (node_modules/@angular/core/fesm2022/core.mjs:12530:17)
      at ɵɵtwoWayProperty (node_modules/@angular/core/fesm2022/core.mjs:32062:9)
      at FieldMeasuringComponent_Template (ng:/FieldMeasuringComponent.js:211:9)
      at executeTemplate (node_modules/@angular/core/fesm2022/core.mjs:12389:9)
      at refreshView (node_modules/@angular/core/fesm2022/core.mjs:14074:13)
      at detectChangesInView (node_modules/@angular/core/fesm2022/core.mjs:14294:9)
      at detectChangesInViewIfAttached (node_modules/@angular/core/fesm2022/core.mjs:14254:5)
      at detectChangesInComponent (node_modules/@angular/core/fesm2022/core.mjs:14242:5)
      at detectChangesInChildComponents (node_modules/@angular/core/fesm2022/core.mjs:14313:9)
      at refreshView (node_modules/@angular/core/fesm2022/core.mjs:14129:13)
      at detectChangesInView (node_modules/@angular/core/fesm2022/core.mjs:14294:9)
      at detectChangesInViewWhileDirty (node_modules/@angular/core/fesm2022/core.mjs:13986:9)
      at detectChangesInternal (node_modules/@angular/core/fesm2022/core.mjs:13968:9)
      at ViewRef.detectChanges (node_modules/@angular/core/fesm2022/core.mjs:14825:9)
      at node_modules/@angular/core/fesm2022/testing.mjs:292:44
      at _ZoneDelegate.invoke (node_modules/zone.js/bundles/zone.umd.js:410:32)
      at Object.onInvoke (node_modules/@angular/core/fesm2022/core.mjs:6579:33)
      at _ZoneDelegate.invoke (node_modules/zone.js/bundles/zone.umd.js:409:38)
      at ZoneImpl.run (node_modules/zone.js/bundles/zone.umd.js:145:47)
      at NgZone.run (node_modules/@angular/core/fesm2022/core.mjs:6425:28)
      at ComponentFixture.detectChanges (node_modules/@angular/core/fesm2022/testing.mjs:289:30)
      at src/app/ui/pages/studio/toolbar-dialog/field-measuring/field-measuring.component.spec.ts:184:15
      at _ZoneDelegate.invoke (node_modules/zone.js/bundles/zone.umd.js:410:32)
      at ProxyZoneSpec.Object.<anonymous>.ProxyZoneSpec.onInvoke (node_modules/zone.js/bundles/zone-testing.umd.js:2219:43)
      at _ZoneDelegate.invoke (node_modules/zone.js/bundles/zone.umd.js:409:38)
      at ZoneImpl.run (node_modules/zone.js/bundles/zone.umd.js:145:47)
      at Object.wrappedFunc (node_modules/zone.js/bundles/zone-testing.umd.js:449:38)

    console.error
      NG0303: Can't bind to 'measureData' since it isn't a known property of 'app-parameter-at-15c-without-wind' (used in the 'FieldMeasuringComponent' component template).
      1. If 'app-parameter-at-15c-without-wind' is an Angular component and it has the 'measureData' input, then verify that it is included in the '@Component.imports' of this component.
      2. If 'app-parameter-at-15c-without-wind' is a Web Component then add 'CUSTOM_ELEMENTS_SCHEMA' to the '@Component.schemas' of this component to suppress this message.
      3. To allow any property add 'NO_ERRORS_SCHEMA' to the '@Component.schemas' of this component.

      at reportUnknownPropertyError (node_modules/@angular/core/fesm2022/core.mjs:11279:17)
      at handleUnknownPropertyError (node_modules/@angular/core/fesm2022/core.mjs:11272:5)
      at elementPropertyInternal (node_modules/@angular/core/fesm2022/core.mjs:12530:17)
      at ɵɵtwoWayProperty (node_modules/@angular/core/fesm2022/core.mjs:32062:9)
      at FieldMeasuringComponent_Template (ng:/FieldMeasuringComponent.js:213:9)
      at executeTemplate (node_modules/@angular/core/fesm2022/core.mjs:12389:9)
      at refreshView (node_modules/@angular/core/fesm2022/core.mjs:14074:13)
      at detectChangesInView (node_modules/@angular/core/fesm2022/core.mjs:14294:9)
      at detectChangesInViewIfAttached (node_modules/@angular/core/fesm2022/core.mjs:14254:5)
      at detectChangesInComponent (node_modules/@angular/core/fesm2022/core.mjs:14242:5)
      at detectChangesInChildComponents (node_modules/@angular/core/fesm2022/core.mjs:14313:9)
      at refreshView (node_modules/@angular/core/fesm2022/core.mjs:14129:13)
      at detectChangesInView (node_modules/@angular/core/fesm2022/core.mjs:14294:9)
      at detectChangesInViewWhileDirty (node_modules/@angular/core/fesm2022/core.mjs:13986:9)
      at detectChangesInternal (node_modules/@angular/core/fesm2022/core.mjs:13968:9)
      at ViewRef.detectChanges (node_modules/@angular/core/fesm2022/core.mjs:14825:9)
      at node_modules/@angular/core/fesm2022/testing.mjs:292:44
      at _ZoneDelegate.invoke (node_modules/zone.js/bundles/zone.umd.js:410:32)
      at Object.onInvoke (node_modules/@angular/core/fesm2022/core.mjs:6579:33)
      at _ZoneDelegate.invoke (node_modules/zone.js/bundles/zone.umd.js:409:38)
      at ZoneImpl.run (node_modules/zone.js/bundles/zone.umd.js:145:47)
      at NgZone.run (node_modules/@angular/core/fesm2022/core.mjs:6425:28)
      at ComponentFixture.detectChanges (node_modules/@angular/core/fesm2022/testing.mjs:289:30)
      at src/app/ui/pages/studio/toolbar-dialog/field-measuring/field-measuring.component.spec.ts:184:15
      at _ZoneDelegate.invoke (node_modules/zone.js/bundles/zone.umd.js:410:32)
      at ProxyZoneSpec.Object.<anonymous>.ProxyZoneSpec.onInvoke (node_modules/zone.js/bundles/zone-testing.umd.js:2219:43)
      at _ZoneDelegate.invoke (node_modules/zone.js/bundles/zone.umd.js:409:38)
      at ZoneImpl.run (node_modules/zone.js/bundles/zone.umd.js:145:47)
      at Object.wrappedFunc (node_modules/zone.js/bundles/zone-testing.umd.js:449:38)

    console.error
      NG0304: 'p-tabs' is not a known element (used in the 'FieldMeasuringComponent' component template):
      1. If 'p-tabs' is an Angular component, then verify that it is included in the '@Component.imports' of this component.
      2. If 'p-tabs' is a Web Component then add 'CUSTOM_ELEMENTS_SCHEMA' to the '@Component.schemas' of this component to suppress this message.

      at validateElementIsKnown (node_modules/@angular/core/fesm2022/core.mjs:11182:25)
      at ɵɵelementStart (node_modules/@angular/core/fesm2022/core.mjs:27876:9)
      at FieldMeasuringComponent_Template (ng:/FieldMeasuringComponent.js:148:9)
      at executeTemplate (node_modules/@angular/core/fesm2022/core.mjs:12389:9)
      at renderView (node_modules/@angular/core/fesm2022/core.mjs:12895:13)
      at renderComponent (node_modules/@angular/core/fesm2022/core.mjs:12840:5)
      at renderChildComponents (node_modules/@angular/core/fesm2022/core.mjs:12943:9)
      at renderView (node_modules/@angular/core/fesm2022/core.mjs:12923:13)
      at ComponentFactory2.create (node_modules/@angular/core/fesm2022/core.mjs:17959:17)
      at initComponent (node_modules/@angular/core/fesm2022/testing.mjs:2053:51)
      at _ZoneDelegate.invoke (node_modules/zone.js/bundles/zone.umd.js:410:32)
      at Object.onInvoke (node_modules/@angular/core/fesm2022/core.mjs:6579:33)
      at _ZoneDelegate.invoke (node_modules/zone.js/bundles/zone.umd.js:409:38)
      at ZoneImpl.run (node_modules/zone.js/bundles/zone.umd.js:145:47)
      at NgZone.run (node_modules/@angular/core/fesm2022/core.mjs:6425:28)
      at _TestBedImpl.createComponent (node_modules/@angular/core/fesm2022/testing.mjs:2058:41)
      at _TestBedImpl.createComponent (node_modules/@angular/core/fesm2022/testing.mjs:1844:37)
      at src/app/ui/pages/studio/toolbar-dialog/field-measuring/field-measuring.component.spec.ts:128:23

    console.error
      NG0304: 'p-tablist' is not a known element (used in the 'FieldMeasuringComponent' component template):
      1. If 'p-tablist' is an Angular component, then verify that it is included in the '@Component.imports' of this component.
      2. If 'p-tablist' is a Web Component then add 'CUSTOM_ELEMENTS_SCHEMA' to the '@Component.schemas' of this component to suppress this message.

      at validateElementIsKnown (node_modules/@angular/core/fesm2022/core.mjs:11182:25)
      at ɵɵelementStart (node_modules/@angular/core/fesm2022/core.mjs:27876:9)
      at FieldMeasuringComponent_Template (ng:/FieldMeasuringComponent.js:154:9)
      at executeTemplate (node_modules/@angular/core/fesm2022/core.mjs:12389:9)
      at renderView (node_modules/@angular/core/fesm2022/core.mjs:12895:13)
      at renderComponent (node_modules/@angular/core/fesm2022/core.mjs:12840:5)
      at renderChildComponents (node_modules/@angular/core/fesm2022/core.mjs:12943:9)
      at renderView (node_modules/@angular/core/fesm2022/core.mjs:12923:13)
      at ComponentFactory2.create (node_modules/@angular/core/fesm2022/core.mjs:17959:17)
      at initComponent (node_modules/@angular/core/fesm2022/testing.mjs:2053:51)
      at _ZoneDelegate.invoke (node_modules/zone.js/bundles/zone.umd.js:410:32)
      at Object.onInvoke (node_modules/@angular/core/fesm2022/core.mjs:6579:33)
      at _ZoneDelegate.invoke (node_modules/zone.js/bundles/zone.umd.js:409:38)
      at ZoneImpl.run (node_modules/zone.js/bundles/zone.umd.js:145:47)
      at NgZone.run (node_modules/@angular/core/fesm2022/core.mjs:6425:28)
      at _TestBedImpl.createComponent (node_modules/@angular/core/fesm2022/testing.mjs:2058:41)
      at _TestBedImpl.createComponent (node_modules/@angular/core/fesm2022/testing.mjs:1844:37)
      at src/app/ui/pages/studio/toolbar-dialog/field-measuring/field-measuring.component.spec.ts:128:23

    console.error
      NG0304: 'p-tab' is not a known element (used in the 'FieldMeasuringComponent' component template):
      1. If 'p-tab' is an Angular component, then verify that it is included in the '@Component.imports' of this component.
      2. If 'p-tab' is a Web Component then add 'CUSTOM_ELEMENTS_SCHEMA' to the '@Component.schemas' of this component to suppress this message.

      at validateElementIsKnown (node_modules/@angular/core/fesm2022/core.mjs:11182:25)
      at ɵɵelementStart (node_modules/@angular/core/fesm2022/core.mjs:27876:9)
      at FieldMeasuringComponent_Template (ng:/FieldMeasuringComponent.js:154:44)
      at executeTemplate (node_modules/@angular/core/fesm2022/core.mjs:12389:9)
      at renderView (node_modules/@angular/core/fesm2022/core.mjs:12895:13)
      at renderComponent (node_modules/@angular/core/fesm2022/core.mjs:12840:5)
      at renderChildComponents (node_modules/@angular/core/fesm2022/core.mjs:12943:9)
      at renderView (node_modules/@angular/core/fesm2022/core.mjs:12923:13)
      at ComponentFactory2.create (node_modules/@angular/core/fesm2022/core.mjs:17959:17)
      at initComponent (node_modules/@angular/core/fesm2022/testing.mjs:2053:51)
      at _ZoneDelegate.invoke (node_modules/zone.js/bundles/zone.umd.js:410:32)
      at Object.onInvoke (node_modules/@angular/core/fesm2022/core.mjs:6579:33)
      at _ZoneDelegate.invoke (node_modules/zone.js/bundles/zone.umd.js:409:38)
      at ZoneImpl.run (node_modules/zone.js/bundles/zone.umd.js:145:47)
      at NgZone.run (node_modules/@angular/core/fesm2022/core.mjs:6425:28)
      at _TestBedImpl.createComponent (node_modules/@angular/core/fesm2022/testing.mjs:2058:41)
      at _TestBedImpl.createComponent (node_modules/@angular/core/fesm2022/testing.mjs:1844:37)
      at src/app/ui/pages/studio/toolbar-dialog/field-measuring/field-measuring.component.spec.ts:128:23

    console.error
      NG0304: 'p-tab' is not a known element (used in the 'FieldMeasuringComponent' component template):
      1. If 'p-tab' is an Angular component, then verify that it is included in the '@Component.imports' of this component.
      2. If 'p-tab' is a Web Component then add 'CUSTOM_ELEMENTS_SCHEMA' to the '@Component.schemas' of this component to suppress this message.

      at validateElementIsKnown (node_modules/@angular/core/fesm2022/core.mjs:11182:25)
      at ɵɵelementStart (node_modules/@angular/core/fesm2022/core.mjs:27876:9)
      at FieldMeasuringComponent_Template (ng:/FieldMeasuringComponent.js:157:9)
      at executeTemplate (node_modules/@angular/core/fesm2022/core.mjs:12389:9)
      at renderView (node_modules/@angular/core/fesm2022/core.mjs:12895:13)
      at renderComponent (node_modules/@angular/core/fesm2022/core.mjs:12840:5)
      at renderChildComponents (node_modules/@angular/core/fesm2022/core.mjs:12943:9)
      at renderView (node_modules/@angular/core/fesm2022/core.mjs:12923:13)
      at ComponentFactory2.create (node_modules/@angular/core/fesm2022/core.mjs:17959:17)
      at initComponent (node_modules/@angular/core/fesm2022/testing.mjs:2053:51)
      at _ZoneDelegate.invoke (node_modules/zone.js/bundles/zone.umd.js:410:32)
      at Object.onInvoke (node_modules/@angular/core/fesm2022/core.mjs:6579:33)
      at _ZoneDelegate.invoke (node_modules/zone.js/bundles/zone.umd.js:409:38)
      at ZoneImpl.run (node_modules/zone.js/bundles/zone.umd.js:145:47)
      at NgZone.run (node_modules/@angular/core/fesm2022/core.mjs:6425:28)
      at _TestBedImpl.createComponent (node_modules/@angular/core/fesm2022/testing.mjs:2058:41)
      at _TestBedImpl.createComponent (node_modules/@angular/core/fesm2022/testing.mjs:1844:37)
      at src/app/ui/pages/studio/toolbar-dialog/field-measuring/field-measuring.component.spec.ts:128:23

    console.error
      NG0304: 'p-tab' is not a known element (used in the 'FieldMeasuringComponent' component template):
      1. If 'p-tab' is an Angular component, then verify that it is included in the '@Component.imports' of this component.
      2. If 'p-tab' is a Web Component then add 'CUSTOM_ELEMENTS_SCHEMA' to the '@Component.schemas' of this component to suppress this message.

      at validateElementIsKnown (node_modules/@angular/core/fesm2022/core.mjs:11182:25)
      at ɵɵelementStart (node_modules/@angular/core/fesm2022/core.mjs:27876:9)
      at FieldMeasuringComponent_Template (ng:/FieldMeasuringComponent.js:160:9)
      at executeTemplate (node_modules/@angular/core/fesm2022/core.mjs:12389:9)
      at renderView (node_modules/@angular/core/fesm2022/core.mjs:12895:13)
      at renderComponent (node_modules/@angular/core/fesm2022/core.mjs:12840:5)
      at renderChildComponents (node_modules/@angular/core/fesm2022/core.mjs:12943:9)
      at renderView (node_modules/@angular/core/fesm2022/core.mjs:12923:13)
      at ComponentFactory2.create (node_modules/@angular/core/fesm2022/core.mjs:17959:17)
      at initComponent (node_modules/@angular/core/fesm2022/testing.mjs:2053:51)
      at _ZoneDelegate.invoke (node_modules/zone.js/bundles/zone.umd.js:410:32)
      at Object.onInvoke (node_modules/@angular/core/fesm2022/core.mjs:6579:33)
      at _ZoneDelegate.invoke (node_modules/zone.js/bundles/zone.umd.js:409:38)
      at ZoneImpl.run (node_modules/zone.js/bundles/zone.umd.js:145:47)
      at NgZone.run (node_modules/@angular/core/fesm2022/core.mjs:6425:28)
      at _TestBedImpl.createComponent (node_modules/@angular/core/fesm2022/testing.mjs:2058:41)
      at _TestBedImpl.createComponent (node_modules/@angular/core/fesm2022/testing.mjs:1844:37)
      at src/app/ui/pages/studio/toolbar-dialog/field-measuring/field-measuring.component.spec.ts:128:23

    console.error
      NG0304: 'p-tab' is not a known element (used in the 'FieldMeasuringComponent' component template):
      1. If 'p-tab' is an Angular component, then verify that it is included in the '@Component.imports' of this component.
      2. If 'p-tab' is a Web Component then add 'CUSTOM_ELEMENTS_SCHEMA' to the '@Component.schemas' of this component to suppress this message.

      at validateElementIsKnown (node_modules/@angular/core/fesm2022/core.mjs:11182:25)
      at ɵɵelementStart (node_modules/@angular/core/fesm2022/core.mjs:27876:9)
      at FieldMeasuringComponent_Template (ng:/FieldMeasuringComponent.js:163:9)
      at executeTemplate (node_modules/@angular/core/fesm2022/core.mjs:12389:9)
      at renderView (node_modules/@angular/core/fesm2022/core.mjs:12895:13)
      at renderComponent (node_modules/@angular/core/fesm2022/core.mjs:12840:5)
      at renderChildComponents (node_modules/@angular/core/fesm2022/core.mjs:12943:9)
      at renderView (node_modules/@angular/core/fesm2022/core.mjs:12923:13)
      at ComponentFactory2.create (node_modules/@angular/core/fesm2022/core.mjs:17959:17)
      at initComponent (node_modules/@angular/core/fesm2022/testing.mjs:2053:51)
      at _ZoneDelegate.invoke (node_modules/zone.js/bundles/zone.umd.js:410:32)
      at Object.onInvoke (node_modules/@angular/core/fesm2022/core.mjs:6579:33)
      at _ZoneDelegate.invoke (node_modules/zone.js/bundles/zone.umd.js:409:38)
      at ZoneImpl.run (node_modules/zone.js/bundles/zone.umd.js:145:47)
      at NgZone.run (node_modules/@angular/core/fesm2022/core.mjs:6425:28)
      at _TestBedImpl.createComponent (node_modules/@angular/core/fesm2022/testing.mjs:2058:41)
      at _TestBedImpl.createComponent (node_modules/@angular/core/fesm2022/testing.mjs:1844:37)
      at src/app/ui/pages/studio/toolbar-dialog/field-measuring/field-measuring.component.spec.ts:128:23

    console.error
      NG0304: 'p-tabpanel' is not a known element (used in the 'FieldMeasuringComponent' component template):
      1. If 'p-tabpanel' is an Angular component, then verify that it is included in the '@Component.imports' of this component.
      2. If 'p-tabpanel' is a Web Component then add 'CUSTOM_ELEMENTS_SCHEMA' to the '@Component.schemas' of this component to suppress this message.

      at validateElementIsKnown (node_modules/@angular/core/fesm2022/core.mjs:11182:25)
      at ɵɵelementStart (node_modules/@angular/core/fesm2022/core.mjs:27876:9)
      at FieldMeasuringComponent_Template (ng:/FieldMeasuringComponent.js:166:9)
      at executeTemplate (node_modules/@angular/core/fesm2022/core.mjs:12389:9)
      at renderView (node_modules/@angular/core/fesm2022/core.mjs:12895:13)
      at renderComponent (node_modules/@angular/core/fesm2022/core.mjs:12840:5)
      at renderChildComponents (node_modules/@angular/core/fesm2022/core.mjs:12943:9)
      at renderView (node_modules/@angular/core/fesm2022/core.mjs:12923:13)
      at ComponentFactory2.create (node_modules/@angular/core/fesm2022/core.mjs:17959:17)
      at initComponent (node_modules/@angular/core/fesm2022/testing.mjs:2053:51)
      at _ZoneDelegate.invoke (node_modules/zone.js/bundles/zone.umd.js:410:32)
      at Object.onInvoke (node_modules/@angular/core/fesm2022/core.mjs:6579:33)
      at _ZoneDelegate.invoke (node_modules/zone.js/bundles/zone.umd.js:409:38)
      at ZoneImpl.run (node_modules/zone.js/bundles/zone.umd.js:145:47)
      at NgZone.run (node_modules/@angular/core/fesm2022/core.mjs:6425:28)
      at _TestBedImpl.createComponent (node_modules/@angular/core/fesm2022/testing.mjs:2058:41)
      at _TestBedImpl.createComponent (node_modules/@angular/core/fesm2022/testing.mjs:1844:37)
      at src/app/ui/pages/studio/toolbar-dialog/field-measuring/field-measuring.component.spec.ts:128:23

    console.error
      NG0304: 'p-tabpanel' is not a known element (used in the 'FieldMeasuringComponent' component template):
      1. If 'p-tabpanel' is an Angular component, then verify that it is included in the '@Component.imports' of this component.
      2. If 'p-tabpanel' is a Web Component then add 'CUSTOM_ELEMENTS_SCHEMA' to the '@Component.schemas' of this component to suppress this message.

      at validateElementIsKnown (node_modules/@angular/core/fesm2022/core.mjs:11182:25)
      at ɵɵelementStart (node_modules/@angular/core/fesm2022/core.mjs:27876:9)
      at FieldMeasuringComponent_Template (ng:/FieldMeasuringComponent.js:172:9)
      at executeTemplate (node_modules/@angular/core/fesm2022/core.mjs:12389:9)
      at renderView (node_modules/@angular/core/fesm2022/core.mjs:12895:13)
      at renderComponent (node_modules/@angular/core/fesm2022/core.mjs:12840:5)
      at renderChildComponents (node_modules/@angular/core/fesm2022/core.mjs:12943:9)
      at renderView (node_modules/@angular/core/fesm2022/core.mjs:12923:13)
      at ComponentFactory2.create (node_modules/@angular/core/fesm2022/core.mjs:17959:17)
      at initComponent (node_modules/@angular/core/fesm2022/testing.mjs:2053:51)
      at _ZoneDelegate.invoke (node_modules/zone.js/bundles/zone.umd.js:410:32)
      at Object.onInvoke (node_modules/@angular/core/fesm2022/core.mjs:6579:33)
      at _ZoneDelegate.invoke (node_modules/zone.js/bundles/zone.umd.js:409:38)
      at ZoneImpl.run (node_modules/zone.js/bundles/zone.umd.js:145:47)
      at NgZone.run (node_modules/@angular/core/fesm2022/core.mjs:6425:28)
      at _TestBedImpl.createComponent (node_modules/@angular/core/fesm2022/testing.mjs:2058:41)
      at _TestBedImpl.createComponent (node_modules/@angular/core/fesm2022/testing.mjs:1844:37)
      at src/app/ui/pages/studio/toolbar-dialog/field-measuring/field-measuring.component.spec.ts:128:23

    console.error
      NG0304: 'p-tabpanel' is not a known element (used in the 'FieldMeasuringComponent' component template):
      1. If 'p-tabpanel' is an Angular component, then verify that it is included in the '@Component.imports' of this component.
      2. If 'p-tabpanel' is a Web Component then add 'CUSTOM_ELEMENTS_SCHEMA' to the '@Component.schemas' of this component to suppress this message.

      at validateElementIsKnown (node_modules/@angular/core/fesm2022/core.mjs:11182:25)
      at ɵɵelementStart (node_modules/@angular/core/fesm2022/core.mjs:27876:9)
      at FieldMeasuringComponent_Template (ng:/FieldMeasuringComponent.js:179:9)
      at executeTemplate (node_modules/@angular/core/fesm2022/core.mjs:12389:9)
      at renderView (node_modules/@angular/core/fesm2022/core.mjs:12895:13)
      at renderComponent (node_modules/@angular/core/fesm2022/core.mjs:12840:5)
      at renderChildComponents (node_modules/@angular/core/fesm2022/core.mjs:12943:9)
      at renderView (node_modules/@angular/core/fesm2022/core.mjs:12923:13)
      at ComponentFactory2.create (node_modules/@angular/core/fesm2022/core.mjs:17959:17)
      at initComponent (node_modules/@angular/core/fesm2022/testing.mjs:2053:51)
      at _ZoneDelegate.invoke (node_modules/zone.js/bundles/zone.umd.js:410:32)
      at Object.onInvoke (node_modules/@angular/core/fesm2022/core.mjs:6579:33)
      at _ZoneDelegate.invoke (node_modules/zone.js/bundles/zone.umd.js:409:38)
      at ZoneImpl.run (node_modules/zone.js/bundles/zone.umd.js:145:47)
      at NgZone.run (node_modules/@angular/core/fesm2022/core.mjs:6425:28)
      at _TestBedImpl.createComponent (node_modules/@angular/core/fesm2022/testing.mjs:2058:41)
      at _TestBedImpl.createComponent (node_modules/@angular/core/fesm2022/testing.mjs:1844:37)
      at src/app/ui/pages/studio/toolbar-dialog/field-measuring/field-measuring.component.spec.ts:128:23

    console.error
      NG0304: 'app-temperature-calculation' is not a known element (used in the 'FieldMeasuringComponent' component template):
      1. If 'app-temperature-calculation' is an Angular component, then verify that it is included in the '@Component.imports' of this component.
      2. If 'app-temperature-calculation' is a Web Component then add 'CUSTOM_ELEMENTS_SCHEMA' to the '@Component.schemas' of this component to suppress this message.

      at validateElementIsKnown (node_modules/@angular/core/fesm2022/core.mjs:11182:25)
      at ɵɵelementStart (node_modules/@angular/core/fesm2022/core.mjs:27876:9)
      at FieldMeasuringComponent_Template (ng:/FieldMeasuringComponent.js:179:49)
      at executeTemplate (node_modules/@angular/core/fesm2022/core.mjs:12389:9)
      at renderView (node_modules/@angular/core/fesm2022/core.mjs:12895:13)
      at renderComponent (node_modules/@angular/core/fesm2022/core.mjs:12840:5)
      at renderChildComponents (node_modules/@angular/core/fesm2022/core.mjs:12943:9)
      at renderView (node_modules/@angular/core/fesm2022/core.mjs:12923:13)
      at ComponentFactory2.create (node_modules/@angular/core/fesm2022/core.mjs:17959:17)
      at initComponent (node_modules/@angular/core/fesm2022/testing.mjs:2053:51)
      at _ZoneDelegate.invoke (node_modules/zone.js/bundles/zone.umd.js:410:32)
      at Object.onInvoke (node_modules/@angular/core/fesm2022/core.mjs:6579:33)
      at _ZoneDelegate.invoke (node_modules/zone.js/bundles/zone.umd.js:409:38)
      at ZoneImpl.run (node_modules/zone.js/bundles/zone.umd.js:145:47)
      at NgZone.run (node_modules/@angular/core/fesm2022/core.mjs:6425:28)
      at _TestBedImpl.createComponent (node_modules/@angular/core/fesm2022/testing.mjs:2058:41)
      at _TestBedImpl.createComponent (node_modules/@angular/core/fesm2022/testing.mjs:1844:37)
      at src/app/ui/pages/studio/toolbar-dialog/field-measuring/field-measuring.component.spec.ts:128:23

    console.error
      NG0304: 'p-tabpanel' is not a known element (used in the 'FieldMeasuringComponent' component template):
      1. If 'p-tabpanel' is an Angular component, then verify that it is included in the '@Component.imports' of this component.
      2. If 'p-tabpanel' is a Web Component then add 'CUSTOM_ELEMENTS_SCHEMA' to the '@Component.schemas' of this component to suppress this message.

      at validateElementIsKnown (node_modules/@angular/core/fesm2022/core.mjs:11182:25)
      at ɵɵelementStart (node_modules/@angular/core/fesm2022/core.mjs:27876:9)
      at FieldMeasuringComponent_Template (ng:/FieldMeasuringComponent.js:187:9)
      at executeTemplate (node_modules/@angular/core/fesm2022/core.mjs:12389:9)
      at renderView (node_modules/@angular/core/fesm2022/core.mjs:12895:13)
      at renderComponent (node_modules/@angular/core/fesm2022/core.mjs:12840:5)
      at renderChildComponents (node_modules/@angular/core/fesm2022/core.mjs:12943:9)
      at renderView (node_modules/@angular/core/fesm2022/core.mjs:12923:13)
      at ComponentFactory2.create (node_modules/@angular/core/fesm2022/core.mjs:17959:17)
      at initComponent (node_modules/@angular/core/fesm2022/testing.mjs:2053:51)
      at _ZoneDelegate.invoke (node_modules/zone.js/bundles/zone.umd.js:410:32)
      at Object.onInvoke (node_modules/@angular/core/fesm2022/core.mjs:6579:33)
      at _ZoneDelegate.invoke (node_modules/zone.js/bundles/zone.umd.js:409:38)
      at ZoneImpl.run (node_modules/zone.js/bundles/zone.umd.js:145:47)
      at NgZone.run (node_modules/@angular/core/fesm2022/core.mjs:6425:28)
      at _TestBedImpl.createComponent (node_modules/@angular/core/fesm2022/testing.mjs:2058:41)
      at _TestBedImpl.createComponent (node_modules/@angular/core/fesm2022/testing.mjs:1844:37)
      at src/app/ui/pages/studio/toolbar-dialog/field-measuring/field-measuring.component.spec.ts:128:23

    console.error
      NG0304: 'app-parameter-at-15c-without-wind' is not a known element (used in the 'FieldMeasuringComponent' component template):
      1. If 'app-parameter-at-15c-without-wind' is an Angular component, then verify that it is included in the '@Component.imports' of this component.
      2. If 'app-parameter-at-15c-without-wind' is a Web Component then add 'CUSTOM_ELEMENTS_SCHEMA' to the '@Component.schemas' of this component to suppress this message.

      at validateElementIsKnown (node_modules/@angular/core/fesm2022/core.mjs:11182:25)
      at ɵɵelementStart (node_modules/@angular/core/fesm2022/core.mjs:27876:9)
      at FieldMeasuringComponent_Template (ng:/FieldMeasuringComponent.js:187:49)
      at executeTemplate (node_modules/@angular/core/fesm2022/core.mjs:12389:9)
      at renderView (node_modules/@angular/core/fesm2022/core.mjs:12895:13)
      at renderComponent (node_modules/@angular/core/fesm2022/core.mjs:12840:5)
      at renderChildComponents (node_modules/@angular/core/fesm2022/core.mjs:12943:9)
      at renderView (node_modules/@angular/core/fesm2022/core.mjs:12923:13)
      at ComponentFactory2.create (node_modules/@angular/core/fesm2022/core.mjs:17959:17)
      at initComponent (node_modules/@angular/core/fesm2022/testing.mjs:2053:51)
      at _ZoneDelegate.invoke (node_modules/zone.js/bundles/zone.umd.js:410:32)
      at Object.onInvoke (node_modules/@angular/core/fesm2022/core.mjs:6579:33)
      at _ZoneDelegate.invoke (node_modules/zone.js/bundles/zone.umd.js:409:38)
      at ZoneImpl.run (node_modules/zone.js/bundles/zone.umd.js:145:47)
      at NgZone.run (node_modules/@angular/core/fesm2022/core.mjs:6425:28)
      at _TestBedImpl.createComponent (node_modules/@angular/core/fesm2022/testing.mjs:2058:41)
      at _TestBedImpl.createComponent (node_modules/@angular/core/fesm2022/testing.mjs:1844:37)
      at src/app/ui/pages/studio/toolbar-dialog/field-measuring/field-measuring.component.spec.ts:128:23

    console.error
      NG0304: 'p-tabs' is not a known element (used in the 'FieldMeasuringComponent' component template):
      1. If 'p-tabs' is an Angular component, then verify that it is included in the '@Component.imports' of this component.
      2. If 'p-tabs' is a Web Component then add 'CUSTOM_ELEMENTS_SCHEMA' to the '@Component.schemas' of this component to suppress this message.

      at validateElementIsKnown (node_modules/@angular/core/fesm2022/core.mjs:11182:25)
      at ɵɵelementStart (node_modules/@angular/core/fesm2022/core.mjs:27876:9)
      at FieldMeasuringComponent_Template (ng:/FieldMeasuringComponent.js:148:9)
      at executeTemplate (node_modules/@angular/core/fesm2022/core.mjs:12389:9)
      at renderView (node_modules/@angular/core/fesm2022/core.mjs:12895:13)
      at renderComponent (node_modules/@angular/core/fesm2022/core.mjs:12840:5)
      at renderChildComponents (node_modules/@angular/core/fesm2022/core.mjs:12943:9)
      at renderView (node_modules/@angular/core/fesm2022/core.mjs:12923:13)
      at ComponentFactory2.create (node_modules/@angular/core/fesm2022/core.mjs:17959:17)
      at initComponent (node_modules/@angular/core/fesm2022/testing.mjs:2053:51)
      at _ZoneDelegate.invoke (node_modules/zone.js/bundles/zone.umd.js:410:32)
      at Object.onInvoke (node_modules/@angular/core/fesm2022/core.mjs:6579:33)
      at _ZoneDelegate.invoke (node_modules/zone.js/bundles/zone.umd.js:409:38)
      at ZoneImpl.run (node_modules/zone.js/bundles/zone.umd.js:145:47)
      at NgZone.run (node_modules/@angular/core/fesm2022/core.mjs:6425:28)
      at _TestBedImpl.createComponent (node_modules/@angular/core/fesm2022/testing.mjs:2058:41)
      at _TestBedImpl.createComponent (node_modules/@angular/core/fesm2022/testing.mjs:1844:37)
      at src/app/ui/pages/studio/toolbar-dialog/field-measuring/field-measuring.component.spec.ts:128:23

    console.error
      NG0304: 'p-tablist' is not a known element (used in the 'FieldMeasuringComponent' component template):
      1. If 'p-tablist' is an Angular component, then verify that it is included in the '@Component.imports' of this component.
      2. If 'p-tablist' is a Web Component then add 'CUSTOM_ELEMENTS_SCHEMA' to the '@Component.schemas' of this component to suppress this message.

      at validateElementIsKnown (node_modules/@angular/core/fesm2022/core.mjs:11182:25)
      at ɵɵelementStart (node_modules/@angular/core/fesm2022/core.mjs:27876:9)
      at FieldMeasuringComponent_Template (ng:/FieldMeasuringComponent.js:154:9)
      at executeTemplate (node_modules/@angular/core/fesm2022/core.mjs:12389:9)
      at renderView (node_modules/@angular/core/fesm2022/core.mjs:12895:13)
      at renderComponent (node_modules/@angular/core/fesm2022/core.mjs:12840:5)
      at renderChildComponents (node_modules/@angular/core/fesm2022/core.mjs:12943:9)
      at renderView (node_modules/@angular/core/fesm2022/core.mjs:12923:13)
      at ComponentFactory2.create (node_modules/@angular/core/fesm2022/core.mjs:17959:17)
      at initComponent (node_modules/@angular/core/fesm2022/testing.mjs:2053:51)
      at _ZoneDelegate.invoke (node_modules/zone.js/bundles/zone.umd.js:410:32)
      at Object.onInvoke (node_modules/@angular/core/fesm2022/core.mjs:6579:33)
      at _ZoneDelegate.invoke (node_modules/zone.js/bundles/zone.umd.js:409:38)
      at ZoneImpl.run (node_modules/zone.js/bundles/zone.umd.js:145:47)
      at NgZone.run (node_modules/@angular/core/fesm2022/core.mjs:6425:28)
      at _TestBedImpl.createComponent (node_modules/@angular/core/fesm2022/testing.mjs:2058:41)
      at _TestBedImpl.createComponent (node_modules/@angular/core/fesm2022/testing.mjs:1844:37)
      at src/app/ui/pages/studio/toolbar-dialog/field-measuring/field-measuring.component.spec.ts:128:23

    console.error
      NG0304: 'p-tab' is not a known element (used in the 'FieldMeasuringComponent' component template):
      1. If 'p-tab' is an Angular component, then verify that it is included in the '@Component.imports' of this component.
      2. If 'p-tab' is a Web Component then add 'CUSTOM_ELEMENTS_SCHEMA' to the '@Component.schemas' of this component to suppress this message.

      at validateElementIsKnown (node_modules/@angular/core/fesm2022/core.mjs:11182:25)
      at ɵɵelementStart (node_modules/@angular/core/fesm2022/core.mjs:27876:9)
      at FieldMeasuringComponent_Template (ng:/FieldMeasuringComponent.js:154:44)
      at executeTemplate (node_modules/@angular/core/fesm2022/core.mjs:12389:9)
      at renderView (node_modules/@angular/core/fesm2022/core.mjs:12895:13)
      at renderComponent (node_modules/@angular/core/fesm2022/core.mjs:12840:5)
      at renderChildComponents (node_modules/@angular/core/fesm2022/core.mjs:12943:9)
      at renderView (node_modules/@angular/core/fesm2022/core.mjs:12923:13)
      at ComponentFactory2.create (node_modules/@angular/core/fesm2022/core.mjs:17959:17)
      at initComponent (node_modules/@angular/core/fesm2022/testing.mjs:2053:51)
      at _ZoneDelegate.invoke (node_modules/zone.js/bundles/zone.umd.js:410:32)
      at Object.onInvoke (node_modules/@angular/core/fesm2022/core.mjs:6579:33)
      at _ZoneDelegate.invoke (node_modules/zone.js/bundles/zone.umd.js:409:38)
      at ZoneImpl.run (node_modules/zone.js/bundles/zone.umd.js:145:47)
      at NgZone.run (node_modules/@angular/core/fesm2022/core.mjs:6425:28)
      at _TestBedImpl.createComponent (node_modules/@angular/core/fesm2022/testing.mjs:2058:41)
      at _TestBedImpl.createComponent (node_modules/@angular/core/fesm2022/testing.mjs:1844:37)
      at src/app/ui/pages/studio/toolbar-dialog/field-measuring/field-measuring.component.spec.ts:128:23

    console.error
      NG0304: 'p-tab' is not a known element (used in the 'FieldMeasuringComponent' component template):
      1. If 'p-tab' is an Angular component, then verify that it is included in the '@Component.imports' of this component.
      2. If 'p-tab' is a Web Component then add 'CUSTOM_ELEMENTS_SCHEMA' to the '@Component.schemas' of this component to suppress this message.

      at validateElementIsKnown (node_modules/@angular/core/fesm2022/core.mjs:11182:25)
      at ɵɵelementStart (node_modules/@angular/core/fesm2022/core.mjs:27876:9)
      at FieldMeasuringComponent_Template (ng:/FieldMeasuringComponent.js:157:9)
      at executeTemplate (node_modules/@angular/core/fesm2022/core.mjs:12389:9)
      at renderView (node_modules/@angular/core/fesm2022/core.mjs:12895:13)
      at renderComponent (node_modules/@angular/core/fesm2022/core.mjs:12840:5)
      at renderChildComponents (node_modules/@angular/core/fesm2022/core.mjs:12943:9)
      at renderView (node_modules/@angular/core/fesm2022/core.mjs:12923:13)
      at ComponentFactory2.create (node_modules/@angular/core/fesm2022/core.mjs:17959:17)
      at initComponent (node_modules/@angular/core/fesm2022/testing.mjs:2053:51)
      at _ZoneDelegate.invoke (node_modules/zone.js/bundles/zone.umd.js:410:32)
      at Object.onInvoke (node_modules/@angular/core/fesm2022/core.mjs:6579:33)
      at _ZoneDelegate.invoke (node_modules/zone.js/bundles/zone.umd.js:409:38)
      at ZoneImpl.run (node_modules/zone.js/bundles/zone.umd.js:145:47)
      at NgZone.run (node_modules/@angular/core/fesm2022/core.mjs:6425:28)
      at _TestBedImpl.createComponent (node_modules/@angular/core/fesm2022/testing.mjs:2058:41)
      at _TestBedImpl.createComponent (node_modules/@angular/core/fesm2022/testing.mjs:1844:37)
      at src/app/ui/pages/studio/toolbar-dialog/field-measuring/field-measuring.component.spec.ts:128:23

    console.error
      NG0304: 'p-tab' is not a known element (used in the 'FieldMeasuringComponent' component template):
      1. If 'p-tab' is an Angular component, then verify that it is included in the '@Component.imports' of this component.
      2. If 'p-tab' is a Web Component then add 'CUSTOM_ELEMENTS_SCHEMA' to the '@Component.schemas' of this component to suppress this message.

      at validateElementIsKnown (node_modules/@angular/core/fesm2022/core.mjs:11182:25)
      at ɵɵelementStart (node_modules/@angular/core/fesm2022/core.mjs:27876:9)
      at FieldMeasuringComponent_Template (ng:/FieldMeasuringComponent.js:160:9)
      at executeTemplate (node_modules/@angular/core/fesm2022/core.mjs:12389:9)
      at renderView (node_modules/@angular/core/fesm2022/core.mjs:12895:13)
      at renderComponent (node_modules/@angular/core/fesm2022/core.mjs:12840:5)
      at renderChildComponents (node_modules/@angular/core/fesm2022/core.mjs:12943:9)
      at renderView (node_modules/@angular/core/fesm2022/core.mjs:12923:13)
      at ComponentFactory2.create (node_modules/@angular/core/fesm2022/core.mjs:17959:17)
      at initComponent (node_modules/@angular/core/fesm2022/testing.mjs:2053:51)
      at _ZoneDelegate.invoke (node_modules/zone.js/bundles/zone.umd.js:410:32)
      at Object.onInvoke (node_modules/@angular/core/fesm2022/core.mjs:6579:33)
      at _ZoneDelegate.invoke (node_modules/zone.js/bundles/zone.umd.js:409:38)
      at ZoneImpl.run (node_modules/zone.js/bundles/zone.umd.js:145:47)
      at NgZone.run (node_modules/@angular/core/fesm2022/core.mjs:6425:28)
      at _TestBedImpl.createComponent (node_modules/@angular/core/fesm2022/testing.mjs:2058:41)
      at _TestBedImpl.createComponent (node_modules/@angular/core/fesm2022/testing.mjs:1844:37)
      at src/app/ui/pages/studio/toolbar-dialog/field-measuring/field-measuring.component.spec.ts:128:23

    console.error
      NG0304: 'p-tab' is not a known element (used in the 'FieldMeasuringComponent' component template):
      1. If 'p-tab' is an Angular component, then verify that it is included in the '@Component.imports' of this component.
      2. If 'p-tab' is a Web Component then add 'CUSTOM_ELEMENTS_SCHEMA' to the '@Component.schemas' of this component to suppress this message.

      at validateElementIsKnown (node_modules/@angular/core/fesm2022/core.mjs:11182:25)
      at ɵɵelementStart (node_modules/@angular/core/fesm2022/core.mjs:27876:9)
      at FieldMeasuringComponent_Template (ng:/FieldMeasuringComponent.js:163:9)
      at executeTemplate (node_modules/@angular/core/fesm2022/core.mjs:12389:9)
      at renderView (node_modules/@angular/core/fesm2022/core.mjs:12895:13)
      at renderComponent (node_modules/@angular/core/fesm2022/core.mjs:12840:5)
      at renderChildComponents (node_modules/@angular/core/fesm2022/core.mjs:12943:9)
      at renderView (node_modules/@angular/core/fesm2022/core.mjs:12923:13)
      at ComponentFactory2.create (node_modules/@angular/core/fesm2022/core.mjs:17959:17)
      at initComponent (node_modules/@angular/core/fesm2022/testing.mjs:2053:51)
      at _ZoneDelegate.invoke (node_modules/zone.js/bundles/zone.umd.js:410:32)
      at Object.onInvoke (node_modules/@angular/core/fesm2022/core.mjs:6579:33)
      at _ZoneDelegate.invoke (node_modules/zone.js/bundles/zone.umd.js:409:38)
      at ZoneImpl.run (node_modules/zone.js/bundles/zone.umd.js:145:47)
      at NgZone.run (node_modules/@angular/core/fesm2022/core.mjs:6425:28)
      at _TestBedImpl.createComponent (node_modules/@angular/core/fesm2022/testing.mjs:2058:41)
      at _TestBedImpl.createComponent (node_modules/@angular/core/fesm2022/testing.mjs:1844:37)
      at src/app/ui/pages/studio/toolbar-dialog/field-measuring/field-measuring.component.spec.ts:128:23

    console.error
      NG0304: 'p-tabpanel' is not a known element (used in the 'FieldMeasuringComponent' component template):
      1. If 'p-tabpanel' is an Angular component, then verify that it is included in the '@Component.imports' of this component.
      2. If 'p-tabpanel' is a Web Component then add 'CUSTOM_ELEMENTS_SCHEMA' to the '@Component.schemas' of this component to suppress this message.

      at validateElementIsKnown (node_modules/@angular/core/fesm2022/core.mjs:11182:25)
      at ɵɵelementStart (node_modules/@angular/core/fesm2022/core.mjs:27876:9)
      at FieldMeasuringComponent_Template (ng:/FieldMeasuringComponent.js:166:9)
      at executeTemplate (node_modules/@angular/core/fesm2022/core.mjs:12389:9)
      at renderView (node_modules/@angular/core/fesm2022/core.mjs:12895:13)
      at renderComponent (node_modules/@angular/core/fesm2022/core.mjs:12840:5)
      at renderChildComponents (node_modules/@angular/core/fesm2022/core.mjs:12943:9)
      at renderView (node_modules/@angular/core/fesm2022/core.mjs:12923:13)
      at ComponentFactory2.create (node_modules/@angular/core/fesm2022/core.mjs:17959:17)
      at initComponent (node_modules/@angular/core/fesm2022/testing.mjs:2053:51)
      at _ZoneDelegate.invoke (node_modules/zone.js/bundles/zone.umd.js:410:32)
      at Object.onInvoke (node_modules/@angular/core/fesm2022/core.mjs:6579:33)
      at _ZoneDelegate.invoke (node_modules/zone.js/bundles/zone.umd.js:409:38)
      at ZoneImpl.run (node_modules/zone.js/bundles/zone.umd.js:145:47)
      at NgZone.run (node_modules/@angular/core/fesm2022/core.mjs:6425:28)
      at _TestBedImpl.createComponent (node_modules/@angular/core/fesm2022/testing.mjs:2058:41)
      at _TestBedImpl.createComponent (node_modules/@angular/core/fesm2022/testing.mjs:1844:37)
      at src/app/ui/pages/studio/toolbar-dialog/field-measuring/field-measuring.component.spec.ts:128:23

    console.error
      NG0304: 'p-tabpanel' is not a known element (used in the 'FieldMeasuringComponent' component template):
      1. If 'p-tabpanel' is an Angular component, then verify that it is included in the '@Component.imports' of this component.
      2. If 'p-tabpanel' is a Web Component then add 'CUSTOM_ELEMENTS_SCHEMA' to the '@Component.schemas' of this component to suppress this message.

      at validateElementIsKnown (node_modules/@angular/core/fesm2022/core.mjs:11182:25)
      at ɵɵelementStart (node_modules/@angular/core/fesm2022/core.mjs:27876:9)
      at FieldMeasuringComponent_Template (ng:/FieldMeasuringComponent.js:172:9)
      at executeTemplate (node_modules/@angular/core/fesm2022/core.mjs:12389:9)
      at renderView (node_modules/@angular/core/fesm2022/core.mjs:12895:13)
      at renderComponent (node_modules/@angular/core/fesm2022/core.mjs:12840:5)
      at renderChildComponents (node_modules/@angular/core/fesm2022/core.mjs:12943:9)
      at renderView (node_modules/@angular/core/fesm2022/core.mjs:12923:13)
      at ComponentFactory2.create (node_modules/@angular/core/fesm2022/core.mjs:17959:17)
      at initComponent (node_modules/@angular/core/fesm2022/testing.mjs:2053:51)
      at _ZoneDelegate.invoke (node_modules/zone.js/bundles/zone.umd.js:410:32)
      at Object.onInvoke (node_modules/@angular/core/fesm2022/core.mjs:6579:33)
      at _ZoneDelegate.invoke (node_modules/zone.js/bundles/zone.umd.js:409:38)
      at ZoneImpl.run (node_modules/zone.js/bundles/zone.umd.js:145:47)
      at NgZone.run (node_modules/@angular/core/fesm2022/core.mjs:6425:28)
      at _TestBedImpl.createComponent (node_modules/@angular/core/fesm2022/testing.mjs:2058:41)
      at _TestBedImpl.createComponent (node_modules/@angular/core/fesm2022/testing.mjs:1844:37)
      at src/app/ui/pages/studio/toolbar-dialog/field-measuring/field-measuring.component.spec.ts:128:23

    console.error
      NG0304: 'p-tabpanel' is not a known element (used in the 'FieldMeasuringComponent' component template):
      1. If 'p-tabpanel' is an Angular component, then verify that it is included in the '@Component.imports' of this component.
      2. If 'p-tabpanel' is a Web Component then add 'CUSTOM_ELEMENTS_SCHEMA' to the '@Component.schemas' of this component to suppress this message.

      at validateElementIsKnown (node_modules/@angular/core/fesm2022/core.mjs:11182:25)
      at ɵɵelementStart (node_modules/@angular/core/fesm2022/core.mjs:27876:9)
      at FieldMeasuringComponent_Template (ng:/FieldMeasuringComponent.js:179:9)
      at executeTemplate (node_modules/@angular/core/fesm2022/core.mjs:12389:9)
      at renderView (node_modules/@angular/core/fesm2022/core.mjs:12895:13)
      at renderComponent (node_modules/@angular/core/fesm2022/core.mjs:12840:5)
      at renderChildComponents (node_modules/@angular/core/fesm2022/core.mjs:12943:9)
      at renderView (node_modules/@angular/core/fesm2022/core.mjs:12923:13)
      at ComponentFactory2.create (node_modules/@angular/core/fesm2022/core.mjs:17959:17)
      at initComponent (node_modules/@angular/core/fesm2022/testing.mjs:2053:51)
      at _ZoneDelegate.invoke (node_modules/zone.js/bundles/zone.umd.js:410:32)
      at Object.onInvoke (node_modules/@angular/core/fesm2022/core.mjs:6579:33)
      at _ZoneDelegate.invoke (node_modules/zone.js/bundles/zone.umd.js:409:38)
      at ZoneImpl.run (node_modules/zone.js/bundles/zone.umd.js:145:47)
      at NgZone.run (node_modules/@angular/core/fesm2022/core.mjs:6425:28)
      at _TestBedImpl.createComponent (node_modules/@angular/core/fesm2022/testing.mjs:2058:41)
      at _TestBedImpl.createComponent (node_modules/@angular/core/fesm2022/testing.mjs:1844:37)
      at src/app/ui/pages/studio/toolbar-dialog/field-measuring/field-measuring.component.spec.ts:128:23

    console.error
      NG0304: 'app-temperature-calculation' is not a known element (used in the 'FieldMeasuringComponent' component template):
      1. If 'app-temperature-calculation' is an Angular component, then verify that it is included in the '@Component.imports' of this component.
      2. If 'app-temperature-calculation' is a Web Component then add 'CUSTOM_ELEMENTS_SCHEMA' to the '@Component.schemas' of this component to suppress this message.

      at validateElementIsKnown (node_modules/@angular/core/fesm2022/core.mjs:11182:25)
      at ɵɵelementStart (node_modules/@angular/core/fesm2022/core.mjs:27876:9)
      at FieldMeasuringComponent_Template (ng:/FieldMeasuringComponent.js:179:49)
      at executeTemplate (node_modules/@angular/core/fesm2022/core.mjs:12389:9)
      at renderView (node_modules/@angular/core/fesm2022/core.mjs:12895:13)
      at renderComponent (node_modules/@angular/core/fesm2022/core.mjs:12840:5)
      at renderChildComponents (node_modules/@angular/core/fesm2022/core.mjs:12943:9)
      at renderView (node_modules/@angular/core/fesm2022/core.mjs:12923:13)
      at ComponentFactory2.create (node_modules/@angular/core/fesm2022/core.mjs:17959:17)
      at initComponent (node_modules/@angular/core/fesm2022/testing.mjs:2053:51)
      at _ZoneDelegate.invoke (node_modules/zone.js/bundles/zone.umd.js:410:32)
      at Object.onInvoke (node_modules/@angular/core/fesm2022/core.mjs:6579:33)
      at _ZoneDelegate.invoke (node_modules/zone.js/bundles/zone.umd.js:409:38)
      at ZoneImpl.run (node_modules/zone.js/bundles/zone.umd.js:145:47)
      at NgZone.run (node_modules/@angular/core/fesm2022/core.mjs:6425:28)
      at _TestBedImpl.createComponent (node_modules/@angular/core/fesm2022/testing.mjs:2058:41)
      at _TestBedImpl.createComponent (node_modules/@angular/core/fesm2022/testing.mjs:1844:37)
      at src/app/ui/pages/studio/toolbar-dialog/field-measuring/field-measuring.component.spec.ts:128:23

    console.error
      NG0304: 'p-tabpanel' is not a known element (used in the 'FieldMeasuringComponent' component template):
      1. If 'p-tabpanel' is an Angular component, then verify that it is included in the '@Component.imports' of this component.
      2. If 'p-tabpanel' is a Web Component then add 'CUSTOM_ELEMENTS_SCHEMA' to the '@Component.schemas' of this component to suppress this message.

      at validateElementIsKnown (node_modules/@angular/core/fesm2022/core.mjs:11182:25)
      at ɵɵelementStart (node_modules/@angular/core/fesm2022/core.mjs:27876:9)
      at FieldMeasuringComponent_Template (ng:/FieldMeasuringComponent.js:187:9)
      at executeTemplate (node_modules/@angular/core/fesm2022/core.mjs:12389:9)
      at renderView (node_modules/@angular/core/fesm2022/core.mjs:12895:13)
      at renderComponent (node_modules/@angular/core/fesm2022/core.mjs:12840:5)
      at renderChildComponents (node_modules/@angular/core/fesm2022/core.mjs:12943:9)
      at renderView (node_modules/@angular/core/fesm2022/core.mjs:12923:13)
      at ComponentFactory2.create (node_modules/@angular/core/fesm2022/core.mjs:17959:17)
      at initComponent (node_modules/@angular/core/fesm2022/testing.mjs:2053:51)
      at _ZoneDelegate.invoke (node_modules/zone.js/bundles/zone.umd.js:410:32)
      at Object.onInvoke (node_modules/@angular/core/fesm2022/core.mjs:6579:33)
      at _ZoneDelegate.invoke (node_modules/zone.js/bundles/zone.umd.js:409:38)
      at ZoneImpl.run (node_modules/zone.js/bundles/zone.umd.js:145:47)
      at NgZone.run (node_modules/@angular/core/fesm2022/core.mjs:6425:28)
      at _TestBedImpl.createComponent (node_modules/@angular/core/fesm2022/testing.mjs:2058:41)
      at _TestBedImpl.createComponent (node_modules/@angular/core/fesm2022/testing.mjs:1844:37)
      at src/app/ui/pages/studio/toolbar-dialog/field-measuring/field-measuring.component.spec.ts:128:23

    console.error
      NG0304: 'app-parameter-at-15c-without-wind' is not a known element (used in the 'FieldMeasuringComponent' component template):
      1. If 'app-parameter-at-15c-without-wind' is an Angular component, then verify that it is included in the '@Component.imports' of this component.
      2. If 'app-parameter-at-15c-without-wind' is a Web Component then add 'CUSTOM_ELEMENTS_SCHEMA' to the '@Component.schemas' of this component to suppress this message.

      at validateElementIsKnown (node_modules/@angular/core/fesm2022/core.mjs:11182:25)
      at ɵɵelementStart (node_modules/@angular/core/fesm2022/core.mjs:27876:9)
      at FieldMeasuringComponent_Template (ng:/FieldMeasuringComponent.js:187:49)
      at executeTemplate (node_modules/@angular/core/fesm2022/core.mjs:12389:9)
      at renderView (node_modules/@angular/core/fesm2022/core.mjs:12895:13)
      at renderComponent (node_modules/@angular/core/fesm2022/core.mjs:12840:5)
      at renderChildComponents (node_modules/@angular/core/fesm2022/core.mjs:12943:9)
      at renderView (node_modules/@angular/core/fesm2022/core.mjs:12923:13)
      at ComponentFactory2.create (node_modules/@angular/core/fesm2022/core.mjs:17959:17)
      at initComponent (node_modules/@angular/core/fesm2022/testing.mjs:2053:51)
      at _ZoneDelegate.invoke (node_modules/zone.js/bundles/zone.umd.js:410:32)
      at Object.onInvoke (node_modules/@angular/core/fesm2022/core.mjs:6579:33)
      at _ZoneDelegate.invoke (node_modules/zone.js/bundles/zone.umd.js:409:38)
      at ZoneImpl.run (node_modules/zone.js/bundles/zone.umd.js:145:47)
      at NgZone.run (node_modules/@angular/core/fesm2022/core.mjs:6425:28)
      at _TestBedImpl.createComponent (node_modules/@angular/core/fesm2022/testing.mjs:2058:41)
      at _TestBedImpl.createComponent (node_modules/@angular/core/fesm2022/testing.mjs:1844:37)
      at src/app/ui/pages/studio/toolbar-dialog/field-measuring/field-measuring.component.spec.ts:128:23

    console.error
      NG0304: 'p-tabs' is not a known element (used in the 'FieldMeasuringComponent' component template):
      1. If 'p-tabs' is an Angular component, then verify that it is included in the '@Component.imports' of this component.
      2. If 'p-tabs' is a Web Component then add 'CUSTOM_ELEMENTS_SCHEMA' to the '@Component.schemas' of this component to suppress this message.

      at validateElementIsKnown (node_modules/@angular/core/fesm2022/core.mjs:11182:25)
      at ɵɵelementStart (node_modules/@angular/core/fesm2022/core.mjs:27876:9)
      at FieldMeasuringComponent_Template (ng:/FieldMeasuringComponent.js:148:9)
      at executeTemplate (node_modules/@angular/core/fesm2022/core.mjs:12389:9)
      at renderView (node_modules/@angular/core/fesm2022/core.mjs:12895:13)
      at renderComponent (node_modules/@angular/core/fesm2022/core.mjs:12840:5)
      at renderChildComponents (node_modules/@angular/core/fesm2022/core.mjs:12943:9)
      at renderView (node_modules/@angular/core/fesm2022/core.mjs:12923:13)
      at ComponentFactory2.create (node_modules/@angular/core/fesm2022/core.mjs:17959:17)
      at initComponent (node_modules/@angular/core/fesm2022/testing.mjs:2053:51)
      at _ZoneDelegate.invoke (node_modules/zone.js/bundles/zone.umd.js:410:32)
      at Object.onInvoke (node_modules/@angular/core/fesm2022/core.mjs:6579:33)
      at _ZoneDelegate.invoke (node_modules/zone.js/bundles/zone.umd.js:409:38)
      at ZoneImpl.run (node_modules/zone.js/bundles/zone.umd.js:145:47)
      at NgZone.run (node_modules/@angular/core/fesm2022/core.mjs:6425:28)
      at _TestBedImpl.createComponent (node_modules/@angular/core/fesm2022/testing.mjs:2058:41)
      at _TestBedImpl.createComponent (node_modules/@angular/core/fesm2022/testing.mjs:1844:37)
      at src/app/ui/pages/studio/toolbar-dialog/field-measuring/field-measuring.component.spec.ts:128:23

    console.error
      NG0304: 'p-tablist' is not a known element (used in the 'FieldMeasuringComponent' component template):
      1. If 'p-tablist' is an Angular component, then verify that it is included in the '@Component.imports' of this component.
      2. If 'p-tablist' is a Web Component then add 'CUSTOM_ELEMENTS_SCHEMA' to the '@Component.schemas' of this component to suppress this message.

      at validateElementIsKnown (node_modules/@angular/core/fesm2022/core.mjs:11182:25)
      at ɵɵelementStart (node_modules/@angular/core/fesm2022/core.mjs:27876:9)
      at FieldMeasuringComponent_Template (ng:/FieldMeasuringComponent.js:154:9)
      at executeTemplate (node_modules/@angular/core/fesm2022/core.mjs:12389:9)
      at renderView (node_modules/@angular/core/fesm2022/core.mjs:12895:13)
      at renderComponent (node_modules/@angular/core/fesm2022/core.mjs:12840:5)
      at renderChildComponents (node_modules/@angular/core/fesm2022/core.mjs:12943:9)
      at renderView (node_modules/@angular/core/fesm2022/core.mjs:12923:13)
      at ComponentFactory2.create (node_modules/@angular/core/fesm2022/core.mjs:17959:17)
      at initComponent (node_modules/@angular/core/fesm2022/testing.mjs:2053:51)
      at _ZoneDelegate.invoke (node_modules/zone.js/bundles/zone.umd.js:410:32)
      at Object.onInvoke (node_modules/@angular/core/fesm2022/core.mjs:6579:33)
      at _ZoneDelegate.invoke (node_modules/zone.js/bundles/zone.umd.js:409:38)
      at ZoneImpl.run (node_modules/zone.js/bundles/zone.umd.js:145:47)
      at NgZone.run (node_modules/@angular/core/fesm2022/core.mjs:6425:28)
      at _TestBedImpl.createComponent (node_modules/@angular/core/fesm2022/testing.mjs:2058:41)
      at _TestBedImpl.createComponent (node_modules/@angular/core/fesm2022/testing.mjs:1844:37)
      at src/app/ui/pages/studio/toolbar-dialog/field-measuring/field-measuring.component.spec.ts:128:23

    console.error
      NG0304: 'p-tab' is not a known element (used in the 'FieldMeasuringComponent' component template):
      1. If 'p-tab' is an Angular component, then verify that it is included in the '@Component.imports' of this component.
      2. If 'p-tab' is a Web Component then add 'CUSTOM_ELEMENTS_SCHEMA' to the '@Component.schemas' of this component to suppress this message.

      at validateElementIsKnown (node_modules/@angular/core/fesm2022/core.mjs:11182:25)
      at ɵɵelementStart (node_modules/@angular/core/fesm2022/core.mjs:27876:9)
      at FieldMeasuringComponent_Template (ng:/FieldMeasuringComponent.js:154:44)
      at executeTemplate (node_modules/@angular/core/fesm2022/core.mjs:12389:9)
      at renderView (node_modules/@angular/core/fesm2022/core.mjs:12895:13)
      at renderComponent (node_modules/@angular/core/fesm2022/core.mjs:12840:5)
      at renderChildComponents (node_modules/@angular/core/fesm2022/core.mjs:12943:9)
      at renderView (node_modules/@angular/core/fesm2022/core.mjs:12923:13)
      at ComponentFactory2.create (node_modules/@angular/core/fesm2022/core.mjs:17959:17)
      at initComponent (node_modules/@angular/core/fesm2022/testing.mjs:2053:51)
      at _ZoneDelegate.invoke (node_modules/zone.js/bundles/zone.umd.js:410:32)
      at Object.onInvoke (node_modules/@angular/core/fesm2022/core.mjs:6579:33)
      at _ZoneDelegate.invoke (node_modules/zone.js/bundles/zone.umd.js:409:38)
      at ZoneImpl.run (node_modules/zone.js/bundles/zone.umd.js:145:47)
      at NgZone.run (node_modules/@angular/core/fesm2022/core.mjs:6425:28)
      at _TestBedImpl.createComponent (node_modules/@angular/core/fesm2022/testing.mjs:2058:41)
      at _TestBedImpl.createComponent (node_modules/@angular/core/fesm2022/testing.mjs:1844:37)
      at src/app/ui/pages/studio/toolbar-dialog/field-measuring/field-measuring.component.spec.ts:128:23

    console.error
      NG0304: 'p-tab' is not a known element (used in the 'FieldMeasuringComponent' component template):
      1. If 'p-tab' is an Angular component, then verify that it is included in the '@Component.imports' of this component.
      2. If 'p-tab' is a Web Component then add 'CUSTOM_ELEMENTS_SCHEMA' to the '@Component.schemas' of this component to suppress this message.

      at validateElementIsKnown (node_modules/@angular/core/fesm2022/core.mjs:11182:25)
      at ɵɵelementStart (node_modules/@angular/core/fesm2022/core.mjs:27876:9)
      at FieldMeasuringComponent_Template (ng:/FieldMeasuringComponent.js:157:9)
      at executeTemplate (node_modules/@angular/core/fesm2022/core.mjs:12389:9)
      at renderView (node_modules/@angular/core/fesm2022/core.mjs:12895:13)
      at renderComponent (node_modules/@angular/core/fesm2022/core.mjs:12840:5)
      at renderChildComponents (node_modules/@angular/core/fesm2022/core.mjs:12943:9)
      at renderView (node_modules/@angular/core/fesm2022/core.mjs:12923:13)
      at ComponentFactory2.create (node_modules/@angular/core/fesm2022/core.mjs:17959:17)
      at initComponent (node_modules/@angular/core/fesm2022/testing.mjs:2053:51)
      at _ZoneDelegate.invoke (node_modules/zone.js/bundles/zone.umd.js:410:32)
      at Object.onInvoke (node_modules/@angular/core/fesm2022/core.mjs:6579:33)
      at _ZoneDelegate.invoke (node_modules/zone.js/bundles/zone.umd.js:409:38)
      at ZoneImpl.run (node_modules/zone.js/bundles/zone.umd.js:145:47)
      at NgZone.run (node_modules/@angular/core/fesm2022/core.mjs:6425:28)
      at _TestBedImpl.createComponent (node_modules/@angular/core/fesm2022/testing.mjs:2058:41)
      at _TestBedImpl.createComponent (node_modules/@angular/core/fesm2022/testing.mjs:1844:37)
      at src/app/ui/pages/studio/toolbar-dialog/field-measuring/field-measuring.component.spec.ts:128:23

    console.error
      NG0304: 'p-tab' is not a known element (used in the 'FieldMeasuringComponent' component template):
      1. If 'p-tab' is an Angular component, then verify that it is included in the '@Component.imports' of this component.
      2. If 'p-tab' is a Web Component then add 'CUSTOM_ELEMENTS_SCHEMA' to the '@Component.schemas' of this component to suppress this message.

      at validateElementIsKnown (node_modules/@angular/core/fesm2022/core.mjs:11182:25)
      at ɵɵelementStart (node_modules/@angular/core/fesm2022/core.mjs:27876:9)
      at FieldMeasuringComponent_Template (ng:/FieldMeasuringComponent.js:160:9)
      at executeTemplate (node_modules/@angular/core/fesm2022/core.mjs:12389:9)
      at renderView (node_modules/@angular/core/fesm2022/core.mjs:12895:13)
      at renderComponent (node_modules/@angular/core/fesm2022/core.mjs:12840:5)
      at renderChildComponents (node_modules/@angular/core/fesm2022/core.mjs:12943:9)
      at renderView (node_modules/@angular/core/fesm2022/core.mjs:12923:13)
      at ComponentFactory2.create (node_modules/@angular/core/fesm2022/core.mjs:17959:17)
      at initComponent (node_modules/@angular/core/fesm2022/testing.mjs:2053:51)
      at _ZoneDelegate.invoke (node_modules/zone.js/bundles/zone.umd.js:410:32)
      at Object.onInvoke (node_modules/@angular/core/fesm2022/core.mjs:6579:33)
      at _ZoneDelegate.invoke (node_modules/zone.js/bundles/zone.umd.js:409:38)
      at ZoneImpl.run (node_modules/zone.js/bundles/zone.umd.js:145:47)
      at NgZone.run (node_modules/@angular/core/fesm2022/core.mjs:6425:28)
      at _TestBedImpl.createComponent (node_modules/@angular/core/fesm2022/testing.mjs:2058:41)
      at _TestBedImpl.createComponent (node_modules/@angular/core/fesm2022/testing.mjs:1844:37)
      at src/app/ui/pages/studio/toolbar-dialog/field-measuring/field-measuring.component.spec.ts:128:23

    console.error
      NG0304: 'p-tab' is not a known element (used in the 'FieldMeasuringComponent' component template):
      1. If 'p-tab' is an Angular component, then verify that it is included in the '@Component.imports' of this component.
      2. If 'p-tab' is a Web Component then add 'CUSTOM_ELEMENTS_SCHEMA' to the '@Component.schemas' of this component to suppress this message.

      at validateElementIsKnown (node_modules/@angular/core/fesm2022/core.mjs:11182:25)
      at ɵɵelementStart (node_modules/@angular/core/fesm2022/core.mjs:27876:9)
      at FieldMeasuringComponent_Template (ng:/FieldMeasuringComponent.js:163:9)
      at executeTemplate (node_modules/@angular/core/fesm2022/core.mjs:12389:9)
      at renderView (node_modules/@angular/core/fesm2022/core.mjs:12895:13)
      at renderComponent (node_modules/@angular/core/fesm2022/core.mjs:12840:5)
      at renderChildComponents (node_modules/@angular/core/fesm2022/core.mjs:12943:9)
      at renderView (node_modules/@angular/core/fesm2022/core.mjs:12923:13)
      at ComponentFactory2.create (node_modules/@angular/core/fesm2022/core.mjs:17959:17)
      at initComponent (node_modules/@angular/core/fesm2022/testing.mjs:2053:51)
      at _ZoneDelegate.invoke (node_modules/zone.js/bundles/zone.umd.js:410:32)
      at Object.onInvoke (node_modules/@angular/core/fesm2022/core.mjs:6579:33)
      at _ZoneDelegate.invoke (node_modules/zone.js/bundles/zone.umd.js:409:38)
      at ZoneImpl.run (node_modules/zone.js/bundles/zone.umd.js:145:47)
      at NgZone.run (node_modules/@angular/core/fesm2022/core.mjs:6425:28)
      at _TestBedImpl.createComponent (node_modules/@angular/core/fesm2022/testing.mjs:2058:41)
      at _TestBedImpl.createComponent (node_modules/@angular/core/fesm2022/testing.mjs:1844:37)
      at src/app/ui/pages/studio/toolbar-dialog/field-measuring/field-measuring.component.spec.ts:128:23

    console.error
      NG0304: 'p-tabpanel' is not a known element (used in the 'FieldMeasuringComponent' component template):
      1. If 'p-tabpanel' is an Angular component, then verify that it is included in the '@Component.imports' of this component.
      2. If 'p-tabpanel' is a Web Component then add 'CUSTOM_ELEMENTS_SCHEMA' to the '@Component.schemas' of this component to suppress this message.

      at validateElementIsKnown (node_modules/@angular/core/fesm2022/core.mjs:11182:25)
      at ɵɵelementStart (node_modules/@angular/core/fesm2022/core.mjs:27876:9)
      at FieldMeasuringComponent_Template (ng:/FieldMeasuringComponent.js:166:9)
      at executeTemplate (node_modules/@angular/core/fesm2022/core.mjs:12389:9)
      at renderView (node_modules/@angular/core/fesm2022/core.mjs:12895:13)
      at renderComponent (node_modules/@angular/core/fesm2022/core.mjs:12840:5)
      at renderChildComponents (node_modules/@angular/core/fesm2022/core.mjs:12943:9)
      at renderView (node_modules/@angular/core/fesm2022/core.mjs:12923:13)
      at ComponentFactory2.create (node_modules/@angular/core/fesm2022/core.mjs:17959:17)
      at initComponent (node_modules/@angular/core/fesm2022/testing.mjs:2053:51)
      at _ZoneDelegate.invoke (node_modules/zone.js/bundles/zone.umd.js:410:32)
      at Object.onInvoke (node_modules/@angular/core/fesm2022/core.mjs:6579:33)
      at _ZoneDelegate.invoke (node_modules/zone.js/bundles/zone.umd.js:409:38)
      at ZoneImpl.run (node_modules/zone.js/bundles/zone.umd.js:145:47)
      at NgZone.run (node_modules/@angular/core/fesm2022/core.mjs:6425:28)
      at _TestBedImpl.createComponent (node_modules/@angular/core/fesm2022/testing.mjs:2058:41)
      at _TestBedImpl.createComponent (node_modules/@angular/core/fesm2022/testing.mjs:1844:37)
      at src/app/ui/pages/studio/toolbar-dialog/field-measuring/field-measuring.component.spec.ts:128:23

    console.error
      NG0304: 'p-tabpanel' is not a known element (used in the 'FieldMeasuringComponent' component template):
      1. If 'p-tabpanel' is an Angular component, then verify that it is included in the '@Component.imports' of this component.
      2. If 'p-tabpanel' is a Web Component then add 'CUSTOM_ELEMENTS_SCHEMA' to the '@Component.schemas' of this component to suppress this message.

      at validateElementIsKnown (node_modules/@angular/core/fesm2022/core.mjs:11182:25)
      at ɵɵelementStart (node_modules/@angular/core/fesm2022/core.mjs:27876:9)
      at FieldMeasuringComponent_Template (ng:/FieldMeasuringComponent.js:172:9)
      at executeTemplate (node_modules/@angular/core/fesm2022/core.mjs:12389:9)
      at renderView (node_modules/@angular/core/fesm2022/core.mjs:12895:13)
      at renderComponent (node_modules/@angular/core/fesm2022/core.mjs:12840:5)
      at renderChildComponents (node_modules/@angular/core/fesm2022/core.mjs:12943:9)
      at renderView (node_modules/@angular/core/fesm2022/core.mjs:12923:13)
      at ComponentFactory2.create (node_modules/@angular/core/fesm2022/core.mjs:17959:17)
      at initComponent (node_modules/@angular/core/fesm2022/testing.mjs:2053:51)
      at _ZoneDelegate.invoke (node_modules/zone.js/bundles/zone.umd.js:410:32)
      at Object.onInvoke (node_modules/@angular/core/fesm2022/core.mjs:6579:33)
      at _ZoneDelegate.invoke (node_modules/zone.js/bundles/zone.umd.js:409:38)
      at ZoneImpl.run (node_modules/zone.js/bundles/zone.umd.js:145:47)
      at NgZone.run (node_modules/@angular/core/fesm2022/core.mjs:6425:28)
      at _TestBedImpl.createComponent (node_modules/@angular/core/fesm2022/testing.mjs:2058:41)
      at _TestBedImpl.createComponent (node_modules/@angular/core/fesm2022/testing.mjs:1844:37)
      at src/app/ui/pages/studio/toolbar-dialog/field-measuring/field-measuring.component.spec.ts:128:23

    console.error
      NG0304: 'p-tabpanel' is not a known element (used in the 'FieldMeasuringComponent' component template):
      1. If 'p-tabpanel' is an Angular component, then verify that it is included in the '@Component.imports' of this component.
      2. If 'p-tabpanel' is a Web Component then add 'CUSTOM_ELEMENTS_SCHEMA' to the '@Component.schemas' of this component to suppress this message.

      at validateElementIsKnown (node_modules/@angular/core/fesm2022/core.mjs:11182:25)
      at ɵɵelementStart (node_modules/@angular/core/fesm2022/core.mjs:27876:9)
      at FieldMeasuringComponent_Template (ng:/FieldMeasuringComponent.js:179:9)
      at executeTemplate (node_modules/@angular/core/fesm2022/core.mjs:12389:9)
      at renderView (node_modules/@angular/core/fesm2022/core.mjs:12895:13)
      at renderComponent (node_modules/@angular/core/fesm2022/core.mjs:12840:5)
      at renderChildComponents (node_modules/@angular/core/fesm2022/core.mjs:12943:9)
      at renderView (node_modules/@angular/core/fesm2022/core.mjs:12923:13)
      at ComponentFactory2.create (node_modules/@angular/core/fesm2022/core.mjs:17959:17)
      at initComponent (node_modules/@angular/core/fesm2022/testing.mjs:2053:51)
      at _ZoneDelegate.invoke (node_modules/zone.js/bundles/zone.umd.js:410:32)
      at Object.onInvoke (node_modules/@angular/core/fesm2022/core.mjs:6579:33)
      at _ZoneDelegate.invoke (node_modules/zone.js/bundles/zone.umd.js:409:38)
      at ZoneImpl.run (node_modules/zone.js/bundles/zone.umd.js:145:47)
      at NgZone.run (node_modules/@angular/core/fesm2022/core.mjs:6425:28)
      at _TestBedImpl.createComponent (node_modules/@angular/core/fesm2022/testing.mjs:2058:41)
      at _TestBedImpl.createComponent (node_modules/@angular/core/fesm2022/testing.mjs:1844:37)
      at src/app/ui/pages/studio/toolbar-dialog/field-measuring/field-measuring.component.spec.ts:128:23

    console.error
      NG0304: 'app-temperature-calculation' is not a known element (used in the 'FieldMeasuringComponent' component template):
      1. If 'app-temperature-calculation' is an Angular component, then verify that it is included in the '@Component.imports' of this component.
      2. If 'app-temperature-calculation' is a Web Component then add 'CUSTOM_ELEMENTS_SCHEMA' to the '@Component.schemas' of this component to suppress this message.

      at validateElementIsKnown (node_modules/@angular/core/fesm2022/core.mjs:11182:25)
      at ɵɵelementStart (node_modules/@angular/core/fesm2022/core.mjs:27876:9)
      at FieldMeasuringComponent_Template (ng:/FieldMeasuringComponent.js:179:49)
      at executeTemplate (node_modules/@angular/core/fesm2022/core.mjs:12389:9)
      at renderView (node_modules/@angular/core/fesm2022/core.mjs:12895:13)
      at renderComponent (node_modules/@angular/core/fesm2022/core.mjs:12840:5)
      at renderChildComponents (node_modules/@angular/core/fesm2022/core.mjs:12943:9)
      at renderView (node_modules/@angular/core/fesm2022/core.mjs:12923:13)
      at ComponentFactory2.create (node_modules/@angular/core/fesm2022/core.mjs:17959:17)
      at initComponent (node_modules/@angular/core/fesm2022/testing.mjs:2053:51)
      at _ZoneDelegate.invoke (node_modules/zone.js/bundles/zone.umd.js:410:32)
      at Object.onInvoke (node_modules/@angular/core/fesm2022/core.mjs:6579:33)
      at _ZoneDelegate.invoke (node_modules/zone.js/bundles/zone.umd.js:409:38)
      at ZoneImpl.run (node_modules/zone.js/bundles/zone.umd.js:145:47)
      at NgZone.run (node_modules/@angular/core/fesm2022/core.mjs:6425:28)
      at _TestBedImpl.createComponent (node_modules/@angular/core/fesm2022/testing.mjs:2058:41)
      at _TestBedImpl.createComponent (node_modules/@angular/core/fesm2022/testing.mjs:1844:37)
      at src/app/ui/pages/studio/toolbar-dialog/field-measuring/field-measuring.component.spec.ts:128:23

    console.error
      NG0304: 'p-tabpanel' is not a known element (used in the 'FieldMeasuringComponent' component template):
      1. If 'p-tabpanel' is an Angular component, then verify that it is included in the '@Component.imports' of this component.
      2. If 'p-tabpanel' is a Web Component then add 'CUSTOM_ELEMENTS_SCHEMA' to the '@Component.schemas' of this component to suppress this message.

      at validateElementIsKnown (node_modules/@angular/core/fesm2022/core.mjs:11182:25)
      at ɵɵelementStart (node_modules/@angular/core/fesm2022/core.mjs:27876:9)
      at FieldMeasuringComponent_Template (ng:/FieldMeasuringComponent.js:187:9)
      at executeTemplate (node_modules/@angular/core/fesm2022/core.mjs:12389:9)
      at renderView (node_modules/@angular/core/fesm2022/core.mjs:12895:13)
      at renderComponent (node_modules/@angular/core/fesm2022/core.mjs:12840:5)
      at renderChildComponents (node_modules/@angular/core/fesm2022/core.mjs:12943:9)
      at renderView (node_modules/@angular/core/fesm2022/core.mjs:12923:13)
      at ComponentFactory2.create (node_modules/@angular/core/fesm2022/core.mjs:17959:17)
      at initComponent (node_modules/@angular/core/fesm2022/testing.mjs:2053:51)
      at _ZoneDelegate.invoke (node_modules/zone.js/bundles/zone.umd.js:410:32)
      at Object.onInvoke (node_modules/@angular/core/fesm2022/core.mjs:6579:33)
      at _ZoneDelegate.invoke (node_modules/zone.js/bundles/zone.umd.js:409:38)
      at ZoneImpl.run (node_modules/zone.js/bundles/zone.umd.js:145:47)
      at NgZone.run (node_modules/@angular/core/fesm2022/core.mjs:6425:28)
      at _TestBedImpl.createComponent (node_modules/@angular/core/fesm2022/testing.mjs:2058:41)
      at _TestBedImpl.createComponent (node_modules/@angular/core/fesm2022/testing.mjs:1844:37)
      at src/app/ui/pages/studio/toolbar-dialog/field-measuring/field-measuring.component.spec.ts:128:23

    console.error
      NG0304: 'app-parameter-at-15c-without-wind' is not a known element (used in the 'FieldMeasuringComponent' component template):
      1. If 'app-parameter-at-15c-without-wind' is an Angular component, then verify that it is included in the '@Component.imports' of this component.
      2. If 'app-parameter-at-15c-without-wind' is a Web Component then add 'CUSTOM_ELEMENTS_SCHEMA' to the '@Component.schemas' of this component to suppress this message.

      at validateElementIsKnown (node_modules/@angular/core/fesm2022/core.mjs:11182:25)
      at ɵɵelementStart (node_modules/@angular/core/fesm2022/core.mjs:27876:9)
      at FieldMeasuringComponent_Template (ng:/FieldMeasuringComponent.js:187:49)
      at executeTemplate (node_modules/@angular/core/fesm2022/core.mjs:12389:9)
      at renderView (node_modules/@angular/core/fesm2022/core.mjs:12895:13)
      at renderComponent (node_modules/@angular/core/fesm2022/core.mjs:12840:5)
      at renderChildComponents (node_modules/@angular/core/fesm2022/core.mjs:12943:9)
      at renderView (node_modules/@angular/core/fesm2022/core.mjs:12923:13)
      at ComponentFactory2.create (node_modules/@angular/core/fesm2022/core.mjs:17959:17)
      at initComponent (node_modules/@angular/core/fesm2022/testing.mjs:2053:51)
      at _ZoneDelegate.invoke (node_modules/zone.js/bundles/zone.umd.js:410:32)
      at Object.onInvoke (node_modules/@angular/core/fesm2022/core.mjs:6579:33)
      at _ZoneDelegate.invoke (node_modules/zone.js/bundles/zone.umd.js:409:38)
      at ZoneImpl.run (node_modules/zone.js/bundles/zone.umd.js:145:47)
      at NgZone.run (node_modules/@angular/core/fesm2022/core.mjs:6425:28)
      at _TestBedImpl.createComponent (node_modules/@angular/core/fesm2022/testing.mjs:2058:41)
      at _TestBedImpl.createComponent (node_modules/@angular/core/fesm2022/testing.mjs:1844:37)
      at src/app/ui/pages/studio/toolbar-dialog/field-measuring/field-measuring.component.spec.ts:128:23

    console.error
      NG0304: 'p-tabs' is not a known element (used in the 'FieldMeasuringComponent' component template):
      1. If 'p-tabs' is an Angular component, then verify that it is included in the '@Component.imports' of this component.
      2. If 'p-tabs' is a Web Component then add 'CUSTOM_ELEMENTS_SCHEMA' to the '@Component.schemas' of this component to suppress this message.

      at validateElementIsKnown (node_modules/@angular/core/fesm2022/core.mjs:11182:25)
      at ɵɵelementStart (node_modules/@angular/core/fesm2022/core.mjs:27876:9)
      at FieldMeasuringComponent_Template (ng:/FieldMeasuringComponent.js:148:9)
      at executeTemplate (node_modules/@angular/core/fesm2022/core.mjs:12389:9)
      at renderView (node_modules/@angular/core/fesm2022/core.mjs:12895:13)
      at renderComponent (node_modules/@angular/core/fesm2022/core.mjs:12840:5)
      at renderChildComponents (node_modules/@angular/core/fesm2022/core.mjs:12943:9)
      at renderView (node_modules/@angular/core/fesm2022/core.mjs:12923:13)
      at ComponentFactory2.create (node_modules/@angular/core/fesm2022/core.mjs:17959:17)
      at initComponent (node_modules/@angular/core/fesm2022/testing.mjs:2053:51)
      at _ZoneDelegate.invoke (node_modules/zone.js/bundles/zone.umd.js:410:32)
      at Object.onInvoke (node_modules/@angular/core/fesm2022/core.mjs:6579:33)
      at _ZoneDelegate.invoke (node_modules/zone.js/bundles/zone.umd.js:409:38)
      at ZoneImpl.run (node_modules/zone.js/bundles/zone.umd.js:145:47)
      at NgZone.run (node_modules/@angular/core/fesm2022/core.mjs:6425:28)
      at _TestBedImpl.createComponent (node_modules/@angular/core/fesm2022/testing.mjs:2058:41)
      at _TestBedImpl.createComponent (node_modules/@angular/core/fesm2022/testing.mjs:1844:37)
      at src/app/ui/pages/studio/toolbar-dialog/field-measuring/field-measuring.component.spec.ts:128:23

    console.error
      NG0304: 'p-tablist' is not a known element (used in the 'FieldMeasuringComponent' component template):
      1. If 'p-tablist' is an Angular component, then verify that it is included in the '@Component.imports' of this component.
      2. If 'p-tablist' is a Web Component then add 'CUSTOM_ELEMENTS_SCHEMA' to the '@Component.schemas' of this component to suppress this message.

      at validateElementIsKnown (node_modules/@angular/core/fesm2022/core.mjs:11182:25)
      at ɵɵelementStart (node_modules/@angular/core/fesm2022/core.mjs:27876:9)
      at FieldMeasuringComponent_Template (ng:/FieldMeasuringComponent.js:154:9)
      at executeTemplate (node_modules/@angular/core/fesm2022/core.mjs:12389:9)
      at renderView (node_modules/@angular/core/fesm2022/core.mjs:12895:13)
      at renderComponent (node_modules/@angular/core/fesm2022/core.mjs:12840:5)
      at renderChildComponents (node_modules/@angular/core/fesm2022/core.mjs:12943:9)
      at renderView (node_modules/@angular/core/fesm2022/core.mjs:12923:13)
      at ComponentFactory2.create (node_modules/@angular/core/fesm2022/core.mjs:17959:17)
      at initComponent (node_modules/@angular/core/fesm2022/testing.mjs:2053:51)
      at _ZoneDelegate.invoke (node_modules/zone.js/bundles/zone.umd.js:410:32)
      at Object.onInvoke (node_modules/@angular/core/fesm2022/core.mjs:6579:33)
      at _ZoneDelegate.invoke (node_modules/zone.js/bundles/zone.umd.js:409:38)
      at ZoneImpl.run (node_modules/zone.js/bundles/zone.umd.js:145:47)
      at NgZone.run (node_modules/@angular/core/fesm2022/core.mjs:6425:28)
      at _TestBedImpl.createComponent (node_modules/@angular/core/fesm2022/testing.mjs:2058:41)
      at _TestBedImpl.createComponent (node_modules/@angular/core/fesm2022/testing.mjs:1844:37)
      at src/app/ui/pages/studio/toolbar-dialog/field-measuring/field-measuring.component.spec.ts:128:23

    console.error
      NG0304: 'p-tab' is not a known element (used in the 'FieldMeasuringComponent' component template):
      1. If 'p-tab' is an Angular component, then verify that it is included in the '@Component.imports' of this component.
      2. If 'p-tab' is a Web Component then add 'CUSTOM_ELEMENTS_SCHEMA' to the '@Component.schemas' of this component to suppress this message.

      at validateElementIsKnown (node_modules/@angular/core/fesm2022/core.mjs:11182:25)
      at ɵɵelementStart (node_modules/@angular/core/fesm2022/core.mjs:27876:9)
      at FieldMeasuringComponent_Template (ng:/FieldMeasuringComponent.js:154:44)
      at executeTemplate (node_modules/@angular/core/fesm2022/core.mjs:12389:9)
      at renderView (node_modules/@angular/core/fesm2022/core.mjs:12895:13)
      at renderComponent (node_modules/@angular/core/fesm2022/core.mjs:12840:5)
      at renderChildComponents (node_modules/@angular/core/fesm2022/core.mjs:12943:9)
      at renderView (node_modules/@angular/core/fesm2022/core.mjs:12923:13)
      at ComponentFactory2.create (node_modules/@angular/core/fesm2022/core.mjs:17959:17)
      at initComponent (node_modules/@angular/core/fesm2022/testing.mjs:2053:51)
      at _ZoneDelegate.invoke (node_modules/zone.js/bundles/zone.umd.js:410:32)
      at Object.onInvoke (node_modules/@angular/core/fesm2022/core.mjs:6579:33)
      at _ZoneDelegate.invoke (node_modules/zone.js/bundles/zone.umd.js:409:38)
      at ZoneImpl.run (node_modules/zone.js/bundles/zone.umd.js:145:47)
      at NgZone.run (node_modules/@angular/core/fesm2022/core.mjs:6425:28)
      at _TestBedImpl.createComponent (node_modules/@angular/core/fesm2022/testing.mjs:2058:41)
      at _TestBedImpl.createComponent (node_modules/@angular/core/fesm2022/testing.mjs:1844:37)
      at src/app/ui/pages/studio/toolbar-dialog/field-measuring/field-measuring.component.spec.ts:128:23

    console.error
      NG0304: 'p-tab' is not a known element (used in the 'FieldMeasuringComponent' component template):
      1. If 'p-tab' is an Angular component, then verify that it is included in the '@Component.imports' of this component.
      2. If 'p-tab' is a Web Component then add 'CUSTOM_ELEMENTS_SCHEMA' to the '@Component.schemas' of this component to suppress this message.

      at validateElementIsKnown (node_modules/@angular/core/fesm2022/core.mjs:11182:25)
      at ɵɵelementStart (node_modules/@angular/core/fesm2022/core.mjs:27876:9)
      at FieldMeasuringComponent_Template (ng:/FieldMeasuringComponent.js:157:9)
      at executeTemplate (node_modules/@angular/core/fesm2022/core.mjs:12389:9)
      at renderView (node_modules/@angular/core/fesm2022/core.mjs:12895:13)
      at renderComponent (node_modules/@angular/core/fesm2022/core.mjs:12840:5)
      at renderChildComponents (node_modules/@angular/core/fesm2022/core.mjs:12943:9)
      at renderView (node_modules/@angular/core/fesm2022/core.mjs:12923:13)
      at ComponentFactory2.create (node_modules/@angular/core/fesm2022/core.mjs:17959:17)
      at initComponent (node_modules/@angular/core/fesm2022/testing.mjs:2053:51)
      at _ZoneDelegate.invoke (node_modules/zone.js/bundles/zone.umd.js:410:32)
      at Object.onInvoke (node_modules/@angular/core/fesm2022/core.mjs:6579:33)
      at _ZoneDelegate.invoke (node_modules/zone.js/bundles/zone.umd.js:409:38)
      at ZoneImpl.run (node_modules/zone.js/bundles/zone.umd.js:145:47)
      at NgZone.run (node_modules/@angular/core/fesm2022/core.mjs:6425:28)
      at _TestBedImpl.createComponent (node_modules/@angular/core/fesm2022/testing.mjs:2058:41)
      at _TestBedImpl.createComponent (node_modules/@angular/core/fesm2022/testing.mjs:1844:37)
      at src/app/ui/pages/studio/toolbar-dialog/field-measuring/field-measuring.component.spec.ts:128:23

    console.error
      NG0304: 'p-tab' is not a known element (used in the 'FieldMeasuringComponent' component template):
      1. If 'p-tab' is an Angular component, then verify that it is included in the '@Component.imports' of this component.
      2. If 'p-tab' is a Web Component then add 'CUSTOM_ELEMENTS_SCHEMA' to the '@Component.schemas' of this component to suppress this message.

      at validateElementIsKnown (node_modules/@angular/core/fesm2022/core.mjs:11182:25)
      at ɵɵelementStart (node_modules/@angular/core/fesm2022/core.mjs:27876:9)
      at FieldMeasuringComponent_Template (ng:/FieldMeasuringComponent.js:160:9)
      at executeTemplate (node_modules/@angular/core/fesm2022/core.mjs:12389:9)
      at renderView (node_modules/@angular/core/fesm2022/core.mjs:12895:13)
      at renderComponent (node_modules/@angular/core/fesm2022/core.mjs:12840:5)
      at renderChildComponents (node_modules/@angular/core/fesm2022/core.mjs:12943:9)
      at renderView (node_modules/@angular/core/fesm2022/core.mjs:12923:13)
      at ComponentFactory2.create (node_modules/@angular/core/fesm2022/core.mjs:17959:17)
      at initComponent (node_modules/@angular/core/fesm2022/testing.mjs:2053:51)
      at _ZoneDelegate.invoke (node_modules/zone.js/bundles/zone.umd.js:410:32)
      at Object.onInvoke (node_modules/@angular/core/fesm2022/core.mjs:6579:33)
      at _ZoneDelegate.invoke (node_modules/zone.js/bundles/zone.umd.js:409:38)
      at ZoneImpl.run (node_modules/zone.js/bundles/zone.umd.js:145:47)
      at NgZone.run (node_modules/@angular/core/fesm2022/core.mjs:6425:28)
      at _TestBedImpl.createComponent (node_modules/@angular/core/fesm2022/testing.mjs:2058:41)
      at _TestBedImpl.createComponent (node_modules/@angular/core/fesm2022/testing.mjs:1844:37)
      at src/app/ui/pages/studio/toolbar-dialog/field-measuring/field-measuring.component.spec.ts:128:23

    console.error
      NG0304: 'p-tab' is not a known element (used in the 'FieldMeasuringComponent' component template):
      1. If 'p-tab' is an Angular component, then verify that it is included in the '@Component.imports' of this component.
      2. If 'p-tab' is a Web Component then add 'CUSTOM_ELEMENTS_SCHEMA' to the '@Component.schemas' of this component to suppress this message.

      at validateElementIsKnown (node_modules/@angular/core/fesm2022/core.mjs:11182:25)
      at ɵɵelementStart (node_modules/@angular/core/fesm2022/core.mjs:27876:9)
      at FieldMeasuringComponent_Template (ng:/FieldMeasuringComponent.js:163:9)
      at executeTemplate (node_modules/@angular/core/fesm2022/core.mjs:12389:9)
      at renderView (node_modules/@angular/core/fesm2022/core.mjs:12895:13)
      at renderComponent (node_modules/@angular/core/fesm2022/core.mjs:12840:5)
      at renderChildComponents (node_modules/@angular/core/fesm2022/core.mjs:12943:9)
      at renderView (node_modules/@angular/core/fesm2022/core.mjs:12923:13)
      at ComponentFactory2.create (node_modules/@angular/core/fesm2022/core.mjs:17959:17)
      at initComponent (node_modules/@angular/core/fesm2022/testing.mjs:2053:51)
      at _ZoneDelegate.invoke (node_modules/zone.js/bundles/zone.umd.js:410:32)
      at Object.onInvoke (node_modules/@angular/core/fesm2022/core.mjs:6579:33)
      at _ZoneDelegate.invoke (node_modules/zone.js/bundles/zone.umd.js:409:38)
      at ZoneImpl.run (node_modules/zone.js/bundles/zone.umd.js:145:47)
      at NgZone.run (node_modules/@angular/core/fesm2022/core.mjs:6425:28)
      at _TestBedImpl.createComponent (node_modules/@angular/core/fesm2022/testing.mjs:2058:41)
      at _TestBedImpl.createComponent (node_modules/@angular/core/fesm2022/testing.mjs:1844:37)
      at src/app/ui/pages/studio/toolbar-dialog/field-measuring/field-measuring.component.spec.ts:128:23

    console.error
      NG0304: 'p-tabpanel' is not a known element (used in the 'FieldMeasuringComponent' component template):
      1. If 'p-tabpanel' is an Angular component, then verify that it is included in the '@Component.imports' of this component.
      2. If 'p-tabpanel' is a Web Component then add 'CUSTOM_ELEMENTS_SCHEMA' to the '@Component.schemas' of this component to suppress this message.

      at validateElementIsKnown (node_modules/@angular/core/fesm2022/core.mjs:11182:25)
      at ɵɵelementStart (node_modules/@angular/core/fesm2022/core.mjs:27876:9)
      at FieldMeasuringComponent_Template (ng:/FieldMeasuringComponent.js:166:9)
      at executeTemplate (node_modules/@angular/core/fesm2022/core.mjs:12389:9)
      at renderView (node_modules/@angular/core/fesm2022/core.mjs:12895:13)
      at renderComponent (node_modules/@angular/core/fesm2022/core.mjs:12840:5)
      at renderChildComponents (node_modules/@angular/core/fesm2022/core.mjs:12943:9)
      at renderView (node_modules/@angular/core/fesm2022/core.mjs:12923:13)
      at ComponentFactory2.create (node_modules/@angular/core/fesm2022/core.mjs:17959:17)
      at initComponent (node_modules/@angular/core/fesm2022/testing.mjs:2053:51)
      at _ZoneDelegate.invoke (node_modules/zone.js/bundles/zone.umd.js:410:32)
      at Object.onInvoke (node_modules/@angular/core/fesm2022/core.mjs:6579:33)
      at _ZoneDelegate.invoke (node_modules/zone.js/bundles/zone.umd.js:409:38)
      at ZoneImpl.run (node_modules/zone.js/bundles/zone.umd.js:145:47)
      at NgZone.run (node_modules/@angular/core/fesm2022/core.mjs:6425:28)
      at _TestBedImpl.createComponent (node_modules/@angular/core/fesm2022/testing.mjs:2058:41)
      at _TestBedImpl.createComponent (node_modules/@angular/core/fesm2022/testing.mjs:1844:37)
      at src/app/ui/pages/studio/toolbar-dialog/field-measuring/field-measuring.component.spec.ts:128:23

    console.error
      NG0304: 'p-tabpanel' is not a known element (used in the 'FieldMeasuringComponent' component template):
      1. If 'p-tabpanel' is an Angular component, then verify that it is included in the '@Component.imports' of this component.
      2. If 'p-tabpanel' is a Web Component then add 'CUSTOM_ELEMENTS_SCHEMA' to the '@Component.schemas' of this component to suppress this message.

      at validateElementIsKnown (node_modules/@angular/core/fesm2022/core.mjs:11182:25)
      at ɵɵelementStart (node_modules/@angular/core/fesm2022/core.mjs:27876:9)
      at FieldMeasuringComponent_Template (ng:/FieldMeasuringComponent.js:172:9)
      at executeTemplate (node_modules/@angular/core/fesm2022/core.mjs:12389:9)
      at renderView (node_modules/@angular/core/fesm2022/core.mjs:12895:13)
      at renderComponent (node_modules/@angular/core/fesm2022/core.mjs:12840:5)
      at renderChildComponents (node_modules/@angular/core/fesm2022/core.mjs:12943:9)
      at renderView (node_modules/@angular/core/fesm2022/core.mjs:12923:13)
      at ComponentFactory2.create (node_modules/@angular/core/fesm2022/core.mjs:17959:17)
      at initComponent (node_modules/@angular/core/fesm2022/testing.mjs:2053:51)
      at _ZoneDelegate.invoke (node_modules/zone.js/bundles/zone.umd.js:410:32)
      at Object.onInvoke (node_modules/@angular/core/fesm2022/core.mjs:6579:33)
      at _ZoneDelegate.invoke (node_modules/zone.js/bundles/zone.umd.js:409:38)
      at ZoneImpl.run (node_modules/zone.js/bundles/zone.umd.js:145:47)
      at NgZone.run (node_modules/@angular/core/fesm2022/core.mjs:6425:28)
      at _TestBedImpl.createComponent (node_modules/@angular/core/fesm2022/testing.mjs:2058:41)
      at _TestBedImpl.createComponent (node_modules/@angular/core/fesm2022/testing.mjs:1844:37)
      at src/app/ui/pages/studio/toolbar-dialog/field-measuring/field-measuring.component.spec.ts:128:23

    console.error
      NG0304: 'p-tabpanel' is not a known element (used in the 'FieldMeasuringComponent' component template):
      1. If 'p-tabpanel' is an Angular component, then verify that it is included in the '@Component.imports' of this component.
      2. If 'p-tabpanel' is a Web Component then add 'CUSTOM_ELEMENTS_SCHEMA' to the '@Component.schemas' of this component to suppress this message.

      at validateElementIsKnown (node_modules/@angular/core/fesm2022/core.mjs:11182:25)
      at ɵɵelementStart (node_modules/@angular/core/fesm2022/core.mjs:27876:9)
      at FieldMeasuringComponent_Template (ng:/FieldMeasuringComponent.js:179:9)
      at executeTemplate (node_modules/@angular/core/fesm2022/core.mjs:12389:9)
      at renderView (node_modules/@angular/core/fesm2022/core.mjs:12895:13)
      at renderComponent (node_modules/@angular/core/fesm2022/core.mjs:12840:5)
      at renderChildComponents (node_modules/@angular/core/fesm2022/core.mjs:12943:9)
      at renderView (node_modules/@angular/core/fesm2022/core.mjs:12923:13)
      at ComponentFactory2.create (node_modules/@angular/core/fesm2022/core.mjs:17959:17)
      at initComponent (node_modules/@angular/core/fesm2022/testing.mjs:2053:51)
      at _ZoneDelegate.invoke (node_modules/zone.js/bundles/zone.umd.js:410:32)
      at Object.onInvoke (node_modules/@angular/core/fesm2022/core.mjs:6579:33)
      at _ZoneDelegate.invoke (node_modules/zone.js/bundles/zone.umd.js:409:38)
      at ZoneImpl.run (node_modules/zone.js/bundles/zone.umd.js:145:47)
      at NgZone.run (node_modules/@angular/core/fesm2022/core.mjs:6425:28)
      at _TestBedImpl.createComponent (node_modules/@angular/core/fesm2022/testing.mjs:2058:41)
      at _TestBedImpl.createComponent (node_modules/@angular/core/fesm2022/testing.mjs:1844:37)
      at src/app/ui/pages/studio/toolbar-dialog/field-measuring/field-measuring.component.spec.ts:128:23

    console.error
      NG0304: 'app-temperature-calculation' is not a known element (used in the 'FieldMeasuringComponent' component template):
      1. If 'app-temperature-calculation' is an Angular component, then verify that it is included in the '@Component.imports' of this component.
      2. If 'app-temperature-calculation' is a Web Component then add 'CUSTOM_ELEMENTS_SCHEMA' to the '@Component.schemas' of this component to suppress this message.

      at validateElementIsKnown (node_modules/@angular/core/fesm2022/core.mjs:11182:25)
      at ɵɵelementStart (node_modules/@angular/core/fesm2022/core.mjs:27876:9)
      at FieldMeasuringComponent_Template (ng:/FieldMeasuringComponent.js:179:49)
      at executeTemplate (node_modules/@angular/core/fesm2022/core.mjs:12389:9)
      at renderView (node_modules/@angular/core/fesm2022/core.mjs:12895:13)
      at renderComponent (node_modules/@angular/core/fesm2022/core.mjs:12840:5)
      at renderChildComponents (node_modules/@angular/core/fesm2022/core.mjs:12943:9)
      at renderView (node_modules/@angular/core/fesm2022/core.mjs:12923:13)
      at ComponentFactory2.create (node_modules/@angular/core/fesm2022/core.mjs:17959:17)
      at initComponent (node_modules/@angular/core/fesm2022/testing.mjs:2053:51)
      at _ZoneDelegate.invoke (node_modules/zone.js/bundles/zone.umd.js:410:32)
      at Object.onInvoke (node_modules/@angular/core/fesm2022/core.mjs:6579:33)
      at _ZoneDelegate.invoke (node_modules/zone.js/bundles/zone.umd.js:409:38)
      at ZoneImpl.run (node_modules/zone.js/bundles/zone.umd.js:145:47)
      at NgZone.run (node_modules/@angular/core/fesm2022/core.mjs:6425:28)
      at _TestBedImpl.createComponent (node_modules/@angular/core/fesm2022/testing.mjs:2058:41)
      at _TestBedImpl.createComponent (node_modules/@angular/core/fesm2022/testing.mjs:1844:37)
      at src/app/ui/pages/studio/toolbar-dialog/field-measuring/field-measuring.component.spec.ts:128:23

    console.error
      NG0304: 'p-tabpanel' is not a known element (used in the 'FieldMeasuringComponent' component template):
      1. If 'p-tabpanel' is an Angular component, then verify that it is included in the '@Component.imports' of this component.
      2. If 'p-tabpanel' is a Web Component then add 'CUSTOM_ELEMENTS_SCHEMA' to the '@Component.schemas' of this component to suppress this message.

      at validateElementIsKnown (node_modules/@angular/core/fesm2022/core.mjs:11182:25)
      at ɵɵelementStart (node_modules/@angular/core/fesm2022/core.mjs:27876:9)
      at FieldMeasuringComponent_Template (ng:/FieldMeasuringComponent.js:187:9)
      at executeTemplate (node_modules/@angular/core/fesm2022/core.mjs:12389:9)
      at renderView (node_modules/@angular/core/fesm2022/core.mjs:12895:13)
      at renderComponent (node_modules/@angular/core/fesm2022/core.mjs:12840:5)
      at renderChildComponents (node_modules/@angular/core/fesm2022/core.mjs:12943:9)
      at renderView (node_modules/@angular/core/fesm2022/core.mjs:12923:13)
      at ComponentFactory2.create (node_modules/@angular/core/fesm2022/core.mjs:17959:17)
      at initComponent (node_modules/@angular/core/fesm2022/testing.mjs:2053:51)
      at _ZoneDelegate.invoke (node_modules/zone.js/bundles/zone.umd.js:410:32)
      at Object.onInvoke (node_modules/@angular/core/fesm2022/core.mjs:6579:33)
      at _ZoneDelegate.invoke (node_modules/zone.js/bundles/zone.umd.js:409:38)
      at ZoneImpl.run (node_modules/zone.js/bundles/zone.umd.js:145:47)
      at NgZone.run (node_modules/@angular/core/fesm2022/core.mjs:6425:28)
      at _TestBedImpl.createComponent (node_modules/@angular/core/fesm2022/testing.mjs:2058:41)
      at _TestBedImpl.createComponent (node_modules/@angular/core/fesm2022/testing.mjs:1844:37)
      at src/app/ui/pages/studio/toolbar-dialog/field-measuring/field-measuring.component.spec.ts:128:23

    console.error
      NG0304: 'app-parameter-at-15c-without-wind' is not a known element (used in the 'FieldMeasuringComponent' component template):
      1. If 'app-parameter-at-15c-without-wind' is an Angular component, then verify that it is included in the '@Component.imports' of this component.
      2. If 'app-parameter-at-15c-without-wind' is a Web Component then add 'CUSTOM_ELEMENTS_SCHEMA' to the '@Component.schemas' of this component to suppress this message.

      at validateElementIsKnown (node_modules/@angular/core/fesm2022/core.mjs:11182:25)
      at ɵɵelementStart (node_modules/@angular/core/fesm2022/core.mjs:27876:9)
      at FieldMeasuringComponent_Template (ng:/FieldMeasuringComponent.js:187:49)
      at executeTemplate (node_modules/@angular/core/fesm2022/core.mjs:12389:9)
      at renderView (node_modules/@angular/core/fesm2022/core.mjs:12895:13)
      at renderComponent (node_modules/@angular/core/fesm2022/core.mjs:12840:5)
      at renderChildComponents (node_modules/@angular/core/fesm2022/core.mjs:12943:9)
      at renderView (node_modules/@angular/core/fesm2022/core.mjs:12923:13)
      at ComponentFactory2.create (node_modules/@angular/core/fesm2022/core.mjs:17959:17)
      at initComponent (node_modules/@angular/core/fesm2022/testing.mjs:2053:51)
      at _ZoneDelegate.invoke (node_modules/zone.js/bundles/zone.umd.js:410:32)
      at Object.onInvoke (node_modules/@angular/core/fesm2022/core.mjs:6579:33)
      at _ZoneDelegate.invoke (node_modules/zone.js/bundles/zone.umd.js:409:38)
      at ZoneImpl.run (node_modules/zone.js/bundles/zone.umd.js:145:47)
      at NgZone.run (node_modules/@angular/core/fesm2022/core.mjs:6425:28)
      at _TestBedImpl.createComponent (node_modules/@angular/core/fesm2022/testing.mjs:2058:41)
      at _TestBedImpl.createComponent (node_modules/@angular/core/fesm2022/testing.mjs:1844:37)
      at src/app/ui/pages/studio/toolbar-dialog/field-measuring/field-measuring.component.spec.ts:128:23

    console.error
      NG0304: 'p-tabs' is not a known element (used in the 'FieldMeasuringComponent' component template):
      1. If 'p-tabs' is an Angular component, then verify that it is included in the '@Component.imports' of this component.
      2. If 'p-tabs' is a Web Component then add 'CUSTOM_ELEMENTS_SCHEMA' to the '@Component.schemas' of this component to suppress this message.

      at validateElementIsKnown (node_modules/@angular/core/fesm2022/core.mjs:11182:25)
      at ɵɵelementStart (node_modules/@angular/core/fesm2022/core.mjs:27876:9)
      at FieldMeasuringComponent_Template (ng:/FieldMeasuringComponent.js:148:9)
      at executeTemplate (node_modules/@angular/core/fesm2022/core.mjs:12389:9)
      at renderView (node_modules/@angular/core/fesm2022/core.mjs:12895:13)
      at renderComponent (node_modules/@angular/core/fesm2022/core.mjs:12840:5)
      at renderChildComponents (node_modules/@angular/core/fesm2022/core.mjs:12943:9)
      at renderView (node_modules/@angular/core/fesm2022/core.mjs:12923:13)
      at ComponentFactory2.create (node_modules/@angular/core/fesm2022/core.mjs:17959:17)
      at initComponent (node_modules/@angular/core/fesm2022/testing.mjs:2053:51)
      at _ZoneDelegate.invoke (node_modules/zone.js/bundles/zone.umd.js:410:32)
      at Object.onInvoke (node_modules/@angular/core/fesm2022/core.mjs:6579:33)
      at _ZoneDelegate.invoke (node_modules/zone.js/bundles/zone.umd.js:409:38)
      at ZoneImpl.run (node_modules/zone.js/bundles/zone.umd.js:145:47)
      at NgZone.run (node_modules/@angular/core/fesm2022/core.mjs:6425:28)
      at _TestBedImpl.createComponent (node_modules/@angular/core/fesm2022/testing.mjs:2058:41)
      at _TestBedImpl.createComponent (node_modules/@angular/core/fesm2022/testing.mjs:1844:37)
      at src/app/ui/pages/studio/toolbar-dialog/field-measuring/field-measuring.component.spec.ts:128:23

    console.error
      NG0304: 'p-tablist' is not a known element (used in the 'FieldMeasuringComponent' component template):
      1. If 'p-tablist' is an Angular component, then verify that it is included in the '@Component.imports' of this component.
      2. If 'p-tablist' is a Web Component then add 'CUSTOM_ELEMENTS_SCHEMA' to the '@Component.schemas' of this component to suppress this message.

      at validateElementIsKnown (node_modules/@angular/core/fesm2022/core.mjs:11182:25)
      at ɵɵelementStart (node_modules/@angular/core/fesm2022/core.mjs:27876:9)
      at FieldMeasuringComponent_Template (ng:/FieldMeasuringComponent.js:154:9)
      at executeTemplate (node_modules/@angular/core/fesm2022/core.mjs:12389:9)
      at renderView (node_modules/@angular/core/fesm2022/core.mjs:12895:13)
      at renderComponent (node_modules/@angular/core/fesm2022/core.mjs:12840:5)
      at renderChildComponents (node_modules/@angular/core/fesm2022/core.mjs:12943:9)
      at renderView (node_modules/@angular/core/fesm2022/core.mjs:12923:13)
      at ComponentFactory2.create (node_modules/@angular/core/fesm2022/core.mjs:17959:17)
      at initComponent (node_modules/@angular/core/fesm2022/testing.mjs:2053:51)
      at _ZoneDelegate.invoke (node_modules/zone.js/bundles/zone.umd.js:410:32)
      at Object.onInvoke (node_modules/@angular/core/fesm2022/core.mjs:6579:33)
      at _ZoneDelegate.invoke (node_modules/zone.js/bundles/zone.umd.js:409:38)
      at ZoneImpl.run (node_modules/zone.js/bundles/zone.umd.js:145:47)
      at NgZone.run (node_modules/@angular/core/fesm2022/core.mjs:6425:28)
      at _TestBedImpl.createComponent (node_modules/@angular/core/fesm2022/testing.mjs:2058:41)
      at _TestBedImpl.createComponent (node_modules/@angular/core/fesm2022/testing.mjs:1844:37)
      at src/app/ui/pages/studio/toolbar-dialog/field-measuring/field-measuring.component.spec.ts:128:23

    console.error
      NG0304: 'p-tab' is not a known element (used in the 'FieldMeasuringComponent' component template):
      1. If 'p-tab' is an Angular component, then verify that it is included in the '@Component.imports' of this component.
      2. If 'p-tab' is a Web Component then add 'CUSTOM_ELEMENTS_SCHEMA' to the '@Component.schemas' of this component to suppress this message.

      at validateElementIsKnown (node_modules/@angular/core/fesm2022/core.mjs:11182:25)
      at ɵɵelementStart (node_modules/@angular/core/fesm2022/core.mjs:27876:9)
      at FieldMeasuringComponent_Template (ng:/FieldMeasuringComponent.js:154:44)
      at executeTemplate (node_modules/@angular/core/fesm2022/core.mjs:12389:9)
      at renderView (node_modules/@angular/core/fesm2022/core.mjs:12895:13)
      at renderComponent (node_modules/@angular/core/fesm2022/core.mjs:12840:5)
      at renderChildComponents (node_modules/@angular/core/fesm2022/core.mjs:12943:9)
      at renderView (node_modules/@angular/core/fesm2022/core.mjs:12923:13)
      at ComponentFactory2.create (node_modules/@angular/core/fesm2022/core.mjs:17959:17)
      at initComponent (node_modules/@angular/core/fesm2022/testing.mjs:2053:51)
      at _ZoneDelegate.invoke (node_modules/zone.js/bundles/zone.umd.js:410:32)
      at Object.onInvoke (node_modules/@angular/core/fesm2022/core.mjs:6579:33)
      at _ZoneDelegate.invoke (node_modules/zone.js/bundles/zone.umd.js:409:38)
      at ZoneImpl.run (node_modules/zone.js/bundles/zone.umd.js:145:47)
      at NgZone.run (node_modules/@angular/core/fesm2022/core.mjs:6425:28)
      at _TestBedImpl.createComponent (node_modules/@angular/core/fesm2022/testing.mjs:2058:41)
      at _TestBedImpl.createComponent (node_modules/@angular/core/fesm2022/testing.mjs:1844:37)
      at src/app/ui/pages/studio/toolbar-dialog/field-measuring/field-measuring.component.spec.ts:128:23

    console.error
      NG0304: 'p-tab' is not a known element (used in the 'FieldMeasuringComponent' component template):
      1. If 'p-tab' is an Angular component, then verify that it is included in the '@Component.imports' of this component.
      2. If 'p-tab' is a Web Component then add 'CUSTOM_ELEMENTS_SCHEMA' to the '@Component.schemas' of this component to suppress this message.

      at validateElementIsKnown (node_modules/@angular/core/fesm2022/core.mjs:11182:25)
      at ɵɵelementStart (node_modules/@angular/core/fesm2022/core.mjs:27876:9)
      at FieldMeasuringComponent_Template (ng:/FieldMeasuringComponent.js:157:9)
      at executeTemplate (node_modules/@angular/core/fesm2022/core.mjs:12389:9)
      at renderView (node_modules/@angular/core/fesm2022/core.mjs:12895:13)
      at renderComponent (node_modules/@angular/core/fesm2022/core.mjs:12840:5)
      at renderChildComponents (node_modules/@angular/core/fesm2022/core.mjs:12943:9)
      at renderView (node_modules/@angular/core/fesm2022/core.mjs:12923:13)
      at ComponentFactory2.create (node_modules/@angular/core/fesm2022/core.mjs:17959:17)
      at initComponent (node_modules/@angular/core/fesm2022/testing.mjs:2053:51)
      at _ZoneDelegate.invoke (node_modules/zone.js/bundles/zone.umd.js:410:32)
      at Object.onInvoke (node_modules/@angular/core/fesm2022/core.mjs:6579:33)
      at _ZoneDelegate.invoke (node_modules/zone.js/bundles/zone.umd.js:409:38)
      at ZoneImpl.run (node_modules/zone.js/bundles/zone.umd.js:145:47)
      at NgZone.run (node_modules/@angular/core/fesm2022/core.mjs:6425:28)
      at _TestBedImpl.createComponent (node_modules/@angular/core/fesm2022/testing.mjs:2058:41)
      at _TestBedImpl.createComponent (node_modules/@angular/core/fesm2022/testing.mjs:1844:37)
      at src/app/ui/pages/studio/toolbar-dialog/field-measuring/field-measuring.component.spec.ts:128:23

    console.error
      NG0304: 'p-tab' is not a known element (used in the 'FieldMeasuringComponent' component template):
      1. If 'p-tab' is an Angular component, then verify that it is included in the '@Component.imports' of this component.
      2. If 'p-tab' is a Web Component then add 'CUSTOM_ELEMENTS_SCHEMA' to the '@Component.schemas' of this component to suppress this message.

      at validateElementIsKnown (node_modules/@angular/core/fesm2022/core.mjs:11182:25)
      at ɵɵelementStart (node_modules/@angular/core/fesm2022/core.mjs:27876:9)
      at FieldMeasuringComponent_Template (ng:/FieldMeasuringComponent.js:160:9)
      at executeTemplate (node_modules/@angular/core/fesm2022/core.mjs:12389:9)
      at renderView (node_modules/@angular/core/fesm2022/core.mjs:12895:13)
      at renderComponent (node_modules/@angular/core/fesm2022/core.mjs:12840:5)
      at renderChildComponents (node_modules/@angular/core/fesm2022/core.mjs:12943:9)
      at renderView (node_modules/@angular/core/fesm2022/core.mjs:12923:13)
      at ComponentFactory2.create (node_modules/@angular/core/fesm2022/core.mjs:17959:17)
      at initComponent (node_modules/@angular/core/fesm2022/testing.mjs:2053:51)
      at _ZoneDelegate.invoke (node_modules/zone.js/bundles/zone.umd.js:410:32)
      at Object.onInvoke (node_modules/@angular/core/fesm2022/core.mjs:6579:33)
      at _ZoneDelegate.invoke (node_modules/zone.js/bundles/zone.umd.js:409:38)
      at ZoneImpl.run (node_modules/zone.js/bundles/zone.umd.js:145:47)
      at NgZone.run (node_modules/@angular/core/fesm2022/core.mjs:6425:28)
      at _TestBedImpl.createComponent (node_modules/@angular/core/fesm2022/testing.mjs:2058:41)
      at _TestBedImpl.createComponent (node_modules/@angular/core/fesm2022/testing.mjs:1844:37)
      at src/app/ui/pages/studio/toolbar-dialog/field-measuring/field-measuring.component.spec.ts:128:23

    console.error
      NG0304: 'p-tab' is not a known element (used in the 'FieldMeasuringComponent' component template):
      1. If 'p-tab' is an Angular component, then verify that it is included in the '@Component.imports' of this component.
      2. If 'p-tab' is a Web Component then add 'CUSTOM_ELEMENTS_SCHEMA' to the '@Component.schemas' of this component to suppress this message.

      at validateElementIsKnown (node_modules/@angular/core/fesm2022/core.mjs:11182:25)
      at ɵɵelementStart (node_modules/@angular/core/fesm2022/core.mjs:27876:9)
      at FieldMeasuringComponent_Template (ng:/FieldMeasuringComponent.js:163:9)
      at executeTemplate (node_modules/@angular/core/fesm2022/core.mjs:12389:9)
      at renderView (node_modules/@angular/core/fesm2022/core.mjs:12895:13)
      at renderComponent (node_modules/@angular/core/fesm2022/core.mjs:12840:5)
      at renderChildComponents (node_modules/@angular/core/fesm2022/core.mjs:12943:9)
      at renderView (node_modules/@angular/core/fesm2022/core.mjs:12923:13)
      at ComponentFactory2.create (node_modules/@angular/core/fesm2022/core.mjs:17959:17)
      at initComponent (node_modules/@angular/core/fesm2022/testing.mjs:2053:51)
      at _ZoneDelegate.invoke (node_modules/zone.js/bundles/zone.umd.js:410:32)
      at Object.onInvoke (node_modules/@angular/core/fesm2022/core.mjs:6579:33)
      at _ZoneDelegate.invoke (node_modules/zone.js/bundles/zone.umd.js:409:38)
      at ZoneImpl.run (node_modules/zone.js/bundles/zone.umd.js:145:47)
      at NgZone.run (node_modules/@angular/core/fesm2022/core.mjs:6425:28)
      at _TestBedImpl.createComponent (node_modules/@angular/core/fesm2022/testing.mjs:2058:41)
      at _TestBedImpl.createComponent (node_modules/@angular/core/fesm2022/testing.mjs:1844:37)
      at src/app/ui/pages/studio/toolbar-dialog/field-measuring/field-measuring.component.spec.ts:128:23

    console.error
      NG0304: 'p-tabpanel' is not a known element (used in the 'FieldMeasuringComponent' component template):
      1. If 'p-tabpanel' is an Angular component, then verify that it is included in the '@Component.imports' of this component.
      2. If 'p-tabpanel' is a Web Component then add 'CUSTOM_ELEMENTS_SCHEMA' to the '@Component.schemas' of this component to suppress this message.

      at validateElementIsKnown (node_modules/@angular/core/fesm2022/core.mjs:11182:25)
      at ɵɵelementStart (node_modules/@angular/core/fesm2022/core.mjs:27876:9)
      at FieldMeasuringComponent_Template (ng:/FieldMeasuringComponent.js:166:9)
      at executeTemplate (node_modules/@angular/core/fesm2022/core.mjs:12389:9)
      at renderView (node_modules/@angular/core/fesm2022/core.mjs:12895:13)
      at renderComponent (node_modules/@angular/core/fesm2022/core.mjs:12840:5)
      at renderChildComponents (node_modules/@angular/core/fesm2022/core.mjs:12943:9)
      at renderView (node_modules/@angular/core/fesm2022/core.mjs:12923:13)
      at ComponentFactory2.create (node_modules/@angular/core/fesm2022/core.mjs:17959:17)
      at initComponent (node_modules/@angular/core/fesm2022/testing.mjs:2053:51)
      at _ZoneDelegate.invoke (node_modules/zone.js/bundles/zone.umd.js:410:32)
      at Object.onInvoke (node_modules/@angular/core/fesm2022/core.mjs:6579:33)
      at _ZoneDelegate.invoke (node_modules/zone.js/bundles/zone.umd.js:409:38)
      at ZoneImpl.run (node_modules/zone.js/bundles/zone.umd.js:145:47)
      at NgZone.run (node_modules/@angular/core/fesm2022/core.mjs:6425:28)
      at _TestBedImpl.createComponent (node_modules/@angular/core/fesm2022/testing.mjs:2058:41)
      at _TestBedImpl.createComponent (node_modules/@angular/core/fesm2022/testing.mjs:1844:37)
      at src/app/ui/pages/studio/toolbar-dialog/field-measuring/field-measuring.component.spec.ts:128:23

    console.error
      NG0304: 'p-tabpanel' is not a known element (used in the 'FieldMeasuringComponent' component template):
      1. If 'p-tabpanel' is an Angular component, then verify that it is included in the '@Component.imports' of this component.
      2. If 'p-tabpanel' is a Web Component then add 'CUSTOM_ELEMENTS_SCHEMA' to the '@Component.schemas' of this component to suppress this message.

      at validateElementIsKnown (node_modules/@angular/core/fesm2022/core.mjs:11182:25)
      at ɵɵelementStart (node_modules/@angular/core/fesm2022/core.mjs:27876:9)
      at FieldMeasuringComponent_Template (ng:/FieldMeasuringComponent.js:172:9)
      at executeTemplate (node_modules/@angular/core/fesm2022/core.mjs:12389:9)
      at renderView (node_modules/@angular/core/fesm2022/core.mjs:12895:13)
      at renderComponent (node_modules/@angular/core/fesm2022/core.mjs:12840:5)
      at renderChildComponents (node_modules/@angular/core/fesm2022/core.mjs:12943:9)
      at renderView (node_modules/@angular/core/fesm2022/core.mjs:12923:13)
      at ComponentFactory2.create (node_modules/@angular/core/fesm2022/core.mjs:17959:17)
      at initComponent (node_modules/@angular/core/fesm2022/testing.mjs:2053:51)
      at _ZoneDelegate.invoke (node_modules/zone.js/bundles/zone.umd.js:410:32)
      at Object.onInvoke (node_modules/@angular/core/fesm2022/core.mjs:6579:33)
      at _ZoneDelegate.invoke (node_modules/zone.js/bundles/zone.umd.js:409:38)
      at ZoneImpl.run (node_modules/zone.js/bundles/zone.umd.js:145:47)
      at NgZone.run (node_modules/@angular/core/fesm2022/core.mjs:6425:28)
      at _TestBedImpl.createComponent (node_modules/@angular/core/fesm2022/testing.mjs:2058:41)
      at _TestBedImpl.createComponent (node_modules/@angular/core/fesm2022/testing.mjs:1844:37)
      at src/app/ui/pages/studio/toolbar-dialog/field-measuring/field-measuring.component.spec.ts:128:23

    console.error
      NG0304: 'p-tabpanel' is not a known element (used in the 'FieldMeasuringComponent' component template):
      1. If 'p-tabpanel' is an Angular component, then verify that it is included in the '@Component.imports' of this component.
      2. If 'p-tabpanel' is a Web Component then add 'CUSTOM_ELEMENTS_SCHEMA' to the '@Component.schemas' of this component to suppress this message.

      at validateElementIsKnown (node_modules/@angular/core/fesm2022/core.mjs:11182:25)
      at ɵɵelementStart (node_modules/@angular/core/fesm2022/core.mjs:27876:9)
      at FieldMeasuringComponent_Template (ng:/FieldMeasuringComponent.js:179:9)
      at executeTemplate (node_modules/@angular/core/fesm2022/core.mjs:12389:9)
      at renderView (node_modules/@angular/core/fesm2022/core.mjs:12895:13)
      at renderComponent (node_modules/@angular/core/fesm2022/core.mjs:12840:5)
      at renderChildComponents (node_modules/@angular/core/fesm2022/core.mjs:12943:9)
      at renderView (node_modules/@angular/core/fesm2022/core.mjs:12923:13)
      at ComponentFactory2.create (node_modules/@angular/core/fesm2022/core.mjs:17959:17)
      at initComponent (node_modules/@angular/core/fesm2022/testing.mjs:2053:51)
      at _ZoneDelegate.invoke (node_modules/zone.js/bundles/zone.umd.js:410:32)
      at Object.onInvoke (node_modules/@angular/core/fesm2022/core.mjs:6579:33)
      at _ZoneDelegate.invoke (node_modules/zone.js/bundles/zone.umd.js:409:38)
      at ZoneImpl.run (node_modules/zone.js/bundles/zone.umd.js:145:47)
      at NgZone.run (node_modules/@angular/core/fesm2022/core.mjs:6425:28)
      at _TestBedImpl.createComponent (node_modules/@angular/core/fesm2022/testing.mjs:2058:41)
      at _TestBedImpl.createComponent (node_modules/@angular/core/fesm2022/testing.mjs:1844:37)
      at src/app/ui/pages/studio/toolbar-dialog/field-measuring/field-measuring.component.spec.ts:128:23

    console.error
      NG0304: 'app-temperature-calculation' is not a known element (used in the 'FieldMeasuringComponent' component template):
      1. If 'app-temperature-calculation' is an Angular component, then verify that it is included in the '@Component.imports' of this component.
      2. If 'app-temperature-calculation' is a Web Component then add 'CUSTOM_ELEMENTS_SCHEMA' to the '@Component.schemas' of this component to suppress this message.

      at validateElementIsKnown (node_modules/@angular/core/fesm2022/core.mjs:11182:25)
      at ɵɵelementStart (node_modules/@angular/core/fesm2022/core.mjs:27876:9)
      at FieldMeasuringComponent_Template (ng:/FieldMeasuringComponent.js:179:49)
      at executeTemplate (node_modules/@angular/core/fesm2022/core.mjs:12389:9)
      at renderView (node_modules/@angular/core/fesm2022/core.mjs:12895:13)
      at renderComponent (node_modules/@angular/core/fesm2022/core.mjs:12840:5)
      at renderChildComponents (node_modules/@angular/core/fesm2022/core.mjs:12943:9)
      at renderView (node_modules/@angular/core/fesm2022/core.mjs:12923:13)
      at ComponentFactory2.create (node_modules/@angular/core/fesm2022/core.mjs:17959:17)
      at initComponent (node_modules/@angular/core/fesm2022/testing.mjs:2053:51)
      at _ZoneDelegate.invoke (node_modules/zone.js/bundles/zone.umd.js:410:32)
      at Object.onInvoke (node_modules/@angular/core/fesm2022/core.mjs:6579:33)
      at _ZoneDelegate.invoke (node_modules/zone.js/bundles/zone.umd.js:409:38)
      at ZoneImpl.run (node_modules/zone.js/bundles/zone.umd.js:145:47)
      at NgZone.run (node_modules/@angular/core/fesm2022/core.mjs:6425:28)
      at _TestBedImpl.createComponent (node_modules/@angular/core/fesm2022/testing.mjs:2058:41)
      at _TestBedImpl.createComponent (node_modules/@angular/core/fesm2022/testing.mjs:1844:37)
      at src/app/ui/pages/studio/toolbar-dialog/field-measuring/field-measuring.component.spec.ts:128:23

    console.error
      NG0304: 'p-tabpanel' is not a known element (used in the 'FieldMeasuringComponent' component template):
      1. If 'p-tabpanel' is an Angular component, then verify that it is included in the '@Component.imports' of this component.
      2. If 'p-tabpanel' is a Web Component then add 'CUSTOM_ELEMENTS_SCHEMA' to the '@Component.schemas' of this component to suppress this message.

      at validateElementIsKnown (node_modules/@angular/core/fesm2022/core.mjs:11182:25)
      at ɵɵelementStart (node_modules/@angular/core/fesm2022/core.mjs:27876:9)
      at FieldMeasuringComponent_Template (ng:/FieldMeasuringComponent.js:187:9)
      at executeTemplate (node_modules/@angular/core/fesm2022/core.mjs:12389:9)
      at renderView (node_modules/@angular/core/fesm2022/core.mjs:12895:13)
      at renderComponent (node_modules/@angular/core/fesm2022/core.mjs:12840:5)
      at renderChildComponents (node_modules/@angular/core/fesm2022/core.mjs:12943:9)
      at renderView (node_modules/@angular/core/fesm2022/core.mjs:12923:13)
      at ComponentFactory2.create (node_modules/@angular/core/fesm2022/core.mjs:17959:17)
      at initComponent (node_modules/@angular/core/fesm2022/testing.mjs:2053:51)
      at _ZoneDelegate.invoke (node_modules/zone.js/bundles/zone.umd.js:410:32)
      at Object.onInvoke (node_modules/@angular/core/fesm2022/core.mjs:6579:33)
      at _ZoneDelegate.invoke (node_modules/zone.js/bundles/zone.umd.js:409:38)
      at ZoneImpl.run (node_modules/zone.js/bundles/zone.umd.js:145:47)
      at NgZone.run (node_modules/@angular/core/fesm2022/core.mjs:6425:28)
      at _TestBedImpl.createComponent (node_modules/@angular/core/fesm2022/testing.mjs:2058:41)
      at _TestBedImpl.createComponent (node_modules/@angular/core/fesm2022/testing.mjs:1844:37)
      at src/app/ui/pages/studio/toolbar-dialog/field-measuring/field-measuring.component.spec.ts:128:23

    console.error
      NG0304: 'app-parameter-at-15c-without-wind' is not a known element (used in the 'FieldMeasuringComponent' component template):
      1. If 'app-parameter-at-15c-without-wind' is an Angular component, then verify that it is included in the '@Component.imports' of this component.
      2. If 'app-parameter-at-15c-without-wind' is a Web Component then add 'CUSTOM_ELEMENTS_SCHEMA' to the '@Component.schemas' of this component to suppress this message.

      at validateElementIsKnown (node_modules/@angular/core/fesm2022/core.mjs:11182:25)
      at ɵɵelementStart (node_modules/@angular/core/fesm2022/core.mjs:27876:9)
      at FieldMeasuringComponent_Template (ng:/FieldMeasuringComponent.js:187:49)
      at executeTemplate (node_modules/@angular/core/fesm2022/core.mjs:12389:9)
      at renderView (node_modules/@angular/core/fesm2022/core.mjs:12895:13)
      at renderComponent (node_modules/@angular/core/fesm2022/core.mjs:12840:5)
      at renderChildComponents (node_modules/@angular/core/fesm2022/core.mjs:12943:9)
      at renderView (node_modules/@angular/core/fesm2022/core.mjs:12923:13)
      at ComponentFactory2.create (node_modules/@angular/core/fesm2022/core.mjs:17959:17)
      at initComponent (node_modules/@angular/core/fesm2022/testing.mjs:2053:51)
      at _ZoneDelegate.invoke (node_modules/zone.js/bundles/zone.umd.js:410:32)
      at Object.onInvoke (node_modules/@angular/core/fesm2022/core.mjs:6579:33)
      at _ZoneDelegate.invoke (node_modules/zone.js/bundles/zone.umd.js:409:38)
      at ZoneImpl.run (node_modules/zone.js/bundles/zone.umd.js:145:47)
      at NgZone.run (node_modules/@angular/core/fesm2022/core.mjs:6425:28)
      at _TestBedImpl.createComponent (node_modules/@angular/core/fesm2022/testing.mjs:2058:41)
      at _TestBedImpl.createComponent (node_modules/@angular/core/fesm2022/testing.mjs:1844:37)
      at src/app/ui/pages/studio/toolbar-dialog/field-measuring/field-measuring.component.spec.ts:128:23

    console.error
      NG0304: 'p-tabs' is not a known element (used in the 'FieldMeasuringComponent' component template):
      1. If 'p-tabs' is an Angular component, then verify that it is included in the '@Component.imports' of this component.
      2. If 'p-tabs' is a Web Component then add 'CUSTOM_ELEMENTS_SCHEMA' to the '@Component.schemas' of this component to suppress this message.

      at validateElementIsKnown (node_modules/@angular/core/fesm2022/core.mjs:11182:25)
      at ɵɵelementStart (node_modules/@angular/core/fesm2022/core.mjs:27876:9)
      at FieldMeasuringComponent_Template (ng:/FieldMeasuringComponent.js:148:9)
      at executeTemplate (node_modules/@angular/core/fesm2022/core.mjs:12389:9)
      at renderView (node_modules/@angular/core/fesm2022/core.mjs:12895:13)
      at renderComponent (node_modules/@angular/core/fesm2022/core.mjs:12840:5)
      at renderChildComponents (node_modules/@angular/core/fesm2022/core.mjs:12943:9)
      at renderView (node_modules/@angular/core/fesm2022/core.mjs:12923:13)
      at ComponentFactory2.create (node_modules/@angular/core/fesm2022/core.mjs:17959:17)
      at initComponent (node_modules/@angular/core/fesm2022/testing.mjs:2053:51)
      at _ZoneDelegate.invoke (node_modules/zone.js/bundles/zone.umd.js:410:32)
      at Object.onInvoke (node_modules/@angular/core/fesm2022/core.mjs:6579:33)
      at _ZoneDelegate.invoke (node_modules/zone.js/bundles/zone.umd.js:409:38)
      at ZoneImpl.run (node_modules/zone.js/bundles/zone.umd.js:145:47)
      at NgZone.run (node_modules/@angular/core/fesm2022/core.mjs:6425:28)
      at _TestBedImpl.createComponent (node_modules/@angular/core/fesm2022/testing.mjs:2058:41)
      at _TestBedImpl.createComponent (node_modules/@angular/core/fesm2022/testing.mjs:1844:37)
      at src/app/ui/pages/studio/toolbar-dialog/field-measuring/field-measuring.component.spec.ts:128:23

    console.error
      NG0304: 'p-tablist' is not a known element (used in the 'FieldMeasuringComponent' component template):
      1. If 'p-tablist' is an Angular component, then verify that it is included in the '@Component.imports' of this component.
      2. If 'p-tablist' is a Web Component then add 'CUSTOM_ELEMENTS_SCHEMA' to the '@Component.schemas' of this component to suppress this message.

      at validateElementIsKnown (node_modules/@angular/core/fesm2022/core.mjs:11182:25)
      at ɵɵelementStart (node_modules/@angular/core/fesm2022/core.mjs:27876:9)
      at FieldMeasuringComponent_Template (ng:/FieldMeasuringComponent.js:154:9)
      at executeTemplate (node_modules/@angular/core/fesm2022/core.mjs:12389:9)
      at renderView (node_modules/@angular/core/fesm2022/core.mjs:12895:13)
      at renderComponent (node_modules/@angular/core/fesm2022/core.mjs:12840:5)
      at renderChildComponents (node_modules/@angular/core/fesm2022/core.mjs:12943:9)
      at renderView (node_modules/@angular/core/fesm2022/core.mjs:12923:13)
      at ComponentFactory2.create (node_modules/@angular/core/fesm2022/core.mjs:17959:17)
      at initComponent (node_modules/@angular/core/fesm2022/testing.mjs:2053:51)
      at _ZoneDelegate.invoke (node_modules/zone.js/bundles/zone.umd.js:410:32)
      at Object.onInvoke (node_modules/@angular/core/fesm2022/core.mjs:6579:33)
      at _ZoneDelegate.invoke (node_modules/zone.js/bundles/zone.umd.js:409:38)
      at ZoneImpl.run (node_modules/zone.js/bundles/zone.umd.js:145:47)
      at NgZone.run (node_modules/@angular/core/fesm2022/core.mjs:6425:28)
      at _TestBedImpl.createComponent (node_modules/@angular/core/fesm2022/testing.mjs:2058:41)
      at _TestBedImpl.createComponent (node_modules/@angular/core/fesm2022/testing.mjs:1844:37)
      at src/app/ui/pages/studio/toolbar-dialog/field-measuring/field-measuring.component.spec.ts:128:23

    console.error
      NG0304: 'p-tab' is not a known element (used in the 'FieldMeasuringComponent' component template):
      1. If 'p-tab' is an Angular component, then verify that it is included in the '@Component.imports' of this component.
      2. If 'p-tab' is a Web Component then add 'CUSTOM_ELEMENTS_SCHEMA' to the '@Component.schemas' of this component to suppress this message.

      at validateElementIsKnown (node_modules/@angular/core/fesm2022/core.mjs:11182:25)
      at ɵɵelementStart (node_modules/@angular/core/fesm2022/core.mjs:27876:9)
      at FieldMeasuringComponent_Template (ng:/FieldMeasuringComponent.js:154:44)
      at executeTemplate (node_modules/@angular/core/fesm2022/core.mjs:12389:9)
      at renderView (node_modules/@angular/core/fesm2022/core.mjs:12895:13)
      at renderComponent (node_modules/@angular/core/fesm2022/core.mjs:12840:5)
      at renderChildComponents (node_modules/@angular/core/fesm2022/core.mjs:12943:9)
      at renderView (node_modules/@angular/core/fesm2022/core.mjs:12923:13)
      at ComponentFactory2.create (node_modules/@angular/core/fesm2022/core.mjs:17959:17)
      at initComponent (node_modules/@angular/core/fesm2022/testing.mjs:2053:51)
      at _ZoneDelegate.invoke (node_modules/zone.js/bundles/zone.umd.js:410:32)
      at Object.onInvoke (node_modules/@angular/core/fesm2022/core.mjs:6579:33)
      at _ZoneDelegate.invoke (node_modules/zone.js/bundles/zone.umd.js:409:38)
      at ZoneImpl.run (node_modules/zone.js/bundles/zone.umd.js:145:47)
      at NgZone.run (node_modules/@angular/core/fesm2022/core.mjs:6425:28)
      at _TestBedImpl.createComponent (node_modules/@angular/core/fesm2022/testing.mjs:2058:41)
      at _TestBedImpl.createComponent (node_modules/@angular/core/fesm2022/testing.mjs:1844:37)
      at src/app/ui/pages/studio/toolbar-dialog/field-measuring/field-measuring.component.spec.ts:128:23

    console.error
      NG0304: 'p-tab' is not a known element (used in the 'FieldMeasuringComponent' component template):
      1. If 'p-tab' is an Angular component, then verify that it is included in the '@Component.imports' of this component.
      2. If 'p-tab' is a Web Component then add 'CUSTOM_ELEMENTS_SCHEMA' to the '@Component.schemas' of this component to suppress this message.

      at validateElementIsKnown (node_modules/@angular/core/fesm2022/core.mjs:11182:25)
      at ɵɵelementStart (node_modules/@angular/core/fesm2022/core.mjs:27876:9)
      at FieldMeasuringComponent_Template (ng:/FieldMeasuringComponent.js:157:9)
      at executeTemplate (node_modules/@angular/core/fesm2022/core.mjs:12389:9)
      at renderView (node_modules/@angular/core/fesm2022/core.mjs:12895:13)
      at renderComponent (node_modules/@angular/core/fesm2022/core.mjs:12840:5)
      at renderChildComponents (node_modules/@angular/core/fesm2022/core.mjs:12943:9)
      at renderView (node_modules/@angular/core/fesm2022/core.mjs:12923:13)
      at ComponentFactory2.create (node_modules/@angular/core/fesm2022/core.mjs:17959:17)
      at initComponent (node_modules/@angular/core/fesm2022/testing.mjs:2053:51)
      at _ZoneDelegate.invoke (node_modules/zone.js/bundles/zone.umd.js:410:32)
      at Object.onInvoke (node_modules/@angular/core/fesm2022/core.mjs:6579:33)
      at _ZoneDelegate.invoke (node_modules/zone.js/bundles/zone.umd.js:409:38)
      at ZoneImpl.run (node_modules/zone.js/bundles/zone.umd.js:145:47)
      at NgZone.run (node_modules/@angular/core/fesm2022/core.mjs:6425:28)
      at _TestBedImpl.createComponent (node_modules/@angular/core/fesm2022/testing.mjs:2058:41)
      at _TestBedImpl.createComponent (node_modules/@angular/core/fesm2022/testing.mjs:1844:37)
      at src/app/ui/pages/studio/toolbar-dialog/field-measuring/field-measuring.component.spec.ts:128:23

    console.error
      NG0304: 'p-tab' is not a known element (used in the 'FieldMeasuringComponent' component template):
      1. If 'p-tab' is an Angular component, then verify that it is included in the '@Component.imports' of this component.
      2. If 'p-tab' is a Web Component then add 'CUSTOM_ELEMENTS_SCHEMA' to the '@Component.schemas' of this component to suppress this message.

      at validateElementIsKnown (node_modules/@angular/core/fesm2022/core.mjs:11182:25)
      at ɵɵelementStart (node_modules/@angular/core/fesm2022/core.mjs:27876:9)
      at FieldMeasuringComponent_Template (ng:/FieldMeasuringComponent.js:160:9)
      at executeTemplate (node_modules/@angular/core/fesm2022/core.mjs:12389:9)
      at renderView (node_modules/@angular/core/fesm2022/core.mjs:12895:13)
      at renderComponent (node_modules/@angular/core/fesm2022/core.mjs:12840:5)
      at renderChildComponents (node_modules/@angular/core/fesm2022/core.mjs:12943:9)
      at renderView (node_modules/@angular/core/fesm2022/core.mjs:12923:13)
      at ComponentFactory2.create (node_modules/@angular/core/fesm2022/core.mjs:17959:17)
      at initComponent (node_modules/@angular/core/fesm2022/testing.mjs:2053:51)
      at _ZoneDelegate.invoke (node_modules/zone.js/bundles/zone.umd.js:410:32)
      at Object.onInvoke (node_modules/@angular/core/fesm2022/core.mjs:6579:33)
      at _ZoneDelegate.invoke (node_modules/zone.js/bundles/zone.umd.js:409:38)
      at ZoneImpl.run (node_modules/zone.js/bundles/zone.umd.js:145:47)
      at NgZone.run (node_modules/@angular/core/fesm2022/core.mjs:6425:28)
      at _TestBedImpl.createComponent (node_modules/@angular/core/fesm2022/testing.mjs:2058:41)
      at _TestBedImpl.createComponent (node_modules/@angular/core/fesm2022/testing.mjs:1844:37)
      at src/app/ui/pages/studio/toolbar-dialog/field-measuring/field-measuring.component.spec.ts:128:23

    console.error
      NG0304: 'p-tab' is not a known element (used in the 'FieldMeasuringComponent' component template):
      1. If 'p-tab' is an Angular component, then verify that it is included in the '@Component.imports' of this component.
      2. If 'p-tab' is a Web Component then add 'CUSTOM_ELEMENTS_SCHEMA' to the '@Component.schemas' of this component to suppress this message.

      at validateElementIsKnown (node_modules/@angular/core/fesm2022/core.mjs:11182:25)
      at ɵɵelementStart (node_modules/@angular/core/fesm2022/core.mjs:27876:9)
      at FieldMeasuringComponent_Template (ng:/FieldMeasuringComponent.js:163:9)
      at executeTemplate (node_modules/@angular/core/fesm2022/core.mjs:12389:9)
      at renderView (node_modules/@angular/core/fesm2022/core.mjs:12895:13)
      at renderComponent (node_modules/@angular/core/fesm2022/core.mjs:12840:5)
      at renderChildComponents (node_modules/@angular/core/fesm2022/core.mjs:12943:9)
      at renderView (node_modules/@angular/core/fesm2022/core.mjs:12923:13)
      at ComponentFactory2.create (node_modules/@angular/core/fesm2022/core.mjs:17959:17)
      at initComponent (node_modules/@angular/core/fesm2022/testing.mjs:2053:51)
      at _ZoneDelegate.invoke (node_modules/zone.js/bundles/zone.umd.js:410:32)
      at Object.onInvoke (node_modules/@angular/core/fesm2022/core.mjs:6579:33)
      at _ZoneDelegate.invoke (node_modules/zone.js/bundles/zone.umd.js:409:38)
      at ZoneImpl.run (node_modules/zone.js/bundles/zone.umd.js:145:47)
      at NgZone.run (node_modules/@angular/core/fesm2022/core.mjs:6425:28)
      at _TestBedImpl.createComponent (node_modules/@angular/core/fesm2022/testing.mjs:2058:41)
      at _TestBedImpl.createComponent (node_modules/@angular/core/fesm2022/testing.mjs:1844:37)
      at src/app/ui/pages/studio/toolbar-dialog/field-measuring/field-measuring.component.spec.ts:128:23

    console.error
      NG0304: 'p-tabpanel' is not a known element (used in the 'FieldMeasuringComponent' component template):
      1. If 'p-tabpanel' is an Angular component, then verify that it is included in the '@Component.imports' of this component.
      2. If 'p-tabpanel' is a Web Component then add 'CUSTOM_ELEMENTS_SCHEMA' to the '@Component.schemas' of this component to suppress this message.

      at validateElementIsKnown (node_modules/@angular/core/fesm2022/core.mjs:11182:25)
      at ɵɵelementStart (node_modules/@angular/core/fesm2022/core.mjs:27876:9)
      at FieldMeasuringComponent_Template (ng:/FieldMeasuringComponent.js:166:9)
      at executeTemplate (node_modules/@angular/core/fesm2022/core.mjs:12389:9)
      at renderView (node_modules/@angular/core/fesm2022/core.mjs:12895:13)
      at renderComponent (node_modules/@angular/core/fesm2022/core.mjs:12840:5)
      at renderChildComponents (node_modules/@angular/core/fesm2022/core.mjs:12943:9)
      at renderView (node_modules/@angular/core/fesm2022/core.mjs:12923:13)
      at ComponentFactory2.create (node_modules/@angular/core/fesm2022/core.mjs:17959:17)
      at initComponent (node_modules/@angular/core/fesm2022/testing.mjs:2053:51)
      at _ZoneDelegate.invoke (node_modules/zone.js/bundles/zone.umd.js:410:32)
      at Object.onInvoke (node_modules/@angular/core/fesm2022/core.mjs:6579:33)
      at _ZoneDelegate.invoke (node_modules/zone.js/bundles/zone.umd.js:409:38)
      at ZoneImpl.run (node_modules/zone.js/bundles/zone.umd.js:145:47)
      at NgZone.run (node_modules/@angular/core/fesm2022/core.mjs:6425:28)
      at _TestBedImpl.createComponent (node_modules/@angular/core/fesm2022/testing.mjs:2058:41)
      at _TestBedImpl.createComponent (node_modules/@angular/core/fesm2022/testing.mjs:1844:37)
      at src/app/ui/pages/studio/toolbar-dialog/field-measuring/field-measuring.component.spec.ts:128:23

    console.error
      NG0304: 'p-tabpanel' is not a known element (used in the 'FieldMeasuringComponent' component template):
      1. If 'p-tabpanel' is an Angular component, then verify that it is included in the '@Component.imports' of this component.
      2. If 'p-tabpanel' is a Web Component then add 'CUSTOM_ELEMENTS_SCHEMA' to the '@Component.schemas' of this component to suppress this message.

      at validateElementIsKnown (node_modules/@angular/core/fesm2022/core.mjs:11182:25)
      at ɵɵelementStart (node_modules/@angular/core/fesm2022/core.mjs:27876:9)
      at FieldMeasuringComponent_Template (ng:/FieldMeasuringComponent.js:172:9)
      at executeTemplate (node_modules/@angular/core/fesm2022/core.mjs:12389:9)
      at renderView (node_modules/@angular/core/fesm2022/core.mjs:12895:13)
      at renderComponent (node_modules/@angular/core/fesm2022/core.mjs:12840:5)
      at renderChildComponents (node_modules/@angular/core/fesm2022/core.mjs:12943:9)
      at renderView (node_modules/@angular/core/fesm2022/core.mjs:12923:13)
      at ComponentFactory2.create (node_modules/@angular/core/fesm2022/core.mjs:17959:17)
      at initComponent (node_modules/@angular/core/fesm2022/testing.mjs:2053:51)
      at _ZoneDelegate.invoke (node_modules/zone.js/bundles/zone.umd.js:410:32)
      at Object.onInvoke (node_modules/@angular/core/fesm2022/core.mjs:6579:33)
      at _ZoneDelegate.invoke (node_modules/zone.js/bundles/zone.umd.js:409:38)
      at ZoneImpl.run (node_modules/zone.js/bundles/zone.umd.js:145:47)
      at NgZone.run (node_modules/@angular/core/fesm2022/core.mjs:6425:28)
      at _TestBedImpl.createComponent (node_modules/@angular/core/fesm2022/testing.mjs:2058:41)
      at _TestBedImpl.createComponent (node_modules/@angular/core/fesm2022/testing.mjs:1844:37)
      at src/app/ui/pages/studio/toolbar-dialog/field-measuring/field-measuring.component.spec.ts:128:23

    console.error
      NG0304: 'p-tabpanel' is not a known element (used in the 'FieldMeasuringComponent' component template):
      1. If 'p-tabpanel' is an Angular component, then verify that it is included in the '@Component.imports' of this component.
      2. If 'p-tabpanel' is a Web Component then add 'CUSTOM_ELEMENTS_SCHEMA' to the '@Component.schemas' of this component to suppress this message.

      at validateElementIsKnown (node_modules/@angular/core/fesm2022/core.mjs:11182:25)
      at ɵɵelementStart (node_modules/@angular/core/fesm2022/core.mjs:27876:9)
      at FieldMeasuringComponent_Template (ng:/FieldMeasuringComponent.js:179:9)
      at executeTemplate (node_modules/@angular/core/fesm2022/core.mjs:12389:9)
      at renderView (node_modules/@angular/core/fesm2022/core.mjs:12895:13)
      at renderComponent (node_modules/@angular/core/fesm2022/core.mjs:12840:5)
      at renderChildComponents (node_modules/@angular/core/fesm2022/core.mjs:12943:9)
      at renderView (node_modules/@angular/core/fesm2022/core.mjs:12923:13)
      at ComponentFactory2.create (node_modules/@angular/core/fesm2022/core.mjs:17959:17)
      at initComponent (node_modules/@angular/core/fesm2022/testing.mjs:2053:51)
      at _ZoneDelegate.invoke (node_modules/zone.js/bundles/zone.umd.js:410:32)
      at Object.onInvoke (node_modules/@angular/core/fesm2022/core.mjs:6579:33)
      at _ZoneDelegate.invoke (node_modules/zone.js/bundles/zone.umd.js:409:38)
      at ZoneImpl.run (node_modules/zone.js/bundles/zone.umd.js:145:47)
      at NgZone.run (node_modules/@angular/core/fesm2022/core.mjs:6425:28)
      at _TestBedImpl.createComponent (node_modules/@angular/core/fesm2022/testing.mjs:2058:41)
      at _TestBedImpl.createComponent (node_modules/@angular/core/fesm2022/testing.mjs:1844:37)
      at src/app/ui/pages/studio/toolbar-dialog/field-measuring/field-measuring.component.spec.ts:128:23

    console.error
      NG0304: 'app-temperature-calculation' is not a known element (used in the 'FieldMeasuringComponent' component template):
      1. If 'app-temperature-calculation' is an Angular component, then verify that it is included in the '@Component.imports' of this component.
      2. If 'app-temperature-calculation' is a Web Component then add 'CUSTOM_ELEMENTS_SCHEMA' to the '@Component.schemas' of this component to suppress this message.

      at validateElementIsKnown (node_modules/@angular/core/fesm2022/core.mjs:11182:25)
      at ɵɵelementStart (node_modules/@angular/core/fesm2022/core.mjs:27876:9)
      at FieldMeasuringComponent_Template (ng:/FieldMeasuringComponent.js:179:49)
      at executeTemplate (node_modules/@angular/core/fesm2022/core.mjs:12389:9)
      at renderView (node_modules/@angular/core/fesm2022/core.mjs:12895:13)
      at renderComponent (node_modules/@angular/core/fesm2022/core.mjs:12840:5)
      at renderChildComponents (node_modules/@angular/core/fesm2022/core.mjs:12943:9)
      at renderView (node_modules/@angular/core/fesm2022/core.mjs:12923:13)
      at ComponentFactory2.create (node_modules/@angular/core/fesm2022/core.mjs:17959:17)
      at initComponent (node_modules/@angular/core/fesm2022/testing.mjs:2053:51)
      at _ZoneDelegate.invoke (node_modules/zone.js/bundles/zone.umd.js:410:32)
      at Object.onInvoke (node_modules/@angular/core/fesm2022/core.mjs:6579:33)
      at _ZoneDelegate.invoke (node_modules/zone.js/bundles/zone.umd.js:409:38)
      at ZoneImpl.run (node_modules/zone.js/bundles/zone.umd.js:145:47)
      at NgZone.run (node_modules/@angular/core/fesm2022/core.mjs:6425:28)
      at _TestBedImpl.createComponent (node_modules/@angular/core/fesm2022/testing.mjs:2058:41)
      at _TestBedImpl.createComponent (node_modules/@angular/core/fesm2022/testing.mjs:1844:37)
      at src/app/ui/pages/studio/toolbar-dialog/field-measuring/field-measuring.component.spec.ts:128:23

    console.error
      NG0304: 'p-tabpanel' is not a known element (used in the 'FieldMeasuringComponent' component template):
      1. If 'p-tabpanel' is an Angular component, then verify that it is included in the '@Component.imports' of this component.
      2. If 'p-tabpanel' is a Web Component then add 'CUSTOM_ELEMENTS_SCHEMA' to the '@Component.schemas' of this component to suppress this message.

      at validateElementIsKnown (node_modules/@angular/core/fesm2022/core.mjs:11182:25)
      at ɵɵelementStart (node_modules/@angular/core/fesm2022/core.mjs:27876:9)
      at FieldMeasuringComponent_Template (ng:/FieldMeasuringComponent.js:187:9)
      at executeTemplate (node_modules/@angular/core/fesm2022/core.mjs:12389:9)
      at renderView (node_modules/@angular/core/fesm2022/core.mjs:12895:13)
      at renderComponent (node_modules/@angular/core/fesm2022/core.mjs:12840:5)
      at renderChildComponents (node_modules/@angular/core/fesm2022/core.mjs:12943:9)
      at renderView (node_modules/@angular/core/fesm2022/core.mjs:12923:13)
      at ComponentFactory2.create (node_modules/@angular/core/fesm2022/core.mjs:17959:17)
      at initComponent (node_modules/@angular/core/fesm2022/testing.mjs:2053:51)
      at _ZoneDelegate.invoke (node_modules/zone.js/bundles/zone.umd.js:410:32)
      at Object.onInvoke (node_modules/@angular/core/fesm2022/core.mjs:6579:33)
      at _ZoneDelegate.invoke (node_modules/zone.js/bundles/zone.umd.js:409:38)
      at ZoneImpl.run (node_modules/zone.js/bundles/zone.umd.js:145:47)
      at NgZone.run (node_modules/@angular/core/fesm2022/core.mjs:6425:28)
      at _TestBedImpl.createComponent (node_modules/@angular/core/fesm2022/testing.mjs:2058:41)
      at _TestBedImpl.createComponent (node_modules/@angular/core/fesm2022/testing.mjs:1844:37)
      at src/app/ui/pages/studio/toolbar-dialog/field-measuring/field-measuring.component.spec.ts:128:23

    console.error
      NG0304: 'app-parameter-at-15c-without-wind' is not a known element (used in the 'FieldMeasuringComponent' component template):
      1. If 'app-parameter-at-15c-without-wind' is an Angular component, then verify that it is included in the '@Component.imports' of this component.
      2. If 'app-parameter-at-15c-without-wind' is a Web Component then add 'CUSTOM_ELEMENTS_SCHEMA' to the '@Component.schemas' of this component to suppress this message.

      at validateElementIsKnown (node_modules/@angular/core/fesm2022/core.mjs:11182:25)
      at ɵɵelementStart (node_modules/@angular/core/fesm2022/core.mjs:27876:9)
      at FieldMeasuringComponent_Template (ng:/FieldMeasuringComponent.js:187:49)
      at executeTemplate (node_modules/@angular/core/fesm2022/core.mjs:12389:9)
      at renderView (node_modules/@angular/core/fesm2022/core.mjs:12895:13)
      at renderComponent (node_modules/@angular/core/fesm2022/core.mjs:12840:5)
      at renderChildComponents (node_modules/@angular/core/fesm2022/core.mjs:12943:9)
      at renderView (node_modules/@angular/core/fesm2022/core.mjs:12923:13)
      at ComponentFactory2.create (node_modules/@angular/core/fesm2022/core.mjs:17959:17)
      at initComponent (node_modules/@angular/core/fesm2022/testing.mjs:2053:51)
      at _ZoneDelegate.invoke (node_modules/zone.js/bundles/zone.umd.js:410:32)
      at Object.onInvoke (node_modules/@angular/core/fesm2022/core.mjs:6579:33)
      at _ZoneDelegate.invoke (node_modules/zone.js/bundles/zone.umd.js:409:38)
      at ZoneImpl.run (node_modules/zone.js/bundles/zone.umd.js:145:47)
      at NgZone.run (node_modules/@angular/core/fesm2022/core.mjs:6425:28)
      at _TestBedImpl.createComponent (node_modules/@angular/core/fesm2022/testing.mjs:2058:41)
      at _TestBedImpl.createComponent (node_modules/@angular/core/fesm2022/testing.mjs:1844:37)
      at src/app/ui/pages/studio/toolbar-dialog/field-measuring/field-measuring.component.spec.ts:128:23

    console.error
      NG0304: 'p-tabs' is not a known element (used in the 'FieldMeasuringComponent' component template):
      1. If 'p-tabs' is an Angular component, then verify that it is included in the '@Component.imports' of this component.
      2. If 'p-tabs' is a Web Component then add 'CUSTOM_ELEMENTS_SCHEMA' to the '@Component.schemas' of this component to suppress this message.

      at validateElementIsKnown (node_modules/@angular/core/fesm2022/core.mjs:11182:25)
      at ɵɵelementStart (node_modules/@angular/core/fesm2022/core.mjs:27876:9)
      at FieldMeasuringComponent_Template (ng:/FieldMeasuringComponent.js:148:9)
      at executeTemplate (node_modules/@angular/core/fesm2022/core.mjs:12389:9)
      at renderView (node_modules/@angular/core/fesm2022/core.mjs:12895:13)
      at renderComponent (node_modules/@angular/core/fesm2022/core.mjs:12840:5)
      at renderChildComponents (node_modules/@angular/core/fesm2022/core.mjs:12943:9)
      at renderView (node_modules/@angular/core/fesm2022/core.mjs:12923:13)
      at ComponentFactory2.create (node_modules/@angular/core/fesm2022/core.mjs:17959:17)
      at initComponent (node_modules/@angular/core/fesm2022/testing.mjs:2053:51)
      at _ZoneDelegate.invoke (node_modules/zone.js/bundles/zone.umd.js:410:32)
      at Object.onInvoke (node_modules/@angular/core/fesm2022/core.mjs:6579:33)
      at _ZoneDelegate.invoke (node_modules/zone.js/bundles/zone.umd.js:409:38)
      at ZoneImpl.run (node_modules/zone.js/bundles/zone.umd.js:145:47)
      at NgZone.run (node_modules/@angular/core/fesm2022/core.mjs:6425:28)
      at _TestBedImpl.createComponent (node_modules/@angular/core/fesm2022/testing.mjs:2058:41)
      at _TestBedImpl.createComponent (node_modules/@angular/core/fesm2022/testing.mjs:1844:37)
      at src/app/ui/pages/studio/toolbar-dialog/field-measuring/field-measuring.component.spec.ts:128:23

    console.error
      NG0304: 'p-tablist' is not a known element (used in the 'FieldMeasuringComponent' component template):
      1. If 'p-tablist' is an Angular component, then verify that it is included in the '@Component.imports' of this component.
      2. If 'p-tablist' is a Web Component then add 'CUSTOM_ELEMENTS_SCHEMA' to the '@Component.schemas' of this component to suppress this message.

      at validateElementIsKnown (node_modules/@angular/core/fesm2022/core.mjs:11182:25)
      at ɵɵelementStart (node_modules/@angular/core/fesm2022/core.mjs:27876:9)
      at FieldMeasuringComponent_Template (ng:/FieldMeasuringComponent.js:154:9)
      at executeTemplate (node_modules/@angular/core/fesm2022/core.mjs:12389:9)
      at renderView (node_modules/@angular/core/fesm2022/core.mjs:12895:13)
      at renderComponent (node_modules/@angular/core/fesm2022/core.mjs:12840:5)
      at renderChildComponents (node_modules/@angular/core/fesm2022/core.mjs:12943:9)
      at renderView (node_modules/@angular/core/fesm2022/core.mjs:12923:13)
      at ComponentFactory2.create (node_modules/@angular/core/fesm2022/core.mjs:17959:17)
      at initComponent (node_modules/@angular/core/fesm2022/testing.mjs:2053:51)
      at _ZoneDelegate.invoke (node_modules/zone.js/bundles/zone.umd.js:410:32)
      at Object.onInvoke (node_modules/@angular/core/fesm2022/core.mjs:6579:33)
      at _ZoneDelegate.invoke (node_modules/zone.js/bundles/zone.umd.js:409:38)
      at ZoneImpl.run (node_modules/zone.js/bundles/zone.umd.js:145:47)
      at NgZone.run (node_modules/@angular/core/fesm2022/core.mjs:6425:28)
      at _TestBedImpl.createComponent (node_modules/@angular/core/fesm2022/testing.mjs:2058:41)
      at _TestBedImpl.createComponent (node_modules/@angular/core/fesm2022/testing.mjs:1844:37)
      at src/app/ui/pages/studio/toolbar-dialog/field-measuring/field-measuring.component.spec.ts:128:23

    console.error
      NG0304: 'p-tab' is not a known element (used in the 'FieldMeasuringComponent' component template):
      1. If 'p-tab' is an Angular component, then verify that it is included in the '@Component.imports' of this component.
      2. If 'p-tab' is a Web Component then add 'CUSTOM_ELEMENTS_SCHEMA' to the '@Component.schemas' of this component to suppress this message.

      at validateElementIsKnown (node_modules/@angular/core/fesm2022/core.mjs:11182:25)
      at ɵɵelementStart (node_modules/@angular/core/fesm2022/core.mjs:27876:9)
      at FieldMeasuringComponent_Template (ng:/FieldMeasuringComponent.js:154:44)
      at executeTemplate (node_modules/@angular/core/fesm2022/core.mjs:12389:9)
      at renderView (node_modules/@angular/core/fesm2022/core.mjs:12895:13)
      at renderComponent (node_modules/@angular/core/fesm2022/core.mjs:12840:5)
      at renderChildComponents (node_modules/@angular/core/fesm2022/core.mjs:12943:9)
      at renderView (node_modules/@angular/core/fesm2022/core.mjs:12923:13)
      at ComponentFactory2.create (node_modules/@angular/core/fesm2022/core.mjs:17959:17)
      at initComponent (node_modules/@angular/core/fesm2022/testing.mjs:2053:51)
      at _ZoneDelegate.invoke (node_modules/zone.js/bundles/zone.umd.js:410:32)
      at Object.onInvoke (node_modules/@angular/core/fesm2022/core.mjs:6579:33)
      at _ZoneDelegate.invoke (node_modules/zone.js/bundles/zone.umd.js:409:38)
      at ZoneImpl.run (node_modules/zone.js/bundles/zone.umd.js:145:47)
      at NgZone.run (node_modules/@angular/core/fesm2022/core.mjs:6425:28)
      at _TestBedImpl.createComponent (node_modules/@angular/core/fesm2022/testing.mjs:2058:41)
      at _TestBedImpl.createComponent (node_modules/@angular/core/fesm2022/testing.mjs:1844:37)
      at src/app/ui/pages/studio/toolbar-dialog/field-measuring/field-measuring.component.spec.ts:128:23

    console.error
      NG0304: 'p-tab' is not a known element (used in the 'FieldMeasuringComponent' component template):
      1. If 'p-tab' is an Angular component, then verify that it is included in the '@Component.imports' of this component.
      2. If 'p-tab' is a Web Component then add 'CUSTOM_ELEMENTS_SCHEMA' to the '@Component.schemas' of this component to suppress this message.

      at validateElementIsKnown (node_modules/@angular/core/fesm2022/core.mjs:11182:25)
      at ɵɵelementStart (node_modules/@angular/core/fesm2022/core.mjs:27876:9)
      at FieldMeasuringComponent_Template (ng:/FieldMeasuringComponent.js:157:9)
      at executeTemplate (node_modules/@angular/core/fesm2022/core.mjs:12389:9)
      at renderView (node_modules/@angular/core/fesm2022/core.mjs:12895:13)
      at renderComponent (node_modules/@angular/core/fesm2022/core.mjs:12840:5)
      at renderChildComponents (node_modules/@angular/core/fesm2022/core.mjs:12943:9)
      at renderView (node_modules/@angular/core/fesm2022/core.mjs:12923:13)
      at ComponentFactory2.create (node_modules/@angular/core/fesm2022/core.mjs:17959:17)
      at initComponent (node_modules/@angular/core/fesm2022/testing.mjs:2053:51)
      at _ZoneDelegate.invoke (node_modules/zone.js/bundles/zone.umd.js:410:32)
      at Object.onInvoke (node_modules/@angular/core/fesm2022/core.mjs:6579:33)
      at _ZoneDelegate.invoke (node_modules/zone.js/bundles/zone.umd.js:409:38)
      at ZoneImpl.run (node_modules/zone.js/bundles/zone.umd.js:145:47)
      at NgZone.run (node_modules/@angular/core/fesm2022/core.mjs:6425:28)
      at _TestBedImpl.createComponent (node_modules/@angular/core/fesm2022/testing.mjs:2058:41)
      at _TestBedImpl.createComponent (node_modules/@angular/core/fesm2022/testing.mjs:1844:37)
      at src/app/ui/pages/studio/toolbar-dialog/field-measuring/field-measuring.component.spec.ts:128:23

    console.error
      NG0304: 'p-tab' is not a known element (used in the 'FieldMeasuringComponent' component template):
      1. If 'p-tab' is an Angular component, then verify that it is included in the '@Component.imports' of this component.
      2. If 'p-tab' is a Web Component then add 'CUSTOM_ELEMENTS_SCHEMA' to the '@Component.schemas' of this component to suppress this message.

      at validateElementIsKnown (node_modules/@angular/core/fesm2022/core.mjs:11182:25)
      at ɵɵelementStart (node_modules/@angular/core/fesm2022/core.mjs:27876:9)
      at FieldMeasuringComponent_Template (ng:/FieldMeasuringComponent.js:160:9)
      at executeTemplate (node_modules/@angular/core/fesm2022/core.mjs:12389:9)
      at renderView (node_modules/@angular/core/fesm2022/core.mjs:12895:13)
      at renderComponent (node_modules/@angular/core/fesm2022/core.mjs:12840:5)
      at renderChildComponents (node_modules/@angular/core/fesm2022/core.mjs:12943:9)
      at renderView (node_modules/@angular/core/fesm2022/core.mjs:12923:13)
      at ComponentFactory2.create (node_modules/@angular/core/fesm2022/core.mjs:17959:17)
      at initComponent (node_modules/@angular/core/fesm2022/testing.mjs:2053:51)
      at _ZoneDelegate.invoke (node_modules/zone.js/bundles/zone.umd.js:410:32)
      at Object.onInvoke (node_modules/@angular/core/fesm2022/core.mjs:6579:33)
      at _ZoneDelegate.invoke (node_modules/zone.js/bundles/zone.umd.js:409:38)
      at ZoneImpl.run (node_modules/zone.js/bundles/zone.umd.js:145:47)
      at NgZone.run (node_modules/@angular/core/fesm2022/core.mjs:6425:28)
      at _TestBedImpl.createComponent (node_modules/@angular/core/fesm2022/testing.mjs:2058:41)
      at _TestBedImpl.createComponent (node_modules/@angular/core/fesm2022/testing.mjs:1844:37)
      at src/app/ui/pages/studio/toolbar-dialog/field-measuring/field-measuring.component.spec.ts:128:23

    console.error
      NG0304: 'p-tab' is not a known element (used in the 'FieldMeasuringComponent' component template):
      1. If 'p-tab' is an Angular component, then verify that it is included in the '@Component.imports' of this component.
      2. If 'p-tab' is a Web Component then add 'CUSTOM_ELEMENTS_SCHEMA' to the '@Component.schemas' of this component to suppress this message.

      at validateElementIsKnown (node_modules/@angular/core/fesm2022/core.mjs:11182:25)
      at ɵɵelementStart (node_modules/@angular/core/fesm2022/core.mjs:27876:9)
      at FieldMeasuringComponent_Template (ng:/FieldMeasuringComponent.js:163:9)
      at executeTemplate (node_modules/@angular/core/fesm2022/core.mjs:12389:9)
      at renderView (node_modules/@angular/core/fesm2022/core.mjs:12895:13)
      at renderComponent (node_modules/@angular/core/fesm2022/core.mjs:12840:5)
      at renderChildComponents (node_modules/@angular/core/fesm2022/core.mjs:12943:9)
      at renderView (node_modules/@angular/core/fesm2022/core.mjs:12923:13)
      at ComponentFactory2.create (node_modules/@angular/core/fesm2022/core.mjs:17959:17)
      at initComponent (node_modules/@angular/core/fesm2022/testing.mjs:2053:51)
      at _ZoneDelegate.invoke (node_modules/zone.js/bundles/zone.umd.js:410:32)
      at Object.onInvoke (node_modules/@angular/core/fesm2022/core.mjs:6579:33)
      at _ZoneDelegate.invoke (node_modules/zone.js/bundles/zone.umd.js:409:38)
      at ZoneImpl.run (node_modules/zone.js/bundles/zone.umd.js:145:47)
      at NgZone.run (node_modules/@angular/core/fesm2022/core.mjs:6425:28)
      at _TestBedImpl.createComponent (node_modules/@angular/core/fesm2022/testing.mjs:2058:41)
      at _TestBedImpl.createComponent (node_modules/@angular/core/fesm2022/testing.mjs:1844:37)
      at src/app/ui/pages/studio/toolbar-dialog/field-measuring/field-measuring.component.spec.ts:128:23

    console.error
      NG0304: 'p-tabpanel' is not a known element (used in the 'FieldMeasuringComponent' component template):
      1. If 'p-tabpanel' is an Angular component, then verify that it is included in the '@Component.imports' of this component.
      2. If 'p-tabpanel' is a Web Component then add 'CUSTOM_ELEMENTS_SCHEMA' to the '@Component.schemas' of this component to suppress this message.

      at validateElementIsKnown (node_modules/@angular/core/fesm2022/core.mjs:11182:25)
      at ɵɵelementStart (node_modules/@angular/core/fesm2022/core.mjs:27876:9)
      at FieldMeasuringComponent_Template (ng:/FieldMeasuringComponent.js:166:9)
      at executeTemplate (node_modules/@angular/core/fesm2022/core.mjs:12389:9)
      at renderView (node_modules/@angular/core/fesm2022/core.mjs:12895:13)
      at renderComponent (node_modules/@angular/core/fesm2022/core.mjs:12840:5)
      at renderChildComponents (node_modules/@angular/core/fesm2022/core.mjs:12943:9)
      at renderView (node_modules/@angular/core/fesm2022/core.mjs:12923:13)
      at ComponentFactory2.create (node_modules/@angular/core/fesm2022/core.mjs:17959:17)
      at initComponent (node_modules/@angular/core/fesm2022/testing.mjs:2053:51)
      at _ZoneDelegate.invoke (node_modules/zone.js/bundles/zone.umd.js:410:32)
      at Object.onInvoke (node_modules/@angular/core/fesm2022/core.mjs:6579:33)
      at _ZoneDelegate.invoke (node_modules/zone.js/bundles/zone.umd.js:409:38)
      at ZoneImpl.run (node_modules/zone.js/bundles/zone.umd.js:145:47)
      at NgZone.run (node_modules/@angular/core/fesm2022/core.mjs:6425:28)
      at _TestBedImpl.createComponent (node_modules/@angular/core/fesm2022/testing.mjs:2058:41)
      at _TestBedImpl.createComponent (node_modules/@angular/core/fesm2022/testing.mjs:1844:37)
      at src/app/ui/pages/studio/toolbar-dialog/field-measuring/field-measuring.component.spec.ts:128:23

    console.error
      NG0304: 'p-tabpanel' is not a known element (used in the 'FieldMeasuringComponent' component template):
      1. If 'p-tabpanel' is an Angular component, then verify that it is included in the '@Component.imports' of this component.
      2. If 'p-tabpanel' is a Web Component then add 'CUSTOM_ELEMENTS_SCHEMA' to the '@Component.schemas' of this component to suppress this message.

      at validateElementIsKnown (node_modules/@angular/core/fesm2022/core.mjs:11182:25)
      at ɵɵelementStart (node_modules/@angular/core/fesm2022/core.mjs:27876:9)
      at FieldMeasuringComponent_Template (ng:/FieldMeasuringComponent.js:172:9)
      at executeTemplate (node_modules/@angular/core/fesm2022/core.mjs:12389:9)
      at renderView (node_modules/@angular/core/fesm2022/core.mjs:12895:13)
      at renderComponent (node_modules/@angular/core/fesm2022/core.mjs:12840:5)
      at renderChildComponents (node_modules/@angular/core/fesm2022/core.mjs:12943:9)
      at renderView (node_modules/@angular/core/fesm2022/core.mjs:12923:13)
      at ComponentFactory2.create (node_modules/@angular/core/fesm2022/core.mjs:17959:17)
      at initComponent (node_modules/@angular/core/fesm2022/testing.mjs:2053:51)
      at _ZoneDelegate.invoke (node_modules/zone.js/bundles/zone.umd.js:410:32)
      at Object.onInvoke (node_modules/@angular/core/fesm2022/core.mjs:6579:33)
      at _ZoneDelegate.invoke (node_modules/zone.js/bundles/zone.umd.js:409:38)
      at ZoneImpl.run (node_modules/zone.js/bundles/zone.umd.js:145:47)
      at NgZone.run (node_modules/@angular/core/fesm2022/core.mjs:6425:28)
      at _TestBedImpl.createComponent (node_modules/@angular/core/fesm2022/testing.mjs:2058:41)
      at _TestBedImpl.createComponent (node_modules/@angular/core/fesm2022/testing.mjs:1844:37)
      at src/app/ui/pages/studio/toolbar-dialog/field-measuring/field-measuring.component.spec.ts:128:23

    console.error
      NG0304: 'p-tabpanel' is not a known element (used in the 'FieldMeasuringComponent' component template):
      1. If 'p-tabpanel' is an Angular component, then verify that it is included in the '@Component.imports' of this component.
      2. If 'p-tabpanel' is a Web Component then add 'CUSTOM_ELEMENTS_SCHEMA' to the '@Component.schemas' of this component to suppress this message.

      at validateElementIsKnown (node_modules/@angular/core/fesm2022/core.mjs:11182:25)
      at ɵɵelementStart (node_modules/@angular/core/fesm2022/core.mjs:27876:9)
      at FieldMeasuringComponent_Template (ng:/FieldMeasuringComponent.js:179:9)
      at executeTemplate (node_modules/@angular/core/fesm2022/core.mjs:12389:9)
      at renderView (node_modules/@angular/core/fesm2022/core.mjs:12895:13)
      at renderComponent (node_modules/@angular/core/fesm2022/core.mjs:12840:5)
      at renderChildComponents (node_modules/@angular/core/fesm2022/core.mjs:12943:9)
      at renderView (node_modules/@angular/core/fesm2022/core.mjs:12923:13)
      at ComponentFactory2.create (node_modules/@angular/core/fesm2022/core.mjs:17959:17)
      at initComponent (node_modules/@angular/core/fesm2022/testing.mjs:2053:51)
      at _ZoneDelegate.invoke (node_modules/zone.js/bundles/zone.umd.js:410:32)
      at Object.onInvoke (node_modules/@angular/core/fesm2022/core.mjs:6579:33)
      at _ZoneDelegate.invoke (node_modules/zone.js/bundles/zone.umd.js:409:38)
      at ZoneImpl.run (node_modules/zone.js/bundles/zone.umd.js:145:47)
      at NgZone.run (node_modules/@angular/core/fesm2022/core.mjs:6425:28)
      at _TestBedImpl.createComponent (node_modules/@angular/core/fesm2022/testing.mjs:2058:41)
      at _TestBedImpl.createComponent (node_modules/@angular/core/fesm2022/testing.mjs:1844:37)
      at src/app/ui/pages/studio/toolbar-dialog/field-measuring/field-measuring.component.spec.ts:128:23

    console.error
      NG0304: 'app-temperature-calculation' is not a known element (used in the 'FieldMeasuringComponent' component template):
      1. If 'app-temperature-calculation' is an Angular component, then verify that it is included in the '@Component.imports' of this component.
      2. If 'app-temperature-calculation' is a Web Component then add 'CUSTOM_ELEMENTS_SCHEMA' to the '@Component.schemas' of this component to suppress this message.

      at validateElementIsKnown (node_modules/@angular/core/fesm2022/core.mjs:11182:25)
      at ɵɵelementStart (node_modules/@angular/core/fesm2022/core.mjs:27876:9)
      at FieldMeasuringComponent_Template (ng:/FieldMeasuringComponent.js:179:49)
      at executeTemplate (node_modules/@angular/core/fesm2022/core.mjs:12389:9)
      at renderView (node_modules/@angular/core/fesm2022/core.mjs:12895:13)
      at renderComponent (node_modules/@angular/core/fesm2022/core.mjs:12840:5)
      at renderChildComponents (node_modules/@angular/core/fesm2022/core.mjs:12943:9)
      at renderView (node_modules/@angular/core/fesm2022/core.mjs:12923:13)
      at ComponentFactory2.create (node_modules/@angular/core/fesm2022/core.mjs:17959:17)
      at initComponent (node_modules/@angular/core/fesm2022/testing.mjs:2053:51)
      at _ZoneDelegate.invoke (node_modules/zone.js/bundles/zone.umd.js:410:32)
      at Object.onInvoke (node_modules/@angular/core/fesm2022/core.mjs:6579:33)
      at _ZoneDelegate.invoke (node_modules/zone.js/bundles/zone.umd.js:409:38)
      at ZoneImpl.run (node_modules/zone.js/bundles/zone.umd.js:145:47)
      at NgZone.run (node_modules/@angular/core/fesm2022/core.mjs:6425:28)
      at _TestBedImpl.createComponent (node_modules/@angular/core/fesm2022/testing.mjs:2058:41)
      at _TestBedImpl.createComponent (node_modules/@angular/core/fesm2022/testing.mjs:1844:37)
      at src/app/ui/pages/studio/toolbar-dialog/field-measuring/field-measuring.component.spec.ts:128:23

    console.error
      NG0304: 'p-tabpanel' is not a known element (used in the 'FieldMeasuringComponent' component template):
      1. If 'p-tabpanel' is an Angular component, then verify that it is included in the '@Component.imports' of this component.
      2. If 'p-tabpanel' is a Web Component then add 'CUSTOM_ELEMENTS_SCHEMA' to the '@Component.schemas' of this component to suppress this message.

      at validateElementIsKnown (node_modules/@angular/core/fesm2022/core.mjs:11182:25)
      at ɵɵelementStart (node_modules/@angular/core/fesm2022/core.mjs:27876:9)
      at FieldMeasuringComponent_Template (ng:/FieldMeasuringComponent.js:187:9)
      at executeTemplate (node_modules/@angular/core/fesm2022/core.mjs:12389:9)
      at renderView (node_modules/@angular/core/fesm2022/core.mjs:12895:13)
      at renderComponent (node_modules/@angular/core/fesm2022/core.mjs:12840:5)
      at renderChildComponents (node_modules/@angular/core/fesm2022/core.mjs:12943:9)
      at renderView (node_modules/@angular/core/fesm2022/core.mjs:12923:13)
      at ComponentFactory2.create (node_modules/@angular/core/fesm2022/core.mjs:17959:17)
      at initComponent (node_modules/@angular/core/fesm2022/testing.mjs:2053:51)
      at _ZoneDelegate.invoke (node_modules/zone.js/bundles/zone.umd.js:410:32)
      at Object.onInvoke (node_modules/@angular/core/fesm2022/core.mjs:6579:33)
      at _ZoneDelegate.invoke (node_modules/zone.js/bundles/zone.umd.js:409:38)
      at ZoneImpl.run (node_modules/zone.js/bundles/zone.umd.js:145:47)
      at NgZone.run (node_modules/@angular/core/fesm2022/core.mjs:6425:28)
      at _TestBedImpl.createComponent (node_modules/@angular/core/fesm2022/testing.mjs:2058:41)
      at _TestBedImpl.createComponent (node_modules/@angular/core/fesm2022/testing.mjs:1844:37)
      at src/app/ui/pages/studio/toolbar-dialog/field-measuring/field-measuring.component.spec.ts:128:23

    console.error
      NG0304: 'app-parameter-at-15c-without-wind' is not a known element (used in the 'FieldMeasuringComponent' component template):
      1. If 'app-parameter-at-15c-without-wind' is an Angular component, then verify that it is included in the '@Component.imports' of this component.
      2. If 'app-parameter-at-15c-without-wind' is a Web Component then add 'CUSTOM_ELEMENTS_SCHEMA' to the '@Component.schemas' of this component to suppress this message.

      at validateElementIsKnown (node_modules/@angular/core/fesm2022/core.mjs:11182:25)
      at ɵɵelementStart (node_modules/@angular/core/fesm2022/core.mjs:27876:9)
      at FieldMeasuringComponent_Template (ng:/FieldMeasuringComponent.js:187:49)
      at executeTemplate (node_modules/@angular/core/fesm2022/core.mjs:12389:9)
      at renderView (node_modules/@angular/core/fesm2022/core.mjs:12895:13)
      at renderComponent (node_modules/@angular/core/fesm2022/core.mjs:12840:5)
      at renderChildComponents (node_modules/@angular/core/fesm2022/core.mjs:12943:9)
      at renderView (node_modules/@angular/core/fesm2022/core.mjs:12923:13)
      at ComponentFactory2.create (node_modules/@angular/core/fesm2022/core.mjs:17959:17)
      at initComponent (node_modules/@angular/core/fesm2022/testing.mjs:2053:51)
      at _ZoneDelegate.invoke (node_modules/zone.js/bundles/zone.umd.js:410:32)
      at Object.onInvoke (node_modules/@angular/core/fesm2022/core.mjs:6579:33)
      at _ZoneDelegate.invoke (node_modules/zone.js/bundles/zone.umd.js:409:38)
      at ZoneImpl.run (node_modules/zone.js/bundles/zone.umd.js:145:47)
      at NgZone.run (node_modules/@angular/core/fesm2022/core.mjs:6425:28)
      at _TestBedImpl.createComponent (node_modules/@angular/core/fesm2022/testing.mjs:2058:41)
      at _TestBedImpl.createComponent (node_modules/@angular/core/fesm2022/testing.mjs:1844:37)
      at src/app/ui/pages/studio/toolbar-dialog/field-measuring/field-measuring.component.spec.ts:128:23

    console.error
      NG0304: 'p-tabs' is not a known element (used in the 'FieldMeasuringComponent' component template):
      1. If 'p-tabs' is an Angular component, then verify that it is included in the '@Component.imports' of this component.
      2. If 'p-tabs' is a Web Component then add 'CUSTOM_ELEMENTS_SCHEMA' to the '@Component.schemas' of this component to suppress this message.

      at validateElementIsKnown (node_modules/@angular/core/fesm2022/core.mjs:11182:25)
      at ɵɵelementStart (node_modules/@angular/core/fesm2022/core.mjs:27876:9)
      at FieldMeasuringComponent_Template (ng:/FieldMeasuringComponent.js:148:9)
      at executeTemplate (node_modules/@angular/core/fesm2022/core.mjs:12389:9)
      at renderView (node_modules/@angular/core/fesm2022/core.mjs:12895:13)
      at renderComponent (node_modules/@angular/core/fesm2022/core.mjs:12840:5)
      at renderChildComponents (node_modules/@angular/core/fesm2022/core.mjs:12943:9)
      at renderView (node_modules/@angular/core/fesm2022/core.mjs:12923:13)
      at ComponentFactory2.create (node_modules/@angular/core/fesm2022/core.mjs:17959:17)
      at initComponent (node_modules/@angular/core/fesm2022/testing.mjs:2053:51)
      at _ZoneDelegate.invoke (node_modules/zone.js/bundles/zone.umd.js:410:32)
      at Object.onInvoke (node_modules/@angular/core/fesm2022/core.mjs:6579:33)
      at _ZoneDelegate.invoke (node_modules/zone.js/bundles/zone.umd.js:409:38)
      at ZoneImpl.run (node_modules/zone.js/bundles/zone.umd.js:145:47)
      at NgZone.run (node_modules/@angular/core/fesm2022/core.mjs:6425:28)
      at _TestBedImpl.createComponent (node_modules/@angular/core/fesm2022/testing.mjs:2058:41)
      at _TestBedImpl.createComponent (node_modules/@angular/core/fesm2022/testing.mjs:1844:37)
      at src/app/ui/pages/studio/toolbar-dialog/field-measuring/field-measuring.component.spec.ts:128:23

    console.error
      NG0304: 'p-tablist' is not a known element (used in the 'FieldMeasuringComponent' component template):
      1. If 'p-tablist' is an Angular component, then verify that it is included in the '@Component.imports' of this component.
      2. If 'p-tablist' is a Web Component then add 'CUSTOM_ELEMENTS_SCHEMA' to the '@Component.schemas' of this component to suppress this message.

      at validateElementIsKnown (node_modules/@angular/core/fesm2022/core.mjs:11182:25)
      at ɵɵelementStart (node_modules/@angular/core/fesm2022/core.mjs:27876:9)
      at FieldMeasuringComponent_Template (ng:/FieldMeasuringComponent.js:154:9)
      at executeTemplate (node_modules/@angular/core/fesm2022/core.mjs:12389:9)
      at renderView (node_modules/@angular/core/fesm2022/core.mjs:12895:13)
      at renderComponent (node_modules/@angular/core/fesm2022/core.mjs:12840:5)
      at renderChildComponents (node_modules/@angular/core/fesm2022/core.mjs:12943:9)
      at renderView (node_modules/@angular/core/fesm2022/core.mjs:12923:13)
      at ComponentFactory2.create (node_modules/@angular/core/fesm2022/core.mjs:17959:17)
      at initComponent (node_modules/@angular/core/fesm2022/testing.mjs:2053:51)
      at _ZoneDelegate.invoke (node_modules/zone.js/bundles/zone.umd.js:410:32)
      at Object.onInvoke (node_modules/@angular/core/fesm2022/core.mjs:6579:33)
      at _ZoneDelegate.invoke (node_modules/zone.js/bundles/zone.umd.js:409:38)
      at ZoneImpl.run (node_modules/zone.js/bundles/zone.umd.js:145:47)
      at NgZone.run (node_modules/@angular/core/fesm2022/core.mjs:6425:28)
      at _TestBedImpl.createComponent (node_modules/@angular/core/fesm2022/testing.mjs:2058:41)
      at _TestBedImpl.createComponent (node_modules/@angular/core/fesm2022/testing.mjs:1844:37)
      at src/app/ui/pages/studio/toolbar-dialog/field-measuring/field-measuring.component.spec.ts:128:23

    console.error
      NG0304: 'p-tab' is not a known element (used in the 'FieldMeasuringComponent' component template):
      1. If 'p-tab' is an Angular component, then verify that it is included in the '@Component.imports' of this component.
      2. If 'p-tab' is a Web Component then add 'CUSTOM_ELEMENTS_SCHEMA' to the '@Component.schemas' of this component to suppress this message.

      at validateElementIsKnown (node_modules/@angular/core/fesm2022/core.mjs:11182:25)
      at ɵɵelementStart (node_modules/@angular/core/fesm2022/core.mjs:27876:9)
      at FieldMeasuringComponent_Template (ng:/FieldMeasuringComponent.js:154:44)
      at executeTemplate (node_modules/@angular/core/fesm2022/core.mjs:12389:9)
      at renderView (node_modules/@angular/core/fesm2022/core.mjs:12895:13)
      at renderComponent (node_modules/@angular/core/fesm2022/core.mjs:12840:5)
      at renderChildComponents (node_modules/@angular/core/fesm2022/core.mjs:12943:9)
      at renderView (node_modules/@angular/core/fesm2022/core.mjs:12923:13)
      at ComponentFactory2.create (node_modules/@angular/core/fesm2022/core.mjs:17959:17)
      at initComponent (node_modules/@angular/core/fesm2022/testing.mjs:2053:51)
      at _ZoneDelegate.invoke (node_modules/zone.js/bundles/zone.umd.js:410:32)
      at Object.onInvoke (node_modules/@angular/core/fesm2022/core.mjs:6579:33)
      at _ZoneDelegate.invoke (node_modules/zone.js/bundles/zone.umd.js:409:38)
      at ZoneImpl.run (node_modules/zone.js/bundles/zone.umd.js:145:47)
      at NgZone.run (node_modules/@angular/core/fesm2022/core.mjs:6425:28)
      at _TestBedImpl.createComponent (node_modules/@angular/core/fesm2022/testing.mjs:2058:41)
      at _TestBedImpl.createComponent (node_modules/@angular/core/fesm2022/testing.mjs:1844:37)
      at src/app/ui/pages/studio/toolbar-dialog/field-measuring/field-measuring.component.spec.ts:128:23

    console.error
      NG0304: 'p-tab' is not a known element (used in the 'FieldMeasuringComponent' component template):
      1. If 'p-tab' is an Angular component, then verify that it is included in the '@Component.imports' of this component.
      2. If 'p-tab' is a Web Component then add 'CUSTOM_ELEMENTS_SCHEMA' to the '@Component.schemas' of this component to suppress this message.

      at validateElementIsKnown (node_modules/@angular/core/fesm2022/core.mjs:11182:25)
      at ɵɵelementStart (node_modules/@angular/core/fesm2022/core.mjs:27876:9)
      at FieldMeasuringComponent_Template (ng:/FieldMeasuringComponent.js:157:9)
      at executeTemplate (node_modules/@angular/core/fesm2022/core.mjs:12389:9)
      at renderView (node_modules/@angular/core/fesm2022/core.mjs:12895:13)
      at renderComponent (node_modules/@angular/core/fesm2022/core.mjs:12840:5)
      at renderChildComponents (node_modules/@angular/core/fesm2022/core.mjs:12943:9)
      at renderView (node_modules/@angular/core/fesm2022/core.mjs:12923:13)
      at ComponentFactory2.create (node_modules/@angular/core/fesm2022/core.mjs:17959:17)
      at initComponent (node_modules/@angular/core/fesm2022/testing.mjs:2053:51)
      at _ZoneDelegate.invoke (node_modules/zone.js/bundles/zone.umd.js:410:32)
      at Object.onInvoke (node_modules/@angular/core/fesm2022/core.mjs:6579:33)
      at _ZoneDelegate.invoke (node_modules/zone.js/bundles/zone.umd.js:409:38)
      at ZoneImpl.run (node_modules/zone.js/bundles/zone.umd.js:145:47)
      at NgZone.run (node_modules/@angular/core/fesm2022/core.mjs:6425:28)
      at _TestBedImpl.createComponent (node_modules/@angular/core/fesm2022/testing.mjs:2058:41)
      at _TestBedImpl.createComponent (node_modules/@angular/core/fesm2022/testing.mjs:1844:37)
      at src/app/ui/pages/studio/toolbar-dialog/field-measuring/field-measuring.component.spec.ts:128:23

    console.error
      NG0304: 'p-tab' is not a known element (used in the 'FieldMeasuringComponent' component template):
      1. If 'p-tab' is an Angular component, then verify that it is included in the '@Component.imports' of this component.
      2. If 'p-tab' is a Web Component then add 'CUSTOM_ELEMENTS_SCHEMA' to the '@Component.schemas' of this component to suppress this message.

      at validateElementIsKnown (node_modules/@angular/core/fesm2022/core.mjs:11182:25)
      at ɵɵelementStart (node_modules/@angular/core/fesm2022/core.mjs:27876:9)
      at FieldMeasuringComponent_Template (ng:/FieldMeasuringComponent.js:160:9)
      at executeTemplate (node_modules/@angular/core/fesm2022/core.mjs:12389:9)
      at renderView (node_modules/@angular/core/fesm2022/core.mjs:12895:13)
      at renderComponent (node_modules/@angular/core/fesm2022/core.mjs:12840:5)
      at renderChildComponents (node_modules/@angular/core/fesm2022/core.mjs:12943:9)
      at renderView (node_modules/@angular/core/fesm2022/core.mjs:12923:13)
      at ComponentFactory2.create (node_modules/@angular/core/fesm2022/core.mjs:17959:17)
      at initComponent (node_modules/@angular/core/fesm2022/testing.mjs:2053:51)
      at _ZoneDelegate.invoke (node_modules/zone.js/bundles/zone.umd.js:410:32)
      at Object.onInvoke (node_modules/@angular/core/fesm2022/core.mjs:6579:33)
      at _ZoneDelegate.invoke (node_modules/zone.js/bundles/zone.umd.js:409:38)
      at ZoneImpl.run (node_modules/zone.js/bundles/zone.umd.js:145:47)
      at NgZone.run (node_modules/@angular/core/fesm2022/core.mjs:6425:28)
      at _TestBedImpl.createComponent (node_modules/@angular/core/fesm2022/testing.mjs:2058:41)
      at _TestBedImpl.createComponent (node_modules/@angular/core/fesm2022/testing.mjs:1844:37)
      at src/app/ui/pages/studio/toolbar-dialog/field-measuring/field-measuring.component.spec.ts:128:23

    console.error
      NG0304: 'p-tab' is not a known element (used in the 'FieldMeasuringComponent' component template):
      1. If 'p-tab' is an Angular component, then verify that it is included in the '@Component.imports' of this component.
      2. If 'p-tab' is a Web Component then add 'CUSTOM_ELEMENTS_SCHEMA' to the '@Component.schemas' of this component to suppress this message.

      at validateElementIsKnown (node_modules/@angular/core/fesm2022/core.mjs:11182:25)
      at ɵɵelementStart (node_modules/@angular/core/fesm2022/core.mjs:27876:9)
      at FieldMeasuringComponent_Template (ng:/FieldMeasuringComponent.js:163:9)
      at executeTemplate (node_modules/@angular/core/fesm2022/core.mjs:12389:9)
      at renderView (node_modules/@angular/core/fesm2022/core.mjs:12895:13)
      at renderComponent (node_modules/@angular/core/fesm2022/core.mjs:12840:5)
      at renderChildComponents (node_modules/@angular/core/fesm2022/core.mjs:12943:9)
      at renderView (node_modules/@angular/core/fesm2022/core.mjs:12923:13)
      at ComponentFactory2.create (node_modules/@angular/core/fesm2022/core.mjs:17959:17)
      at initComponent (node_modules/@angular/core/fesm2022/testing.mjs:2053:51)
      at _ZoneDelegate.invoke (node_modules/zone.js/bundles/zone.umd.js:410:32)
      at Object.onInvoke (node_modules/@angular/core/fesm2022/core.mjs:6579:33)
      at _ZoneDelegate.invoke (node_modules/zone.js/bundles/zone.umd.js:409:38)
      at ZoneImpl.run (node_modules/zone.js/bundles/zone.umd.js:145:47)
      at NgZone.run (node_modules/@angular/core/fesm2022/core.mjs:6425:28)
      at _TestBedImpl.createComponent (node_modules/@angular/core/fesm2022/testing.mjs:2058:41)
      at _TestBedImpl.createComponent (node_modules/@angular/core/fesm2022/testing.mjs:1844:37)
      at src/app/ui/pages/studio/toolbar-dialog/field-measuring/field-measuring.component.spec.ts:128:23

    console.error
      NG0304: 'p-tabpanel' is not a known element (used in the 'FieldMeasuringComponent' component template):
      1. If 'p-tabpanel' is an Angular component, then verify that it is included in the '@Component.imports' of this component.
      2. If 'p-tabpanel' is a Web Component then add 'CUSTOM_ELEMENTS_SCHEMA' to the '@Component.schemas' of this component to suppress this message.

      at validateElementIsKnown (node_modules/@angular/core/fesm2022/core.mjs:11182:25)
      at ɵɵelementStart (node_modules/@angular/core/fesm2022/core.mjs:27876:9)
      at FieldMeasuringComponent_Template (ng:/FieldMeasuringComponent.js:166:9)
      at executeTemplate (node_modules/@angular/core/fesm2022/core.mjs:12389:9)
      at renderView (node_modules/@angular/core/fesm2022/core.mjs:12895:13)
      at renderComponent (node_modules/@angular/core/fesm2022/core.mjs:12840:5)
      at renderChildComponents (node_modules/@angular/core/fesm2022/core.mjs:12943:9)
      at renderView (node_modules/@angular/core/fesm2022/core.mjs:12923:13)
      at ComponentFactory2.create (node_modules/@angular/core/fesm2022/core.mjs:17959:17)
      at initComponent (node_modules/@angular/core/fesm2022/testing.mjs:2053:51)
      at _ZoneDelegate.invoke (node_modules/zone.js/bundles/zone.umd.js:410:32)
      at Object.onInvoke (node_modules/@angular/core/fesm2022/core.mjs:6579:33)
      at _ZoneDelegate.invoke (node_modules/zone.js/bundles/zone.umd.js:409:38)
      at ZoneImpl.run (node_modules/zone.js/bundles/zone.umd.js:145:47)
      at NgZone.run (node_modules/@angular/core/fesm2022/core.mjs:6425:28)
      at _TestBedImpl.createComponent (node_modules/@angular/core/fesm2022/testing.mjs:2058:41)
      at _TestBedImpl.createComponent (node_modules/@angular/core/fesm2022/testing.mjs:1844:37)
      at src/app/ui/pages/studio/toolbar-dialog/field-measuring/field-measuring.component.spec.ts:128:23

    console.error
      NG0304: 'p-tabpanel' is not a known element (used in the 'FieldMeasuringComponent' component template):
      1. If 'p-tabpanel' is an Angular component, then verify that it is included in the '@Component.imports' of this component.
      2. If 'p-tabpanel' is a Web Component then add 'CUSTOM_ELEMENTS_SCHEMA' to the '@Component.schemas' of this component to suppress this message.

      at validateElementIsKnown (node_modules/@angular/core/fesm2022/core.mjs:11182:25)
      at ɵɵelementStart (node_modules/@angular/core/fesm2022/core.mjs:27876:9)
      at FieldMeasuringComponent_Template (ng:/FieldMeasuringComponent.js:172:9)
      at executeTemplate (node_modules/@angular/core/fesm2022/core.mjs:12389:9)
      at renderView (node_modules/@angular/core/fesm2022/core.mjs:12895:13)
      at renderComponent (node_modules/@angular/core/fesm2022/core.mjs:12840:5)
      at renderChildComponents (node_modules/@angular/core/fesm2022/core.mjs:12943:9)
      at renderView (node_modules/@angular/core/fesm2022/core.mjs:12923:13)
      at ComponentFactory2.create (node_modules/@angular/core/fesm2022/core.mjs:17959:17)
      at initComponent (node_modules/@angular/core/fesm2022/testing.mjs:2053:51)
      at _ZoneDelegate.invoke (node_modules/zone.js/bundles/zone.umd.js:410:32)
      at Object.onInvoke (node_modules/@angular/core/fesm2022/core.mjs:6579:33)
      at _ZoneDelegate.invoke (node_modules/zone.js/bundles/zone.umd.js:409:38)
      at ZoneImpl.run (node_modules/zone.js/bundles/zone.umd.js:145:47)
      at NgZone.run (node_modules/@angular/core/fesm2022/core.mjs:6425:28)
      at _TestBedImpl.createComponent (node_modules/@angular/core/fesm2022/testing.mjs:2058:41)
      at _TestBedImpl.createComponent (node_modules/@angular/core/fesm2022/testing.mjs:1844:37)
      at src/app/ui/pages/studio/toolbar-dialog/field-measuring/field-measuring.component.spec.ts:128:23

    console.error
      NG0304: 'p-tabpanel' is not a known element (used in the 'FieldMeasuringComponent' component template):
      1. If 'p-tabpanel' is an Angular component, then verify that it is included in the '@Component.imports' of this component.
      2. If 'p-tabpanel' is a Web Component then add 'CUSTOM_ELEMENTS_SCHEMA' to the '@Component.schemas' of this component to suppress this message.

      at validateElementIsKnown (node_modules/@angular/core/fesm2022/core.mjs:11182:25)
      at ɵɵelementStart (node_modules/@angular/core/fesm2022/core.mjs:27876:9)
      at FieldMeasuringComponent_Template (ng:/FieldMeasuringComponent.js:179:9)
      at executeTemplate (node_modules/@angular/core/fesm2022/core.mjs:12389:9)
      at renderView (node_modules/@angular/core/fesm2022/core.mjs:12895:13)
      at renderComponent (node_modules/@angular/core/fesm2022/core.mjs:12840:5)
      at renderChildComponents (node_modules/@angular/core/fesm2022/core.mjs:12943:9)
      at renderView (node_modules/@angular/core/fesm2022/core.mjs:12923:13)
      at ComponentFactory2.create (node_modules/@angular/core/fesm2022/core.mjs:17959:17)
      at initComponent (node_modules/@angular/core/fesm2022/testing.mjs:2053:51)
      at _ZoneDelegate.invoke (node_modules/zone.js/bundles/zone.umd.js:410:32)
      at Object.onInvoke (node_modules/@angular/core/fesm2022/core.mjs:6579:33)
      at _ZoneDelegate.invoke (node_modules/zone.js/bundles/zone.umd.js:409:38)
      at ZoneImpl.run (node_modules/zone.js/bundles/zone.umd.js:145:47)
      at NgZone.run (node_modules/@angular/core/fesm2022/core.mjs:6425:28)
      at _TestBedImpl.createComponent (node_modules/@angular/core/fesm2022/testing.mjs:2058:41)
      at _TestBedImpl.createComponent (node_modules/@angular/core/fesm2022/testing.mjs:1844:37)
      at src/app/ui/pages/studio/toolbar-dialog/field-measuring/field-measuring.component.spec.ts:128:23

    console.error
      NG0304: 'app-temperature-calculation' is not a known element (used in the 'FieldMeasuringComponent' component template):
      1. If 'app-temperature-calculation' is an Angular component, then verify that it is included in the '@Component.imports' of this component.
      2. If 'app-temperature-calculation' is a Web Component then add 'CUSTOM_ELEMENTS_SCHEMA' to the '@Component.schemas' of this component to suppress this message.

      at validateElementIsKnown (node_modules/@angular/core/fesm2022/core.mjs:11182:25)
      at ɵɵelementStart (node_modules/@angular/core/fesm2022/core.mjs:27876:9)
      at FieldMeasuringComponent_Template (ng:/FieldMeasuringComponent.js:179:49)
      at executeTemplate (node_modules/@angular/core/fesm2022/core.mjs:12389:9)
      at renderView (node_modules/@angular/core/fesm2022/core.mjs:12895:13)
      at renderComponent (node_modules/@angular/core/fesm2022/core.mjs:12840:5)
      at renderChildComponents (node_modules/@angular/core/fesm2022/core.mjs:12943:9)
      at renderView (node_modules/@angular/core/fesm2022/core.mjs:12923:13)
      at ComponentFactory2.create (node_modules/@angular/core/fesm2022/core.mjs:17959:17)
      at initComponent (node_modules/@angular/core/fesm2022/testing.mjs:2053:51)
      at _ZoneDelegate.invoke (node_modules/zone.js/bundles/zone.umd.js:410:32)
      at Object.onInvoke (node_modules/@angular/core/fesm2022/core.mjs:6579:33)
      at _ZoneDelegate.invoke (node_modules/zone.js/bundles/zone.umd.js:409:38)
      at ZoneImpl.run (node_modules/zone.js/bundles/zone.umd.js:145:47)
      at NgZone.run (node_modules/@angular/core/fesm2022/core.mjs:6425:28)
      at _TestBedImpl.createComponent (node_modules/@angular/core/fesm2022/testing.mjs:2058:41)
      at _TestBedImpl.createComponent (node_modules/@angular/core/fesm2022/testing.mjs:1844:37)
      at src/app/ui/pages/studio/toolbar-dialog/field-measuring/field-measuring.component.spec.ts:128:23

    console.error
      NG0304: 'p-tabpanel' is not a known element (used in the 'FieldMeasuringComponent' component template):
      1. If 'p-tabpanel' is an Angular component, then verify that it is included in the '@Component.imports' of this component.
      2. If 'p-tabpanel' is a Web Component then add 'CUSTOM_ELEMENTS_SCHEMA' to the '@Component.schemas' of this component to suppress this message.

      at validateElementIsKnown (node_modules/@angular/core/fesm2022/core.mjs:11182:25)
      at ɵɵelementStart (node_modules/@angular/core/fesm2022/core.mjs:27876:9)
      at FieldMeasuringComponent_Template (ng:/FieldMeasuringComponent.js:187:9)
      at executeTemplate (node_modules/@angular/core/fesm2022/core.mjs:12389:9)
      at renderView (node_modules/@angular/core/fesm2022/core.mjs:12895:13)
      at renderComponent (node_modules/@angular/core/fesm2022/core.mjs:12840:5)
      at renderChildComponents (node_modules/@angular/core/fesm2022/core.mjs:12943:9)
      at renderView (node_modules/@angular/core/fesm2022/core.mjs:12923:13)
      at ComponentFactory2.create (node_modules/@angular/core/fesm2022/core.mjs:17959:17)
      at initComponent (node_modules/@angular/core/fesm2022/testing.mjs:2053:51)
      at _ZoneDelegate.invoke (node_modules/zone.js/bundles/zone.umd.js:410:32)
      at Object.onInvoke (node_modules/@angular/core/fesm2022/core.mjs:6579:33)
      at _ZoneDelegate.invoke (node_modules/zone.js/bundles/zone.umd.js:409:38)
      at ZoneImpl.run (node_modules/zone.js/bundles/zone.umd.js:145:47)
      at NgZone.run (node_modules/@angular/core/fesm2022/core.mjs:6425:28)
      at _TestBedImpl.createComponent (node_modules/@angular/core/fesm2022/testing.mjs:2058:41)
      at _TestBedImpl.createComponent (node_modules/@angular/core/fesm2022/testing.mjs:1844:37)
      at src/app/ui/pages/studio/toolbar-dialog/field-measuring/field-measuring.component.spec.ts:128:23

    console.error
      NG0304: 'app-parameter-at-15c-without-wind' is not a known element (used in the 'FieldMeasuringComponent' component template):
      1. If 'app-parameter-at-15c-without-wind' is an Angular component, then verify that it is included in the '@Component.imports' of this component.
      2. If 'app-parameter-at-15c-without-wind' is a Web Component then add 'CUSTOM_ELEMENTS_SCHEMA' to the '@Component.schemas' of this component to suppress this message.

      at validateElementIsKnown (node_modules/@angular/core/fesm2022/core.mjs:11182:25)
      at ɵɵelementStart (node_modules/@angular/core/fesm2022/core.mjs:27876:9)
      at FieldMeasuringComponent_Template (ng:/FieldMeasuringComponent.js:187:49)
      at executeTemplate (node_modules/@angular/core/fesm2022/core.mjs:12389:9)
      at renderView (node_modules/@angular/core/fesm2022/core.mjs:12895:13)
      at renderComponent (node_modules/@angular/core/fesm2022/core.mjs:12840:5)
      at renderChildComponents (node_modules/@angular/core/fesm2022/core.mjs:12943:9)
      at renderView (node_modules/@angular/core/fesm2022/core.mjs:12923:13)
      at ComponentFactory2.create (node_modules/@angular/core/fesm2022/core.mjs:17959:17)
      at initComponent (node_modules/@angular/core/fesm2022/testing.mjs:2053:51)
      at _ZoneDelegate.invoke (node_modules/zone.js/bundles/zone.umd.js:410:32)
      at Object.onInvoke (node_modules/@angular/core/fesm2022/core.mjs:6579:33)
      at _ZoneDelegate.invoke (node_modules/zone.js/bundles/zone.umd.js:409:38)
      at ZoneImpl.run (node_modules/zone.js/bundles/zone.umd.js:145:47)
      at NgZone.run (node_modules/@angular/core/fesm2022/core.mjs:6425:28)
      at _TestBedImpl.createComponent (node_modules/@angular/core/fesm2022/testing.mjs:2058:41)
      at _TestBedImpl.createComponent (node_modules/@angular/core/fesm2022/testing.mjs:1844:37)
      at src/app/ui/pages/studio/toolbar-dialog/field-measuring/field-measuring.component.spec.ts:128:23

    console.error
      NG0304: 'p-tabs' is not a known element (used in the 'FieldMeasuringComponent' component template):
      1. If 'p-tabs' is an Angular component, then verify that it is included in the '@Component.imports' of this component.
      2. If 'p-tabs' is a Web Component then add 'CUSTOM_ELEMENTS_SCHEMA' to the '@Component.schemas' of this component to suppress this message.

      at validateElementIsKnown (node_modules/@angular/core/fesm2022/core.mjs:11182:25)
      at ɵɵelementStart (node_modules/@angular/core/fesm2022/core.mjs:27876:9)
      at FieldMeasuringComponent_Template (ng:/FieldMeasuringComponent.js:148:9)
      at executeTemplate (node_modules/@angular/core/fesm2022/core.mjs:12389:9)
      at renderView (node_modules/@angular/core/fesm2022/core.mjs:12895:13)
      at renderComponent (node_modules/@angular/core/fesm2022/core.mjs:12840:5)
      at renderChildComponents (node_modules/@angular/core/fesm2022/core.mjs:12943:9)
      at renderView (node_modules/@angular/core/fesm2022/core.mjs:12923:13)
      at ComponentFactory2.create (node_modules/@angular/core/fesm2022/core.mjs:17959:17)
      at initComponent (node_modules/@angular/core/fesm2022/testing.mjs:2053:51)
      at _ZoneDelegate.invoke (node_modules/zone.js/bundles/zone.umd.js:410:32)
      at Object.onInvoke (node_modules/@angular/core/fesm2022/core.mjs:6579:33)
      at _ZoneDelegate.invoke (node_modules/zone.js/bundles/zone.umd.js:409:38)
      at ZoneImpl.run (node_modules/zone.js/bundles/zone.umd.js:145:47)
      at NgZone.run (node_modules/@angular/core/fesm2022/core.mjs:6425:28)
      at _TestBedImpl.createComponent (node_modules/@angular/core/fesm2022/testing.mjs:2058:41)
      at _TestBedImpl.createComponent (node_modules/@angular/core/fesm2022/testing.mjs:1844:37)
      at src/app/ui/pages/studio/toolbar-dialog/field-measuring/field-measuring.component.spec.ts:128:23

    console.error
      NG0304: 'p-tablist' is not a known element (used in the 'FieldMeasuringComponent' component template):
      1. If 'p-tablist' is an Angular component, then verify that it is included in the '@Component.imports' of this component.
      2. If 'p-tablist' is a Web Component then add 'CUSTOM_ELEMENTS_SCHEMA' to the '@Component.schemas' of this component to suppress this message.

      at validateElementIsKnown (node_modules/@angular/core/fesm2022/core.mjs:11182:25)
      at ɵɵelementStart (node_modules/@angular/core/fesm2022/core.mjs:27876:9)
      at FieldMeasuringComponent_Template (ng:/FieldMeasuringComponent.js:154:9)
      at executeTemplate (node_modules/@angular/core/fesm2022/core.mjs:12389:9)
      at renderView (node_modules/@angular/core/fesm2022/core.mjs:12895:13)
      at renderComponent (node_modules/@angular/core/fesm2022/core.mjs:12840:5)
      at renderChildComponents (node_modules/@angular/core/fesm2022/core.mjs:12943:9)
      at renderView (node_modules/@angular/core/fesm2022/core.mjs:12923:13)
      at ComponentFactory2.create (node_modules/@angular/core/fesm2022/core.mjs:17959:17)
      at initComponent (node_modules/@angular/core/fesm2022/testing.mjs:2053:51)
      at _ZoneDelegate.invoke (node_modules/zone.js/bundles/zone.umd.js:410:32)
      at Object.onInvoke (node_modules/@angular/core/fesm2022/core.mjs:6579:33)
      at _ZoneDelegate.invoke (node_modules/zone.js/bundles/zone.umd.js:409:38)
      at ZoneImpl.run (node_modules/zone.js/bundles/zone.umd.js:145:47)
      at NgZone.run (node_modules/@angular/core/fesm2022/core.mjs:6425:28)
      at _TestBedImpl.createComponent (node_modules/@angular/core/fesm2022/testing.mjs:2058:41)
      at _TestBedImpl.createComponent (node_modules/@angular/core/fesm2022/testing.mjs:1844:37)
      at src/app/ui/pages/studio/toolbar-dialog/field-measuring/field-measuring.component.spec.ts:128:23

    console.error
      NG0304: 'p-tab' is not a known element (used in the 'FieldMeasuringComponent' component template):
      1. If 'p-tab' is an Angular component, then verify that it is included in the '@Component.imports' of this component.
      2. If 'p-tab' is a Web Component then add 'CUSTOM_ELEMENTS_SCHEMA' to the '@Component.schemas' of this component to suppress this message.

      at validateElementIsKnown (node_modules/@angular/core/fesm2022/core.mjs:11182:25)
      at ɵɵelementStart (node_modules/@angular/core/fesm2022/core.mjs:27876:9)
      at FieldMeasuringComponent_Template (ng:/FieldMeasuringComponent.js:154:44)
      at executeTemplate (node_modules/@angular/core/fesm2022/core.mjs:12389:9)
      at renderView (node_modules/@angular/core/fesm2022/core.mjs:12895:13)
      at renderComponent (node_modules/@angular/core/fesm2022/core.mjs:12840:5)
      at renderChildComponents (node_modules/@angular/core/fesm2022/core.mjs:12943:9)
      at renderView (node_modules/@angular/core/fesm2022/core.mjs:12923:13)
      at ComponentFactory2.create (node_modules/@angular/core/fesm2022/core.mjs:17959:17)
      at initComponent (node_modules/@angular/core/fesm2022/testing.mjs:2053:51)
      at _ZoneDelegate.invoke (node_modules/zone.js/bundles/zone.umd.js:410:32)
      at Object.onInvoke (node_modules/@angular/core/fesm2022/core.mjs:6579:33)
      at _ZoneDelegate.invoke (node_modules/zone.js/bundles/zone.umd.js:409:38)
      at ZoneImpl.run (node_modules/zone.js/bundles/zone.umd.js:145:47)
      at NgZone.run (node_modules/@angular/core/fesm2022/core.mjs:6425:28)
      at _TestBedImpl.createComponent (node_modules/@angular/core/fesm2022/testing.mjs:2058:41)
      at _TestBedImpl.createComponent (node_modules/@angular/core/fesm2022/testing.mjs:1844:37)
      at src/app/ui/pages/studio/toolbar-dialog/field-measuring/field-measuring.component.spec.ts:128:23

    console.error
      NG0304: 'p-tab' is not a known element (used in the 'FieldMeasuringComponent' component template):
      1. If 'p-tab' is an Angular component, then verify that it is included in the '@Component.imports' of this component.
      2. If 'p-tab' is a Web Component then add 'CUSTOM_ELEMENTS_SCHEMA' to the '@Component.schemas' of this component to suppress this message.

      at validateElementIsKnown (node_modules/@angular/core/fesm2022/core.mjs:11182:25)
      at ɵɵelementStart (node_modules/@angular/core/fesm2022/core.mjs:27876:9)
      at FieldMeasuringComponent_Template (ng:/FieldMeasuringComponent.js:157:9)
      at executeTemplate (node_modules/@angular/core/fesm2022/core.mjs:12389:9)
      at renderView (node_modules/@angular/core/fesm2022/core.mjs:12895:13)
      at renderComponent (node_modules/@angular/core/fesm2022/core.mjs:12840:5)
      at renderChildComponents (node_modules/@angular/core/fesm2022/core.mjs:12943:9)
      at renderView (node_modules/@angular/core/fesm2022/core.mjs:12923:13)
      at ComponentFactory2.create (node_modules/@angular/core/fesm2022/core.mjs:17959:17)
      at initComponent (node_modules/@angular/core/fesm2022/testing.mjs:2053:51)
      at _ZoneDelegate.invoke (node_modules/zone.js/bundles/zone.umd.js:410:32)
      at Object.onInvoke (node_modules/@angular/core/fesm2022/core.mjs:6579:33)
      at _ZoneDelegate.invoke (node_modules/zone.js/bundles/zone.umd.js:409:38)
      at ZoneImpl.run (node_modules/zone.js/bundles/zone.umd.js:145:47)
      at NgZone.run (node_modules/@angular/core/fesm2022/core.mjs:6425:28)
      at _TestBedImpl.createComponent (node_modules/@angular/core/fesm2022/testing.mjs:2058:41)
      at _TestBedImpl.createComponent (node_modules/@angular/core/fesm2022/testing.mjs:1844:37)
      at src/app/ui/pages/studio/toolbar-dialog/field-measuring/field-measuring.component.spec.ts:128:23

    console.error
      NG0304: 'p-tab' is not a known element (used in the 'FieldMeasuringComponent' component template):
      1. If 'p-tab' is an Angular component, then verify that it is included in the '@Component.imports' of this component.
      2. If 'p-tab' is a Web Component then add 'CUSTOM_ELEMENTS_SCHEMA' to the '@Component.schemas' of this component to suppress this message.

      at validateElementIsKnown (node_modules/@angular/core/fesm2022/core.mjs:11182:25)
      at ɵɵelementStart (node_modules/@angular/core/fesm2022/core.mjs:27876:9)
      at FieldMeasuringComponent_Template (ng:/FieldMeasuringComponent.js:160:9)
      at executeTemplate (node_modules/@angular/core/fesm2022/core.mjs:12389:9)
      at renderView (node_modules/@angular/core/fesm2022/core.mjs:12895:13)
      at renderComponent (node_modules/@angular/core/fesm2022/core.mjs:12840:5)
      at renderChildComponents (node_modules/@angular/core/fesm2022/core.mjs:12943:9)
      at renderView (node_modules/@angular/core/fesm2022/core.mjs:12923:13)
      at ComponentFactory2.create (node_modules/@angular/core/fesm2022/core.mjs:17959:17)
      at initComponent (node_modules/@angular/core/fesm2022/testing.mjs:2053:51)
      at _ZoneDelegate.invoke (node_modules/zone.js/bundles/zone.umd.js:410:32)
      at Object.onInvoke (node_modules/@angular/core/fesm2022/core.mjs:6579:33)
      at _ZoneDelegate.invoke (node_modules/zone.js/bundles/zone.umd.js:409:38)
      at ZoneImpl.run (node_modules/zone.js/bundles/zone.umd.js:145:47)
      at NgZone.run (node_modules/@angular/core/fesm2022/core.mjs:6425:28)
      at _TestBedImpl.createComponent (node_modules/@angular/core/fesm2022/testing.mjs:2058:41)
      at _TestBedImpl.createComponent (node_modules/@angular/core/fesm2022/testing.mjs:1844:37)
      at src/app/ui/pages/studio/toolbar-dialog/field-measuring/field-measuring.component.spec.ts:128:23

    console.error
      NG0304: 'p-tab' is not a known element (used in the 'FieldMeasuringComponent' component template):
      1. If 'p-tab' is an Angular component, then verify that it is included in the '@Component.imports' of this component.
      2. If 'p-tab' is a Web Component then add 'CUSTOM_ELEMENTS_SCHEMA' to the '@Component.schemas' of this component to suppress this message.

      at validateElementIsKnown (node_modules/@angular/core/fesm2022/core.mjs:11182:25)
      at ɵɵelementStart (node_modules/@angular/core/fesm2022/core.mjs:27876:9)
      at FieldMeasuringComponent_Template (ng:/FieldMeasuringComponent.js:163:9)
      at executeTemplate (node_modules/@angular/core/fesm2022/core.mjs:12389:9)
      at renderView (node_modules/@angular/core/fesm2022/core.mjs:12895:13)
      at renderComponent (node_modules/@angular/core/fesm2022/core.mjs:12840:5)
      at renderChildComponents (node_modules/@angular/core/fesm2022/core.mjs:12943:9)
      at renderView (node_modules/@angular/core/fesm2022/core.mjs:12923:13)
      at ComponentFactory2.create (node_modules/@angular/core/fesm2022/core.mjs:17959:17)
      at initComponent (node_modules/@angular/core/fesm2022/testing.mjs:2053:51)
      at _ZoneDelegate.invoke (node_modules/zone.js/bundles/zone.umd.js:410:32)
      at Object.onInvoke (node_modules/@angular/core/fesm2022/core.mjs:6579:33)
      at _ZoneDelegate.invoke (node_modules/zone.js/bundles/zone.umd.js:409:38)
      at ZoneImpl.run (node_modules/zone.js/bundles/zone.umd.js:145:47)
      at NgZone.run (node_modules/@angular/core/fesm2022/core.mjs:6425:28)
      at _TestBedImpl.createComponent (node_modules/@angular/core/fesm2022/testing.mjs:2058:41)
      at _TestBedImpl.createComponent (node_modules/@angular/core/fesm2022/testing.mjs:1844:37)
      at src/app/ui/pages/studio/toolbar-dialog/field-measuring/field-measuring.component.spec.ts:128:23

    console.error
      NG0304: 'p-tabpanel' is not a known element (used in the 'FieldMeasuringComponent' component template):
      1. If 'p-tabpanel' is an Angular component, then verify that it is included in the '@Component.imports' of this component.
      2. If 'p-tabpanel' is a Web Component then add 'CUSTOM_ELEMENTS_SCHEMA' to the '@Component.schemas' of this component to suppress this message.

      at validateElementIsKnown (node_modules/@angular/core/fesm2022/core.mjs:11182:25)
      at ɵɵelementStart (node_modules/@angular/core/fesm2022/core.mjs:27876:9)
      at FieldMeasuringComponent_Template (ng:/FieldMeasuringComponent.js:166:9)
      at executeTemplate (node_modules/@angular/core/fesm2022/core.mjs:12389:9)
      at renderView (node_modules/@angular/core/fesm2022/core.mjs:12895:13)
      at renderComponent (node_modules/@angular/core/fesm2022/core.mjs:12840:5)
      at renderChildComponents (node_modules/@angular/core/fesm2022/core.mjs:12943:9)
      at renderView (node_modules/@angular/core/fesm2022/core.mjs:12923:13)
      at ComponentFactory2.create (node_modules/@angular/core/fesm2022/core.mjs:17959:17)
      at initComponent (node_modules/@angular/core/fesm2022/testing.mjs:2053:51)
      at _ZoneDelegate.invoke (node_modules/zone.js/bundles/zone.umd.js:410:32)
      at Object.onInvoke (node_modules/@angular/core/fesm2022/core.mjs:6579:33)
      at _ZoneDelegate.invoke (node_modules/zone.js/bundles/zone.umd.js:409:38)
      at ZoneImpl.run (node_modules/zone.js/bundles/zone.umd.js:145:47)
      at NgZone.run (node_modules/@angular/core/fesm2022/core.mjs:6425:28)
      at _TestBedImpl.createComponent (node_modules/@angular/core/fesm2022/testing.mjs:2058:41)
      at _TestBedImpl.createComponent (node_modules/@angular/core/fesm2022/testing.mjs:1844:37)
      at src/app/ui/pages/studio/toolbar-dialog/field-measuring/field-measuring.component.spec.ts:128:23

    console.error
      NG0304: 'p-tabpanel' is not a known element (used in the 'FieldMeasuringComponent' component template):
      1. If 'p-tabpanel' is an Angular component, then verify that it is included in the '@Component.imports' of this component.
      2. If 'p-tabpanel' is a Web Component then add 'CUSTOM_ELEMENTS_SCHEMA' to the '@Component.schemas' of this component to suppress this message.

      at validateElementIsKnown (node_modules/@angular/core/fesm2022/core.mjs:11182:25)
      at ɵɵelementStart (node_modules/@angular/core/fesm2022/core.mjs:27876:9)
      at FieldMeasuringComponent_Template (ng:/FieldMeasuringComponent.js:172:9)
      at executeTemplate (node_modules/@angular/core/fesm2022/core.mjs:12389:9)
      at renderView (node_modules/@angular/core/fesm2022/core.mjs:12895:13)
      at renderComponent (node_modules/@angular/core/fesm2022/core.mjs:12840:5)
      at renderChildComponents (node_modules/@angular/core/fesm2022/core.mjs:12943:9)
      at renderView (node_modules/@angular/core/fesm2022/core.mjs:12923:13)
      at ComponentFactory2.create (node_modules/@angular/core/fesm2022/core.mjs:17959:17)
      at initComponent (node_modules/@angular/core/fesm2022/testing.mjs:2053:51)
      at _ZoneDelegate.invoke (node_modules/zone.js/bundles/zone.umd.js:410:32)
      at Object.onInvoke (node_modules/@angular/core/fesm2022/core.mjs:6579:33)
      at _ZoneDelegate.invoke (node_modules/zone.js/bundles/zone.umd.js:409:38)
      at ZoneImpl.run (node_modules/zone.js/bundles/zone.umd.js:145:47)
      at NgZone.run (node_modules/@angular/core/fesm2022/core.mjs:6425:28)
      at _TestBedImpl.createComponent (node_modules/@angular/core/fesm2022/testing.mjs:2058:41)
      at _TestBedImpl.createComponent (node_modules/@angular/core/fesm2022/testing.mjs:1844:37)
      at src/app/ui/pages/studio/toolbar-dialog/field-measuring/field-measuring.component.spec.ts:128:23

    console.error
      NG0304: 'p-tabpanel' is not a known element (used in the 'FieldMeasuringComponent' component template):
      1. If 'p-tabpanel' is an Angular component, then verify that it is included in the '@Component.imports' of this component.
      2. If 'p-tabpanel' is a Web Component then add 'CUSTOM_ELEMENTS_SCHEMA' to the '@Component.schemas' of this component to suppress this message.

      at validateElementIsKnown (node_modules/@angular/core/fesm2022/core.mjs:11182:25)
      at ɵɵelementStart (node_modules/@angular/core/fesm2022/core.mjs:27876:9)
      at FieldMeasuringComponent_Template (ng:/FieldMeasuringComponent.js:179:9)
      at executeTemplate (node_modules/@angular/core/fesm2022/core.mjs:12389:9)
      at renderView (node_modules/@angular/core/fesm2022/core.mjs:12895:13)
      at renderComponent (node_modules/@angular/core/fesm2022/core.mjs:12840:5)
      at renderChildComponents (node_modules/@angular/core/fesm2022/core.mjs:12943:9)
      at renderView (node_modules/@angular/core/fesm2022/core.mjs:12923:13)
      at ComponentFactory2.create (node_modules/@angular/core/fesm2022/core.mjs:17959:17)
      at initComponent (node_modules/@angular/core/fesm2022/testing.mjs:2053:51)
      at _ZoneDelegate.invoke (node_modules/zone.js/bundles/zone.umd.js:410:32)
      at Object.onInvoke (node_modules/@angular/core/fesm2022/core.mjs:6579:33)
      at _ZoneDelegate.invoke (node_modules/zone.js/bundles/zone.umd.js:409:38)
      at ZoneImpl.run (node_modules/zone.js/bundles/zone.umd.js:145:47)
      at NgZone.run (node_modules/@angular/core/fesm2022/core.mjs:6425:28)
      at _TestBedImpl.createComponent (node_modules/@angular/core/fesm2022/testing.mjs:2058:41)
      at _TestBedImpl.createComponent (node_modules/@angular/core/fesm2022/testing.mjs:1844:37)
      at src/app/ui/pages/studio/toolbar-dialog/field-measuring/field-measuring.component.spec.ts:128:23

    console.error
      NG0304: 'app-temperature-calculation' is not a known element (used in the 'FieldMeasuringComponent' component template):
      1. If 'app-temperature-calculation' is an Angular component, then verify that it is included in the '@Component.imports' of this component.
      2. If 'app-temperature-calculation' is a Web Component then add 'CUSTOM_ELEMENTS_SCHEMA' to the '@Component.schemas' of this component to suppress this message.

      at validateElementIsKnown (node_modules/@angular/core/fesm2022/core.mjs:11182:25)
      at ɵɵelementStart (node_modules/@angular/core/fesm2022/core.mjs:27876:9)
      at FieldMeasuringComponent_Template (ng:/FieldMeasuringComponent.js:179:49)
      at executeTemplate (node_modules/@angular/core/fesm2022/core.mjs:12389:9)
      at renderView (node_modules/@angular/core/fesm2022/core.mjs:12895:13)
      at renderComponent (node_modules/@angular/core/fesm2022/core.mjs:12840:5)
      at renderChildComponents (node_modules/@angular/core/fesm2022/core.mjs:12943:9)
      at renderView (node_modules/@angular/core/fesm2022/core.mjs:12923:13)
      at ComponentFactory2.create (node_modules/@angular/core/fesm2022/core.mjs:17959:17)
      at initComponent (node_modules/@angular/core/fesm2022/testing.mjs:2053:51)
      at _ZoneDelegate.invoke (node_modules/zone.js/bundles/zone.umd.js:410:32)
      at Object.onInvoke (node_modules/@angular/core/fesm2022/core.mjs:6579:33)
      at _ZoneDelegate.invoke (node_modules/zone.js/bundles/zone.umd.js:409:38)
      at ZoneImpl.run (node_modules/zone.js/bundles/zone.umd.js:145:47)
      at NgZone.run (node_modules/@angular/core/fesm2022/core.mjs:6425:28)
      at _TestBedImpl.createComponent (node_modules/@angular/core/fesm2022/testing.mjs:2058:41)
      at _TestBedImpl.createComponent (node_modules/@angular/core/fesm2022/testing.mjs:1844:37)
      at src/app/ui/pages/studio/toolbar-dialog/field-measuring/field-measuring.component.spec.ts:128:23

    console.error
      NG0304: 'p-tabpanel' is not a known element (used in the 'FieldMeasuringComponent' component template):
      1. If 'p-tabpanel' is an Angular component, then verify that it is included in the '@Component.imports' of this component.
      2. If 'p-tabpanel' is a Web Component then add 'CUSTOM_ELEMENTS_SCHEMA' to the '@Component.schemas' of this component to suppress this message.

      at validateElementIsKnown (node_modules/@angular/core/fesm2022/core.mjs:11182:25)
      at ɵɵelementStart (node_modules/@angular/core/fesm2022/core.mjs:27876:9)
      at FieldMeasuringComponent_Template (ng:/FieldMeasuringComponent.js:187:9)
      at executeTemplate (node_modules/@angular/core/fesm2022/core.mjs:12389:9)
      at renderView (node_modules/@angular/core/fesm2022/core.mjs:12895:13)
      at renderComponent (node_modules/@angular/core/fesm2022/core.mjs:12840:5)
      at renderChildComponents (node_modules/@angular/core/fesm2022/core.mjs:12943:9)
      at renderView (node_modules/@angular/core/fesm2022/core.mjs:12923:13)
      at ComponentFactory2.create (node_modules/@angular/core/fesm2022/core.mjs:17959:17)
      at initComponent (node_modules/@angular/core/fesm2022/testing.mjs:2053:51)
      at _ZoneDelegate.invoke (node_modules/zone.js/bundles/zone.umd.js:410:32)
      at Object.onInvoke (node_modules/@angular/core/fesm2022/core.mjs:6579:33)
      at _ZoneDelegate.invoke (node_modules/zone.js/bundles/zone.umd.js:409:38)
      at ZoneImpl.run (node_modules/zone.js/bundles/zone.umd.js:145:47)
      at NgZone.run (node_modules/@angular/core/fesm2022/core.mjs:6425:28)
      at _TestBedImpl.createComponent (node_modules/@angular/core/fesm2022/testing.mjs:2058:41)
      at _TestBedImpl.createComponent (node_modules/@angular/core/fesm2022/testing.mjs:1844:37)
      at src/app/ui/pages/studio/toolbar-dialog/field-measuring/field-measuring.component.spec.ts:128:23

    console.error
      NG0304: 'app-parameter-at-15c-without-wind' is not a known element (used in the 'FieldMeasuringComponent' component template):
      1. If 'app-parameter-at-15c-without-wind' is an Angular component, then verify that it is included in the '@Component.imports' of this component.
      2. If 'app-parameter-at-15c-without-wind' is a Web Component then add 'CUSTOM_ELEMENTS_SCHEMA' to the '@Component.schemas' of this component to suppress this message.

      at validateElementIsKnown (node_modules/@angular/core/fesm2022/core.mjs:11182:25)
      at ɵɵelementStart (node_modules/@angular/core/fesm2022/core.mjs:27876:9)
      at FieldMeasuringComponent_Template (ng:/FieldMeasuringComponent.js:187:49)
      at executeTemplate (node_modules/@angular/core/fesm2022/core.mjs:12389:9)
      at renderView (node_modules/@angular/core/fesm2022/core.mjs:12895:13)
      at renderComponent (node_modules/@angular/core/fesm2022/core.mjs:12840:5)
      at renderChildComponents (node_modules/@angular/core/fesm2022/core.mjs:12943:9)
      at renderView (node_modules/@angular/core/fesm2022/core.mjs:12923:13)
      at ComponentFactory2.create (node_modules/@angular/core/fesm2022/core.mjs:17959:17)
      at initComponent (node_modules/@angular/core/fesm2022/testing.mjs:2053:51)
      at _ZoneDelegate.invoke (node_modules/zone.js/bundles/zone.umd.js:410:32)
      at Object.onInvoke (node_modules/@angular/core/fesm2022/core.mjs:6579:33)
      at _ZoneDelegate.invoke (node_modules/zone.js/bundles/zone.umd.js:409:38)
      at ZoneImpl.run (node_modules/zone.js/bundles/zone.umd.js:145:47)
      at NgZone.run (node_modules/@angular/core/fesm2022/core.mjs:6425:28)
      at _TestBedImpl.createComponent (node_modules/@angular/core/fesm2022/testing.mjs:2058:41)
      at _TestBedImpl.createComponent (node_modules/@angular/core/fesm2022/testing.mjs:1844:37)
      at src/app/ui/pages/studio/toolbar-dialog/field-measuring/field-measuring.component.spec.ts:128:23

    console.error
      NG0304: 'p-tabs' is not a known element (used in the 'FieldMeasuringComponent' component template):
      1. If 'p-tabs' is an Angular component, then verify that it is included in the '@Component.imports' of this component.
      2. If 'p-tabs' is a Web Component then add 'CUSTOM_ELEMENTS_SCHEMA' to the '@Component.schemas' of this component to suppress this message.

      at validateElementIsKnown (node_modules/@angular/core/fesm2022/core.mjs:11182:25)
      at ɵɵelementStart (node_modules/@angular/core/fesm2022/core.mjs:27876:9)
      at FieldMeasuringComponent_Template (ng:/FieldMeasuringComponent.js:148:9)
      at executeTemplate (node_modules/@angular/core/fesm2022/core.mjs:12389:9)
      at renderView (node_modules/@angular/core/fesm2022/core.mjs:12895:13)
      at renderComponent (node_modules/@angular/core/fesm2022/core.mjs:12840:5)
      at renderChildComponents (node_modules/@angular/core/fesm2022/core.mjs:12943:9)
      at renderView (node_modules/@angular/core/fesm2022/core.mjs:12923:13)
      at ComponentFactory2.create (node_modules/@angular/core/fesm2022/core.mjs:17959:17)
      at initComponent (node_modules/@angular/core/fesm2022/testing.mjs:2053:51)
      at _ZoneDelegate.invoke (node_modules/zone.js/bundles/zone.umd.js:410:32)
      at Object.onInvoke (node_modules/@angular/core/fesm2022/core.mjs:6579:33)
      at _ZoneDelegate.invoke (node_modules/zone.js/bundles/zone.umd.js:409:38)
      at ZoneImpl.run (node_modules/zone.js/bundles/zone.umd.js:145:47)
      at NgZone.run (node_modules/@angular/core/fesm2022/core.mjs:6425:28)
      at _TestBedImpl.createComponent (node_modules/@angular/core/fesm2022/testing.mjs:2058:41)
      at _TestBedImpl.createComponent (node_modules/@angular/core/fesm2022/testing.mjs:1844:37)
      at src/app/ui/pages/studio/toolbar-dialog/field-measuring/field-measuring.component.spec.ts:128:23

    console.error
      NG0304: 'p-tablist' is not a known element (used in the 'FieldMeasuringComponent' component template):
      1. If 'p-tablist' is an Angular component, then verify that it is included in the '@Component.imports' of this component.
      2. If 'p-tablist' is a Web Component then add 'CUSTOM_ELEMENTS_SCHEMA' to the '@Component.schemas' of this component to suppress this message.

      at validateElementIsKnown (node_modules/@angular/core/fesm2022/core.mjs:11182:25)
      at ɵɵelementStart (node_modules/@angular/core/fesm2022/core.mjs:27876:9)
      at FieldMeasuringComponent_Template (ng:/FieldMeasuringComponent.js:154:9)
      at executeTemplate (node_modules/@angular/core/fesm2022/core.mjs:12389:9)
      at renderView (node_modules/@angular/core/fesm2022/core.mjs:12895:13)
      at renderComponent (node_modules/@angular/core/fesm2022/core.mjs:12840:5)
      at renderChildComponents (node_modules/@angular/core/fesm2022/core.mjs:12943:9)
      at renderView (node_modules/@angular/core/fesm2022/core.mjs:12923:13)
      at ComponentFactory2.create (node_modules/@angular/core/fesm2022/core.mjs:17959:17)
      at initComponent (node_modules/@angular/core/fesm2022/testing.mjs:2053:51)
      at _ZoneDelegate.invoke (node_modules/zone.js/bundles/zone.umd.js:410:32)
      at Object.onInvoke (node_modules/@angular/core/fesm2022/core.mjs:6579:33)
      at _ZoneDelegate.invoke (node_modules/zone.js/bundles/zone.umd.js:409:38)
      at ZoneImpl.run (node_modules/zone.js/bundles/zone.umd.js:145:47)
      at NgZone.run (node_modules/@angular/core/fesm2022/core.mjs:6425:28)
      at _TestBedImpl.createComponent (node_modules/@angular/core/fesm2022/testing.mjs:2058:41)
      at _TestBedImpl.createComponent (node_modules/@angular/core/fesm2022/testing.mjs:1844:37)
      at src/app/ui/pages/studio/toolbar-dialog/field-measuring/field-measuring.component.spec.ts:128:23

    console.error
      NG0304: 'p-tab' is not a known element (used in the 'FieldMeasuringComponent' component template):
      1. If 'p-tab' is an Angular component, then verify that it is included in the '@Component.imports' of this component.
      2. If 'p-tab' is a Web Component then add 'CUSTOM_ELEMENTS_SCHEMA' to the '@Component.schemas' of this component to suppress this message.

      at validateElementIsKnown (node_modules/@angular/core/fesm2022/core.mjs:11182:25)
      at ɵɵelementStart (node_modules/@angular/core/fesm2022/core.mjs:27876:9)
      at FieldMeasuringComponent_Template (ng:/FieldMeasuringComponent.js:154:44)
      at executeTemplate (node_modules/@angular/core/fesm2022/core.mjs:12389:9)
      at renderView (node_modules/@angular/core/fesm2022/core.mjs:12895:13)
      at renderComponent (node_modules/@angular/core/fesm2022/core.mjs:12840:5)
      at renderChildComponents (node_modules/@angular/core/fesm2022/core.mjs:12943:9)
      at renderView (node_modules/@angular/core/fesm2022/core.mjs:12923:13)
      at ComponentFactory2.create (node_modules/@angular/core/fesm2022/core.mjs:17959:17)
      at initComponent (node_modules/@angular/core/fesm2022/testing.mjs:2053:51)
      at _ZoneDelegate.invoke (node_modules/zone.js/bundles/zone.umd.js:410:32)
      at Object.onInvoke (node_modules/@angular/core/fesm2022/core.mjs:6579:33)
      at _ZoneDelegate.invoke (node_modules/zone.js/bundles/zone.umd.js:409:38)
      at ZoneImpl.run (node_modules/zone.js/bundles/zone.umd.js:145:47)
      at NgZone.run (node_modules/@angular/core/fesm2022/core.mjs:6425:28)
      at _TestBedImpl.createComponent (node_modules/@angular/core/fesm2022/testing.mjs:2058:41)
      at _TestBedImpl.createComponent (node_modules/@angular/core/fesm2022/testing.mjs:1844:37)
      at src/app/ui/pages/studio/toolbar-dialog/field-measuring/field-measuring.component.spec.ts:128:23

    console.error
      NG0304: 'p-tab' is not a known element (used in the 'FieldMeasuringComponent' component template):
      1. If 'p-tab' is an Angular component, then verify that it is included in the '@Component.imports' of this component.
      2. If 'p-tab' is a Web Component then add 'CUSTOM_ELEMENTS_SCHEMA' to the '@Component.schemas' of this component to suppress this message.

      at validateElementIsKnown (node_modules/@angular/core/fesm2022/core.mjs:11182:25)
      at ɵɵelementStart (node_modules/@angular/core/fesm2022/core.mjs:27876:9)
      at FieldMeasuringComponent_Template (ng:/FieldMeasuringComponent.js:157:9)
      at executeTemplate (node_modules/@angular/core/fesm2022/core.mjs:12389:9)
      at renderView (node_modules/@angular/core/fesm2022/core.mjs:12895:13)
      at renderComponent (node_modules/@angular/core/fesm2022/core.mjs:12840:5)
      at renderChildComponents (node_modules/@angular/core/fesm2022/core.mjs:12943:9)
      at renderView (node_modules/@angular/core/fesm2022/core.mjs:12923:13)
      at ComponentFactory2.create (node_modules/@angular/core/fesm2022/core.mjs:17959:17)
      at initComponent (node_modules/@angular/core/fesm2022/testing.mjs:2053:51)
      at _ZoneDelegate.invoke (node_modules/zone.js/bundles/zone.umd.js:410:32)
      at Object.onInvoke (node_modules/@angular/core/fesm2022/core.mjs:6579:33)
      at _ZoneDelegate.invoke (node_modules/zone.js/bundles/zone.umd.js:409:38)
      at ZoneImpl.run (node_modules/zone.js/bundles/zone.umd.js:145:47)
      at NgZone.run (node_modules/@angular/core/fesm2022/core.mjs:6425:28)
      at _TestBedImpl.createComponent (node_modules/@angular/core/fesm2022/testing.mjs:2058:41)
      at _TestBedImpl.createComponent (node_modules/@angular/core/fesm2022/testing.mjs:1844:37)
      at src/app/ui/pages/studio/toolbar-dialog/field-measuring/field-measuring.component.spec.ts:128:23

    console.error
      NG0304: 'p-tab' is not a known element (used in the 'FieldMeasuringComponent' component template):
      1. If 'p-tab' is an Angular component, then verify that it is included in the '@Component.imports' of this component.
      2. If 'p-tab' is a Web Component then add 'CUSTOM_ELEMENTS_SCHEMA' to the '@Component.schemas' of this component to suppress this message.

      at validateElementIsKnown (node_modules/@angular/core/fesm2022/core.mjs:11182:25)
      at ɵɵelementStart (node_modules/@angular/core/fesm2022/core.mjs:27876:9)
      at FieldMeasuringComponent_Template (ng:/FieldMeasuringComponent.js:160:9)
      at executeTemplate (node_modules/@angular/core/fesm2022/core.mjs:12389:9)
      at renderView (node_modules/@angular/core/fesm2022/core.mjs:12895:13)
      at renderComponent (node_modules/@angular/core/fesm2022/core.mjs:12840:5)
      at renderChildComponents (node_modules/@angular/core/fesm2022/core.mjs:12943:9)
      at renderView (node_modules/@angular/core/fesm2022/core.mjs:12923:13)
      at ComponentFactory2.create (node_modules/@angular/core/fesm2022/core.mjs:17959:17)
      at initComponent (node_modules/@angular/core/fesm2022/testing.mjs:2053:51)
      at _ZoneDelegate.invoke (node_modules/zone.js/bundles/zone.umd.js:410:32)
      at Object.onInvoke (node_modules/@angular/core/fesm2022/core.mjs:6579:33)
      at _ZoneDelegate.invoke (node_modules/zone.js/bundles/zone.umd.js:409:38)
      at ZoneImpl.run (node_modules/zone.js/bundles/zone.umd.js:145:47)
      at NgZone.run (node_modules/@angular/core/fesm2022/core.mjs:6425:28)
      at _TestBedImpl.createComponent (node_modules/@angular/core/fesm2022/testing.mjs:2058:41)
      at _TestBedImpl.createComponent (node_modules/@angular/core/fesm2022/testing.mjs:1844:37)
      at src/app/ui/pages/studio/toolbar-dialog/field-measuring/field-measuring.component.spec.ts:128:23

    console.error
      NG0304: 'p-tab' is not a known element (used in the 'FieldMeasuringComponent' component template):
      1. If 'p-tab' is an Angular component, then verify that it is included in the '@Component.imports' of this component.
      2. If 'p-tab' is a Web Component then add 'CUSTOM_ELEMENTS_SCHEMA' to the '@Component.schemas' of this component to suppress this message.

      at validateElementIsKnown (node_modules/@angular/core/fesm2022/core.mjs:11182:25)
      at ɵɵelementStart (node_modules/@angular/core/fesm2022/core.mjs:27876:9)
      at FieldMeasuringComponent_Template (ng:/FieldMeasuringComponent.js:163:9)
      at executeTemplate (node_modules/@angular/core/fesm2022/core.mjs:12389:9)
      at renderView (node_modules/@angular/core/fesm2022/core.mjs:12895:13)
      at renderComponent (node_modules/@angular/core/fesm2022/core.mjs:12840:5)
      at renderChildComponents (node_modules/@angular/core/fesm2022/core.mjs:12943:9)
      at renderView (node_modules/@angular/core/fesm2022/core.mjs:12923:13)
      at ComponentFactory2.create (node_modules/@angular/core/fesm2022/core.mjs:17959:17)
      at initComponent (node_modules/@angular/core/fesm2022/testing.mjs:2053:51)
      at _ZoneDelegate.invoke (node_modules/zone.js/bundles/zone.umd.js:410:32)
      at Object.onInvoke (node_modules/@angular/core/fesm2022/core.mjs:6579:33)
      at _ZoneDelegate.invoke (node_modules/zone.js/bundles/zone.umd.js:409:38)
      at ZoneImpl.run (node_modules/zone.js/bundles/zone.umd.js:145:47)
      at NgZone.run (node_modules/@angular/core/fesm2022/core.mjs:6425:28)
      at _TestBedImpl.createComponent (node_modules/@angular/core/fesm2022/testing.mjs:2058:41)
      at _TestBedImpl.createComponent (node_modules/@angular/core/fesm2022/testing.mjs:1844:37)
      at src/app/ui/pages/studio/toolbar-dialog/field-measuring/field-measuring.component.spec.ts:128:23

    console.error
      NG0304: 'p-tabpanel' is not a known element (used in the 'FieldMeasuringComponent' component template):
      1. If 'p-tabpanel' is an Angular component, then verify that it is included in the '@Component.imports' of this component.
      2. If 'p-tabpanel' is a Web Component then add 'CUSTOM_ELEMENTS_SCHEMA' to the '@Component.schemas' of this component to suppress this message.

      at validateElementIsKnown (node_modules/@angular/core/fesm2022/core.mjs:11182:25)
      at ɵɵelementStart (node_modules/@angular/core/fesm2022/core.mjs:27876:9)
      at FieldMeasuringComponent_Template (ng:/FieldMeasuringComponent.js:166:9)
      at executeTemplate (node_modules/@angular/core/fesm2022/core.mjs:12389:9)
      at renderView (node_modules/@angular/core/fesm2022/core.mjs:12895:13)
      at renderComponent (node_modules/@angular/core/fesm2022/core.mjs:12840:5)
      at renderChildComponents (node_modules/@angular/core/fesm2022/core.mjs:12943:9)
      at renderView (node_modules/@angular/core/fesm2022/core.mjs:12923:13)
      at ComponentFactory2.create (node_modules/@angular/core/fesm2022/core.mjs:17959:17)
      at initComponent (node_modules/@angular/core/fesm2022/testing.mjs:2053:51)
      at _ZoneDelegate.invoke (node_modules/zone.js/bundles/zone.umd.js:410:32)
      at Object.onInvoke (node_modules/@angular/core/fesm2022/core.mjs:6579:33)
      at _ZoneDelegate.invoke (node_modules/zone.js/bundles/zone.umd.js:409:38)
      at ZoneImpl.run (node_modules/zone.js/bundles/zone.umd.js:145:47)
      at NgZone.run (node_modules/@angular/core/fesm2022/core.mjs:6425:28)
      at _TestBedImpl.createComponent (node_modules/@angular/core/fesm2022/testing.mjs:2058:41)
      at _TestBedImpl.createComponent (node_modules/@angular/core/fesm2022/testing.mjs:1844:37)
      at src/app/ui/pages/studio/toolbar-dialog/field-measuring/field-measuring.component.spec.ts:128:23

    console.error
      NG0304: 'p-tabpanel' is not a known element (used in the 'FieldMeasuringComponent' component template):
      1. If 'p-tabpanel' is an Angular component, then verify that it is included in the '@Component.imports' of this component.
      2. If 'p-tabpanel' is a Web Component then add 'CUSTOM_ELEMENTS_SCHEMA' to the '@Component.schemas' of this component to suppress this message.

      at validateElementIsKnown (node_modules/@angular/core/fesm2022/core.mjs:11182:25)
      at ɵɵelementStart (node_modules/@angular/core/fesm2022/core.mjs:27876:9)
      at FieldMeasuringComponent_Template (ng:/FieldMeasuringComponent.js:172:9)
      at executeTemplate (node_modules/@angular/core/fesm2022/core.mjs:12389:9)
      at renderView (node_modules/@angular/core/fesm2022/core.mjs:12895:13)
      at renderComponent (node_modules/@angular/core/fesm2022/core.mjs:12840:5)
      at renderChildComponents (node_modules/@angular/core/fesm2022/core.mjs:12943:9)
      at renderView (node_modules/@angular/core/fesm2022/core.mjs:12923:13)
      at ComponentFactory2.create (node_modules/@angular/core/fesm2022/core.mjs:17959:17)
      at initComponent (node_modules/@angular/core/fesm2022/testing.mjs:2053:51)
      at _ZoneDelegate.invoke (node_modules/zone.js/bundles/zone.umd.js:410:32)
      at Object.onInvoke (node_modules/@angular/core/fesm2022/core.mjs:6579:33)
      at _ZoneDelegate.invoke (node_modules/zone.js/bundles/zone.umd.js:409:38)
      at ZoneImpl.run (node_modules/zone.js/bundles/zone.umd.js:145:47)
      at NgZone.run (node_modules/@angular/core/fesm2022/core.mjs:6425:28)
      at _TestBedImpl.createComponent (node_modules/@angular/core/fesm2022/testing.mjs:2058:41)
      at _TestBedImpl.createComponent (node_modules/@angular/core/fesm2022/testing.mjs:1844:37)
      at src/app/ui/pages/studio/toolbar-dialog/field-measuring/field-measuring.component.spec.ts:128:23

    console.error
      NG0304: 'p-tabpanel' is not a known element (used in the 'FieldMeasuringComponent' component template):
      1. If 'p-tabpanel' is an Angular component, then verify that it is included in the '@Component.imports' of this component.
      2. If 'p-tabpanel' is a Web Component then add 'CUSTOM_ELEMENTS_SCHEMA' to the '@Component.schemas' of this component to suppress this message.

      at validateElementIsKnown (node_modules/@angular/core/fesm2022/core.mjs:11182:25)
      at ɵɵelementStart (node_modules/@angular/core/fesm2022/core.mjs:27876:9)
      at FieldMeasuringComponent_Template (ng:/FieldMeasuringComponent.js:179:9)
      at executeTemplate (node_modules/@angular/core/fesm2022/core.mjs:12389:9)
      at renderView (node_modules/@angular/core/fesm2022/core.mjs:12895:13)
      at renderComponent (node_modules/@angular/core/fesm2022/core.mjs:12840:5)
      at renderChildComponents (node_modules/@angular/core/fesm2022/core.mjs:12943:9)
      at renderView (node_modules/@angular/core/fesm2022/core.mjs:12923:13)
      at ComponentFactory2.create (node_modules/@angular/core/fesm2022/core.mjs:17959:17)
      at initComponent (node_modules/@angular/core/fesm2022/testing.mjs:2053:51)
      at _ZoneDelegate.invoke (node_modules/zone.js/bundles/zone.umd.js:410:32)
      at Object.onInvoke (node_modules/@angular/core/fesm2022/core.mjs:6579:33)
      at _ZoneDelegate.invoke (node_modules/zone.js/bundles/zone.umd.js:409:38)
      at ZoneImpl.run (node_modules/zone.js/bundles/zone.umd.js:145:47)
      at NgZone.run (node_modules/@angular/core/fesm2022/core.mjs:6425:28)
      at _TestBedImpl.createComponent (node_modules/@angular/core/fesm2022/testing.mjs:2058:41)
      at _TestBedImpl.createComponent (node_modules/@angular/core/fesm2022/testing.mjs:1844:37)
      at src/app/ui/pages/studio/toolbar-dialog/field-measuring/field-measuring.component.spec.ts:128:23

    console.error
      NG0304: 'app-temperature-calculation' is not a known element (used in the 'FieldMeasuringComponent' component template):
      1. If 'app-temperature-calculation' is an Angular component, then verify that it is included in the '@Component.imports' of this component.
      2. If 'app-temperature-calculation' is a Web Component then add 'CUSTOM_ELEMENTS_SCHEMA' to the '@Component.schemas' of this component to suppress this message.

      at validateElementIsKnown (node_modules/@angular/core/fesm2022/core.mjs:11182:25)
      at ɵɵelementStart (node_modules/@angular/core/fesm2022/core.mjs:27876:9)
      at FieldMeasuringComponent_Template (ng:/FieldMeasuringComponent.js:179:49)
      at executeTemplate (node_modules/@angular/core/fesm2022/core.mjs:12389:9)
      at renderView (node_modules/@angular/core/fesm2022/core.mjs:12895:13)
      at renderComponent (node_modules/@angular/core/fesm2022/core.mjs:12840:5)
      at renderChildComponents (node_modules/@angular/core/fesm2022/core.mjs:12943:9)
      at renderView (node_modules/@angular/core/fesm2022/core.mjs:12923:13)
      at ComponentFactory2.create (node_modules/@angular/core/fesm2022/core.mjs:17959:17)
      at initComponent (node_modules/@angular/core/fesm2022/testing.mjs:2053:51)
      at _ZoneDelegate.invoke (node_modules/zone.js/bundles/zone.umd.js:410:32)
      at Object.onInvoke (node_modules/@angular/core/fesm2022/core.mjs:6579:33)
      at _ZoneDelegate.invoke (node_modules/zone.js/bundles/zone.umd.js:409:38)
      at ZoneImpl.run (node_modules/zone.js/bundles/zone.umd.js:145:47)
      at NgZone.run (node_modules/@angular/core/fesm2022/core.mjs:6425:28)
      at _TestBedImpl.createComponent (node_modules/@angular/core/fesm2022/testing.mjs:2058:41)
      at _TestBedImpl.createComponent (node_modules/@angular/core/fesm2022/testing.mjs:1844:37)
      at src/app/ui/pages/studio/toolbar-dialog/field-measuring/field-measuring.component.spec.ts:128:23

    console.error
      NG0304: 'p-tabpanel' is not a known element (used in the 'FieldMeasuringComponent' component template):
      1. If 'p-tabpanel' is an Angular component, then verify that it is included in the '@Component.imports' of this component.
      2. If 'p-tabpanel' is a Web Component then add 'CUSTOM_ELEMENTS_SCHEMA' to the '@Component.schemas' of this component to suppress this message.

      at validateElementIsKnown (node_modules/@angular/core/fesm2022/core.mjs:11182:25)
      at ɵɵelementStart (node_modules/@angular/core/fesm2022/core.mjs:27876:9)
      at FieldMeasuringComponent_Template (ng:/FieldMeasuringComponent.js:187:9)
      at executeTemplate (node_modules/@angular/core/fesm2022/core.mjs:12389:9)
      at renderView (node_modules/@angular/core/fesm2022/core.mjs:12895:13)
      at renderComponent (node_modules/@angular/core/fesm2022/core.mjs:12840:5)
      at renderChildComponents (node_modules/@angular/core/fesm2022/core.mjs:12943:9)
      at renderView (node_modules/@angular/core/fesm2022/core.mjs:12923:13)
      at ComponentFactory2.create (node_modules/@angular/core/fesm2022/core.mjs:17959:17)
      at initComponent (node_modules/@angular/core/fesm2022/testing.mjs:2053:51)
      at _ZoneDelegate.invoke (node_modules/zone.js/bundles/zone.umd.js:410:32)
      at Object.onInvoke (node_modules/@angular/core/fesm2022/core.mjs:6579:33)
      at _ZoneDelegate.invoke (node_modules/zone.js/bundles/zone.umd.js:409:38)
      at ZoneImpl.run (node_modules/zone.js/bundles/zone.umd.js:145:47)
      at NgZone.run (node_modules/@angular/core/fesm2022/core.mjs:6425:28)
      at _TestBedImpl.createComponent (node_modules/@angular/core/fesm2022/testing.mjs:2058:41)
      at _TestBedImpl.createComponent (node_modules/@angular/core/fesm2022/testing.mjs:1844:37)
      at src/app/ui/pages/studio/toolbar-dialog/field-measuring/field-measuring.component.spec.ts:128:23

    console.error
      NG0304: 'app-parameter-at-15c-without-wind' is not a known element (used in the 'FieldMeasuringComponent' component template):
      1. If 'app-parameter-at-15c-without-wind' is an Angular component, then verify that it is included in the '@Component.imports' of this component.
      2. If 'app-parameter-at-15c-without-wind' is a Web Component then add 'CUSTOM_ELEMENTS_SCHEMA' to the '@Component.schemas' of this component to suppress this message.

      at validateElementIsKnown (node_modules/@angular/core/fesm2022/core.mjs:11182:25)
      at ɵɵelementStart (node_modules/@angular/core/fesm2022/core.mjs:27876:9)
      at FieldMeasuringComponent_Template (ng:/FieldMeasuringComponent.js:187:49)
      at executeTemplate (node_modules/@angular/core/fesm2022/core.mjs:12389:9)
      at renderView (node_modules/@angular/core/fesm2022/core.mjs:12895:13)
      at renderComponent (node_modules/@angular/core/fesm2022/core.mjs:12840:5)
      at renderChildComponents (node_modules/@angular/core/fesm2022/core.mjs:12943:9)
      at renderView (node_modules/@angular/core/fesm2022/core.mjs:12923:13)
      at ComponentFactory2.create (node_modules/@angular/core/fesm2022/core.mjs:17959:17)
      at initComponent (node_modules/@angular/core/fesm2022/testing.mjs:2053:51)
      at _ZoneDelegate.invoke (node_modules/zone.js/bundles/zone.umd.js:410:32)
      at Object.onInvoke (node_modules/@angular/core/fesm2022/core.mjs:6579:33)
      at _ZoneDelegate.invoke (node_modules/zone.js/bundles/zone.umd.js:409:38)
      at ZoneImpl.run (node_modules/zone.js/bundles/zone.umd.js:145:47)
      at NgZone.run (node_modules/@angular/core/fesm2022/core.mjs:6425:28)
      at _TestBedImpl.createComponent (node_modules/@angular/core/fesm2022/testing.mjs:2058:41)
      at _TestBedImpl.createComponent (node_modules/@angular/core/fesm2022/testing.mjs:1844:37)
      at src/app/ui/pages/studio/toolbar-dialog/field-measuring/field-measuring.component.spec.ts:128:23

    console.error
      NG0304: 'p-tabs' is not a known element (used in the 'FieldMeasuringComponent' component template):
      1. If 'p-tabs' is an Angular component, then verify that it is included in the '@Component.imports' of this component.
      2. If 'p-tabs' is a Web Component then add 'CUSTOM_ELEMENTS_SCHEMA' to the '@Component.schemas' of this component to suppress this message.

      at validateElementIsKnown (node_modules/@angular/core/fesm2022/core.mjs:11182:25)
      at ɵɵelementStart (node_modules/@angular/core/fesm2022/core.mjs:27876:9)
      at FieldMeasuringComponent_Template (ng:/FieldMeasuringComponent.js:148:9)
      at executeTemplate (node_modules/@angular/core/fesm2022/core.mjs:12389:9)
      at renderView (node_modules/@angular/core/fesm2022/core.mjs:12895:13)
      at renderComponent (node_modules/@angular/core/fesm2022/core.mjs:12840:5)
      at renderChildComponents (node_modules/@angular/core/fesm2022/core.mjs:12943:9)
      at renderView (node_modules/@angular/core/fesm2022/core.mjs:12923:13)
      at ComponentFactory2.create (node_modules/@angular/core/fesm2022/core.mjs:17959:17)
      at initComponent (node_modules/@angular/core/fesm2022/testing.mjs:2053:51)
      at _ZoneDelegate.invoke (node_modules/zone.js/bundles/zone.umd.js:410:32)
      at Object.onInvoke (node_modules/@angular/core/fesm2022/core.mjs:6579:33)
      at _ZoneDelegate.invoke (node_modules/zone.js/bundles/zone.umd.js:409:38)
      at ZoneImpl.run (node_modules/zone.js/bundles/zone.umd.js:145:47)
      at NgZone.run (node_modules/@angular/core/fesm2022/core.mjs:6425:28)
      at _TestBedImpl.createComponent (node_modules/@angular/core/fesm2022/testing.mjs:2058:41)
      at _TestBedImpl.createComponent (node_modules/@angular/core/fesm2022/testing.mjs:1844:37)
      at src/app/ui/pages/studio/toolbar-dialog/field-measuring/field-measuring.component.spec.ts:128:23

    console.error
      NG0304: 'p-tablist' is not a known element (used in the 'FieldMeasuringComponent' component template):
      1. If 'p-tablist' is an Angular component, then verify that it is included in the '@Component.imports' of this component.
      2. If 'p-tablist' is a Web Component then add 'CUSTOM_ELEMENTS_SCHEMA' to the '@Component.schemas' of this component to suppress this message.

      at validateElementIsKnown (node_modules/@angular/core/fesm2022/core.mjs:11182:25)
      at ɵɵelementStart (node_modules/@angular/core/fesm2022/core.mjs:27876:9)
      at FieldMeasuringComponent_Template (ng:/FieldMeasuringComponent.js:154:9)
      at executeTemplate (node_modules/@angular/core/fesm2022/core.mjs:12389:9)
      at renderView (node_modules/@angular/core/fesm2022/core.mjs:12895:13)
      at renderComponent (node_modules/@angular/core/fesm2022/core.mjs:12840:5)
      at renderChildComponents (node_modules/@angular/core/fesm2022/core.mjs:12943:9)
      at renderView (node_modules/@angular/core/fesm2022/core.mjs:12923:13)
      at ComponentFactory2.create (node_modules/@angular/core/fesm2022/core.mjs:17959:17)
      at initComponent (node_modules/@angular/core/fesm2022/testing.mjs:2053:51)
      at _ZoneDelegate.invoke (node_modules/zone.js/bundles/zone.umd.js:410:32)
      at Object.onInvoke (node_modules/@angular/core/fesm2022/core.mjs:6579:33)
      at _ZoneDelegate.invoke (node_modules/zone.js/bundles/zone.umd.js:409:38)
      at ZoneImpl.run (node_modules/zone.js/bundles/zone.umd.js:145:47)
      at NgZone.run (node_modules/@angular/core/fesm2022/core.mjs:6425:28)
      at _TestBedImpl.createComponent (node_modules/@angular/core/fesm2022/testing.mjs:2058:41)
      at _TestBedImpl.createComponent (node_modules/@angular/core/fesm2022/testing.mjs:1844:37)
      at src/app/ui/pages/studio/toolbar-dialog/field-measuring/field-measuring.component.spec.ts:128:23

    console.error
      NG0304: 'p-tab' is not a known element (used in the 'FieldMeasuringComponent' component template):
      1. If 'p-tab' is an Angular component, then verify that it is included in the '@Component.imports' of this component.
      2. If 'p-tab' is a Web Component then add 'CUSTOM_ELEMENTS_SCHEMA' to the '@Component.schemas' of this component to suppress this message.

      at validateElementIsKnown (node_modules/@angular/core/fesm2022/core.mjs:11182:25)
      at ɵɵelementStart (node_modules/@angular/core/fesm2022/core.mjs:27876:9)
      at FieldMeasuringComponent_Template (ng:/FieldMeasuringComponent.js:154:44)
      at executeTemplate (node_modules/@angular/core/fesm2022/core.mjs:12389:9)
      at renderView (node_modules/@angular/core/fesm2022/core.mjs:12895:13)
      at renderComponent (node_modules/@angular/core/fesm2022/core.mjs:12840:5)
      at renderChildComponents (node_modules/@angular/core/fesm2022/core.mjs:12943:9)
      at renderView (node_modules/@angular/core/fesm2022/core.mjs:12923:13)
      at ComponentFactory2.create (node_modules/@angular/core/fesm2022/core.mjs:17959:17)
      at initComponent (node_modules/@angular/core/fesm2022/testing.mjs:2053:51)
      at _ZoneDelegate.invoke (node_modules/zone.js/bundles/zone.umd.js:410:32)
      at Object.onInvoke (node_modules/@angular/core/fesm2022/core.mjs:6579:33)
      at _ZoneDelegate.invoke (node_modules/zone.js/bundles/zone.umd.js:409:38)
      at ZoneImpl.run (node_modules/zone.js/bundles/zone.umd.js:145:47)
      at NgZone.run (node_modules/@angular/core/fesm2022/core.mjs:6425:28)
      at _TestBedImpl.createComponent (node_modules/@angular/core/fesm2022/testing.mjs:2058:41)
      at _TestBedImpl.createComponent (node_modules/@angular/core/fesm2022/testing.mjs:1844:37)
      at src/app/ui/pages/studio/toolbar-dialog/field-measuring/field-measuring.component.spec.ts:128:23

    console.error
      NG0304: 'p-tab' is not a known element (used in the 'FieldMeasuringComponent' component template):
      1. If 'p-tab' is an Angular component, then verify that it is included in the '@Component.imports' of this component.
      2. If 'p-tab' is a Web Component then add 'CUSTOM_ELEMENTS_SCHEMA' to the '@Component.schemas' of this component to suppress this message.

      at validateElementIsKnown (node_modules/@angular/core/fesm2022/core.mjs:11182:25)
      at ɵɵelementStart (node_modules/@angular/core/fesm2022/core.mjs:27876:9)
      at FieldMeasuringComponent_Template (ng:/FieldMeasuringComponent.js:157:9)
      at executeTemplate (node_modules/@angular/core/fesm2022/core.mjs:12389:9)
      at renderView (node_modules/@angular/core/fesm2022/core.mjs:12895:13)
      at renderComponent (node_modules/@angular/core/fesm2022/core.mjs:12840:5)
      at renderChildComponents (node_modules/@angular/core/fesm2022/core.mjs:12943:9)
      at renderView (node_modules/@angular/core/fesm2022/core.mjs:12923:13)
      at ComponentFactory2.create (node_modules/@angular/core/fesm2022/core.mjs:17959:17)
      at initComponent (node_modules/@angular/core/fesm2022/testing.mjs:2053:51)
      at _ZoneDelegate.invoke (node_modules/zone.js/bundles/zone.umd.js:410:32)
      at Object.onInvoke (node_modules/@angular/core/fesm2022/core.mjs:6579:33)
      at _ZoneDelegate.invoke (node_modules/zone.js/bundles/zone.umd.js:409:38)
      at ZoneImpl.run (node_modules/zone.js/bundles/zone.umd.js:145:47)
      at NgZone.run (node_modules/@angular/core/fesm2022/core.mjs:6425:28)
      at _TestBedImpl.createComponent (node_modules/@angular/core/fesm2022/testing.mjs:2058:41)
      at _TestBedImpl.createComponent (node_modules/@angular/core/fesm2022/testing.mjs:1844:37)
      at src/app/ui/pages/studio/toolbar-dialog/field-measuring/field-measuring.component.spec.ts:128:23

    console.error
      NG0304: 'p-tab' is not a known element (used in the 'FieldMeasuringComponent' component template):
      1. If 'p-tab' is an Angular component, then verify that it is included in the '@Component.imports' of this component.
      2. If 'p-tab' is a Web Component then add 'CUSTOM_ELEMENTS_SCHEMA' to the '@Component.schemas' of this component to suppress this message.

      at validateElementIsKnown (node_modules/@angular/core/fesm2022/core.mjs:11182:25)
      at ɵɵelementStart (node_modules/@angular/core/fesm2022/core.mjs:27876:9)
      at FieldMeasuringComponent_Template (ng:/FieldMeasuringComponent.js:160:9)
      at executeTemplate (node_modules/@angular/core/fesm2022/core.mjs:12389:9)
      at renderView (node_modules/@angular/core/fesm2022/core.mjs:12895:13)
      at renderComponent (node_modules/@angular/core/fesm2022/core.mjs:12840:5)
      at renderChildComponents (node_modules/@angular/core/fesm2022/core.mjs:12943:9)
      at renderView (node_modules/@angular/core/fesm2022/core.mjs:12923:13)
      at ComponentFactory2.create (node_modules/@angular/core/fesm2022/core.mjs:17959:17)
      at initComponent (node_modules/@angular/core/fesm2022/testing.mjs:2053:51)
      at _ZoneDelegate.invoke (node_modules/zone.js/bundles/zone.umd.js:410:32)
      at Object.onInvoke (node_modules/@angular/core/fesm2022/core.mjs:6579:33)
      at _ZoneDelegate.invoke (node_modules/zone.js/bundles/zone.umd.js:409:38)
      at ZoneImpl.run (node_modules/zone.js/bundles/zone.umd.js:145:47)
      at NgZone.run (node_modules/@angular/core/fesm2022/core.mjs:6425:28)
      at _TestBedImpl.createComponent (node_modules/@angular/core/fesm2022/testing.mjs:2058:41)
      at _TestBedImpl.createComponent (node_modules/@angular/core/fesm2022/testing.mjs:1844:37)
      at src/app/ui/pages/studio/toolbar-dialog/field-measuring/field-measuring.component.spec.ts:128:23

    console.error
      NG0304: 'p-tab' is not a known element (used in the 'FieldMeasuringComponent' component template):
      1. If 'p-tab' is an Angular component, then verify that it is included in the '@Component.imports' of this component.
      2. If 'p-tab' is a Web Component then add 'CUSTOM_ELEMENTS_SCHEMA' to the '@Component.schemas' of this component to suppress this message.

      at validateElementIsKnown (node_modules/@angular/core/fesm2022/core.mjs:11182:25)
      at ɵɵelementStart (node_modules/@angular/core/fesm2022/core.mjs:27876:9)
      at FieldMeasuringComponent_Template (ng:/FieldMeasuringComponent.js:163:9)
      at executeTemplate (node_modules/@angular/core/fesm2022/core.mjs:12389:9)
      at renderView (node_modules/@angular/core/fesm2022/core.mjs:12895:13)
      at renderComponent (node_modules/@angular/core/fesm2022/core.mjs:12840:5)
      at renderChildComponents (node_modules/@angular/core/fesm2022/core.mjs:12943:9)
      at renderView (node_modules/@angular/core/fesm2022/core.mjs:12923:13)
      at ComponentFactory2.create (node_modules/@angular/core/fesm2022/core.mjs:17959:17)
      at initComponent (node_modules/@angular/core/fesm2022/testing.mjs:2053:51)
      at _ZoneDelegate.invoke (node_modules/zone.js/bundles/zone.umd.js:410:32)
      at Object.onInvoke (node_modules/@angular/core/fesm2022/core.mjs:6579:33)
      at _ZoneDelegate.invoke (node_modules/zone.js/bundles/zone.umd.js:409:38)
      at ZoneImpl.run (node_modules/zone.js/bundles/zone.umd.js:145:47)
      at NgZone.run (node_modules/@angular/core/fesm2022/core.mjs:6425:28)
      at _TestBedImpl.createComponent (node_modules/@angular/core/fesm2022/testing.mjs:2058:41)
      at _TestBedImpl.createComponent (node_modules/@angular/core/fesm2022/testing.mjs:1844:37)
      at src/app/ui/pages/studio/toolbar-dialog/field-measuring/field-measuring.component.spec.ts:128:23

    console.error
      NG0304: 'p-tabpanel' is not a known element (used in the 'FieldMeasuringComponent' component template):
      1. If 'p-tabpanel' is an Angular component, then verify that it is included in the '@Component.imports' of this component.
      2. If 'p-tabpanel' is a Web Component then add 'CUSTOM_ELEMENTS_SCHEMA' to the '@Component.schemas' of this component to suppress this message.

      at validateElementIsKnown (node_modules/@angular/core/fesm2022/core.mjs:11182:25)
      at ɵɵelementStart (node_modules/@angular/core/fesm2022/core.mjs:27876:9)
      at FieldMeasuringComponent_Template (ng:/FieldMeasuringComponent.js:166:9)
      at executeTemplate (node_modules/@angular/core/fesm2022/core.mjs:12389:9)
      at renderView (node_modules/@angular/core/fesm2022/core.mjs:12895:13)
      at renderComponent (node_modules/@angular/core/fesm2022/core.mjs:12840:5)
      at renderChildComponents (node_modules/@angular/core/fesm2022/core.mjs:12943:9)
      at renderView (node_modules/@angular/core/fesm2022/core.mjs:12923:13)
      at ComponentFactory2.create (node_modules/@angular/core/fesm2022/core.mjs:17959:17)
      at initComponent (node_modules/@angular/core/fesm2022/testing.mjs:2053:51)
      at _ZoneDelegate.invoke (node_modules/zone.js/bundles/zone.umd.js:410:32)
      at Object.onInvoke (node_modules/@angular/core/fesm2022/core.mjs:6579:33)
      at _ZoneDelegate.invoke (node_modules/zone.js/bundles/zone.umd.js:409:38)
      at ZoneImpl.run (node_modules/zone.js/bundles/zone.umd.js:145:47)
      at NgZone.run (node_modules/@angular/core/fesm2022/core.mjs:6425:28)
      at _TestBedImpl.createComponent (node_modules/@angular/core/fesm2022/testing.mjs:2058:41)
      at _TestBedImpl.createComponent (node_modules/@angular/core/fesm2022/testing.mjs:1844:37)
      at src/app/ui/pages/studio/toolbar-dialog/field-measuring/field-measuring.component.spec.ts:128:23

    console.error
      NG0304: 'p-tabpanel' is not a known element (used in the 'FieldMeasuringComponent' component template):
      1. If 'p-tabpanel' is an Angular component, then verify that it is included in the '@Component.imports' of this component.
      2. If 'p-tabpanel' is a Web Component then add 'CUSTOM_ELEMENTS_SCHEMA' to the '@Component.schemas' of this component to suppress this message.

      at validateElementIsKnown (node_modules/@angular/core/fesm2022/core.mjs:11182:25)
      at ɵɵelementStart (node_modules/@angular/core/fesm2022/core.mjs:27876:9)
      at FieldMeasuringComponent_Template (ng:/FieldMeasuringComponent.js:172:9)
      at executeTemplate (node_modules/@angular/core/fesm2022/core.mjs:12389:9)
      at renderView (node_modules/@angular/core/fesm2022/core.mjs:12895:13)
      at renderComponent (node_modules/@angular/core/fesm2022/core.mjs:12840:5)
      at renderChildComponents (node_modules/@angular/core/fesm2022/core.mjs:12943:9)
      at renderView (node_modules/@angular/core/fesm2022/core.mjs:12923:13)
      at ComponentFactory2.create (node_modules/@angular/core/fesm2022/core.mjs:17959:17)
      at initComponent (node_modules/@angular/core/fesm2022/testing.mjs:2053:51)
      at _ZoneDelegate.invoke (node_modules/zone.js/bundles/zone.umd.js:410:32)
      at Object.onInvoke (node_modules/@angular/core/fesm2022/core.mjs:6579:33)
      at _ZoneDelegate.invoke (node_modules/zone.js/bundles/zone.umd.js:409:38)
      at ZoneImpl.run (node_modules/zone.js/bundles/zone.umd.js:145:47)
      at NgZone.run (node_modules/@angular/core/fesm2022/core.mjs:6425:28)
      at _TestBedImpl.createComponent (node_modules/@angular/core/fesm2022/testing.mjs:2058:41)
      at _TestBedImpl.createComponent (node_modules/@angular/core/fesm2022/testing.mjs:1844:37)
      at src/app/ui/pages/studio/toolbar-dialog/field-measuring/field-measuring.component.spec.ts:128:23

    console.error
      NG0304: 'p-tabpanel' is not a known element (used in the 'FieldMeasuringComponent' component template):
      1. If 'p-tabpanel' is an Angular component, then verify that it is included in the '@Component.imports' of this component.
      2. If 'p-tabpanel' is a Web Component then add 'CUSTOM_ELEMENTS_SCHEMA' to the '@Component.schemas' of this component to suppress this message.

      at validateElementIsKnown (node_modules/@angular/core/fesm2022/core.mjs:11182:25)
      at ɵɵelementStart (node_modules/@angular/core/fesm2022/core.mjs:27876:9)
      at FieldMeasuringComponent_Template (ng:/FieldMeasuringComponent.js:179:9)
      at executeTemplate (node_modules/@angular/core/fesm2022/core.mjs:12389:9)
      at renderView (node_modules/@angular/core/fesm2022/core.mjs:12895:13)
      at renderComponent (node_modules/@angular/core/fesm2022/core.mjs:12840:5)
      at renderChildComponents (node_modules/@angular/core/fesm2022/core.mjs:12943:9)
      at renderView (node_modules/@angular/core/fesm2022/core.mjs:12923:13)
      at ComponentFactory2.create (node_modules/@angular/core/fesm2022/core.mjs:17959:17)
      at initComponent (node_modules/@angular/core/fesm2022/testing.mjs:2053:51)
      at _ZoneDelegate.invoke (node_modules/zone.js/bundles/zone.umd.js:410:32)
      at Object.onInvoke (node_modules/@angular/core/fesm2022/core.mjs:6579:33)
      at _ZoneDelegate.invoke (node_modules/zone.js/bundles/zone.umd.js:409:38)
      at ZoneImpl.run (node_modules/zone.js/bundles/zone.umd.js:145:47)
      at NgZone.run (node_modules/@angular/core/fesm2022/core.mjs:6425:28)
      at _TestBedImpl.createComponent (node_modules/@angular/core/fesm2022/testing.mjs:2058:41)
      at _TestBedImpl.createComponent (node_modules/@angular/core/fesm2022/testing.mjs:1844:37)
      at src/app/ui/pages/studio/toolbar-dialog/field-measuring/field-measuring.component.spec.ts:128:23

    console.error
      NG0304: 'app-temperature-calculation' is not a known element (used in the 'FieldMeasuringComponent' component template):
      1. If 'app-temperature-calculation' is an Angular component, then verify that it is included in the '@Component.imports' of this component.
      2. If 'app-temperature-calculation' is a Web Component then add 'CUSTOM_ELEMENTS_SCHEMA' to the '@Component.schemas' of this component to suppress this message.

      at validateElementIsKnown (node_modules/@angular/core/fesm2022/core.mjs:11182:25)
      at ɵɵelementStart (node_modules/@angular/core/fesm2022/core.mjs:27876:9)
      at FieldMeasuringComponent_Template (ng:/FieldMeasuringComponent.js:179:49)
      at executeTemplate (node_modules/@angular/core/fesm2022/core.mjs:12389:9)
      at renderView (node_modules/@angular/core/fesm2022/core.mjs:12895:13)
      at renderComponent (node_modules/@angular/core/fesm2022/core.mjs:12840:5)
      at renderChildComponents (node_modules/@angular/core/fesm2022/core.mjs:12943:9)
      at renderView (node_modules/@angular/core/fesm2022/core.mjs:12923:13)
      at ComponentFactory2.create (node_modules/@angular/core/fesm2022/core.mjs:17959:17)
      at initComponent (node_modules/@angular/core/fesm2022/testing.mjs:2053:51)
      at _ZoneDelegate.invoke (node_modules/zone.js/bundles/zone.umd.js:410:32)
      at Object.onInvoke (node_modules/@angular/core/fesm2022/core.mjs:6579:33)
      at _ZoneDelegate.invoke (node_modules/zone.js/bundles/zone.umd.js:409:38)
      at ZoneImpl.run (node_modules/zone.js/bundles/zone.umd.js:145:47)
      at NgZone.run (node_modules/@angular/core/fesm2022/core.mjs:6425:28)
      at _TestBedImpl.createComponent (node_modules/@angular/core/fesm2022/testing.mjs:2058:41)
      at _TestBedImpl.createComponent (node_modules/@angular/core/fesm2022/testing.mjs:1844:37)
      at src/app/ui/pages/studio/toolbar-dialog/field-measuring/field-measuring.component.spec.ts:128:23

    console.error
      NG0304: 'p-tabpanel' is not a known element (used in the 'FieldMeasuringComponent' component template):
      1. If 'p-tabpanel' is an Angular component, then verify that it is included in the '@Component.imports' of this component.
      2. If 'p-tabpanel' is a Web Component then add 'CUSTOM_ELEMENTS_SCHEMA' to the '@Component.schemas' of this component to suppress this message.

      at validateElementIsKnown (node_modules/@angular/core/fesm2022/core.mjs:11182:25)
      at ɵɵelementStart (node_modules/@angular/core/fesm2022/core.mjs:27876:9)
      at FieldMeasuringComponent_Template (ng:/FieldMeasuringComponent.js:187:9)
      at executeTemplate (node_modules/@angular/core/fesm2022/core.mjs:12389:9)
      at renderView (node_modules/@angular/core/fesm2022/core.mjs:12895:13)
      at renderComponent (node_modules/@angular/core/fesm2022/core.mjs:12840:5)
      at renderChildComponents (node_modules/@angular/core/fesm2022/core.mjs:12943:9)
      at renderView (node_modules/@angular/core/fesm2022/core.mjs:12923:13)
      at ComponentFactory2.create (node_modules/@angular/core/fesm2022/core.mjs:17959:17)
      at initComponent (node_modules/@angular/core/fesm2022/testing.mjs:2053:51)
      at _ZoneDelegate.invoke (node_modules/zone.js/bundles/zone.umd.js:410:32)
      at Object.onInvoke (node_modules/@angular/core/fesm2022/core.mjs:6579:33)
      at _ZoneDelegate.invoke (node_modules/zone.js/bundles/zone.umd.js:409:38)
      at ZoneImpl.run (node_modules/zone.js/bundles/zone.umd.js:145:47)
      at NgZone.run (node_modules/@angular/core/fesm2022/core.mjs:6425:28)
      at _TestBedImpl.createComponent (node_modules/@angular/core/fesm2022/testing.mjs:2058:41)
      at _TestBedImpl.createComponent (node_modules/@angular/core/fesm2022/testing.mjs:1844:37)
      at src/app/ui/pages/studio/toolbar-dialog/field-measuring/field-measuring.component.spec.ts:128:23

    console.error
      NG0304: 'app-parameter-at-15c-without-wind' is not a known element (used in the 'FieldMeasuringComponent' component template):
      1. If 'app-parameter-at-15c-without-wind' is an Angular component, then verify that it is included in the '@Component.imports' of this component.
      2. If 'app-parameter-at-15c-without-wind' is a Web Component then add 'CUSTOM_ELEMENTS_SCHEMA' to the '@Component.schemas' of this component to suppress this message.

      at validateElementIsKnown (node_modules/@angular/core/fesm2022/core.mjs:11182:25)
      at ɵɵelementStart (node_modules/@angular/core/fesm2022/core.mjs:27876:9)
      at FieldMeasuringComponent_Template (ng:/FieldMeasuringComponent.js:187:49)
      at executeTemplate (node_modules/@angular/core/fesm2022/core.mjs:12389:9)
      at renderView (node_modules/@angular/core/fesm2022/core.mjs:12895:13)
      at renderComponent (node_modules/@angular/core/fesm2022/core.mjs:12840:5)
      at renderChildComponents (node_modules/@angular/core/fesm2022/core.mjs:12943:9)
      at renderView (node_modules/@angular/core/fesm2022/core.mjs:12923:13)
      at ComponentFactory2.create (node_modules/@angular/core/fesm2022/core.mjs:17959:17)
      at initComponent (node_modules/@angular/core/fesm2022/testing.mjs:2053:51)
      at _ZoneDelegate.invoke (node_modules/zone.js/bundles/zone.umd.js:410:32)
      at Object.onInvoke (node_modules/@angular/core/fesm2022/core.mjs:6579:33)
      at _ZoneDelegate.invoke (node_modules/zone.js/bundles/zone.umd.js:409:38)
      at ZoneImpl.run (node_modules/zone.js/bundles/zone.umd.js:145:47)
      at NgZone.run (node_modules/@angular/core/fesm2022/core.mjs:6425:28)
      at _TestBedImpl.createComponent (node_modules/@angular/core/fesm2022/testing.mjs:2058:41)
      at _TestBedImpl.createComponent (node_modules/@angular/core/fesm2022/testing.mjs:1844:37)
      at src/app/ui/pages/studio/toolbar-dialog/field-measuring/field-measuring.component.spec.ts:128:23

    console.log
      Export {
        uuid: '24bbfcb1-412d-499b-ad1f-6860d0f528a8',
        name: '',
        span: null,
        longitude: null,
        latitude: null,
        altitude: null,
        azimuth: null,
        date: 2026-03-06T13:59:46.285Z,
        time: 2026-03-06T13:59:46.285Z,
        season: 'winter',
        ambientTemperature: null,
        windSpeed: null,
        windSpeedUnit: 'kmh',
        windDirection: null,
        skyCover: null,
        calculationMethod: 'papoto',
        leftSupport: null,
        spanLength: null,
        measuredElevationDifference: null,
        HL: null,
        H1: null,
        H2: null,
        H3: null,
        HR: null,
        VL: null,
        V1: null,
        V2: null,
        V3: null,
        VR: null,
        cableHAccDistance: null,
        cableVerticalAccAngle: null,
        calculationType: 'parametre',
        cableTangentAngle: null,
        lengthBetweenSightGD: null,
        elevationDifferenceBetweenSightGD: null,
        xSight1: null,
        xSight2: null,
        xSight3: null,
        ySight1: null,
        ySight2: null,
        ySight3: null,
        transit: null,
        windIncidence: null,
        windIncidenceMode: 'auto',
        diffuseSolarFlux: 123,
        directSolarFlux: null,
        diffuseDirectSolarFlux: 246,
        diffusedSolarFlux: null,
        measuredDiffusedPlusDirectSolarFlux: null,
        measuredDiffusedSolarFlux: null,
        diffusedPlusDirectSolarFlux: null,
        updateMode15C: 'auto',
        parameterPapoto: null,
        parameterUncertaintyPapoto: null,
        cableTemperatureCalibration: null,
        cableTemperatureCalibrationUncertainty: null,
        manualParameterCalculation15CWithoutWind: null,
        link: null,
        voltage: null,
        spanType: null,
        phaseNumber: null,
        numberOfConductors: null,
        cableName: null,
        outputs: { papoto: null, cableTemperature: null, parameter15C: null }
      }

      at console.<anonymous> (node_modules/jest-mock/build/index.js:794:25)

    console.error
      NG0304: 'p-tabs' is not a known element (used in the 'FieldMeasuringComponent' component template):
      1. If 'p-tabs' is an Angular component, then verify that it is included in the '@Component.imports' of this component.
      2. If 'p-tabs' is a Web Component then add 'CUSTOM_ELEMENTS_SCHEMA' to the '@Component.schemas' of this component to suppress this message.

      at validateElementIsKnown (node_modules/@angular/core/fesm2022/core.mjs:11182:25)
      at ɵɵelementStart (node_modules/@angular/core/fesm2022/core.mjs:27876:9)
      at FieldMeasuringComponent_Template (ng:/FieldMeasuringComponent.js:148:9)
      at executeTemplate (node_modules/@angular/core/fesm2022/core.mjs:12389:9)
      at renderView (node_modules/@angular/core/fesm2022/core.mjs:12895:13)
      at renderComponent (node_modules/@angular/core/fesm2022/core.mjs:12840:5)
      at renderChildComponents (node_modules/@angular/core/fesm2022/core.mjs:12943:9)
      at renderView (node_modules/@angular/core/fesm2022/core.mjs:12923:13)
      at ComponentFactory2.create (node_modules/@angular/core/fesm2022/core.mjs:17959:17)
      at initComponent (node_modules/@angular/core/fesm2022/testing.mjs:2053:51)
      at _ZoneDelegate.invoke (node_modules/zone.js/bundles/zone.umd.js:410:32)
      at Object.onInvoke (node_modules/@angular/core/fesm2022/core.mjs:6579:33)
      at _ZoneDelegate.invoke (node_modules/zone.js/bundles/zone.umd.js:409:38)
      at ZoneImpl.run (node_modules/zone.js/bundles/zone.umd.js:145:47)
      at NgZone.run (node_modules/@angular/core/fesm2022/core.mjs:6425:28)
      at _TestBedImpl.createComponent (node_modules/@angular/core/fesm2022/testing.mjs:2058:41)
      at _TestBedImpl.createComponent (node_modules/@angular/core/fesm2022/testing.mjs:1844:37)
      at src/app/ui/pages/studio/toolbar-dialog/field-measuring/field-measuring.component.spec.ts:128:23

    console.error
      NG0304: 'p-tablist' is not a known element (used in the 'FieldMeasuringComponent' component template):
      1. If 'p-tablist' is an Angular component, then verify that it is included in the '@Component.imports' of this component.
      2. If 'p-tablist' is a Web Component then add 'CUSTOM_ELEMENTS_SCHEMA' to the '@Component.schemas' of this component to suppress this message.

      at validateElementIsKnown (node_modules/@angular/core/fesm2022/core.mjs:11182:25)
      at ɵɵelementStart (node_modules/@angular/core/fesm2022/core.mjs:27876:9)
      at FieldMeasuringComponent_Template (ng:/FieldMeasuringComponent.js:154:9)
      at executeTemplate (node_modules/@angular/core/fesm2022/core.mjs:12389:9)
      at renderView (node_modules/@angular/core/fesm2022/core.mjs:12895:13)
      at renderComponent (node_modules/@angular/core/fesm2022/core.mjs:12840:5)
      at renderChildComponents (node_modules/@angular/core/fesm2022/core.mjs:12943:9)
      at renderView (node_modules/@angular/core/fesm2022/core.mjs:12923:13)
      at ComponentFactory2.create (node_modules/@angular/core/fesm2022/core.mjs:17959:17)
      at initComponent (node_modules/@angular/core/fesm2022/testing.mjs:2053:51)
      at _ZoneDelegate.invoke (node_modules/zone.js/bundles/zone.umd.js:410:32)
      at Object.onInvoke (node_modules/@angular/core/fesm2022/core.mjs:6579:33)
      at _ZoneDelegate.invoke (node_modules/zone.js/bundles/zone.umd.js:409:38)
      at ZoneImpl.run (node_modules/zone.js/bundles/zone.umd.js:145:47)
      at NgZone.run (node_modules/@angular/core/fesm2022/core.mjs:6425:28)
      at _TestBedImpl.createComponent (node_modules/@angular/core/fesm2022/testing.mjs:2058:41)
      at _TestBedImpl.createComponent (node_modules/@angular/core/fesm2022/testing.mjs:1844:37)
      at src/app/ui/pages/studio/toolbar-dialog/field-measuring/field-measuring.component.spec.ts:128:23

    console.error
      NG0304: 'p-tab' is not a known element (used in the 'FieldMeasuringComponent' component template):
      1. If 'p-tab' is an Angular component, then verify that it is included in the '@Component.imports' of this component.
      2. If 'p-tab' is a Web Component then add 'CUSTOM_ELEMENTS_SCHEMA' to the '@Component.schemas' of this component to suppress this message.

      at validateElementIsKnown (node_modules/@angular/core/fesm2022/core.mjs:11182:25)
      at ɵɵelementStart (node_modules/@angular/core/fesm2022/core.mjs:27876:9)
      at FieldMeasuringComponent_Template (ng:/FieldMeasuringComponent.js:154:44)
      at executeTemplate (node_modules/@angular/core/fesm2022/core.mjs:12389:9)
      at renderView (node_modules/@angular/core/fesm2022/core.mjs:12895:13)
      at renderComponent (node_modules/@angular/core/fesm2022/core.mjs:12840:5)
      at renderChildComponents (node_modules/@angular/core/fesm2022/core.mjs:12943:9)
      at renderView (node_modules/@angular/core/fesm2022/core.mjs:12923:13)
      at ComponentFactory2.create (node_modules/@angular/core/fesm2022/core.mjs:17959:17)
      at initComponent (node_modules/@angular/core/fesm2022/testing.mjs:2053:51)
      at _ZoneDelegate.invoke (node_modules/zone.js/bundles/zone.umd.js:410:32)
      at Object.onInvoke (node_modules/@angular/core/fesm2022/core.mjs:6579:33)
      at _ZoneDelegate.invoke (node_modules/zone.js/bundles/zone.umd.js:409:38)
      at ZoneImpl.run (node_modules/zone.js/bundles/zone.umd.js:145:47)
      at NgZone.run (node_modules/@angular/core/fesm2022/core.mjs:6425:28)
      at _TestBedImpl.createComponent (node_modules/@angular/core/fesm2022/testing.mjs:2058:41)
      at _TestBedImpl.createComponent (node_modules/@angular/core/fesm2022/testing.mjs:1844:37)
      at src/app/ui/pages/studio/toolbar-dialog/field-measuring/field-measuring.component.spec.ts:128:23

    console.error
      NG0304: 'p-tab' is not a known element (used in the 'FieldMeasuringComponent' component template):
      1. If 'p-tab' is an Angular component, then verify that it is included in the '@Component.imports' of this component.
      2. If 'p-tab' is a Web Component then add 'CUSTOM_ELEMENTS_SCHEMA' to the '@Component.schemas' of this component to suppress this message.

      at validateElementIsKnown (node_modules/@angular/core/fesm2022/core.mjs:11182:25)
      at ɵɵelementStart (node_modules/@angular/core/fesm2022/core.mjs:27876:9)
      at FieldMeasuringComponent_Template (ng:/FieldMeasuringComponent.js:157:9)
      at executeTemplate (node_modules/@angular/core/fesm2022/core.mjs:12389:9)
      at renderView (node_modules/@angular/core/fesm2022/core.mjs:12895:13)
      at renderComponent (node_modules/@angular/core/fesm2022/core.mjs:12840:5)
      at renderChildComponents (node_modules/@angular/core/fesm2022/core.mjs:12943:9)
      at renderView (node_modules/@angular/core/fesm2022/core.mjs:12923:13)
      at ComponentFactory2.create (node_modules/@angular/core/fesm2022/core.mjs:17959:17)
      at initComponent (node_modules/@angular/core/fesm2022/testing.mjs:2053:51)
      at _ZoneDelegate.invoke (node_modules/zone.js/bundles/zone.umd.js:410:32)
      at Object.onInvoke (node_modules/@angular/core/fesm2022/core.mjs:6579:33)
      at _ZoneDelegate.invoke (node_modules/zone.js/bundles/zone.umd.js:409:38)
      at ZoneImpl.run (node_modules/zone.js/bundles/zone.umd.js:145:47)
      at NgZone.run (node_modules/@angular/core/fesm2022/core.mjs:6425:28)
      at _TestBedImpl.createComponent (node_modules/@angular/core/fesm2022/testing.mjs:2058:41)
      at _TestBedImpl.createComponent (node_modules/@angular/core/fesm2022/testing.mjs:1844:37)
      at src/app/ui/pages/studio/toolbar-dialog/field-measuring/field-measuring.component.spec.ts:128:23

    console.error
      NG0304: 'p-tab' is not a known element (used in the 'FieldMeasuringComponent' component template):
      1. If 'p-tab' is an Angular component, then verify that it is included in the '@Component.imports' of this component.
      2. If 'p-tab' is a Web Component then add 'CUSTOM_ELEMENTS_SCHEMA' to the '@Component.schemas' of this component to suppress this message.

      at validateElementIsKnown (node_modules/@angular/core/fesm2022/core.mjs:11182:25)
      at ɵɵelementStart (node_modules/@angular/core/fesm2022/core.mjs:27876:9)
      at FieldMeasuringComponent_Template (ng:/FieldMeasuringComponent.js:160:9)
      at executeTemplate (node_modules/@angular/core/fesm2022/core.mjs:12389:9)
      at renderView (node_modules/@angular/core/fesm2022/core.mjs:12895:13)
      at renderComponent (node_modules/@angular/core/fesm2022/core.mjs:12840:5)
      at renderChildComponents (node_modules/@angular/core/fesm2022/core.mjs:12943:9)
      at renderView (node_modules/@angular/core/fesm2022/core.mjs:12923:13)
      at ComponentFactory2.create (node_modules/@angular/core/fesm2022/core.mjs:17959:17)
      at initComponent (node_modules/@angular/core/fesm2022/testing.mjs:2053:51)
      at _ZoneDelegate.invoke (node_modules/zone.js/bundles/zone.umd.js:410:32)
      at Object.onInvoke (node_modules/@angular/core/fesm2022/core.mjs:6579:33)
      at _ZoneDelegate.invoke (node_modules/zone.js/bundles/zone.umd.js:409:38)
      at ZoneImpl.run (node_modules/zone.js/bundles/zone.umd.js:145:47)
      at NgZone.run (node_modules/@angular/core/fesm2022/core.mjs:6425:28)
      at _TestBedImpl.createComponent (node_modules/@angular/core/fesm2022/testing.mjs:2058:41)
      at _TestBedImpl.createComponent (node_modules/@angular/core/fesm2022/testing.mjs:1844:37)
      at src/app/ui/pages/studio/toolbar-dialog/field-measuring/field-measuring.component.spec.ts:128:23

    console.error
      NG0304: 'p-tab' is not a known element (used in the 'FieldMeasuringComponent' component template):
      1. If 'p-tab' is an Angular component, then verify that it is included in the '@Component.imports' of this component.
      2. If 'p-tab' is a Web Component then add 'CUSTOM_ELEMENTS_SCHEMA' to the '@Component.schemas' of this component to suppress this message.

      at validateElementIsKnown (node_modules/@angular/core/fesm2022/core.mjs:11182:25)
      at ɵɵelementStart (node_modules/@angular/core/fesm2022/core.mjs:27876:9)
      at FieldMeasuringComponent_Template (ng:/FieldMeasuringComponent.js:163:9)
      at executeTemplate (node_modules/@angular/core/fesm2022/core.mjs:12389:9)
      at renderView (node_modules/@angular/core/fesm2022/core.mjs:12895:13)
      at renderComponent (node_modules/@angular/core/fesm2022/core.mjs:12840:5)
      at renderChildComponents (node_modules/@angular/core/fesm2022/core.mjs:12943:9)
      at renderView (node_modules/@angular/core/fesm2022/core.mjs:12923:13)
      at ComponentFactory2.create (node_modules/@angular/core/fesm2022/core.mjs:17959:17)
      at initComponent (node_modules/@angular/core/fesm2022/testing.mjs:2053:51)
      at _ZoneDelegate.invoke (node_modules/zone.js/bundles/zone.umd.js:410:32)
      at Object.onInvoke (node_modules/@angular/core/fesm2022/core.mjs:6579:33)
      at _ZoneDelegate.invoke (node_modules/zone.js/bundles/zone.umd.js:409:38)
      at ZoneImpl.run (node_modules/zone.js/bundles/zone.umd.js:145:47)
      at NgZone.run (node_modules/@angular/core/fesm2022/core.mjs:6425:28)
      at _TestBedImpl.createComponent (node_modules/@angular/core/fesm2022/testing.mjs:2058:41)
      at _TestBedImpl.createComponent (node_modules/@angular/core/fesm2022/testing.mjs:1844:37)
      at src/app/ui/pages/studio/toolbar-dialog/field-measuring/field-measuring.component.spec.ts:128:23

    console.error
      NG0304: 'p-tabpanel' is not a known element (used in the 'FieldMeasuringComponent' component template):
      1. If 'p-tabpanel' is an Angular component, then verify that it is included in the '@Component.imports' of this component.
      2. If 'p-tabpanel' is a Web Component then add 'CUSTOM_ELEMENTS_SCHEMA' to the '@Component.schemas' of this component to suppress this message.

      at validateElementIsKnown (node_modules/@angular/core/fesm2022/core.mjs:11182:25)
      at ɵɵelementStart (node_modules/@angular/core/fesm2022/core.mjs:27876:9)
      at FieldMeasuringComponent_Template (ng:/FieldMeasuringComponent.js:166:9)
      at executeTemplate (node_modules/@angular/core/fesm2022/core.mjs:12389:9)
      at renderView (node_modules/@angular/core/fesm2022/core.mjs:12895:13)
      at renderComponent (node_modules/@angular/core/fesm2022/core.mjs:12840:5)
      at renderChildComponents (node_modules/@angular/core/fesm2022/core.mjs:12943:9)
      at renderView (node_modules/@angular/core/fesm2022/core.mjs:12923:13)
      at ComponentFactory2.create (node_modules/@angular/core/fesm2022/core.mjs:17959:17)
      at initComponent (node_modules/@angular/core/fesm2022/testing.mjs:2053:51)
      at _ZoneDelegate.invoke (node_modules/zone.js/bundles/zone.umd.js:410:32)
      at Object.onInvoke (node_modules/@angular/core/fesm2022/core.mjs:6579:33)
      at _ZoneDelegate.invoke (node_modules/zone.js/bundles/zone.umd.js:409:38)
      at ZoneImpl.run (node_modules/zone.js/bundles/zone.umd.js:145:47)
      at NgZone.run (node_modules/@angular/core/fesm2022/core.mjs:6425:28)
      at _TestBedImpl.createComponent (node_modules/@angular/core/fesm2022/testing.mjs:2058:41)
      at _TestBedImpl.createComponent (node_modules/@angular/core/fesm2022/testing.mjs:1844:37)
      at src/app/ui/pages/studio/toolbar-dialog/field-measuring/field-measuring.component.spec.ts:128:23

    console.error
      NG0304: 'p-tabpanel' is not a known element (used in the 'FieldMeasuringComponent' component template):
      1. If 'p-tabpanel' is an Angular component, then verify that it is included in the '@Component.imports' of this component.
      2. If 'p-tabpanel' is a Web Component then add 'CUSTOM_ELEMENTS_SCHEMA' to the '@Component.schemas' of this component to suppress this message.

      at validateElementIsKnown (node_modules/@angular/core/fesm2022/core.mjs:11182:25)
      at ɵɵelementStart (node_modules/@angular/core/fesm2022/core.mjs:27876:9)
      at FieldMeasuringComponent_Template (ng:/FieldMeasuringComponent.js:172:9)
      at executeTemplate (node_modules/@angular/core/fesm2022/core.mjs:12389:9)
      at renderView (node_modules/@angular/core/fesm2022/core.mjs:12895:13)
      at renderComponent (node_modules/@angular/core/fesm2022/core.mjs:12840:5)
      at renderChildComponents (node_modules/@angular/core/fesm2022/core.mjs:12943:9)
      at renderView (node_modules/@angular/core/fesm2022/core.mjs:12923:13)
      at ComponentFactory2.create (node_modules/@angular/core/fesm2022/core.mjs:17959:17)
      at initComponent (node_modules/@angular/core/fesm2022/testing.mjs:2053:51)
      at _ZoneDelegate.invoke (node_modules/zone.js/bundles/zone.umd.js:410:32)
      at Object.onInvoke (node_modules/@angular/core/fesm2022/core.mjs:6579:33)
      at _ZoneDelegate.invoke (node_modules/zone.js/bundles/zone.umd.js:409:38)
      at ZoneImpl.run (node_modules/zone.js/bundles/zone.umd.js:145:47)
      at NgZone.run (node_modules/@angular/core/fesm2022/core.mjs:6425:28)
      at _TestBedImpl.createComponent (node_modules/@angular/core/fesm2022/testing.mjs:2058:41)
      at _TestBedImpl.createComponent (node_modules/@angular/core/fesm2022/testing.mjs:1844:37)
      at src/app/ui/pages/studio/toolbar-dialog/field-measuring/field-measuring.component.spec.ts:128:23

    console.error
      NG0304: 'p-tabpanel' is not a known element (used in the 'FieldMeasuringComponent' component template):
      1. If 'p-tabpanel' is an Angular component, then verify that it is included in the '@Component.imports' of this component.
      2. If 'p-tabpanel' is a Web Component then add 'CUSTOM_ELEMENTS_SCHEMA' to the '@Component.schemas' of this component to suppress this message.

      at validateElementIsKnown (node_modules/@angular/core/fesm2022/core.mjs:11182:25)
      at ɵɵelementStart (node_modules/@angular/core/fesm2022/core.mjs:27876:9)
      at FieldMeasuringComponent_Template (ng:/FieldMeasuringComponent.js:179:9)
      at executeTemplate (node_modules/@angular/core/fesm2022/core.mjs:12389:9)
      at renderView (node_modules/@angular/core/fesm2022/core.mjs:12895:13)
      at renderComponent (node_modules/@angular/core/fesm2022/core.mjs:12840:5)
      at renderChildComponents (node_modules/@angular/core/fesm2022/core.mjs:12943:9)
      at renderView (node_modules/@angular/core/fesm2022/core.mjs:12923:13)
      at ComponentFactory2.create (node_modules/@angular/core/fesm2022/core.mjs:17959:17)
      at initComponent (node_modules/@angular/core/fesm2022/testing.mjs:2053:51)
      at _ZoneDelegate.invoke (node_modules/zone.js/bundles/zone.umd.js:410:32)
      at Object.onInvoke (node_modules/@angular/core/fesm2022/core.mjs:6579:33)
      at _ZoneDelegate.invoke (node_modules/zone.js/bundles/zone.umd.js:409:38)
      at ZoneImpl.run (node_modules/zone.js/bundles/zone.umd.js:145:47)
      at NgZone.run (node_modules/@angular/core/fesm2022/core.mjs:6425:28)
      at _TestBedImpl.createComponent (node_modules/@angular/core/fesm2022/testing.mjs:2058:41)
      at _TestBedImpl.createComponent (node_modules/@angular/core/fesm2022/testing.mjs:1844:37)
      at src/app/ui/pages/studio/toolbar-dialog/field-measuring/field-measuring.component.spec.ts:128:23

    console.error
      NG0304: 'app-temperature-calculation' is not a known element (used in the 'FieldMeasuringComponent' component template):
      1. If 'app-temperature-calculation' is an Angular component, then verify that it is included in the '@Component.imports' of this component.
      2. If 'app-temperature-calculation' is a Web Component then add 'CUSTOM_ELEMENTS_SCHEMA' to the '@Component.schemas' of this component to suppress this message.

      at validateElementIsKnown (node_modules/@angular/core/fesm2022/core.mjs:11182:25)
      at ɵɵelementStart (node_modules/@angular/core/fesm2022/core.mjs:27876:9)
      at FieldMeasuringComponent_Template (ng:/FieldMeasuringComponent.js:179:49)
      at executeTemplate (node_modules/@angular/core/fesm2022/core.mjs:12389:9)
      at renderView (node_modules/@angular/core/fesm2022/core.mjs:12895:13)
      at renderComponent (node_modules/@angular/core/fesm2022/core.mjs:12840:5)
      at renderChildComponents (node_modules/@angular/core/fesm2022/core.mjs:12943:9)
      at renderView (node_modules/@angular/core/fesm2022/core.mjs:12923:13)
      at ComponentFactory2.create (node_modules/@angular/core/fesm2022/core.mjs:17959:17)
      at initComponent (node_modules/@angular/core/fesm2022/testing.mjs:2053:51)
      at _ZoneDelegate.invoke (node_modules/zone.js/bundles/zone.umd.js:410:32)
      at Object.onInvoke (node_modules/@angular/core/fesm2022/core.mjs:6579:33)
      at _ZoneDelegate.invoke (node_modules/zone.js/bundles/zone.umd.js:409:38)
      at ZoneImpl.run (node_modules/zone.js/bundles/zone.umd.js:145:47)
      at NgZone.run (node_modules/@angular/core/fesm2022/core.mjs:6425:28)
      at _TestBedImpl.createComponent (node_modules/@angular/core/fesm2022/testing.mjs:2058:41)
      at _TestBedImpl.createComponent (node_modules/@angular/core/fesm2022/testing.mjs:1844:37)
      at src/app/ui/pages/studio/toolbar-dialog/field-measuring/field-measuring.component.spec.ts:128:23

    console.error
      NG0304: 'p-tabpanel' is not a known element (used in the 'FieldMeasuringComponent' component template):
      1. If 'p-tabpanel' is an Angular component, then verify that it is included in the '@Component.imports' of this component.
      2. If 'p-tabpanel' is a Web Component then add 'CUSTOM_ELEMENTS_SCHEMA' to the '@Component.schemas' of this component to suppress this message.

      at validateElementIsKnown (node_modules/@angular/core/fesm2022/core.mjs:11182:25)
      at ɵɵelementStart (node_modules/@angular/core/fesm2022/core.mjs:27876:9)
      at FieldMeasuringComponent_Template (ng:/FieldMeasuringComponent.js:187:9)
      at executeTemplate (node_modules/@angular/core/fesm2022/core.mjs:12389:9)
      at renderView (node_modules/@angular/core/fesm2022/core.mjs:12895:13)
      at renderComponent (node_modules/@angular/core/fesm2022/core.mjs:12840:5)
      at renderChildComponents (node_modules/@angular/core/fesm2022/core.mjs:12943:9)
      at renderView (node_modules/@angular/core/fesm2022/core.mjs:12923:13)
      at ComponentFactory2.create (node_modules/@angular/core/fesm2022/core.mjs:17959:17)
      at initComponent (node_modules/@angular/core/fesm2022/testing.mjs:2053:51)
      at _ZoneDelegate.invoke (node_modules/zone.js/bundles/zone.umd.js:410:32)
      at Object.onInvoke (node_modules/@angular/core/fesm2022/core.mjs:6579:33)
      at _ZoneDelegate.invoke (node_modules/zone.js/bundles/zone.umd.js:409:38)
      at ZoneImpl.run (node_modules/zone.js/bundles/zone.umd.js:145:47)
      at NgZone.run (node_modules/@angular/core/fesm2022/core.mjs:6425:28)
      at _TestBedImpl.createComponent (node_modules/@angular/core/fesm2022/testing.mjs:2058:41)
      at _TestBedImpl.createComponent (node_modules/@angular/core/fesm2022/testing.mjs:1844:37)
      at src/app/ui/pages/studio/toolbar-dialog/field-measuring/field-measuring.component.spec.ts:128:23

    console.error
      NG0304: 'app-parameter-at-15c-without-wind' is not a known element (used in the 'FieldMeasuringComponent' component template):
      1. If 'app-parameter-at-15c-without-wind' is an Angular component, then verify that it is included in the '@Component.imports' of this component.
      2. If 'app-parameter-at-15c-without-wind' is a Web Component then add 'CUSTOM_ELEMENTS_SCHEMA' to the '@Component.schemas' of this component to suppress this message.

      at validateElementIsKnown (node_modules/@angular/core/fesm2022/core.mjs:11182:25)
      at ɵɵelementStart (node_modules/@angular/core/fesm2022/core.mjs:27876:9)
      at FieldMeasuringComponent_Template (ng:/FieldMeasuringComponent.js:187:49)
      at executeTemplate (node_modules/@angular/core/fesm2022/core.mjs:12389:9)
      at renderView (node_modules/@angular/core/fesm2022/core.mjs:12895:13)
      at renderComponent (node_modules/@angular/core/fesm2022/core.mjs:12840:5)
      at renderChildComponents (node_modules/@angular/core/fesm2022/core.mjs:12943:9)
      at renderView (node_modules/@angular/core/fesm2022/core.mjs:12923:13)
      at ComponentFactory2.create (node_modules/@angular/core/fesm2022/core.mjs:17959:17)
      at initComponent (node_modules/@angular/core/fesm2022/testing.mjs:2053:51)
      at _ZoneDelegate.invoke (node_modules/zone.js/bundles/zone.umd.js:410:32)
      at Object.onInvoke (node_modules/@angular/core/fesm2022/core.mjs:6579:33)
      at _ZoneDelegate.invoke (node_modules/zone.js/bundles/zone.umd.js:409:38)
      at ZoneImpl.run (node_modules/zone.js/bundles/zone.umd.js:145:47)
      at NgZone.run (node_modules/@angular/core/fesm2022/core.mjs:6425:28)
      at _TestBedImpl.createComponent (node_modules/@angular/core/fesm2022/testing.mjs:2058:41)
      at _TestBedImpl.createComponent (node_modules/@angular/core/fesm2022/testing.mjs:1844:37)
      at src/app/ui/pages/studio/toolbar-dialog/field-measuring/field-measuring.component.spec.ts:128:23

    console.log
      Report {
        uuid: '85af249c-8b29-4529-be8d-a5976a8cbfb9',
        name: '',
        span: null,
        longitude: null,
        latitude: null,
        altitude: null,
        azimuth: null,
        date: 2026-03-06T13:59:46.312Z,
        time: 2026-03-06T13:59:46.312Z,
        season: 'winter',
        ambientTemperature: null,
        windSpeed: null,
        windSpeedUnit: 'kmh',
        windDirection: null,
        skyCover: null,
        calculationMethod: 'papoto',
        leftSupport: null,
        spanLength: null,
        measuredElevationDifference: null,
        HL: null,
        H1: null,
        H2: null,
        H3: null,
        HR: null,
        VL: null,
        V1: null,
        V2: null,
        V3: null,
        VR: null,
        cableHAccDistance: null,
        cableVerticalAccAngle: null,
        calculationType: 'parametre',
        cableTangentAngle: null,
        lengthBetweenSightGD: null,
        elevationDifferenceBetweenSightGD: null,
        xSight1: null,
        xSight2: null,
        xSight3: null,
        ySight1: null,
        ySight2: null,
        ySight3: null,
        transit: null,
        windIncidence: null,
        windIncidenceMode: 'auto',
        diffuseSolarFlux: 123,
        directSolarFlux: null,
        diffuseDirectSolarFlux: 246,
        diffusedSolarFlux: null,
        measuredDiffusedPlusDirectSolarFlux: null,
        measuredDiffusedSolarFlux: null,
        diffusedPlusDirectSolarFlux: null,
        updateMode15C: 'auto',
        parameterPapoto: null,
        parameterUncertaintyPapoto: null,
        cableTemperatureCalibration: null,
        cableTemperatureCalibrationUncertainty: null,
        manualParameterCalculation15CWithoutWind: null,
        link: null,
        voltage: null,
        spanType: null,
        phaseNumber: null,
        numberOfConductors: null,
        cableName: null,
        outputs: { papoto: null, cableTemperature: null, parameter15C: null }
      }

      at console.<anonymous> (node_modules/jest-mock/build/index.js:794:25)

    console.error
      NG0304: 'p-tabs' is not a known element (used in the 'FieldMeasuringComponent' component template):
      1. If 'p-tabs' is an Angular component, then verify that it is included in the '@Component.imports' of this component.
      2. If 'p-tabs' is a Web Component then add 'CUSTOM_ELEMENTS_SCHEMA' to the '@Component.schemas' of this component to suppress this message.

      at validateElementIsKnown (node_modules/@angular/core/fesm2022/core.mjs:11182:25)
      at ɵɵelementStart (node_modules/@angular/core/fesm2022/core.mjs:27876:9)
      at FieldMeasuringComponent_Template (ng:/FieldMeasuringComponent.js:148:9)
      at executeTemplate (node_modules/@angular/core/fesm2022/core.mjs:12389:9)
      at renderView (node_modules/@angular/core/fesm2022/core.mjs:12895:13)
      at renderComponent (node_modules/@angular/core/fesm2022/core.mjs:12840:5)
      at renderChildComponents (node_modules/@angular/core/fesm2022/core.mjs:12943:9)
      at renderView (node_modules/@angular/core/fesm2022/core.mjs:12923:13)
      at ComponentFactory2.create (node_modules/@angular/core/fesm2022/core.mjs:17959:17)
      at initComponent (node_modules/@angular/core/fesm2022/testing.mjs:2053:51)
      at _ZoneDelegate.invoke (node_modules/zone.js/bundles/zone.umd.js:410:32)
      at Object.onInvoke (node_modules/@angular/core/fesm2022/core.mjs:6579:33)
      at _ZoneDelegate.invoke (node_modules/zone.js/bundles/zone.umd.js:409:38)
      at ZoneImpl.run (node_modules/zone.js/bundles/zone.umd.js:145:47)
      at NgZone.run (node_modules/@angular/core/fesm2022/core.mjs:6425:28)
      at _TestBedImpl.createComponent (node_modules/@angular/core/fesm2022/testing.mjs:2058:41)
      at _TestBedImpl.createComponent (node_modules/@angular/core/fesm2022/testing.mjs:1844:37)
      at src/app/ui/pages/studio/toolbar-dialog/field-measuring/field-measuring.component.spec.ts:128:23

    console.error
      NG0304: 'p-tablist' is not a known element (used in the 'FieldMeasuringComponent' component template):
      1. If 'p-tablist' is an Angular component, then verify that it is included in the '@Component.imports' of this component.
      2. If 'p-tablist' is a Web Component then add 'CUSTOM_ELEMENTS_SCHEMA' to the '@Component.schemas' of this component to suppress this message.

      at validateElementIsKnown (node_modules/@angular/core/fesm2022/core.mjs:11182:25)
      at ɵɵelementStart (node_modules/@angular/core/fesm2022/core.mjs:27876:9)
      at FieldMeasuringComponent_Template (ng:/FieldMeasuringComponent.js:154:9)
      at executeTemplate (node_modules/@angular/core/fesm2022/core.mjs:12389:9)
      at renderView (node_modules/@angular/core/fesm2022/core.mjs:12895:13)
      at renderComponent (node_modules/@angular/core/fesm2022/core.mjs:12840:5)
      at renderChildComponents (node_modules/@angular/core/fesm2022/core.mjs:12943:9)
      at renderView (node_modules/@angular/core/fesm2022/core.mjs:12923:13)
      at ComponentFactory2.create (node_modules/@angular/core/fesm2022/core.mjs:17959:17)
      at initComponent (node_modules/@angular/core/fesm2022/testing.mjs:2053:51)
      at _ZoneDelegate.invoke (node_modules/zone.js/bundles/zone.umd.js:410:32)
      at Object.onInvoke (node_modules/@angular/core/fesm2022/core.mjs:6579:33)
      at _ZoneDelegate.invoke (node_modules/zone.js/bundles/zone.umd.js:409:38)
      at ZoneImpl.run (node_modules/zone.js/bundles/zone.umd.js:145:47)
      at NgZone.run (node_modules/@angular/core/fesm2022/core.mjs:6425:28)
      at _TestBedImpl.createComponent (node_modules/@angular/core/fesm2022/testing.mjs:2058:41)
      at _TestBedImpl.createComponent (node_modules/@angular/core/fesm2022/testing.mjs:1844:37)
      at src/app/ui/pages/studio/toolbar-dialog/field-measuring/field-measuring.component.spec.ts:128:23

    console.error
      NG0304: 'p-tab' is not a known element (used in the 'FieldMeasuringComponent' component template):
      1. If 'p-tab' is an Angular component, then verify that it is included in the '@Component.imports' of this component.
      2. If 'p-tab' is a Web Component then add 'CUSTOM_ELEMENTS_SCHEMA' to the '@Component.schemas' of this component to suppress this message.

      at validateElementIsKnown (node_modules/@angular/core/fesm2022/core.mjs:11182:25)
      at ɵɵelementStart (node_modules/@angular/core/fesm2022/core.mjs:27876:9)
      at FieldMeasuringComponent_Template (ng:/FieldMeasuringComponent.js:154:44)
      at executeTemplate (node_modules/@angular/core/fesm2022/core.mjs:12389:9)
      at renderView (node_modules/@angular/core/fesm2022/core.mjs:12895:13)
      at renderComponent (node_modules/@angular/core/fesm2022/core.mjs:12840:5)
      at renderChildComponents (node_modules/@angular/core/fesm2022/core.mjs:12943:9)
      at renderView (node_modules/@angular/core/fesm2022/core.mjs:12923:13)
      at ComponentFactory2.create (node_modules/@angular/core/fesm2022/core.mjs:17959:17)
      at initComponent (node_modules/@angular/core/fesm2022/testing.mjs:2053:51)
      at _ZoneDelegate.invoke (node_modules/zone.js/bundles/zone.umd.js:410:32)
      at Object.onInvoke (node_modules/@angular/core/fesm2022/core.mjs:6579:33)
      at _ZoneDelegate.invoke (node_modules/zone.js/bundles/zone.umd.js:409:38)
      at ZoneImpl.run (node_modules/zone.js/bundles/zone.umd.js:145:47)
      at NgZone.run (node_modules/@angular/core/fesm2022/core.mjs:6425:28)
      at _TestBedImpl.createComponent (node_modules/@angular/core/fesm2022/testing.mjs:2058:41)
      at _TestBedImpl.createComponent (node_modules/@angular/core/fesm2022/testing.mjs:1844:37)
      at src/app/ui/pages/studio/toolbar-dialog/field-measuring/field-measuring.component.spec.ts:128:23

    console.error
      NG0304: 'p-tab' is not a known element (used in the 'FieldMeasuringComponent' component template):
      1. If 'p-tab' is an Angular component, then verify that it is included in the '@Component.imports' of this component.
      2. If 'p-tab' is a Web Component then add 'CUSTOM_ELEMENTS_SCHEMA' to the '@Component.schemas' of this component to suppress this message.

      at validateElementIsKnown (node_modules/@angular/core/fesm2022/core.mjs:11182:25)
      at ɵɵelementStart (node_modules/@angular/core/fesm2022/core.mjs:27876:9)
      at FieldMeasuringComponent_Template (ng:/FieldMeasuringComponent.js:157:9)
      at executeTemplate (node_modules/@angular/core/fesm2022/core.mjs:12389:9)
      at renderView (node_modules/@angular/core/fesm2022/core.mjs:12895:13)
      at renderComponent (node_modules/@angular/core/fesm2022/core.mjs:12840:5)
      at renderChildComponents (node_modules/@angular/core/fesm2022/core.mjs:12943:9)
      at renderView (node_modules/@angular/core/fesm2022/core.mjs:12923:13)
      at ComponentFactory2.create (node_modules/@angular/core/fesm2022/core.mjs:17959:17)
      at initComponent (node_modules/@angular/core/fesm2022/testing.mjs:2053:51)
      at _ZoneDelegate.invoke (node_modules/zone.js/bundles/zone.umd.js:410:32)
      at Object.onInvoke (node_modules/@angular/core/fesm2022/core.mjs:6579:33)
      at _ZoneDelegate.invoke (node_modules/zone.js/bundles/zone.umd.js:409:38)
      at ZoneImpl.run (node_modules/zone.js/bundles/zone.umd.js:145:47)
      at NgZone.run (node_modules/@angular/core/fesm2022/core.mjs:6425:28)
      at _TestBedImpl.createComponent (node_modules/@angular/core/fesm2022/testing.mjs:2058:41)
      at _TestBedImpl.createComponent (node_modules/@angular/core/fesm2022/testing.mjs:1844:37)
      at src/app/ui/pages/studio/toolbar-dialog/field-measuring/field-measuring.component.spec.ts:128:23

    console.error
      NG0304: 'p-tab' is not a known element (used in the 'FieldMeasuringComponent' component template):
      1. If 'p-tab' is an Angular component, then verify that it is included in the '@Component.imports' of this component.
      2. If 'p-tab' is a Web Component then add 'CUSTOM_ELEMENTS_SCHEMA' to the '@Component.schemas' of this component to suppress this message.

      at validateElementIsKnown (node_modules/@angular/core/fesm2022/core.mjs:11182:25)
      at ɵɵelementStart (node_modules/@angular/core/fesm2022/core.mjs:27876:9)
      at FieldMeasuringComponent_Template (ng:/FieldMeasuringComponent.js:160:9)
      at executeTemplate (node_modules/@angular/core/fesm2022/core.mjs:12389:9)
      at renderView (node_modules/@angular/core/fesm2022/core.mjs:12895:13)
      at renderComponent (node_modules/@angular/core/fesm2022/core.mjs:12840:5)
      at renderChildComponents (node_modules/@angular/core/fesm2022/core.mjs:12943:9)
      at renderView (node_modules/@angular/core/fesm2022/core.mjs:12923:13)
      at ComponentFactory2.create (node_modules/@angular/core/fesm2022/core.mjs:17959:17)
      at initComponent (node_modules/@angular/core/fesm2022/testing.mjs:2053:51)
      at _ZoneDelegate.invoke (node_modules/zone.js/bundles/zone.umd.js:410:32)
      at Object.onInvoke (node_modules/@angular/core/fesm2022/core.mjs:6579:33)
      at _ZoneDelegate.invoke (node_modules/zone.js/bundles/zone.umd.js:409:38)
      at ZoneImpl.run (node_modules/zone.js/bundles/zone.umd.js:145:47)
      at NgZone.run (node_modules/@angular/core/fesm2022/core.mjs:6425:28)
      at _TestBedImpl.createComponent (node_modules/@angular/core/fesm2022/testing.mjs:2058:41)
      at _TestBedImpl.createComponent (node_modules/@angular/core/fesm2022/testing.mjs:1844:37)
      at src/app/ui/pages/studio/toolbar-dialog/field-measuring/field-measuring.component.spec.ts:128:23

    console.error
      NG0304: 'p-tab' is not a known element (used in the 'FieldMeasuringComponent' component template):
      1. If 'p-tab' is an Angular component, then verify that it is included in the '@Component.imports' of this component.
      2. If 'p-tab' is a Web Component then add 'CUSTOM_ELEMENTS_SCHEMA' to the '@Component.schemas' of this component to suppress this message.

      at validateElementIsKnown (node_modules/@angular/core/fesm2022/core.mjs:11182:25)
      at ɵɵelementStart (node_modules/@angular/core/fesm2022/core.mjs:27876:9)
      at FieldMeasuringComponent_Template (ng:/FieldMeasuringComponent.js:163:9)
      at executeTemplate (node_modules/@angular/core/fesm2022/core.mjs:12389:9)
      at renderView (node_modules/@angular/core/fesm2022/core.mjs:12895:13)
      at renderComponent (node_modules/@angular/core/fesm2022/core.mjs:12840:5)
      at renderChildComponents (node_modules/@angular/core/fesm2022/core.mjs:12943:9)
      at renderView (node_modules/@angular/core/fesm2022/core.mjs:12923:13)
      at ComponentFactory2.create (node_modules/@angular/core/fesm2022/core.mjs:17959:17)
      at initComponent (node_modules/@angular/core/fesm2022/testing.mjs:2053:51)
      at _ZoneDelegate.invoke (node_modules/zone.js/bundles/zone.umd.js:410:32)
      at Object.onInvoke (node_modules/@angular/core/fesm2022/core.mjs:6579:33)
      at _ZoneDelegate.invoke (node_modules/zone.js/bundles/zone.umd.js:409:38)
      at ZoneImpl.run (node_modules/zone.js/bundles/zone.umd.js:145:47)
      at NgZone.run (node_modules/@angular/core/fesm2022/core.mjs:6425:28)
      at _TestBedImpl.createComponent (node_modules/@angular/core/fesm2022/testing.mjs:2058:41)
      at _TestBedImpl.createComponent (node_modules/@angular/core/fesm2022/testing.mjs:1844:37)
      at src/app/ui/pages/studio/toolbar-dialog/field-measuring/field-measuring.component.spec.ts:128:23

    console.error
      NG0304: 'p-tabpanel' is not a known element (used in the 'FieldMeasuringComponent' component template):
      1. If 'p-tabpanel' is an Angular component, then verify that it is included in the '@Component.imports' of this component.
      2. If 'p-tabpanel' is a Web Component then add 'CUSTOM_ELEMENTS_SCHEMA' to the '@Component.schemas' of this component to suppress this message.

      at validateElementIsKnown (node_modules/@angular/core/fesm2022/core.mjs:11182:25)
      at ɵɵelementStart (node_modules/@angular/core/fesm2022/core.mjs:27876:9)
      at FieldMeasuringComponent_Template (ng:/FieldMeasuringComponent.js:166:9)
      at executeTemplate (node_modules/@angular/core/fesm2022/core.mjs:12389:9)
      at renderView (node_modules/@angular/core/fesm2022/core.mjs:12895:13)
      at renderComponent (node_modules/@angular/core/fesm2022/core.mjs:12840:5)
      at renderChildComponents (node_modules/@angular/core/fesm2022/core.mjs:12943:9)
      at renderView (node_modules/@angular/core/fesm2022/core.mjs:12923:13)
      at ComponentFactory2.create (node_modules/@angular/core/fesm2022/core.mjs:17959:17)
      at initComponent (node_modules/@angular/core/fesm2022/testing.mjs:2053:51)
      at _ZoneDelegate.invoke (node_modules/zone.js/bundles/zone.umd.js:410:32)
      at Object.onInvoke (node_modules/@angular/core/fesm2022/core.mjs:6579:33)
      at _ZoneDelegate.invoke (node_modules/zone.js/bundles/zone.umd.js:409:38)
      at ZoneImpl.run (node_modules/zone.js/bundles/zone.umd.js:145:47)
      at NgZone.run (node_modules/@angular/core/fesm2022/core.mjs:6425:28)
      at _TestBedImpl.createComponent (node_modules/@angular/core/fesm2022/testing.mjs:2058:41)
      at _TestBedImpl.createComponent (node_modules/@angular/core/fesm2022/testing.mjs:1844:37)
      at src/app/ui/pages/studio/toolbar-dialog/field-measuring/field-measuring.component.spec.ts:128:23

    console.error
      NG0304: 'p-tabpanel' is not a known element (used in the 'FieldMeasuringComponent' component template):
      1. If 'p-tabpanel' is an Angular component, then verify that it is included in the '@Component.imports' of this component.
      2. If 'p-tabpanel' is a Web Component then add 'CUSTOM_ELEMENTS_SCHEMA' to the '@Component.schemas' of this component to suppress this message.

      at validateElementIsKnown (node_modules/@angular/core/fesm2022/core.mjs:11182:25)
      at ɵɵelementStart (node_modules/@angular/core/fesm2022/core.mjs:27876:9)
      at FieldMeasuringComponent_Template (ng:/FieldMeasuringComponent.js:172:9)
      at executeTemplate (node_modules/@angular/core/fesm2022/core.mjs:12389:9)
      at renderView (node_modules/@angular/core/fesm2022/core.mjs:12895:13)
      at renderComponent (node_modules/@angular/core/fesm2022/core.mjs:12840:5)
      at renderChildComponents (node_modules/@angular/core/fesm2022/core.mjs:12943:9)
      at renderView (node_modules/@angular/core/fesm2022/core.mjs:12923:13)
      at ComponentFactory2.create (node_modules/@angular/core/fesm2022/core.mjs:17959:17)
      at initComponent (node_modules/@angular/core/fesm2022/testing.mjs:2053:51)
      at _ZoneDelegate.invoke (node_modules/zone.js/bundles/zone.umd.js:410:32)
      at Object.onInvoke (node_modules/@angular/core/fesm2022/core.mjs:6579:33)
      at _ZoneDelegate.invoke (node_modules/zone.js/bundles/zone.umd.js:409:38)
      at ZoneImpl.run (node_modules/zone.js/bundles/zone.umd.js:145:47)
      at NgZone.run (node_modules/@angular/core/fesm2022/core.mjs:6425:28)
      at _TestBedImpl.createComponent (node_modules/@angular/core/fesm2022/testing.mjs:2058:41)
      at _TestBedImpl.createComponent (node_modules/@angular/core/fesm2022/testing.mjs:1844:37)
      at src/app/ui/pages/studio/toolbar-dialog/field-measuring/field-measuring.component.spec.ts:128:23

    console.error
      NG0304: 'p-tabpanel' is not a known element (used in the 'FieldMeasuringComponent' component template):
      1. If 'p-tabpanel' is an Angular component, then verify that it is included in the '@Component.imports' of this component.
      2. If 'p-tabpanel' is a Web Component then add 'CUSTOM_ELEMENTS_SCHEMA' to the '@Component.schemas' of this component to suppress this message.

      at validateElementIsKnown (node_modules/@angular/core/fesm2022/core.mjs:11182:25)
      at ɵɵelementStart (node_modules/@angular/core/fesm2022/core.mjs:27876:9)
      at FieldMeasuringComponent_Template (ng:/FieldMeasuringComponent.js:179:9)
      at executeTemplate (node_modules/@angular/core/fesm2022/core.mjs:12389:9)
      at renderView (node_modules/@angular/core/fesm2022/core.mjs:12895:13)
      at renderComponent (node_modules/@angular/core/fesm2022/core.mjs:12840:5)
      at renderChildComponents (node_modules/@angular/core/fesm2022/core.mjs:12943:9)
      at renderView (node_modules/@angular/core/fesm2022/core.mjs:12923:13)
      at ComponentFactory2.create (node_modules/@angular/core/fesm2022/core.mjs:17959:17)
      at initComponent (node_modules/@angular/core/fesm2022/testing.mjs:2053:51)
      at _ZoneDelegate.invoke (node_modules/zone.js/bundles/zone.umd.js:410:32)
      at Object.onInvoke (node_modules/@angular/core/fesm2022/core.mjs:6579:33)
      at _ZoneDelegate.invoke (node_modules/zone.js/bundles/zone.umd.js:409:38)
      at ZoneImpl.run (node_modules/zone.js/bundles/zone.umd.js:145:47)
      at NgZone.run (node_modules/@angular/core/fesm2022/core.mjs:6425:28)
      at _TestBedImpl.createComponent (node_modules/@angular/core/fesm2022/testing.mjs:2058:41)
      at _TestBedImpl.createComponent (node_modules/@angular/core/fesm2022/testing.mjs:1844:37)
      at src/app/ui/pages/studio/toolbar-dialog/field-measuring/field-measuring.component.spec.ts:128:23

    console.error
      NG0304: 'app-temperature-calculation' is not a known element (used in the 'FieldMeasuringComponent' component template):
      1. If 'app-temperature-calculation' is an Angular component, then verify that it is included in the '@Component.imports' of this component.
      2. If 'app-temperature-calculation' is a Web Component then add 'CUSTOM_ELEMENTS_SCHEMA' to the '@Component.schemas' of this component to suppress this message.

      at validateElementIsKnown (node_modules/@angular/core/fesm2022/core.mjs:11182:25)
      at ɵɵelementStart (node_modules/@angular/core/fesm2022/core.mjs:27876:9)
      at FieldMeasuringComponent_Template (ng:/FieldMeasuringComponent.js:179:49)
      at executeTemplate (node_modules/@angular/core/fesm2022/core.mjs:12389:9)
      at renderView (node_modules/@angular/core/fesm2022/core.mjs:12895:13)
      at renderComponent (node_modules/@angular/core/fesm2022/core.mjs:12840:5)
      at renderChildComponents (node_modules/@angular/core/fesm2022/core.mjs:12943:9)
      at renderView (node_modules/@angular/core/fesm2022/core.mjs:12923:13)
      at ComponentFactory2.create (node_modules/@angular/core/fesm2022/core.mjs:17959:17)
      at initComponent (node_modules/@angular/core/fesm2022/testing.mjs:2053:51)
      at _ZoneDelegate.invoke (node_modules/zone.js/bundles/zone.umd.js:410:32)
      at Object.onInvoke (node_modules/@angular/core/fesm2022/core.mjs:6579:33)
      at _ZoneDelegate.invoke (node_modules/zone.js/bundles/zone.umd.js:409:38)
      at ZoneImpl.run (node_modules/zone.js/bundles/zone.umd.js:145:47)
      at NgZone.run (node_modules/@angular/core/fesm2022/core.mjs:6425:28)
      at _TestBedImpl.createComponent (node_modules/@angular/core/fesm2022/testing.mjs:2058:41)
      at _TestBedImpl.createComponent (node_modules/@angular/core/fesm2022/testing.mjs:1844:37)
      at src/app/ui/pages/studio/toolbar-dialog/field-measuring/field-measuring.component.spec.ts:128:23

    console.error
      NG0304: 'p-tabpanel' is not a known element (used in the 'FieldMeasuringComponent' component template):
      1. If 'p-tabpanel' is an Angular component, then verify that it is included in the '@Component.imports' of this component.
      2. If 'p-tabpanel' is a Web Component then add 'CUSTOM_ELEMENTS_SCHEMA' to the '@Component.schemas' of this component to suppress this message.

      at validateElementIsKnown (node_modules/@angular/core/fesm2022/core.mjs:11182:25)
      at ɵɵelementStart (node_modules/@angular/core/fesm2022/core.mjs:27876:9)
      at FieldMeasuringComponent_Template (ng:/FieldMeasuringComponent.js:187:9)
      at executeTemplate (node_modules/@angular/core/fesm2022/core.mjs:12389:9)
      at renderView (node_modules/@angular/core/fesm2022/core.mjs:12895:13)
      at renderComponent (node_modules/@angular/core/fesm2022/core.mjs:12840:5)
      at renderChildComponents (node_modules/@angular/core/fesm2022/core.mjs:12943:9)
      at renderView (node_modules/@angular/core/fesm2022/core.mjs:12923:13)
      at ComponentFactory2.create (node_modules/@angular/core/fesm2022/core.mjs:17959:17)
      at initComponent (node_modules/@angular/core/fesm2022/testing.mjs:2053:51)
      at _ZoneDelegate.invoke (node_modules/zone.js/bundles/zone.umd.js:410:32)
      at Object.onInvoke (node_modules/@angular/core/fesm2022/core.mjs:6579:33)
      at _ZoneDelegate.invoke (node_modules/zone.js/bundles/zone.umd.js:409:38)
      at ZoneImpl.run (node_modules/zone.js/bundles/zone.umd.js:145:47)
      at NgZone.run (node_modules/@angular/core/fesm2022/core.mjs:6425:28)
      at _TestBedImpl.createComponent (node_modules/@angular/core/fesm2022/testing.mjs:2058:41)
      at _TestBedImpl.createComponent (node_modules/@angular/core/fesm2022/testing.mjs:1844:37)
      at src/app/ui/pages/studio/toolbar-dialog/field-measuring/field-measuring.component.spec.ts:128:23

    console.error
      NG0304: 'app-parameter-at-15c-without-wind' is not a known element (used in the 'FieldMeasuringComponent' component template):
      1. If 'app-parameter-at-15c-without-wind' is an Angular component, then verify that it is included in the '@Component.imports' of this component.
      2. If 'app-parameter-at-15c-without-wind' is a Web Component then add 'CUSTOM_ELEMENTS_SCHEMA' to the '@Component.schemas' of this component to suppress this message.

      at validateElementIsKnown (node_modules/@angular/core/fesm2022/core.mjs:11182:25)
      at ɵɵelementStart (node_modules/@angular/core/fesm2022/core.mjs:27876:9)
      at FieldMeasuringComponent_Template (ng:/FieldMeasuringComponent.js:187:49)
      at executeTemplate (node_modules/@angular/core/fesm2022/core.mjs:12389:9)
      at renderView (node_modules/@angular/core/fesm2022/core.mjs:12895:13)
      at renderComponent (node_modules/@angular/core/fesm2022/core.mjs:12840:5)
      at renderChildComponents (node_modules/@angular/core/fesm2022/core.mjs:12943:9)
      at renderView (node_modules/@angular/core/fesm2022/core.mjs:12923:13)
      at ComponentFactory2.create (node_modules/@angular/core/fesm2022/core.mjs:17959:17)
      at initComponent (node_modules/@angular/core/fesm2022/testing.mjs:2053:51)
      at _ZoneDelegate.invoke (node_modules/zone.js/bundles/zone.umd.js:410:32)
      at Object.onInvoke (node_modules/@angular/core/fesm2022/core.mjs:6579:33)
      at _ZoneDelegate.invoke (node_modules/zone.js/bundles/zone.umd.js:409:38)
      at ZoneImpl.run (node_modules/zone.js/bundles/zone.umd.js:145:47)
      at NgZone.run (node_modules/@angular/core/fesm2022/core.mjs:6425:28)
      at _TestBedImpl.createComponent (node_modules/@angular/core/fesm2022/testing.mjs:2058:41)
      at _TestBedImpl.createComponent (node_modules/@angular/core/fesm2022/testing.mjs:1844:37)
      at src/app/ui/pages/studio/toolbar-dialog/field-measuring/field-measuring.component.spec.ts:128:23

    console.error
      NG0304: 'p-tabs' is not a known element (used in the 'FieldMeasuringComponent' component template):
      1. If 'p-tabs' is an Angular component, then verify that it is included in the '@Component.imports' of this component.
      2. If 'p-tabs' is a Web Component then add 'CUSTOM_ELEMENTS_SCHEMA' to the '@Component.schemas' of this component to suppress this message.

      at validateElementIsKnown (node_modules/@angular/core/fesm2022/core.mjs:11182:25)
      at ɵɵelementStart (node_modules/@angular/core/fesm2022/core.mjs:27876:9)
      at FieldMeasuringComponent_Template (ng:/FieldMeasuringComponent.js:148:9)
      at executeTemplate (node_modules/@angular/core/fesm2022/core.mjs:12389:9)
      at renderView (node_modules/@angular/core/fesm2022/core.mjs:12895:13)
      at renderComponent (node_modules/@angular/core/fesm2022/core.mjs:12840:5)
      at renderChildComponents (node_modules/@angular/core/fesm2022/core.mjs:12943:9)
      at renderView (node_modules/@angular/core/fesm2022/core.mjs:12923:13)
      at ComponentFactory2.create (node_modules/@angular/core/fesm2022/core.mjs:17959:17)
      at initComponent (node_modules/@angular/core/fesm2022/testing.mjs:2053:51)
      at _ZoneDelegate.invoke (node_modules/zone.js/bundles/zone.umd.js:410:32)
      at Object.onInvoke (node_modules/@angular/core/fesm2022/core.mjs:6579:33)
      at _ZoneDelegate.invoke (node_modules/zone.js/bundles/zone.umd.js:409:38)
      at ZoneImpl.run (node_modules/zone.js/bundles/zone.umd.js:145:47)
      at NgZone.run (node_modules/@angular/core/fesm2022/core.mjs:6425:28)
      at _TestBedImpl.createComponent (node_modules/@angular/core/fesm2022/testing.mjs:2058:41)
      at _TestBedImpl.createComponent (node_modules/@angular/core/fesm2022/testing.mjs:1844:37)
      at src/app/ui/pages/studio/toolbar-dialog/field-measuring/field-measuring.component.spec.ts:128:23

    console.error
      NG0304: 'p-tablist' is not a known element (used in the 'FieldMeasuringComponent' component template):
      1. If 'p-tablist' is an Angular component, then verify that it is included in the '@Component.imports' of this component.
      2. If 'p-tablist' is a Web Component then add 'CUSTOM_ELEMENTS_SCHEMA' to the '@Component.schemas' of this component to suppress this message.

      at validateElementIsKnown (node_modules/@angular/core/fesm2022/core.mjs:11182:25)
      at ɵɵelementStart (node_modules/@angular/core/fesm2022/core.mjs:27876:9)
      at FieldMeasuringComponent_Template (ng:/FieldMeasuringComponent.js:154:9)
      at executeTemplate (node_modules/@angular/core/fesm2022/core.mjs:12389:9)
      at renderView (node_modules/@angular/core/fesm2022/core.mjs:12895:13)
      at renderComponent (node_modules/@angular/core/fesm2022/core.mjs:12840:5)
      at renderChildComponents (node_modules/@angular/core/fesm2022/core.mjs:12943:9)
      at renderView (node_modules/@angular/core/fesm2022/core.mjs:12923:13)
      at ComponentFactory2.create (node_modules/@angular/core/fesm2022/core.mjs:17959:17)
      at initComponent (node_modules/@angular/core/fesm2022/testing.mjs:2053:51)
      at _ZoneDelegate.invoke (node_modules/zone.js/bundles/zone.umd.js:410:32)
      at Object.onInvoke (node_modules/@angular/core/fesm2022/core.mjs:6579:33)
      at _ZoneDelegate.invoke (node_modules/zone.js/bundles/zone.umd.js:409:38)
      at ZoneImpl.run (node_modules/zone.js/bundles/zone.umd.js:145:47)
      at NgZone.run (node_modules/@angular/core/fesm2022/core.mjs:6425:28)
      at _TestBedImpl.createComponent (node_modules/@angular/core/fesm2022/testing.mjs:2058:41)
      at _TestBedImpl.createComponent (node_modules/@angular/core/fesm2022/testing.mjs:1844:37)
      at src/app/ui/pages/studio/toolbar-dialog/field-measuring/field-measuring.component.spec.ts:128:23

    console.error
      NG0304: 'p-tab' is not a known element (used in the 'FieldMeasuringComponent' component template):
      1. If 'p-tab' is an Angular component, then verify that it is included in the '@Component.imports' of this component.
      2. If 'p-tab' is a Web Component then add 'CUSTOM_ELEMENTS_SCHEMA' to the '@Component.schemas' of this component to suppress this message.

      at validateElementIsKnown (node_modules/@angular/core/fesm2022/core.mjs:11182:25)
      at ɵɵelementStart (node_modules/@angular/core/fesm2022/core.mjs:27876:9)
      at FieldMeasuringComponent_Template (ng:/FieldMeasuringComponent.js:154:44)
      at executeTemplate (node_modules/@angular/core/fesm2022/core.mjs:12389:9)
      at renderView (node_modules/@angular/core/fesm2022/core.mjs:12895:13)
      at renderComponent (node_modules/@angular/core/fesm2022/core.mjs:12840:5)
      at renderChildComponents (node_modules/@angular/core/fesm2022/core.mjs:12943:9)
      at renderView (node_modules/@angular/core/fesm2022/core.mjs:12923:13)
      at ComponentFactory2.create (node_modules/@angular/core/fesm2022/core.mjs:17959:17)
      at initComponent (node_modules/@angular/core/fesm2022/testing.mjs:2053:51)
      at _ZoneDelegate.invoke (node_modules/zone.js/bundles/zone.umd.js:410:32)
      at Object.onInvoke (node_modules/@angular/core/fesm2022/core.mjs:6579:33)
      at _ZoneDelegate.invoke (node_modules/zone.js/bundles/zone.umd.js:409:38)
      at ZoneImpl.run (node_modules/zone.js/bundles/zone.umd.js:145:47)
      at NgZone.run (node_modules/@angular/core/fesm2022/core.mjs:6425:28)
      at _TestBedImpl.createComponent (node_modules/@angular/core/fesm2022/testing.mjs:2058:41)
      at _TestBedImpl.createComponent (node_modules/@angular/core/fesm2022/testing.mjs:1844:37)
      at src/app/ui/pages/studio/toolbar-dialog/field-measuring/field-measuring.component.spec.ts:128:23

    console.error
      NG0304: 'p-tab' is not a known element (used in the 'FieldMeasuringComponent' component template):
      1. If 'p-tab' is an Angular component, then verify that it is included in the '@Component.imports' of this component.
      2. If 'p-tab' is a Web Component then add 'CUSTOM_ELEMENTS_SCHEMA' to the '@Component.schemas' of this component to suppress this message.

      at validateElementIsKnown (node_modules/@angular/core/fesm2022/core.mjs:11182:25)
      at ɵɵelementStart (node_modules/@angular/core/fesm2022/core.mjs:27876:9)
      at FieldMeasuringComponent_Template (ng:/FieldMeasuringComponent.js:157:9)
      at executeTemplate (node_modules/@angular/core/fesm2022/core.mjs:12389:9)
      at renderView (node_modules/@angular/core/fesm2022/core.mjs:12895:13)
      at renderComponent (node_modules/@angular/core/fesm2022/core.mjs:12840:5)
      at renderChildComponents (node_modules/@angular/core/fesm2022/core.mjs:12943:9)
      at renderView (node_modules/@angular/core/fesm2022/core.mjs:12923:13)
      at ComponentFactory2.create (node_modules/@angular/core/fesm2022/core.mjs:17959:17)
      at initComponent (node_modules/@angular/core/fesm2022/testing.mjs:2053:51)
      at _ZoneDelegate.invoke (node_modules/zone.js/bundles/zone.umd.js:410:32)
      at Object.onInvoke (node_modules/@angular/core/fesm2022/core.mjs:6579:33)
      at _ZoneDelegate.invoke (node_modules/zone.js/bundles/zone.umd.js:409:38)
      at ZoneImpl.run (node_modules/zone.js/bundles/zone.umd.js:145:47)
      at NgZone.run (node_modules/@angular/core/fesm2022/core.mjs:6425:28)
      at _TestBedImpl.createComponent (node_modules/@angular/core/fesm2022/testing.mjs:2058:41)
      at _TestBedImpl.createComponent (node_modules/@angular/core/fesm2022/testing.mjs:1844:37)
      at src/app/ui/pages/studio/toolbar-dialog/field-measuring/field-measuring.component.spec.ts:128:23

    console.error
      NG0304: 'p-tab' is not a known element (used in the 'FieldMeasuringComponent' component template):
      1. If 'p-tab' is an Angular component, then verify that it is included in the '@Component.imports' of this component.
      2. If 'p-tab' is a Web Component then add 'CUSTOM_ELEMENTS_SCHEMA' to the '@Component.schemas' of this component to suppress this message.

      at validateElementIsKnown (node_modules/@angular/core/fesm2022/core.mjs:11182:25)
      at ɵɵelementStart (node_modules/@angular/core/fesm2022/core.mjs:27876:9)
      at FieldMeasuringComponent_Template (ng:/FieldMeasuringComponent.js:160:9)
      at executeTemplate (node_modules/@angular/core/fesm2022/core.mjs:12389:9)
      at renderView (node_modules/@angular/core/fesm2022/core.mjs:12895:13)
      at renderComponent (node_modules/@angular/core/fesm2022/core.mjs:12840:5)
      at renderChildComponents (node_modules/@angular/core/fesm2022/core.mjs:12943:9)
      at renderView (node_modules/@angular/core/fesm2022/core.mjs:12923:13)
      at ComponentFactory2.create (node_modules/@angular/core/fesm2022/core.mjs:17959:17)
      at initComponent (node_modules/@angular/core/fesm2022/testing.mjs:2053:51)
      at _ZoneDelegate.invoke (node_modules/zone.js/bundles/zone.umd.js:410:32)
      at Object.onInvoke (node_modules/@angular/core/fesm2022/core.mjs:6579:33)
      at _ZoneDelegate.invoke (node_modules/zone.js/bundles/zone.umd.js:409:38)
      at ZoneImpl.run (node_modules/zone.js/bundles/zone.umd.js:145:47)
      at NgZone.run (node_modules/@angular/core/fesm2022/core.mjs:6425:28)
      at _TestBedImpl.createComponent (node_modules/@angular/core/fesm2022/testing.mjs:2058:41)
      at _TestBedImpl.createComponent (node_modules/@angular/core/fesm2022/testing.mjs:1844:37)
      at src/app/ui/pages/studio/toolbar-dialog/field-measuring/field-measuring.component.spec.ts:128:23

    console.error
      NG0304: 'p-tab' is not a known element (used in the 'FieldMeasuringComponent' component template):
      1. If 'p-tab' is an Angular component, then verify that it is included in the '@Component.imports' of this component.
      2. If 'p-tab' is a Web Component then add 'CUSTOM_ELEMENTS_SCHEMA' to the '@Component.schemas' of this component to suppress this message.

      at validateElementIsKnown (node_modules/@angular/core/fesm2022/core.mjs:11182:25)
      at ɵɵelementStart (node_modules/@angular/core/fesm2022/core.mjs:27876:9)
      at FieldMeasuringComponent_Template (ng:/FieldMeasuringComponent.js:163:9)
      at executeTemplate (node_modules/@angular/core/fesm2022/core.mjs:12389:9)
      at renderView (node_modules/@angular/core/fesm2022/core.mjs:12895:13)
      at renderComponent (node_modules/@angular/core/fesm2022/core.mjs:12840:5)
      at renderChildComponents (node_modules/@angular/core/fesm2022/core.mjs:12943:9)
      at renderView (node_modules/@angular/core/fesm2022/core.mjs:12923:13)
      at ComponentFactory2.create (node_modules/@angular/core/fesm2022/core.mjs:17959:17)
      at initComponent (node_modules/@angular/core/fesm2022/testing.mjs:2053:51)
      at _ZoneDelegate.invoke (node_modules/zone.js/bundles/zone.umd.js:410:32)
      at Object.onInvoke (node_modules/@angular/core/fesm2022/core.mjs:6579:33)
      at _ZoneDelegate.invoke (node_modules/zone.js/bundles/zone.umd.js:409:38)
      at ZoneImpl.run (node_modules/zone.js/bundles/zone.umd.js:145:47)
      at NgZone.run (node_modules/@angular/core/fesm2022/core.mjs:6425:28)
      at _TestBedImpl.createComponent (node_modules/@angular/core/fesm2022/testing.mjs:2058:41)
      at _TestBedImpl.createComponent (node_modules/@angular/core/fesm2022/testing.mjs:1844:37)
      at src/app/ui/pages/studio/toolbar-dialog/field-measuring/field-measuring.component.spec.ts:128:23

    console.error
      NG0304: 'p-tabpanel' is not a known element (used in the 'FieldMeasuringComponent' component template):
      1. If 'p-tabpanel' is an Angular component, then verify that it is included in the '@Component.imports' of this component.
      2. If 'p-tabpanel' is a Web Component then add 'CUSTOM_ELEMENTS_SCHEMA' to the '@Component.schemas' of this component to suppress this message.

      at validateElementIsKnown (node_modules/@angular/core/fesm2022/core.mjs:11182:25)
      at ɵɵelementStart (node_modules/@angular/core/fesm2022/core.mjs:27876:9)
      at FieldMeasuringComponent_Template (ng:/FieldMeasuringComponent.js:166:9)
      at executeTemplate (node_modules/@angular/core/fesm2022/core.mjs:12389:9)
      at renderView (node_modules/@angular/core/fesm2022/core.mjs:12895:13)
      at renderComponent (node_modules/@angular/core/fesm2022/core.mjs:12840:5)
      at renderChildComponents (node_modules/@angular/core/fesm2022/core.mjs:12943:9)
      at renderView (node_modules/@angular/core/fesm2022/core.mjs:12923:13)
      at ComponentFactory2.create (node_modules/@angular/core/fesm2022/core.mjs:17959:17)
      at initComponent (node_modules/@angular/core/fesm2022/testing.mjs:2053:51)
      at _ZoneDelegate.invoke (node_modules/zone.js/bundles/zone.umd.js:410:32)
      at Object.onInvoke (node_modules/@angular/core/fesm2022/core.mjs:6579:33)
      at _ZoneDelegate.invoke (node_modules/zone.js/bundles/zone.umd.js:409:38)
      at ZoneImpl.run (node_modules/zone.js/bundles/zone.umd.js:145:47)
      at NgZone.run (node_modules/@angular/core/fesm2022/core.mjs:6425:28)
      at _TestBedImpl.createComponent (node_modules/@angular/core/fesm2022/testing.mjs:2058:41)
      at _TestBedImpl.createComponent (node_modules/@angular/core/fesm2022/testing.mjs:1844:37)
      at src/app/ui/pages/studio/toolbar-dialog/field-measuring/field-measuring.component.spec.ts:128:23

    console.error
      NG0304: 'p-tabpanel' is not a known element (used in the 'FieldMeasuringComponent' component template):
      1. If 'p-tabpanel' is an Angular component, then verify that it is included in the '@Component.imports' of this component.
      2. If 'p-tabpanel' is a Web Component then add 'CUSTOM_ELEMENTS_SCHEMA' to the '@Component.schemas' of this component to suppress this message.

      at validateElementIsKnown (node_modules/@angular/core/fesm2022/core.mjs:11182:25)
      at ɵɵelementStart (node_modules/@angular/core/fesm2022/core.mjs:27876:9)
      at FieldMeasuringComponent_Template (ng:/FieldMeasuringComponent.js:172:9)
      at executeTemplate (node_modules/@angular/core/fesm2022/core.mjs:12389:9)
      at renderView (node_modules/@angular/core/fesm2022/core.mjs:12895:13)
      at renderComponent (node_modules/@angular/core/fesm2022/core.mjs:12840:5)
      at renderChildComponents (node_modules/@angular/core/fesm2022/core.mjs:12943:9)
      at renderView (node_modules/@angular/core/fesm2022/core.mjs:12923:13)
      at ComponentFactory2.create (node_modules/@angular/core/fesm2022/core.mjs:17959:17)
      at initComponent (node_modules/@angular/core/fesm2022/testing.mjs:2053:51)
      at _ZoneDelegate.invoke (node_modules/zone.js/bundles/zone.umd.js:410:32)
      at Object.onInvoke (node_modules/@angular/core/fesm2022/core.mjs:6579:33)
      at _ZoneDelegate.invoke (node_modules/zone.js/bundles/zone.umd.js:409:38)
      at ZoneImpl.run (node_modules/zone.js/bundles/zone.umd.js:145:47)
      at NgZone.run (node_modules/@angular/core/fesm2022/core.mjs:6425:28)
      at _TestBedImpl.createComponent (node_modules/@angular/core/fesm2022/testing.mjs:2058:41)
      at _TestBedImpl.createComponent (node_modules/@angular/core/fesm2022/testing.mjs:1844:37)
      at src/app/ui/pages/studio/toolbar-dialog/field-measuring/field-measuring.component.spec.ts:128:23

    console.error
      NG0304: 'p-tabpanel' is not a known element (used in the 'FieldMeasuringComponent' component template):
      1. If 'p-tabpanel' is an Angular component, then verify that it is included in the '@Component.imports' of this component.
      2. If 'p-tabpanel' is a Web Component then add 'CUSTOM_ELEMENTS_SCHEMA' to the '@Component.schemas' of this component to suppress this message.

      at validateElementIsKnown (node_modules/@angular/core/fesm2022/core.mjs:11182:25)
      at ɵɵelementStart (node_modules/@angular/core/fesm2022/core.mjs:27876:9)
      at FieldMeasuringComponent_Template (ng:/FieldMeasuringComponent.js:179:9)
      at executeTemplate (node_modules/@angular/core/fesm2022/core.mjs:12389:9)
      at renderView (node_modules/@angular/core/fesm2022/core.mjs:12895:13)
      at renderComponent (node_modules/@angular/core/fesm2022/core.mjs:12840:5)
      at renderChildComponents (node_modules/@angular/core/fesm2022/core.mjs:12943:9)
      at renderView (node_modules/@angular/core/fesm2022/core.mjs:12923:13)
      at ComponentFactory2.create (node_modules/@angular/core/fesm2022/core.mjs:17959:17)
      at initComponent (node_modules/@angular/core/fesm2022/testing.mjs:2053:51)
      at _ZoneDelegate.invoke (node_modules/zone.js/bundles/zone.umd.js:410:32)
      at Object.onInvoke (node_modules/@angular/core/fesm2022/core.mjs:6579:33)
      at _ZoneDelegate.invoke (node_modules/zone.js/bundles/zone.umd.js:409:38)
      at ZoneImpl.run (node_modules/zone.js/bundles/zone.umd.js:145:47)
      at NgZone.run (node_modules/@angular/core/fesm2022/core.mjs:6425:28)
      at _TestBedImpl.createComponent (node_modules/@angular/core/fesm2022/testing.mjs:2058:41)
      at _TestBedImpl.createComponent (node_modules/@angular/core/fesm2022/testing.mjs:1844:37)
      at src/app/ui/pages/studio/toolbar-dialog/field-measuring/field-measuring.component.spec.ts:128:23

    console.error
      NG0304: 'app-temperature-calculation' is not a known element (used in the 'FieldMeasuringComponent' component template):
      1. If 'app-temperature-calculation' is an Angular component, then verify that it is included in the '@Component.imports' of this component.
      2. If 'app-temperature-calculation' is a Web Component then add 'CUSTOM_ELEMENTS_SCHEMA' to the '@Component.schemas' of this component to suppress this message.

      at validateElementIsKnown (node_modules/@angular/core/fesm2022/core.mjs:11182:25)
      at ɵɵelementStart (node_modules/@angular/core/fesm2022/core.mjs:27876:9)
      at FieldMeasuringComponent_Template (ng:/FieldMeasuringComponent.js:179:49)
      at executeTemplate (node_modules/@angular/core/fesm2022/core.mjs:12389:9)
      at renderView (node_modules/@angular/core/fesm2022/core.mjs:12895:13)
      at renderComponent (node_modules/@angular/core/fesm2022/core.mjs:12840:5)
      at renderChildComponents (node_modules/@angular/core/fesm2022/core.mjs:12943:9)
      at renderView (node_modules/@angular/core/fesm2022/core.mjs:12923:13)
      at ComponentFactory2.create (node_modules/@angular/core/fesm2022/core.mjs:17959:17)
      at initComponent (node_modules/@angular/core/fesm2022/testing.mjs:2053:51)
      at _ZoneDelegate.invoke (node_modules/zone.js/bundles/zone.umd.js:410:32)
      at Object.onInvoke (node_modules/@angular/core/fesm2022/core.mjs:6579:33)
      at _ZoneDelegate.invoke (node_modules/zone.js/bundles/zone.umd.js:409:38)
      at ZoneImpl.run (node_modules/zone.js/bundles/zone.umd.js:145:47)
      at NgZone.run (node_modules/@angular/core/fesm2022/core.mjs:6425:28)
      at _TestBedImpl.createComponent (node_modules/@angular/core/fesm2022/testing.mjs:2058:41)
      at _TestBedImpl.createComponent (node_modules/@angular/core/fesm2022/testing.mjs:1844:37)
      at src/app/ui/pages/studio/toolbar-dialog/field-measuring/field-measuring.component.spec.ts:128:23

    console.error
      NG0304: 'p-tabpanel' is not a known element (used in the 'FieldMeasuringComponent' component template):
      1. If 'p-tabpanel' is an Angular component, then verify that it is included in the '@Component.imports' of this component.
      2. If 'p-tabpanel' is a Web Component then add 'CUSTOM_ELEMENTS_SCHEMA' to the '@Component.schemas' of this component to suppress this message.

      at validateElementIsKnown (node_modules/@angular/core/fesm2022/core.mjs:11182:25)
      at ɵɵelementStart (node_modules/@angular/core/fesm2022/core.mjs:27876:9)
      at FieldMeasuringComponent_Template (ng:/FieldMeasuringComponent.js:187:9)
      at executeTemplate (node_modules/@angular/core/fesm2022/core.mjs:12389:9)
      at renderView (node_modules/@angular/core/fesm2022/core.mjs:12895:13)
      at renderComponent (node_modules/@angular/core/fesm2022/core.mjs:12840:5)
      at renderChildComponents (node_modules/@angular/core/fesm2022/core.mjs:12943:9)
      at renderView (node_modules/@angular/core/fesm2022/core.mjs:12923:13)
      at ComponentFactory2.create (node_modules/@angular/core/fesm2022/core.mjs:17959:17)
      at initComponent (node_modules/@angular/core/fesm2022/testing.mjs:2053:51)
      at _ZoneDelegate.invoke (node_modules/zone.js/bundles/zone.umd.js:410:32)
      at Object.onInvoke (node_modules/@angular/core/fesm2022/core.mjs:6579:33)
      at _ZoneDelegate.invoke (node_modules/zone.js/bundles/zone.umd.js:409:38)
      at ZoneImpl.run (node_modules/zone.js/bundles/zone.umd.js:145:47)
      at NgZone.run (node_modules/@angular/core/fesm2022/core.mjs:6425:28)
      at _TestBedImpl.createComponent (node_modules/@angular/core/fesm2022/testing.mjs:2058:41)
      at _TestBedImpl.createComponent (node_modules/@angular/core/fesm2022/testing.mjs:1844:37)
      at src/app/ui/pages/studio/toolbar-dialog/field-measuring/field-measuring.component.spec.ts:128:23

    console.error
      NG0304: 'app-parameter-at-15c-without-wind' is not a known element (used in the 'FieldMeasuringComponent' component template):
      1. If 'app-parameter-at-15c-without-wind' is an Angular component, then verify that it is included in the '@Component.imports' of this component.
      2. If 'app-parameter-at-15c-without-wind' is a Web Component then add 'CUSTOM_ELEMENTS_SCHEMA' to the '@Component.schemas' of this component to suppress this message.

      at validateElementIsKnown (node_modules/@angular/core/fesm2022/core.mjs:11182:25)
      at ɵɵelementStart (node_modules/@angular/core/fesm2022/core.mjs:27876:9)
      at FieldMeasuringComponent_Template (ng:/FieldMeasuringComponent.js:187:49)
      at executeTemplate (node_modules/@angular/core/fesm2022/core.mjs:12389:9)
      at renderView (node_modules/@angular/core/fesm2022/core.mjs:12895:13)
      at renderComponent (node_modules/@angular/core/fesm2022/core.mjs:12840:5)
      at renderChildComponents (node_modules/@angular/core/fesm2022/core.mjs:12943:9)
      at renderView (node_modules/@angular/core/fesm2022/core.mjs:12923:13)
      at ComponentFactory2.create (node_modules/@angular/core/fesm2022/core.mjs:17959:17)
      at initComponent (node_modules/@angular/core/fesm2022/testing.mjs:2053:51)
      at _ZoneDelegate.invoke (node_modules/zone.js/bundles/zone.umd.js:410:32)
      at Object.onInvoke (node_modules/@angular/core/fesm2022/core.mjs:6579:33)
      at _ZoneDelegate.invoke (node_modules/zone.js/bundles/zone.umd.js:409:38)
      at ZoneImpl.run (node_modules/zone.js/bundles/zone.umd.js:145:47)
      at NgZone.run (node_modules/@angular/core/fesm2022/core.mjs:6425:28)
      at _TestBedImpl.createComponent (node_modules/@angular/core/fesm2022/testing.mjs:2058:41)
      at _TestBedImpl.createComponent (node_modules/@angular/core/fesm2022/testing.mjs:1844:37)
      at src/app/ui/pages/studio/toolbar-dialog/field-measuring/field-measuring.component.spec.ts:128:23

    console.error
      NG0304: 'p-tabs' is not a known element (used in the 'FieldMeasuringComponent' component template):
      1. If 'p-tabs' is an Angular component, then verify that it is included in the '@Component.imports' of this component.
      2. If 'p-tabs' is a Web Component then add 'CUSTOM_ELEMENTS_SCHEMA' to the '@Component.schemas' of this component to suppress this message.

      at validateElementIsKnown (node_modules/@angular/core/fesm2022/core.mjs:11182:25)
      at ɵɵelementStart (node_modules/@angular/core/fesm2022/core.mjs:27876:9)
      at FieldMeasuringComponent_Template (ng:/FieldMeasuringComponent.js:148:9)
      at executeTemplate (node_modules/@angular/core/fesm2022/core.mjs:12389:9)
      at renderView (node_modules/@angular/core/fesm2022/core.mjs:12895:13)
      at renderComponent (node_modules/@angular/core/fesm2022/core.mjs:12840:5)
      at renderChildComponents (node_modules/@angular/core/fesm2022/core.mjs:12943:9)
      at renderView (node_modules/@angular/core/fesm2022/core.mjs:12923:13)
      at ComponentFactory2.create (node_modules/@angular/core/fesm2022/core.mjs:17959:17)
      at initComponent (node_modules/@angular/core/fesm2022/testing.mjs:2053:51)
      at _ZoneDelegate.invoke (node_modules/zone.js/bundles/zone.umd.js:410:32)
      at Object.onInvoke (node_modules/@angular/core/fesm2022/core.mjs:6579:33)
      at _ZoneDelegate.invoke (node_modules/zone.js/bundles/zone.umd.js:409:38)
      at ZoneImpl.run (node_modules/zone.js/bundles/zone.umd.js:145:47)
      at NgZone.run (node_modules/@angular/core/fesm2022/core.mjs:6425:28)
      at _TestBedImpl.createComponent (node_modules/@angular/core/fesm2022/testing.mjs:2058:41)
      at _TestBedImpl.createComponent (node_modules/@angular/core/fesm2022/testing.mjs:1844:37)
      at src/app/ui/pages/studio/toolbar-dialog/field-measuring/field-measuring.component.spec.ts:128:23

    console.error
      NG0304: 'p-tablist' is not a known element (used in the 'FieldMeasuringComponent' component template):
      1. If 'p-tablist' is an Angular component, then verify that it is included in the '@Component.imports' of this component.
      2. If 'p-tablist' is a Web Component then add 'CUSTOM_ELEMENTS_SCHEMA' to the '@Component.schemas' of this component to suppress this message.

      at validateElementIsKnown (node_modules/@angular/core/fesm2022/core.mjs:11182:25)
      at ɵɵelementStart (node_modules/@angular/core/fesm2022/core.mjs:27876:9)
      at FieldMeasuringComponent_Template (ng:/FieldMeasuringComponent.js:154:9)
      at executeTemplate (node_modules/@angular/core/fesm2022/core.mjs:12389:9)
      at renderView (node_modules/@angular/core/fesm2022/core.mjs:12895:13)
      at renderComponent (node_modules/@angular/core/fesm2022/core.mjs:12840:5)
      at renderChildComponents (node_modules/@angular/core/fesm2022/core.mjs:12943:9)
      at renderView (node_modules/@angular/core/fesm2022/core.mjs:12923:13)
      at ComponentFactory2.create (node_modules/@angular/core/fesm2022/core.mjs:17959:17)
      at initComponent (node_modules/@angular/core/fesm2022/testing.mjs:2053:51)
      at _ZoneDelegate.invoke (node_modules/zone.js/bundles/zone.umd.js:410:32)
      at Object.onInvoke (node_modules/@angular/core/fesm2022/core.mjs:6579:33)
      at _ZoneDelegate.invoke (node_modules/zone.js/bundles/zone.umd.js:409:38)
      at ZoneImpl.run (node_modules/zone.js/bundles/zone.umd.js:145:47)
      at NgZone.run (node_modules/@angular/core/fesm2022/core.mjs:6425:28)
      at _TestBedImpl.createComponent (node_modules/@angular/core/fesm2022/testing.mjs:2058:41)
      at _TestBedImpl.createComponent (node_modules/@angular/core/fesm2022/testing.mjs:1844:37)
      at src/app/ui/pages/studio/toolbar-dialog/field-measuring/field-measuring.component.spec.ts:128:23

    console.error
      NG0304: 'p-tab' is not a known element (used in the 'FieldMeasuringComponent' component template):
      1. If 'p-tab' is an Angular component, then verify that it is included in the '@Component.imports' of this component.
      2. If 'p-tab' is a Web Component then add 'CUSTOM_ELEMENTS_SCHEMA' to the '@Component.schemas' of this component to suppress this message.

      at validateElementIsKnown (node_modules/@angular/core/fesm2022/core.mjs:11182:25)
      at ɵɵelementStart (node_modules/@angular/core/fesm2022/core.mjs:27876:9)
      at FieldMeasuringComponent_Template (ng:/FieldMeasuringComponent.js:154:44)
      at executeTemplate (node_modules/@angular/core/fesm2022/core.mjs:12389:9)
      at renderView (node_modules/@angular/core/fesm2022/core.mjs:12895:13)
      at renderComponent (node_modules/@angular/core/fesm2022/core.mjs:12840:5)
      at renderChildComponents (node_modules/@angular/core/fesm2022/core.mjs:12943:9)
      at renderView (node_modules/@angular/core/fesm2022/core.mjs:12923:13)
      at ComponentFactory2.create (node_modules/@angular/core/fesm2022/core.mjs:17959:17)
      at initComponent (node_modules/@angular/core/fesm2022/testing.mjs:2053:51)
      at _ZoneDelegate.invoke (node_modules/zone.js/bundles/zone.umd.js:410:32)
      at Object.onInvoke (node_modules/@angular/core/fesm2022/core.mjs:6579:33)
      at _ZoneDelegate.invoke (node_modules/zone.js/bundles/zone.umd.js:409:38)
      at ZoneImpl.run (node_modules/zone.js/bundles/zone.umd.js:145:47)
      at NgZone.run (node_modules/@angular/core/fesm2022/core.mjs:6425:28)
      at _TestBedImpl.createComponent (node_modules/@angular/core/fesm2022/testing.mjs:2058:41)
      at _TestBedImpl.createComponent (node_modules/@angular/core/fesm2022/testing.mjs:1844:37)
      at src/app/ui/pages/studio/toolbar-dialog/field-measuring/field-measuring.component.spec.ts:128:23

    console.error
      NG0304: 'p-tab' is not a known element (used in the 'FieldMeasuringComponent' component template):
      1. If 'p-tab' is an Angular component, then verify that it is included in the '@Component.imports' of this component.
      2. If 'p-tab' is a Web Component then add 'CUSTOM_ELEMENTS_SCHEMA' to the '@Component.schemas' of this component to suppress this message.

      at validateElementIsKnown (node_modules/@angular/core/fesm2022/core.mjs:11182:25)
      at ɵɵelementStart (node_modules/@angular/core/fesm2022/core.mjs:27876:9)
      at FieldMeasuringComponent_Template (ng:/FieldMeasuringComponent.js:157:9)
      at executeTemplate (node_modules/@angular/core/fesm2022/core.mjs:12389:9)
      at renderView (node_modules/@angular/core/fesm2022/core.mjs:12895:13)
      at renderComponent (node_modules/@angular/core/fesm2022/core.mjs:12840:5)
      at renderChildComponents (node_modules/@angular/core/fesm2022/core.mjs:12943:9)
      at renderView (node_modules/@angular/core/fesm2022/core.mjs:12923:13)
      at ComponentFactory2.create (node_modules/@angular/core/fesm2022/core.mjs:17959:17)
      at initComponent (node_modules/@angular/core/fesm2022/testing.mjs:2053:51)
      at _ZoneDelegate.invoke (node_modules/zone.js/bundles/zone.umd.js:410:32)
      at Object.onInvoke (node_modules/@angular/core/fesm2022/core.mjs:6579:33)
      at _ZoneDelegate.invoke (node_modules/zone.js/bundles/zone.umd.js:409:38)
      at ZoneImpl.run (node_modules/zone.js/bundles/zone.umd.js:145:47)
      at NgZone.run (node_modules/@angular/core/fesm2022/core.mjs:6425:28)
      at _TestBedImpl.createComponent (node_modules/@angular/core/fesm2022/testing.mjs:2058:41)
      at _TestBedImpl.createComponent (node_modules/@angular/core/fesm2022/testing.mjs:1844:37)
      at src/app/ui/pages/studio/toolbar-dialog/field-measuring/field-measuring.component.spec.ts:128:23

    console.error
      NG0304: 'p-tab' is not a known element (used in the 'FieldMeasuringComponent' component template):
      1. If 'p-tab' is an Angular component, then verify that it is included in the '@Component.imports' of this component.
      2. If 'p-tab' is a Web Component then add 'CUSTOM_ELEMENTS_SCHEMA' to the '@Component.schemas' of this component to suppress this message.

      at validateElementIsKnown (node_modules/@angular/core/fesm2022/core.mjs:11182:25)
      at ɵɵelementStart (node_modules/@angular/core/fesm2022/core.mjs:27876:9)
      at FieldMeasuringComponent_Template (ng:/FieldMeasuringComponent.js:160:9)
      at executeTemplate (node_modules/@angular/core/fesm2022/core.mjs:12389:9)
      at renderView (node_modules/@angular/core/fesm2022/core.mjs:12895:13)
      at renderComponent (node_modules/@angular/core/fesm2022/core.mjs:12840:5)
      at renderChildComponents (node_modules/@angular/core/fesm2022/core.mjs:12943:9)
      at renderView (node_modules/@angular/core/fesm2022/core.mjs:12923:13)
      at ComponentFactory2.create (node_modules/@angular/core/fesm2022/core.mjs:17959:17)
      at initComponent (node_modules/@angular/core/fesm2022/testing.mjs:2053:51)
      at _ZoneDelegate.invoke (node_modules/zone.js/bundles/zone.umd.js:410:32)
      at Object.onInvoke (node_modules/@angular/core/fesm2022/core.mjs:6579:33)
      at _ZoneDelegate.invoke (node_modules/zone.js/bundles/zone.umd.js:409:38)
      at ZoneImpl.run (node_modules/zone.js/bundles/zone.umd.js:145:47)
      at NgZone.run (node_modules/@angular/core/fesm2022/core.mjs:6425:28)
      at _TestBedImpl.createComponent (node_modules/@angular/core/fesm2022/testing.mjs:2058:41)
      at _TestBedImpl.createComponent (node_modules/@angular/core/fesm2022/testing.mjs:1844:37)
      at src/app/ui/pages/studio/toolbar-dialog/field-measuring/field-measuring.component.spec.ts:128:23

    console.error
      NG0304: 'p-tab' is not a known element (used in the 'FieldMeasuringComponent' component template):
      1. If 'p-tab' is an Angular component, then verify that it is included in the '@Component.imports' of this component.
      2. If 'p-tab' is a Web Component then add 'CUSTOM_ELEMENTS_SCHEMA' to the '@Component.schemas' of this component to suppress this message.

      at validateElementIsKnown (node_modules/@angular/core/fesm2022/core.mjs:11182:25)
      at ɵɵelementStart (node_modules/@angular/core/fesm2022/core.mjs:27876:9)
      at FieldMeasuringComponent_Template (ng:/FieldMeasuringComponent.js:163:9)
      at executeTemplate (node_modules/@angular/core/fesm2022/core.mjs:12389:9)
      at renderView (node_modules/@angular/core/fesm2022/core.mjs:12895:13)
      at renderComponent (node_modules/@angular/core/fesm2022/core.mjs:12840:5)
      at renderChildComponents (node_modules/@angular/core/fesm2022/core.mjs:12943:9)
      at renderView (node_modules/@angular/core/fesm2022/core.mjs:12923:13)
      at ComponentFactory2.create (node_modules/@angular/core/fesm2022/core.mjs:17959:17)
      at initComponent (node_modules/@angular/core/fesm2022/testing.mjs:2053:51)
      at _ZoneDelegate.invoke (node_modules/zone.js/bundles/zone.umd.js:410:32)
      at Object.onInvoke (node_modules/@angular/core/fesm2022/core.mjs:6579:33)
      at _ZoneDelegate.invoke (node_modules/zone.js/bundles/zone.umd.js:409:38)
      at ZoneImpl.run (node_modules/zone.js/bundles/zone.umd.js:145:47)
      at NgZone.run (node_modules/@angular/core/fesm2022/core.mjs:6425:28)
      at _TestBedImpl.createComponent (node_modules/@angular/core/fesm2022/testing.mjs:2058:41)
      at _TestBedImpl.createComponent (node_modules/@angular/core/fesm2022/testing.mjs:1844:37)
      at src/app/ui/pages/studio/toolbar-dialog/field-measuring/field-measuring.component.spec.ts:128:23

    console.error
      NG0304: 'p-tabpanel' is not a known element (used in the 'FieldMeasuringComponent' component template):
      1. If 'p-tabpanel' is an Angular component, then verify that it is included in the '@Component.imports' of this component.
      2. If 'p-tabpanel' is a Web Component then add 'CUSTOM_ELEMENTS_SCHEMA' to the '@Component.schemas' of this component to suppress this message.

      at validateElementIsKnown (node_modules/@angular/core/fesm2022/core.mjs:11182:25)
      at ɵɵelementStart (node_modules/@angular/core/fesm2022/core.mjs:27876:9)
      at FieldMeasuringComponent_Template (ng:/FieldMeasuringComponent.js:166:9)
      at executeTemplate (node_modules/@angular/core/fesm2022/core.mjs:12389:9)
      at renderView (node_modules/@angular/core/fesm2022/core.mjs:12895:13)
      at renderComponent (node_modules/@angular/core/fesm2022/core.mjs:12840:5)
      at renderChildComponents (node_modules/@angular/core/fesm2022/core.mjs:12943:9)
      at renderView (node_modules/@angular/core/fesm2022/core.mjs:12923:13)
      at ComponentFactory2.create (node_modules/@angular/core/fesm2022/core.mjs:17959:17)
      at initComponent (node_modules/@angular/core/fesm2022/testing.mjs:2053:51)
      at _ZoneDelegate.invoke (node_modules/zone.js/bundles/zone.umd.js:410:32)
      at Object.onInvoke (node_modules/@angular/core/fesm2022/core.mjs:6579:33)
      at _ZoneDelegate.invoke (node_modules/zone.js/bundles/zone.umd.js:409:38)
      at ZoneImpl.run (node_modules/zone.js/bundles/zone.umd.js:145:47)
      at NgZone.run (node_modules/@angular/core/fesm2022/core.mjs:6425:28)
      at _TestBedImpl.createComponent (node_modules/@angular/core/fesm2022/testing.mjs:2058:41)
      at _TestBedImpl.createComponent (node_modules/@angular/core/fesm2022/testing.mjs:1844:37)
      at src/app/ui/pages/studio/toolbar-dialog/field-measuring/field-measuring.component.spec.ts:128:23

    console.error
      NG0304: 'p-tabpanel' is not a known element (used in the 'FieldMeasuringComponent' component template):
      1. If 'p-tabpanel' is an Angular component, then verify that it is included in the '@Component.imports' of this component.
      2. If 'p-tabpanel' is a Web Component then add 'CUSTOM_ELEMENTS_SCHEMA' to the '@Component.schemas' of this component to suppress this message.

      at validateElementIsKnown (node_modules/@angular/core/fesm2022/core.mjs:11182:25)
      at ɵɵelementStart (node_modules/@angular/core/fesm2022/core.mjs:27876:9)
      at FieldMeasuringComponent_Template (ng:/FieldMeasuringComponent.js:172:9)
      at executeTemplate (node_modules/@angular/core/fesm2022/core.mjs:12389:9)
      at renderView (node_modules/@angular/core/fesm2022/core.mjs:12895:13)
      at renderComponent (node_modules/@angular/core/fesm2022/core.mjs:12840:5)
      at renderChildComponents (node_modules/@angular/core/fesm2022/core.mjs:12943:9)
      at renderView (node_modules/@angular/core/fesm2022/core.mjs:12923:13)
      at ComponentFactory2.create (node_modules/@angular/core/fesm2022/core.mjs:17959:17)
      at initComponent (node_modules/@angular/core/fesm2022/testing.mjs:2053:51)
      at _ZoneDelegate.invoke (node_modules/zone.js/bundles/zone.umd.js:410:32)
      at Object.onInvoke (node_modules/@angular/core/fesm2022/core.mjs:6579:33)
      at _ZoneDelegate.invoke (node_modules/zone.js/bundles/zone.umd.js:409:38)
      at ZoneImpl.run (node_modules/zone.js/bundles/zone.umd.js:145:47)
      at NgZone.run (node_modules/@angular/core/fesm2022/core.mjs:6425:28)
      at _TestBedImpl.createComponent (node_modules/@angular/core/fesm2022/testing.mjs:2058:41)
      at _TestBedImpl.createComponent (node_modules/@angular/core/fesm2022/testing.mjs:1844:37)
      at src/app/ui/pages/studio/toolbar-dialog/field-measuring/field-measuring.component.spec.ts:128:23

    console.error
      NG0304: 'p-tabpanel' is not a known element (used in the 'FieldMeasuringComponent' component template):
      1. If 'p-tabpanel' is an Angular component, then verify that it is included in the '@Component.imports' of this component.
      2. If 'p-tabpanel' is a Web Component then add 'CUSTOM_ELEMENTS_SCHEMA' to the '@Component.schemas' of this component to suppress this message.

      at validateElementIsKnown (node_modules/@angular/core/fesm2022/core.mjs:11182:25)
      at ɵɵelementStart (node_modules/@angular/core/fesm2022/core.mjs:27876:9)
      at FieldMeasuringComponent_Template (ng:/FieldMeasuringComponent.js:179:9)
      at executeTemplate (node_modules/@angular/core/fesm2022/core.mjs:12389:9)
      at renderView (node_modules/@angular/core/fesm2022/core.mjs:12895:13)
      at renderComponent (node_modules/@angular/core/fesm2022/core.mjs:12840:5)
      at renderChildComponents (node_modules/@angular/core/fesm2022/core.mjs:12943:9)
      at renderView (node_modules/@angular/core/fesm2022/core.mjs:12923:13)
      at ComponentFactory2.create (node_modules/@angular/core/fesm2022/core.mjs:17959:17)
      at initComponent (node_modules/@angular/core/fesm2022/testing.mjs:2053:51)
      at _ZoneDelegate.invoke (node_modules/zone.js/bundles/zone.umd.js:410:32)
      at Object.onInvoke (node_modules/@angular/core/fesm2022/core.mjs:6579:33)
      at _ZoneDelegate.invoke (node_modules/zone.js/bundles/zone.umd.js:409:38)
      at ZoneImpl.run (node_modules/zone.js/bundles/zone.umd.js:145:47)
      at NgZone.run (node_modules/@angular/core/fesm2022/core.mjs:6425:28)
      at _TestBedImpl.createComponent (node_modules/@angular/core/fesm2022/testing.mjs:2058:41)
      at _TestBedImpl.createComponent (node_modules/@angular/core/fesm2022/testing.mjs:1844:37)
      at src/app/ui/pages/studio/toolbar-dialog/field-measuring/field-measuring.component.spec.ts:128:23

    console.error
      NG0304: 'app-temperature-calculation' is not a known element (used in the 'FieldMeasuringComponent' component template):
      1. If 'app-temperature-calculation' is an Angular component, then verify that it is included in the '@Component.imports' of this component.
      2. If 'app-temperature-calculation' is a Web Component then add 'CUSTOM_ELEMENTS_SCHEMA' to the '@Component.schemas' of this component to suppress this message.

      at validateElementIsKnown (node_modules/@angular/core/fesm2022/core.mjs:11182:25)
      at ɵɵelementStart (node_modules/@angular/core/fesm2022/core.mjs:27876:9)
      at FieldMeasuringComponent_Template (ng:/FieldMeasuringComponent.js:179:49)
      at executeTemplate (node_modules/@angular/core/fesm2022/core.mjs:12389:9)
      at renderView (node_modules/@angular/core/fesm2022/core.mjs:12895:13)
      at renderComponent (node_modules/@angular/core/fesm2022/core.mjs:12840:5)
      at renderChildComponents (node_modules/@angular/core/fesm2022/core.mjs:12943:9)
      at renderView (node_modules/@angular/core/fesm2022/core.mjs:12923:13)
      at ComponentFactory2.create (node_modules/@angular/core/fesm2022/core.mjs:17959:17)
      at initComponent (node_modules/@angular/core/fesm2022/testing.mjs:2053:51)
      at _ZoneDelegate.invoke (node_modules/zone.js/bundles/zone.umd.js:410:32)
      at Object.onInvoke (node_modules/@angular/core/fesm2022/core.mjs:6579:33)
      at _ZoneDelegate.invoke (node_modules/zone.js/bundles/zone.umd.js:409:38)
      at ZoneImpl.run (node_modules/zone.js/bundles/zone.umd.js:145:47)
      at NgZone.run (node_modules/@angular/core/fesm2022/core.mjs:6425:28)
      at _TestBedImpl.createComponent (node_modules/@angular/core/fesm2022/testing.mjs:2058:41)
      at _TestBedImpl.createComponent (node_modules/@angular/core/fesm2022/testing.mjs:1844:37)
      at src/app/ui/pages/studio/toolbar-dialog/field-measuring/field-measuring.component.spec.ts:128:23

    console.error
      NG0304: 'p-tabpanel' is not a known element (used in the 'FieldMeasuringComponent' component template):
      1. If 'p-tabpanel' is an Angular component, then verify that it is included in the '@Component.imports' of this component.
      2. If 'p-tabpanel' is a Web Component then add 'CUSTOM_ELEMENTS_SCHEMA' to the '@Component.schemas' of this component to suppress this message.

      at validateElementIsKnown (node_modules/@angular/core/fesm2022/core.mjs:11182:25)
      at ɵɵelementStart (node_modules/@angular/core/fesm2022/core.mjs:27876:9)
      at FieldMeasuringComponent_Template (ng:/FieldMeasuringComponent.js:187:9)
      at executeTemplate (node_modules/@angular/core/fesm2022/core.mjs:12389:9)
      at renderView (node_modules/@angular/core/fesm2022/core.mjs:12895:13)
      at renderComponent (node_modules/@angular/core/fesm2022/core.mjs:12840:5)
      at renderChildComponents (node_modules/@angular/core/fesm2022/core.mjs:12943:9)
      at renderView (node_modules/@angular/core/fesm2022/core.mjs:12923:13)
      at ComponentFactory2.create (node_modules/@angular/core/fesm2022/core.mjs:17959:17)
      at initComponent (node_modules/@angular/core/fesm2022/testing.mjs:2053:51)
      at _ZoneDelegate.invoke (node_modules/zone.js/bundles/zone.umd.js:410:32)
      at Object.onInvoke (node_modules/@angular/core/fesm2022/core.mjs:6579:33)
      at _ZoneDelegate.invoke (node_modules/zone.js/bundles/zone.umd.js:409:38)
      at ZoneImpl.run (node_modules/zone.js/bundles/zone.umd.js:145:47)
      at NgZone.run (node_modules/@angular/core/fesm2022/core.mjs:6425:28)
      at _TestBedImpl.createComponent (node_modules/@angular/core/fesm2022/testing.mjs:2058:41)
      at _TestBedImpl.createComponent (node_modules/@angular/core/fesm2022/testing.mjs:1844:37)
      at src/app/ui/pages/studio/toolbar-dialog/field-measuring/field-measuring.component.spec.ts:128:23

    console.error
      NG0304: 'app-parameter-at-15c-without-wind' is not a known element (used in the 'FieldMeasuringComponent' component template):
      1. If 'app-parameter-at-15c-without-wind' is an Angular component, then verify that it is included in the '@Component.imports' of this component.
      2. If 'app-parameter-at-15c-without-wind' is a Web Component then add 'CUSTOM_ELEMENTS_SCHEMA' to the '@Component.schemas' of this component to suppress this message.

      at validateElementIsKnown (node_modules/@angular/core/fesm2022/core.mjs:11182:25)
      at ɵɵelementStart (node_modules/@angular/core/fesm2022/core.mjs:27876:9)
      at FieldMeasuringComponent_Template (ng:/FieldMeasuringComponent.js:187:49)
      at executeTemplate (node_modules/@angular/core/fesm2022/core.mjs:12389:9)
      at renderView (node_modules/@angular/core/fesm2022/core.mjs:12895:13)
      at renderComponent (node_modules/@angular/core/fesm2022/core.mjs:12840:5)
      at renderChildComponents (node_modules/@angular/core/fesm2022/core.mjs:12943:9)
      at renderView (node_modules/@angular/core/fesm2022/core.mjs:12923:13)
      at ComponentFactory2.create (node_modules/@angular/core/fesm2022/core.mjs:17959:17)
      at initComponent (node_modules/@angular/core/fesm2022/testing.mjs:2053:51)
      at _ZoneDelegate.invoke (node_modules/zone.js/bundles/zone.umd.js:410:32)
      at Object.onInvoke (node_modules/@angular/core/fesm2022/core.mjs:6579:33)
      at _ZoneDelegate.invoke (node_modules/zone.js/bundles/zone.umd.js:409:38)
      at ZoneImpl.run (node_modules/zone.js/bundles/zone.umd.js:145:47)
      at NgZone.run (node_modules/@angular/core/fesm2022/core.mjs:6425:28)
      at _TestBedImpl.createComponent (node_modules/@angular/core/fesm2022/testing.mjs:2058:41)
      at _TestBedImpl.createComponent (node_modules/@angular/core/fesm2022/testing.mjs:1844:37)
      at src/app/ui/pages/studio/toolbar-dialog/field-measuring/field-measuring.component.spec.ts:128:23

    console.error
      NG0304: 'p-tabs' is not a known element (used in the 'FieldMeasuringComponent' component template):
      1. If 'p-tabs' is an Angular component, then verify that it is included in the '@Component.imports' of this component.
      2. If 'p-tabs' is a Web Component then add 'CUSTOM_ELEMENTS_SCHEMA' to the '@Component.schemas' of this component to suppress this message.

      at validateElementIsKnown (node_modules/@angular/core/fesm2022/core.mjs:11182:25)
      at ɵɵelementStart (node_modules/@angular/core/fesm2022/core.mjs:27876:9)
      at FieldMeasuringComponent_Template (ng:/FieldMeasuringComponent.js:148:9)
      at executeTemplate (node_modules/@angular/core/fesm2022/core.mjs:12389:9)
      at renderView (node_modules/@angular/core/fesm2022/core.mjs:12895:13)
      at renderComponent (node_modules/@angular/core/fesm2022/core.mjs:12840:5)
      at renderChildComponents (node_modules/@angular/core/fesm2022/core.mjs:12943:9)
      at renderView (node_modules/@angular/core/fesm2022/core.mjs:12923:13)
      at ComponentFactory2.create (node_modules/@angular/core/fesm2022/core.mjs:17959:17)
      at initComponent (node_modules/@angular/core/fesm2022/testing.mjs:2053:51)
      at _ZoneDelegate.invoke (node_modules/zone.js/bundles/zone.umd.js:410:32)
      at Object.onInvoke (node_modules/@angular/core/fesm2022/core.mjs:6579:33)
      at _ZoneDelegate.invoke (node_modules/zone.js/bundles/zone.umd.js:409:38)
      at ZoneImpl.run (node_modules/zone.js/bundles/zone.umd.js:145:47)
      at NgZone.run (node_modules/@angular/core/fesm2022/core.mjs:6425:28)
      at _TestBedImpl.createComponent (node_modules/@angular/core/fesm2022/testing.mjs:2058:41)
      at _TestBedImpl.createComponent (node_modules/@angular/core/fesm2022/testing.mjs:1844:37)
      at src/app/ui/pages/studio/toolbar-dialog/field-measuring/field-measuring.component.spec.ts:128:23

    console.error
      NG0304: 'p-tablist' is not a known element (used in the 'FieldMeasuringComponent' component template):
      1. If 'p-tablist' is an Angular component, then verify that it is included in the '@Component.imports' of this component.
      2. If 'p-tablist' is a Web Component then add 'CUSTOM_ELEMENTS_SCHEMA' to the '@Component.schemas' of this component to suppress this message.

      at validateElementIsKnown (node_modules/@angular/core/fesm2022/core.mjs:11182:25)
      at ɵɵelementStart (node_modules/@angular/core/fesm2022/core.mjs:27876:9)
      at FieldMeasuringComponent_Template (ng:/FieldMeasuringComponent.js:154:9)
      at executeTemplate (node_modules/@angular/core/fesm2022/core.mjs:12389:9)
      at renderView (node_modules/@angular/core/fesm2022/core.mjs:12895:13)
      at renderComponent (node_modules/@angular/core/fesm2022/core.mjs:12840:5)
      at renderChildComponents (node_modules/@angular/core/fesm2022/core.mjs:12943:9)
      at renderView (node_modules/@angular/core/fesm2022/core.mjs:12923:13)
      at ComponentFactory2.create (node_modules/@angular/core/fesm2022/core.mjs:17959:17)
      at initComponent (node_modules/@angular/core/fesm2022/testing.mjs:2053:51)
      at _ZoneDelegate.invoke (node_modules/zone.js/bundles/zone.umd.js:410:32)
      at Object.onInvoke (node_modules/@angular/core/fesm2022/core.mjs:6579:33)
      at _ZoneDelegate.invoke (node_modules/zone.js/bundles/zone.umd.js:409:38)
      at ZoneImpl.run (node_modules/zone.js/bundles/zone.umd.js:145:47)
      at NgZone.run (node_modules/@angular/core/fesm2022/core.mjs:6425:28)
      at _TestBedImpl.createComponent (node_modules/@angular/core/fesm2022/testing.mjs:2058:41)
      at _TestBedImpl.createComponent (node_modules/@angular/core/fesm2022/testing.mjs:1844:37)
      at src/app/ui/pages/studio/toolbar-dialog/field-measuring/field-measuring.component.spec.ts:128:23

    console.error
      NG0304: 'p-tab' is not a known element (used in the 'FieldMeasuringComponent' component template):
      1. If 'p-tab' is an Angular component, then verify that it is included in the '@Component.imports' of this component.
      2. If 'p-tab' is a Web Component then add 'CUSTOM_ELEMENTS_SCHEMA' to the '@Component.schemas' of this component to suppress this message.

      at validateElementIsKnown (node_modules/@angular/core/fesm2022/core.mjs:11182:25)
      at ɵɵelementStart (node_modules/@angular/core/fesm2022/core.mjs:27876:9)
      at FieldMeasuringComponent_Template (ng:/FieldMeasuringComponent.js:154:44)
      at executeTemplate (node_modules/@angular/core/fesm2022/core.mjs:12389:9)
      at renderView (node_modules/@angular/core/fesm2022/core.mjs:12895:13)
      at renderComponent (node_modules/@angular/core/fesm2022/core.mjs:12840:5)
      at renderChildComponents (node_modules/@angular/core/fesm2022/core.mjs:12943:9)
      at renderView (node_modules/@angular/core/fesm2022/core.mjs:12923:13)
      at ComponentFactory2.create (node_modules/@angular/core/fesm2022/core.mjs:17959:17)
      at initComponent (node_modules/@angular/core/fesm2022/testing.mjs:2053:51)
      at _ZoneDelegate.invoke (node_modules/zone.js/bundles/zone.umd.js:410:32)
      at Object.onInvoke (node_modules/@angular/core/fesm2022/core.mjs:6579:33)
      at _ZoneDelegate.invoke (node_modules/zone.js/bundles/zone.umd.js:409:38)
      at ZoneImpl.run (node_modules/zone.js/bundles/zone.umd.js:145:47)
      at NgZone.run (node_modules/@angular/core/fesm2022/core.mjs:6425:28)
      at _TestBedImpl.createComponent (node_modules/@angular/core/fesm2022/testing.mjs:2058:41)
      at _TestBedImpl.createComponent (node_modules/@angular/core/fesm2022/testing.mjs:1844:37)
      at src/app/ui/pages/studio/toolbar-dialog/field-measuring/field-measuring.component.spec.ts:128:23

    console.error
      NG0304: 'p-tab' is not a known element (used in the 'FieldMeasuringComponent' component template):
      1. If 'p-tab' is an Angular component, then verify that it is included in the '@Component.imports' of this component.
      2. If 'p-tab' is a Web Component then add 'CUSTOM_ELEMENTS_SCHEMA' to the '@Component.schemas' of this component to suppress this message.

      at validateElementIsKnown (node_modules/@angular/core/fesm2022/core.mjs:11182:25)
      at ɵɵelementStart (node_modules/@angular/core/fesm2022/core.mjs:27876:9)
      at FieldMeasuringComponent_Template (ng:/FieldMeasuringComponent.js:157:9)
      at executeTemplate (node_modules/@angular/core/fesm2022/core.mjs:12389:9)
      at renderView (node_modules/@angular/core/fesm2022/core.mjs:12895:13)
      at renderComponent (node_modules/@angular/core/fesm2022/core.mjs:12840:5)
      at renderChildComponents (node_modules/@angular/core/fesm2022/core.mjs:12943:9)
      at renderView (node_modules/@angular/core/fesm2022/core.mjs:12923:13)
      at ComponentFactory2.create (node_modules/@angular/core/fesm2022/core.mjs:17959:17)
      at initComponent (node_modules/@angular/core/fesm2022/testing.mjs:2053:51)
      at _ZoneDelegate.invoke (node_modules/zone.js/bundles/zone.umd.js:410:32)
      at Object.onInvoke (node_modules/@angular/core/fesm2022/core.mjs:6579:33)
      at _ZoneDelegate.invoke (node_modules/zone.js/bundles/zone.umd.js:409:38)
      at ZoneImpl.run (node_modules/zone.js/bundles/zone.umd.js:145:47)
      at NgZone.run (node_modules/@angular/core/fesm2022/core.mjs:6425:28)
      at _TestBedImpl.createComponent (node_modules/@angular/core/fesm2022/testing.mjs:2058:41)
      at _TestBedImpl.createComponent (node_modules/@angular/core/fesm2022/testing.mjs:1844:37)
      at src/app/ui/pages/studio/toolbar-dialog/field-measuring/field-measuring.component.spec.ts:128:23

    console.error
      NG0304: 'p-tab' is not a known element (used in the 'FieldMeasuringComponent' component template):
      1. If 'p-tab' is an Angular component, then verify that it is included in the '@Component.imports' of this component.
      2. If 'p-tab' is a Web Component then add 'CUSTOM_ELEMENTS_SCHEMA' to the '@Component.schemas' of this component to suppress this message.

      at validateElementIsKnown (node_modules/@angular/core/fesm2022/core.mjs:11182:25)
      at ɵɵelementStart (node_modules/@angular/core/fesm2022/core.mjs:27876:9)
      at FieldMeasuringComponent_Template (ng:/FieldMeasuringComponent.js:160:9)
      at executeTemplate (node_modules/@angular/core/fesm2022/core.mjs:12389:9)
      at renderView (node_modules/@angular/core/fesm2022/core.mjs:12895:13)
      at renderComponent (node_modules/@angular/core/fesm2022/core.mjs:12840:5)
      at renderChildComponents (node_modules/@angular/core/fesm2022/core.mjs:12943:9)
      at renderView (node_modules/@angular/core/fesm2022/core.mjs:12923:13)
      at ComponentFactory2.create (node_modules/@angular/core/fesm2022/core.mjs:17959:17)
      at initComponent (node_modules/@angular/core/fesm2022/testing.mjs:2053:51)
      at _ZoneDelegate.invoke (node_modules/zone.js/bundles/zone.umd.js:410:32)
      at Object.onInvoke (node_modules/@angular/core/fesm2022/core.mjs:6579:33)
      at _ZoneDelegate.invoke (node_modules/zone.js/bundles/zone.umd.js:409:38)
      at ZoneImpl.run (node_modules/zone.js/bundles/zone.umd.js:145:47)
      at NgZone.run (node_modules/@angular/core/fesm2022/core.mjs:6425:28)
      at _TestBedImpl.createComponent (node_modules/@angular/core/fesm2022/testing.mjs:2058:41)
      at _TestBedImpl.createComponent (node_modules/@angular/core/fesm2022/testing.mjs:1844:37)
      at src/app/ui/pages/studio/toolbar-dialog/field-measuring/field-measuring.component.spec.ts:128:23

    console.error
      NG0304: 'p-tab' is not a known element (used in the 'FieldMeasuringComponent' component template):
      1. If 'p-tab' is an Angular component, then verify that it is included in the '@Component.imports' of this component.
      2. If 'p-tab' is a Web Component then add 'CUSTOM_ELEMENTS_SCHEMA' to the '@Component.schemas' of this component to suppress this message.

      at validateElementIsKnown (node_modules/@angular/core/fesm2022/core.mjs:11182:25)
      at ɵɵelementStart (node_modules/@angular/core/fesm2022/core.mjs:27876:9)
      at FieldMeasuringComponent_Template (ng:/FieldMeasuringComponent.js:163:9)
      at executeTemplate (node_modules/@angular/core/fesm2022/core.mjs:12389:9)
      at renderView (node_modules/@angular/core/fesm2022/core.mjs:12895:13)
      at renderComponent (node_modules/@angular/core/fesm2022/core.mjs:12840:5)
      at renderChildComponents (node_modules/@angular/core/fesm2022/core.mjs:12943:9)
      at renderView (node_modules/@angular/core/fesm2022/core.mjs:12923:13)
      at ComponentFactory2.create (node_modules/@angular/core/fesm2022/core.mjs:17959:17)
      at initComponent (node_modules/@angular/core/fesm2022/testing.mjs:2053:51)
      at _ZoneDelegate.invoke (node_modules/zone.js/bundles/zone.umd.js:410:32)
      at Object.onInvoke (node_modules/@angular/core/fesm2022/core.mjs:6579:33)
      at _ZoneDelegate.invoke (node_modules/zone.js/bundles/zone.umd.js:409:38)
      at ZoneImpl.run (node_modules/zone.js/bundles/zone.umd.js:145:47)
      at NgZone.run (node_modules/@angular/core/fesm2022/core.mjs:6425:28)
      at _TestBedImpl.createComponent (node_modules/@angular/core/fesm2022/testing.mjs:2058:41)
      at _TestBedImpl.createComponent (node_modules/@angular/core/fesm2022/testing.mjs:1844:37)
      at src/app/ui/pages/studio/toolbar-dialog/field-measuring/field-measuring.component.spec.ts:128:23

    console.error
      NG0304: 'p-tabpanel' is not a known element (used in the 'FieldMeasuringComponent' component template):
      1. If 'p-tabpanel' is an Angular component, then verify that it is included in the '@Component.imports' of this component.
      2. If 'p-tabpanel' is a Web Component then add 'CUSTOM_ELEMENTS_SCHEMA' to the '@Component.schemas' of this component to suppress this message.

      at validateElementIsKnown (node_modules/@angular/core/fesm2022/core.mjs:11182:25)
      at ɵɵelementStart (node_modules/@angular/core/fesm2022/core.mjs:27876:9)
      at FieldMeasuringComponent_Template (ng:/FieldMeasuringComponent.js:166:9)
      at executeTemplate (node_modules/@angular/core/fesm2022/core.mjs:12389:9)
      at renderView (node_modules/@angular/core/fesm2022/core.mjs:12895:13)
      at renderComponent (node_modules/@angular/core/fesm2022/core.mjs:12840:5)
      at renderChildComponents (node_modules/@angular/core/fesm2022/core.mjs:12943:9)
      at renderView (node_modules/@angular/core/fesm2022/core.mjs:12923:13)
      at ComponentFactory2.create (node_modules/@angular/core/fesm2022/core.mjs:17959:17)
      at initComponent (node_modules/@angular/core/fesm2022/testing.mjs:2053:51)
      at _ZoneDelegate.invoke (node_modules/zone.js/bundles/zone.umd.js:410:32)
      at Object.onInvoke (node_modules/@angular/core/fesm2022/core.mjs:6579:33)
      at _ZoneDelegate.invoke (node_modules/zone.js/bundles/zone.umd.js:409:38)
      at ZoneImpl.run (node_modules/zone.js/bundles/zone.umd.js:145:47)
      at NgZone.run (node_modules/@angular/core/fesm2022/core.mjs:6425:28)
      at _TestBedImpl.createComponent (node_modules/@angular/core/fesm2022/testing.mjs:2058:41)
      at _TestBedImpl.createComponent (node_modules/@angular/core/fesm2022/testing.mjs:1844:37)
      at src/app/ui/pages/studio/toolbar-dialog/field-measuring/field-measuring.component.spec.ts:128:23

    console.error
      NG0304: 'p-tabpanel' is not a known element (used in the 'FieldMeasuringComponent' component template):
      1. If 'p-tabpanel' is an Angular component, then verify that it is included in the '@Component.imports' of this component.
      2. If 'p-tabpanel' is a Web Component then add 'CUSTOM_ELEMENTS_SCHEMA' to the '@Component.schemas' of this component to suppress this message.

      at validateElementIsKnown (node_modules/@angular/core/fesm2022/core.mjs:11182:25)
      at ɵɵelementStart (node_modules/@angular/core/fesm2022/core.mjs:27876:9)
      at FieldMeasuringComponent_Template (ng:/FieldMeasuringComponent.js:172:9)
      at executeTemplate (node_modules/@angular/core/fesm2022/core.mjs:12389:9)
      at renderView (node_modules/@angular/core/fesm2022/core.mjs:12895:13)
      at renderComponent (node_modules/@angular/core/fesm2022/core.mjs:12840:5)
      at renderChildComponents (node_modules/@angular/core/fesm2022/core.mjs:12943:9)
      at renderView (node_modules/@angular/core/fesm2022/core.mjs:12923:13)
      at ComponentFactory2.create (node_modules/@angular/core/fesm2022/core.mjs:17959:17)
      at initComponent (node_modules/@angular/core/fesm2022/testing.mjs:2053:51)
      at _ZoneDelegate.invoke (node_modules/zone.js/bundles/zone.umd.js:410:32)
      at Object.onInvoke (node_modules/@angular/core/fesm2022/core.mjs:6579:33)
      at _ZoneDelegate.invoke (node_modules/zone.js/bundles/zone.umd.js:409:38)
      at ZoneImpl.run (node_modules/zone.js/bundles/zone.umd.js:145:47)
      at NgZone.run (node_modules/@angular/core/fesm2022/core.mjs:6425:28)
      at _TestBedImpl.createComponent (node_modules/@angular/core/fesm2022/testing.mjs:2058:41)
      at _TestBedImpl.createComponent (node_modules/@angular/core/fesm2022/testing.mjs:1844:37)
      at src/app/ui/pages/studio/toolbar-dialog/field-measuring/field-measuring.component.spec.ts:128:23

    console.error
      NG0304: 'p-tabpanel' is not a known element (used in the 'FieldMeasuringComponent' component template):
      1. If 'p-tabpanel' is an Angular component, then verify that it is included in the '@Component.imports' of this component.
      2. If 'p-tabpanel' is a Web Component then add 'CUSTOM_ELEMENTS_SCHEMA' to the '@Component.schemas' of this component to suppress this message.

      at validateElementIsKnown (node_modules/@angular/core/fesm2022/core.mjs:11182:25)
      at ɵɵelementStart (node_modules/@angular/core/fesm2022/core.mjs:27876:9)
      at FieldMeasuringComponent_Template (ng:/FieldMeasuringComponent.js:179:9)
      at executeTemplate (node_modules/@angular/core/fesm2022/core.mjs:12389:9)
      at renderView (node_modules/@angular/core/fesm2022/core.mjs:12895:13)
      at renderComponent (node_modules/@angular/core/fesm2022/core.mjs:12840:5)
      at renderChildComponents (node_modules/@angular/core/fesm2022/core.mjs:12943:9)
      at renderView (node_modules/@angular/core/fesm2022/core.mjs:12923:13)
      at ComponentFactory2.create (node_modules/@angular/core/fesm2022/core.mjs:17959:17)
      at initComponent (node_modules/@angular/core/fesm2022/testing.mjs:2053:51)
      at _ZoneDelegate.invoke (node_modules/zone.js/bundles/zone.umd.js:410:32)
      at Object.onInvoke (node_modules/@angular/core/fesm2022/core.mjs:6579:33)
      at _ZoneDelegate.invoke (node_modules/zone.js/bundles/zone.umd.js:409:38)
      at ZoneImpl.run (node_modules/zone.js/bundles/zone.umd.js:145:47)
      at NgZone.run (node_modules/@angular/core/fesm2022/core.mjs:6425:28)
      at _TestBedImpl.createComponent (node_modules/@angular/core/fesm2022/testing.mjs:2058:41)
      at _TestBedImpl.createComponent (node_modules/@angular/core/fesm2022/testing.mjs:1844:37)
      at src/app/ui/pages/studio/toolbar-dialog/field-measuring/field-measuring.component.spec.ts:128:23

    console.error
      NG0304: 'app-temperature-calculation' is not a known element (used in the 'FieldMeasuringComponent' component template):
      1. If 'app-temperature-calculation' is an Angular component, then verify that it is included in the '@Component.imports' of this component.
      2. If 'app-temperature-calculation' is a Web Component then add 'CUSTOM_ELEMENTS_SCHEMA' to the '@Component.schemas' of this component to suppress this message.

      at validateElementIsKnown (node_modules/@angular/core/fesm2022/core.mjs:11182:25)
      at ɵɵelementStart (node_modules/@angular/core/fesm2022/core.mjs:27876:9)
      at FieldMeasuringComponent_Template (ng:/FieldMeasuringComponent.js:179:49)
      at executeTemplate (node_modules/@angular/core/fesm2022/core.mjs:12389:9)
      at renderView (node_modules/@angular/core/fesm2022/core.mjs:12895:13)
      at renderComponent (node_modules/@angular/core/fesm2022/core.mjs:12840:5)
      at renderChildComponents (node_modules/@angular/core/fesm2022/core.mjs:12943:9)
      at renderView (node_modules/@angular/core/fesm2022/core.mjs:12923:13)
      at ComponentFactory2.create (node_modules/@angular/core/fesm2022/core.mjs:17959:17)
      at initComponent (node_modules/@angular/core/fesm2022/testing.mjs:2053:51)
      at _ZoneDelegate.invoke (node_modules/zone.js/bundles/zone.umd.js:410:32)
      at Object.onInvoke (node_modules/@angular/core/fesm2022/core.mjs:6579:33)
      at _ZoneDelegate.invoke (node_modules/zone.js/bundles/zone.umd.js:409:38)
      at ZoneImpl.run (node_modules/zone.js/bundles/zone.umd.js:145:47)
      at NgZone.run (node_modules/@angular/core/fesm2022/core.mjs:6425:28)
      at _TestBedImpl.createComponent (node_modules/@angular/core/fesm2022/testing.mjs:2058:41)
      at _TestBedImpl.createComponent (node_modules/@angular/core/fesm2022/testing.mjs:1844:37)
      at src/app/ui/pages/studio/toolbar-dialog/field-measuring/field-measuring.component.spec.ts:128:23

    console.error
      NG0304: 'p-tabpanel' is not a known element (used in the 'FieldMeasuringComponent' component template):
      1. If 'p-tabpanel' is an Angular component, then verify that it is included in the '@Component.imports' of this component.
      2. If 'p-tabpanel' is a Web Component then add 'CUSTOM_ELEMENTS_SCHEMA' to the '@Component.schemas' of this component to suppress this message.

      at validateElementIsKnown (node_modules/@angular/core/fesm2022/core.mjs:11182:25)
      at ɵɵelementStart (node_modules/@angular/core/fesm2022/core.mjs:27876:9)
      at FieldMeasuringComponent_Template (ng:/FieldMeasuringComponent.js:187:9)
      at executeTemplate (node_modules/@angular/core/fesm2022/core.mjs:12389:9)
      at renderView (node_modules/@angular/core/fesm2022/core.mjs:12895:13)
      at renderComponent (node_modules/@angular/core/fesm2022/core.mjs:12840:5)
      at renderChildComponents (node_modules/@angular/core/fesm2022/core.mjs:12943:9)
      at renderView (node_modules/@angular/core/fesm2022/core.mjs:12923:13)
      at ComponentFactory2.create (node_modules/@angular/core/fesm2022/core.mjs:17959:17)
      at initComponent (node_modules/@angular/core/fesm2022/testing.mjs:2053:51)
      at _ZoneDelegate.invoke (node_modules/zone.js/bundles/zone.umd.js:410:32)
      at Object.onInvoke (node_modules/@angular/core/fesm2022/core.mjs:6579:33)
      at _ZoneDelegate.invoke (node_modules/zone.js/bundles/zone.umd.js:409:38)
      at ZoneImpl.run (node_modules/zone.js/bundles/zone.umd.js:145:47)
      at NgZone.run (node_modules/@angular/core/fesm2022/core.mjs:6425:28)
      at _TestBedImpl.createComponent (node_modules/@angular/core/fesm2022/testing.mjs:2058:41)
      at _TestBedImpl.createComponent (node_modules/@angular/core/fesm2022/testing.mjs:1844:37)
      at src/app/ui/pages/studio/toolbar-dialog/field-measuring/field-measuring.component.spec.ts:128:23

    console.error
      NG0304: 'app-parameter-at-15c-without-wind' is not a known element (used in the 'FieldMeasuringComponent' component template):
      1. If 'app-parameter-at-15c-without-wind' is an Angular component, then verify that it is included in the '@Component.imports' of this component.
      2. If 'app-parameter-at-15c-without-wind' is a Web Component then add 'CUSTOM_ELEMENTS_SCHEMA' to the '@Component.schemas' of this component to suppress this message.

      at validateElementIsKnown (node_modules/@angular/core/fesm2022/core.mjs:11182:25)
      at ɵɵelementStart (node_modules/@angular/core/fesm2022/core.mjs:27876:9)
      at FieldMeasuringComponent_Template (ng:/FieldMeasuringComponent.js:187:49)
      at executeTemplate (node_modules/@angular/core/fesm2022/core.mjs:12389:9)
      at renderView (node_modules/@angular/core/fesm2022/core.mjs:12895:13)
      at renderComponent (node_modules/@angular/core/fesm2022/core.mjs:12840:5)
      at renderChildComponents (node_modules/@angular/core/fesm2022/core.mjs:12943:9)
      at renderView (node_modules/@angular/core/fesm2022/core.mjs:12923:13)
      at ComponentFactory2.create (node_modules/@angular/core/fesm2022/core.mjs:17959:17)
      at initComponent (node_modules/@angular/core/fesm2022/testing.mjs:2053:51)
      at _ZoneDelegate.invoke (node_modules/zone.js/bundles/zone.umd.js:410:32)
      at Object.onInvoke (node_modules/@angular/core/fesm2022/core.mjs:6579:33)
      at _ZoneDelegate.invoke (node_modules/zone.js/bundles/zone.umd.js:409:38)
      at ZoneImpl.run (node_modules/zone.js/bundles/zone.umd.js:145:47)
      at NgZone.run (node_modules/@angular/core/fesm2022/core.mjs:6425:28)
      at _TestBedImpl.createComponent (node_modules/@angular/core/fesm2022/testing.mjs:2058:41)
      at _TestBedImpl.createComponent (node_modules/@angular/core/fesm2022/testing.mjs:1844:37)
      at src/app/ui/pages/studio/toolbar-dialog/field-measuring/field-measuring.component.spec.ts:128:23

    console.log
      Import station data

      at console.<anonymous> (node_modules/jest-mock/build/index.js:794:25)

    console.error
      NG0304: 'p-tabs' is not a known element (used in the 'FieldMeasuringComponent' component template):
      1. If 'p-tabs' is an Angular component, then verify that it is included in the '@Component.imports' of this component.
      2. If 'p-tabs' is a Web Component then add 'CUSTOM_ELEMENTS_SCHEMA' to the '@Component.schemas' of this component to suppress this message.

      at validateElementIsKnown (node_modules/@angular/core/fesm2022/core.mjs:11182:25)
      at ɵɵelementStart (node_modules/@angular/core/fesm2022/core.mjs:27876:9)
      at FieldMeasuringComponent_Template (ng:/FieldMeasuringComponent.js:148:9)
      at executeTemplate (node_modules/@angular/core/fesm2022/core.mjs:12389:9)
      at renderView (node_modules/@angular/core/fesm2022/core.mjs:12895:13)
      at renderComponent (node_modules/@angular/core/fesm2022/core.mjs:12840:5)
      at renderChildComponents (node_modules/@angular/core/fesm2022/core.mjs:12943:9)
      at renderView (node_modules/@angular/core/fesm2022/core.mjs:12923:13)
      at ComponentFactory2.create (node_modules/@angular/core/fesm2022/core.mjs:17959:17)
      at initComponent (node_modules/@angular/core/fesm2022/testing.mjs:2053:51)
      at _ZoneDelegate.invoke (node_modules/zone.js/bundles/zone.umd.js:410:32)
      at Object.onInvoke (node_modules/@angular/core/fesm2022/core.mjs:6579:33)
      at _ZoneDelegate.invoke (node_modules/zone.js/bundles/zone.umd.js:409:38)
      at ZoneImpl.run (node_modules/zone.js/bundles/zone.umd.js:145:47)
      at NgZone.run (node_modules/@angular/core/fesm2022/core.mjs:6425:28)
      at _TestBedImpl.createComponent (node_modules/@angular/core/fesm2022/testing.mjs:2058:41)
      at _TestBedImpl.createComponent (node_modules/@angular/core/fesm2022/testing.mjs:1844:37)
      at src/app/ui/pages/studio/toolbar-dialog/field-measuring/field-measuring.component.spec.ts:128:23

    console.error
      NG0304: 'p-tablist' is not a known element (used in the 'FieldMeasuringComponent' component template):
      1. If 'p-tablist' is an Angular component, then verify that it is included in the '@Component.imports' of this component.
      2. If 'p-tablist' is a Web Component then add 'CUSTOM_ELEMENTS_SCHEMA' to the '@Component.schemas' of this component to suppress this message.

      at validateElementIsKnown (node_modules/@angular/core/fesm2022/core.mjs:11182:25)
      at ɵɵelementStart (node_modules/@angular/core/fesm2022/core.mjs:27876:9)
      at FieldMeasuringComponent_Template (ng:/FieldMeasuringComponent.js:154:9)
      at executeTemplate (node_modules/@angular/core/fesm2022/core.mjs:12389:9)
      at renderView (node_modules/@angular/core/fesm2022/core.mjs:12895:13)
      at renderComponent (node_modules/@angular/core/fesm2022/core.mjs:12840:5)
      at renderChildComponents (node_modules/@angular/core/fesm2022/core.mjs:12943:9)
      at renderView (node_modules/@angular/core/fesm2022/core.mjs:12923:13)
      at ComponentFactory2.create (node_modules/@angular/core/fesm2022/core.mjs:17959:17)
      at initComponent (node_modules/@angular/core/fesm2022/testing.mjs:2053:51)
      at _ZoneDelegate.invoke (node_modules/zone.js/bundles/zone.umd.js:410:32)
      at Object.onInvoke (node_modules/@angular/core/fesm2022/core.mjs:6579:33)
      at _ZoneDelegate.invoke (node_modules/zone.js/bundles/zone.umd.js:409:38)
      at ZoneImpl.run (node_modules/zone.js/bundles/zone.umd.js:145:47)
      at NgZone.run (node_modules/@angular/core/fesm2022/core.mjs:6425:28)
      at _TestBedImpl.createComponent (node_modules/@angular/core/fesm2022/testing.mjs:2058:41)
      at _TestBedImpl.createComponent (node_modules/@angular/core/fesm2022/testing.mjs:1844:37)
      at src/app/ui/pages/studio/toolbar-dialog/field-measuring/field-measuring.component.spec.ts:128:23

    console.error
      NG0304: 'p-tab' is not a known element (used in the 'FieldMeasuringComponent' component template):
      1. If 'p-tab' is an Angular component, then verify that it is included in the '@Component.imports' of this component.
      2. If 'p-tab' is a Web Component then add 'CUSTOM_ELEMENTS_SCHEMA' to the '@Component.schemas' of this component to suppress this message.

      at validateElementIsKnown (node_modules/@angular/core/fesm2022/core.mjs:11182:25)
      at ɵɵelementStart (node_modules/@angular/core/fesm2022/core.mjs:27876:9)
      at FieldMeasuringComponent_Template (ng:/FieldMeasuringComponent.js:154:44)
      at executeTemplate (node_modules/@angular/core/fesm2022/core.mjs:12389:9)
      at renderView (node_modules/@angular/core/fesm2022/core.mjs:12895:13)
      at renderComponent (node_modules/@angular/core/fesm2022/core.mjs:12840:5)
      at renderChildComponents (node_modules/@angular/core/fesm2022/core.mjs:12943:9)
      at renderView (node_modules/@angular/core/fesm2022/core.mjs:12923:13)
      at ComponentFactory2.create (node_modules/@angular/core/fesm2022/core.mjs:17959:17)
      at initComponent (node_modules/@angular/core/fesm2022/testing.mjs:2053:51)
      at _ZoneDelegate.invoke (node_modules/zone.js/bundles/zone.umd.js:410:32)
      at Object.onInvoke (node_modules/@angular/core/fesm2022/core.mjs:6579:33)
      at _ZoneDelegate.invoke (node_modules/zone.js/bundles/zone.umd.js:409:38)
      at ZoneImpl.run (node_modules/zone.js/bundles/zone.umd.js:145:47)
      at NgZone.run (node_modules/@angular/core/fesm2022/core.mjs:6425:28)
      at _TestBedImpl.createComponent (node_modules/@angular/core/fesm2022/testing.mjs:2058:41)
      at _TestBedImpl.createComponent (node_modules/@angular/core/fesm2022/testing.mjs:1844:37)
      at src/app/ui/pages/studio/toolbar-dialog/field-measuring/field-measuring.component.spec.ts:128:23

    console.error
      NG0304: 'p-tab' is not a known element (used in the 'FieldMeasuringComponent' component template):
      1. If 'p-tab' is an Angular component, then verify that it is included in the '@Component.imports' of this component.
      2. If 'p-tab' is a Web Component then add 'CUSTOM_ELEMENTS_SCHEMA' to the '@Component.schemas' of this component to suppress this message.

      at validateElementIsKnown (node_modules/@angular/core/fesm2022/core.mjs:11182:25)
      at ɵɵelementStart (node_modules/@angular/core/fesm2022/core.mjs:27876:9)
      at FieldMeasuringComponent_Template (ng:/FieldMeasuringComponent.js:157:9)
      at executeTemplate (node_modules/@angular/core/fesm2022/core.mjs:12389:9)
      at renderView (node_modules/@angular/core/fesm2022/core.mjs:12895:13)
      at renderComponent (node_modules/@angular/core/fesm2022/core.mjs:12840:5)
      at renderChildComponents (node_modules/@angular/core/fesm2022/core.mjs:12943:9)
      at renderView (node_modules/@angular/core/fesm2022/core.mjs:12923:13)
      at ComponentFactory2.create (node_modules/@angular/core/fesm2022/core.mjs:17959:17)
      at initComponent (node_modules/@angular/core/fesm2022/testing.mjs:2053:51)
      at _ZoneDelegate.invoke (node_modules/zone.js/bundles/zone.umd.js:410:32)
      at Object.onInvoke (node_modules/@angular/core/fesm2022/core.mjs:6579:33)
      at _ZoneDelegate.invoke (node_modules/zone.js/bundles/zone.umd.js:409:38)
      at ZoneImpl.run (node_modules/zone.js/bundles/zone.umd.js:145:47)
      at NgZone.run (node_modules/@angular/core/fesm2022/core.mjs:6425:28)
      at _TestBedImpl.createComponent (node_modules/@angular/core/fesm2022/testing.mjs:2058:41)
      at _TestBedImpl.createComponent (node_modules/@angular/core/fesm2022/testing.mjs:1844:37)
      at src/app/ui/pages/studio/toolbar-dialog/field-measuring/field-measuring.component.spec.ts:128:23

    console.error
      NG0304: 'p-tab' is not a known element (used in the 'FieldMeasuringComponent' component template):
      1. If 'p-tab' is an Angular component, then verify that it is included in the '@Component.imports' of this component.
      2. If 'p-tab' is a Web Component then add 'CUSTOM_ELEMENTS_SCHEMA' to the '@Component.schemas' of this component to suppress this message.

      at validateElementIsKnown (node_modules/@angular/core/fesm2022/core.mjs:11182:25)
      at ɵɵelementStart (node_modules/@angular/core/fesm2022/core.mjs:27876:9)
      at FieldMeasuringComponent_Template (ng:/FieldMeasuringComponent.js:160:9)
      at executeTemplate (node_modules/@angular/core/fesm2022/core.mjs:12389:9)
      at renderView (node_modules/@angular/core/fesm2022/core.mjs:12895:13)
      at renderComponent (node_modules/@angular/core/fesm2022/core.mjs:12840:5)
      at renderChildComponents (node_modules/@angular/core/fesm2022/core.mjs:12943:9)
      at renderView (node_modules/@angular/core/fesm2022/core.mjs:12923:13)
      at ComponentFactory2.create (node_modules/@angular/core/fesm2022/core.mjs:17959:17)
      at initComponent (node_modules/@angular/core/fesm2022/testing.mjs:2053:51)
      at _ZoneDelegate.invoke (node_modules/zone.js/bundles/zone.umd.js:410:32)
      at Object.onInvoke (node_modules/@angular/core/fesm2022/core.mjs:6579:33)
      at _ZoneDelegate.invoke (node_modules/zone.js/bundles/zone.umd.js:409:38)
      at ZoneImpl.run (node_modules/zone.js/bundles/zone.umd.js:145:47)
      at NgZone.run (node_modules/@angular/core/fesm2022/core.mjs:6425:28)
      at _TestBedImpl.createComponent (node_modules/@angular/core/fesm2022/testing.mjs:2058:41)
      at _TestBedImpl.createComponent (node_modules/@angular/core/fesm2022/testing.mjs:1844:37)
      at src/app/ui/pages/studio/toolbar-dialog/field-measuring/field-measuring.component.spec.ts:128:23

    console.error
      NG0304: 'p-tab' is not a known element (used in the 'FieldMeasuringComponent' component template):
      1. If 'p-tab' is an Angular component, then verify that it is included in the '@Component.imports' of this component.
      2. If 'p-tab' is a Web Component then add 'CUSTOM_ELEMENTS_SCHEMA' to the '@Component.schemas' of this component to suppress this message.

      at validateElementIsKnown (node_modules/@angular/core/fesm2022/core.mjs:11182:25)
      at ɵɵelementStart (node_modules/@angular/core/fesm2022/core.mjs:27876:9)
      at FieldMeasuringComponent_Template (ng:/FieldMeasuringComponent.js:163:9)
      at executeTemplate (node_modules/@angular/core/fesm2022/core.mjs:12389:9)
      at renderView (node_modules/@angular/core/fesm2022/core.mjs:12895:13)
      at renderComponent (node_modules/@angular/core/fesm2022/core.mjs:12840:5)
      at renderChildComponents (node_modules/@angular/core/fesm2022/core.mjs:12943:9)
      at renderView (node_modules/@angular/core/fesm2022/core.mjs:12923:13)
      at ComponentFactory2.create (node_modules/@angular/core/fesm2022/core.mjs:17959:17)
      at initComponent (node_modules/@angular/core/fesm2022/testing.mjs:2053:51)
      at _ZoneDelegate.invoke (node_modules/zone.js/bundles/zone.umd.js:410:32)
      at Object.onInvoke (node_modules/@angular/core/fesm2022/core.mjs:6579:33)
      at _ZoneDelegate.invoke (node_modules/zone.js/bundles/zone.umd.js:409:38)
      at ZoneImpl.run (node_modules/zone.js/bundles/zone.umd.js:145:47)
      at NgZone.run (node_modules/@angular/core/fesm2022/core.mjs:6425:28)
      at _TestBedImpl.createComponent (node_modules/@angular/core/fesm2022/testing.mjs:2058:41)
      at _TestBedImpl.createComponent (node_modules/@angular/core/fesm2022/testing.mjs:1844:37)
      at src/app/ui/pages/studio/toolbar-dialog/field-measuring/field-measuring.component.spec.ts:128:23

    console.error
      NG0304: 'p-tabpanel' is not a known element (used in the 'FieldMeasuringComponent' component template):
      1. If 'p-tabpanel' is an Angular component, then verify that it is included in the '@Component.imports' of this component.
      2. If 'p-tabpanel' is a Web Component then add 'CUSTOM_ELEMENTS_SCHEMA' to the '@Component.schemas' of this component to suppress this message.

      at validateElementIsKnown (node_modules/@angular/core/fesm2022/core.mjs:11182:25)
      at ɵɵelementStart (node_modules/@angular/core/fesm2022/core.mjs:27876:9)
      at FieldMeasuringComponent_Template (ng:/FieldMeasuringComponent.js:166:9)
      at executeTemplate (node_modules/@angular/core/fesm2022/core.mjs:12389:9)
      at renderView (node_modules/@angular/core/fesm2022/core.mjs:12895:13)
      at renderComponent (node_modules/@angular/core/fesm2022/core.mjs:12840:5)
      at renderChildComponents (node_modules/@angular/core/fesm2022/core.mjs:12943:9)
      at renderView (node_modules/@angular/core/fesm2022/core.mjs:12923:13)
      at ComponentFactory2.create (node_modules/@angular/core/fesm2022/core.mjs:17959:17)
      at initComponent (node_modules/@angular/core/fesm2022/testing.mjs:2053:51)
      at _ZoneDelegate.invoke (node_modules/zone.js/bundles/zone.umd.js:410:32)
      at Object.onInvoke (node_modules/@angular/core/fesm2022/core.mjs:6579:33)
      at _ZoneDelegate.invoke (node_modules/zone.js/bundles/zone.umd.js:409:38)
      at ZoneImpl.run (node_modules/zone.js/bundles/zone.umd.js:145:47)
      at NgZone.run (node_modules/@angular/core/fesm2022/core.mjs:6425:28)
      at _TestBedImpl.createComponent (node_modules/@angular/core/fesm2022/testing.mjs:2058:41)
      at _TestBedImpl.createComponent (node_modules/@angular/core/fesm2022/testing.mjs:1844:37)
      at src/app/ui/pages/studio/toolbar-dialog/field-measuring/field-measuring.component.spec.ts:128:23

    console.error
      NG0304: 'p-tabpanel' is not a known element (used in the 'FieldMeasuringComponent' component template):
      1. If 'p-tabpanel' is an Angular component, then verify that it is included in the '@Component.imports' of this component.
      2. If 'p-tabpanel' is a Web Component then add 'CUSTOM_ELEMENTS_SCHEMA' to the '@Component.schemas' of this component to suppress this message.

      at validateElementIsKnown (node_modules/@angular/core/fesm2022/core.mjs:11182:25)
      at ɵɵelementStart (node_modules/@angular/core/fesm2022/core.mjs:27876:9)
      at FieldMeasuringComponent_Template (ng:/FieldMeasuringComponent.js:172:9)
      at executeTemplate (node_modules/@angular/core/fesm2022/core.mjs:12389:9)
      at renderView (node_modules/@angular/core/fesm2022/core.mjs:12895:13)
      at renderComponent (node_modules/@angular/core/fesm2022/core.mjs:12840:5)
      at renderChildComponents (node_modules/@angular/core/fesm2022/core.mjs:12943:9)
      at renderView (node_modules/@angular/core/fesm2022/core.mjs:12923:13)
      at ComponentFactory2.create (node_modules/@angular/core/fesm2022/core.mjs:17959:17)
      at initComponent (node_modules/@angular/core/fesm2022/testing.mjs:2053:51)
      at _ZoneDelegate.invoke (node_modules/zone.js/bundles/zone.umd.js:410:32)
      at Object.onInvoke (node_modules/@angular/core/fesm2022/core.mjs:6579:33)
      at _ZoneDelegate.invoke (node_modules/zone.js/bundles/zone.umd.js:409:38)
      at ZoneImpl.run (node_modules/zone.js/bundles/zone.umd.js:145:47)
      at NgZone.run (node_modules/@angular/core/fesm2022/core.mjs:6425:28)
      at _TestBedImpl.createComponent (node_modules/@angular/core/fesm2022/testing.mjs:2058:41)
      at _TestBedImpl.createComponent (node_modules/@angular/core/fesm2022/testing.mjs:1844:37)
      at src/app/ui/pages/studio/toolbar-dialog/field-measuring/field-measuring.component.spec.ts:128:23

    console.error
      NG0304: 'p-tabpanel' is not a known element (used in the 'FieldMeasuringComponent' component template):
      1. If 'p-tabpanel' is an Angular component, then verify that it is included in the '@Component.imports' of this component.
      2. If 'p-tabpanel' is a Web Component then add 'CUSTOM_ELEMENTS_SCHEMA' to the '@Component.schemas' of this component to suppress this message.

      at validateElementIsKnown (node_modules/@angular/core/fesm2022/core.mjs:11182:25)
      at ɵɵelementStart (node_modules/@angular/core/fesm2022/core.mjs:27876:9)
      at FieldMeasuringComponent_Template (ng:/FieldMeasuringComponent.js:179:9)
      at executeTemplate (node_modules/@angular/core/fesm2022/core.mjs:12389:9)
      at renderView (node_modules/@angular/core/fesm2022/core.mjs:12895:13)
      at renderComponent (node_modules/@angular/core/fesm2022/core.mjs:12840:5)
      at renderChildComponents (node_modules/@angular/core/fesm2022/core.mjs:12943:9)
      at renderView (node_modules/@angular/core/fesm2022/core.mjs:12923:13)
      at ComponentFactory2.create (node_modules/@angular/core/fesm2022/core.mjs:17959:17)
      at initComponent (node_modules/@angular/core/fesm2022/testing.mjs:2053:51)
      at _ZoneDelegate.invoke (node_modules/zone.js/bundles/zone.umd.js:410:32)
      at Object.onInvoke (node_modules/@angular/core/fesm2022/core.mjs:6579:33)
      at _ZoneDelegate.invoke (node_modules/zone.js/bundles/zone.umd.js:409:38)
      at ZoneImpl.run (node_modules/zone.js/bundles/zone.umd.js:145:47)
      at NgZone.run (node_modules/@angular/core/fesm2022/core.mjs:6425:28)
      at _TestBedImpl.createComponent (node_modules/@angular/core/fesm2022/testing.mjs:2058:41)
      at _TestBedImpl.createComponent (node_modules/@angular/core/fesm2022/testing.mjs:1844:37)
      at src/app/ui/pages/studio/toolbar-dialog/field-measuring/field-measuring.component.spec.ts:128:23

    console.error
      NG0304: 'app-temperature-calculation' is not a known element (used in the 'FieldMeasuringComponent' component template):
      1. If 'app-temperature-calculation' is an Angular component, then verify that it is included in the '@Component.imports' of this component.
      2. If 'app-temperature-calculation' is a Web Component then add 'CUSTOM_ELEMENTS_SCHEMA' to the '@Component.schemas' of this component to suppress this message.

      at validateElementIsKnown (node_modules/@angular/core/fesm2022/core.mjs:11182:25)
      at ɵɵelementStart (node_modules/@angular/core/fesm2022/core.mjs:27876:9)
      at FieldMeasuringComponent_Template (ng:/FieldMeasuringComponent.js:179:49)
      at executeTemplate (node_modules/@angular/core/fesm2022/core.mjs:12389:9)
      at renderView (node_modules/@angular/core/fesm2022/core.mjs:12895:13)
      at renderComponent (node_modules/@angular/core/fesm2022/core.mjs:12840:5)
      at renderChildComponents (node_modules/@angular/core/fesm2022/core.mjs:12943:9)
      at renderView (node_modules/@angular/core/fesm2022/core.mjs:12923:13)
      at ComponentFactory2.create (node_modules/@angular/core/fesm2022/core.mjs:17959:17)
      at initComponent (node_modules/@angular/core/fesm2022/testing.mjs:2053:51)
      at _ZoneDelegate.invoke (node_modules/zone.js/bundles/zone.umd.js:410:32)
      at Object.onInvoke (node_modules/@angular/core/fesm2022/core.mjs:6579:33)
      at _ZoneDelegate.invoke (node_modules/zone.js/bundles/zone.umd.js:409:38)
      at ZoneImpl.run (node_modules/zone.js/bundles/zone.umd.js:145:47)
      at NgZone.run (node_modules/@angular/core/fesm2022/core.mjs:6425:28)
      at _TestBedImpl.createComponent (node_modules/@angular/core/fesm2022/testing.mjs:2058:41)
      at _TestBedImpl.createComponent (node_modules/@angular/core/fesm2022/testing.mjs:1844:37)
      at src/app/ui/pages/studio/toolbar-dialog/field-measuring/field-measuring.component.spec.ts:128:23

    console.error
      NG0304: 'p-tabpanel' is not a known element (used in the 'FieldMeasuringComponent' component template):
      1. If 'p-tabpanel' is an Angular component, then verify that it is included in the '@Component.imports' of this component.
      2. If 'p-tabpanel' is a Web Component then add 'CUSTOM_ELEMENTS_SCHEMA' to the '@Component.schemas' of this component to suppress this message.

      at validateElementIsKnown (node_modules/@angular/core/fesm2022/core.mjs:11182:25)
      at ɵɵelementStart (node_modules/@angular/core/fesm2022/core.mjs:27876:9)
      at FieldMeasuringComponent_Template (ng:/FieldMeasuringComponent.js:187:9)
      at executeTemplate (node_modules/@angular/core/fesm2022/core.mjs:12389:9)
      at renderView (node_modules/@angular/core/fesm2022/core.mjs:12895:13)
      at renderComponent (node_modules/@angular/core/fesm2022/core.mjs:12840:5)
      at renderChildComponents (node_modules/@angular/core/fesm2022/core.mjs:12943:9)
      at renderView (node_modules/@angular/core/fesm2022/core.mjs:12923:13)
      at ComponentFactory2.create (node_modules/@angular/core/fesm2022/core.mjs:17959:17)
      at initComponent (node_modules/@angular/core/fesm2022/testing.mjs:2053:51)
      at _ZoneDelegate.invoke (node_modules/zone.js/bundles/zone.umd.js:410:32)
      at Object.onInvoke (node_modules/@angular/core/fesm2022/core.mjs:6579:33)
      at _ZoneDelegate.invoke (node_modules/zone.js/bundles/zone.umd.js:409:38)
      at ZoneImpl.run (node_modules/zone.js/bundles/zone.umd.js:145:47)
      at NgZone.run (node_modules/@angular/core/fesm2022/core.mjs:6425:28)
      at _TestBedImpl.createComponent (node_modules/@angular/core/fesm2022/testing.mjs:2058:41)
      at _TestBedImpl.createComponent (node_modules/@angular/core/fesm2022/testing.mjs:1844:37)
      at src/app/ui/pages/studio/toolbar-dialog/field-measuring/field-measuring.component.spec.ts:128:23

    console.error
      NG0304: 'app-parameter-at-15c-without-wind' is not a known element (used in the 'FieldMeasuringComponent' component template):
      1. If 'app-parameter-at-15c-without-wind' is an Angular component, then verify that it is included in the '@Component.imports' of this component.
      2. If 'app-parameter-at-15c-without-wind' is a Web Component then add 'CUSTOM_ELEMENTS_SCHEMA' to the '@Component.schemas' of this component to suppress this message.

      at validateElementIsKnown (node_modules/@angular/core/fesm2022/core.mjs:11182:25)
      at ɵɵelementStart (node_modules/@angular/core/fesm2022/core.mjs:27876:9)
      at FieldMeasuringComponent_Template (ng:/FieldMeasuringComponent.js:187:49)
      at executeTemplate (node_modules/@angular/core/fesm2022/core.mjs:12389:9)
      at renderView (node_modules/@angular/core/fesm2022/core.mjs:12895:13)
      at renderComponent (node_modules/@angular/core/fesm2022/core.mjs:12840:5)
      at renderChildComponents (node_modules/@angular/core/fesm2022/core.mjs:12943:9)
      at renderView (node_modules/@angular/core/fesm2022/core.mjs:12923:13)
      at ComponentFactory2.create (node_modules/@angular/core/fesm2022/core.mjs:17959:17)
      at initComponent (node_modules/@angular/core/fesm2022/testing.mjs:2053:51)
      at _ZoneDelegate.invoke (node_modules/zone.js/bundles/zone.umd.js:410:32)
      at Object.onInvoke (node_modules/@angular/core/fesm2022/core.mjs:6579:33)
      at _ZoneDelegate.invoke (node_modules/zone.js/bundles/zone.umd.js:409:38)
      at ZoneImpl.run (node_modules/zone.js/bundles/zone.umd.js:145:47)
      at NgZone.run (node_modules/@angular/core/fesm2022/core.mjs:6425:28)
      at _TestBedImpl.createComponent (node_modules/@angular/core/fesm2022/testing.mjs:2058:41)
      at _TestBedImpl.createComponent (node_modules/@angular/core/fesm2022/testing.mjs:1844:37)
      at src/app/ui/pages/studio/toolbar-dialog/field-measuring/field-measuring.component.spec.ts:128:23

    console.error
      NG0304: 'p-tabs' is not a known element (used in the 'FieldMeasuringComponent' component template):
      1. If 'p-tabs' is an Angular component, then verify that it is included in the '@Component.imports' of this component.
      2. If 'p-tabs' is a Web Component then add 'CUSTOM_ELEMENTS_SCHEMA' to the '@Component.schemas' of this component to suppress this message.

      at validateElementIsKnown (node_modules/@angular/core/fesm2022/core.mjs:11182:25)
      at ɵɵelementStart (node_modules/@angular/core/fesm2022/core.mjs:27876:9)
      at FieldMeasuringComponent_Template (ng:/FieldMeasuringComponent.js:148:9)
      at executeTemplate (node_modules/@angular/core/fesm2022/core.mjs:12389:9)
      at renderView (node_modules/@angular/core/fesm2022/core.mjs:12895:13)
      at renderComponent (node_modules/@angular/core/fesm2022/core.mjs:12840:5)
      at renderChildComponents (node_modules/@angular/core/fesm2022/core.mjs:12943:9)
      at renderView (node_modules/@angular/core/fesm2022/core.mjs:12923:13)
      at ComponentFactory2.create (node_modules/@angular/core/fesm2022/core.mjs:17959:17)
      at initComponent (node_modules/@angular/core/fesm2022/testing.mjs:2053:51)
      at _ZoneDelegate.invoke (node_modules/zone.js/bundles/zone.umd.js:410:32)
      at Object.onInvoke (node_modules/@angular/core/fesm2022/core.mjs:6579:33)
      at _ZoneDelegate.invoke (node_modules/zone.js/bundles/zone.umd.js:409:38)
      at ZoneImpl.run (node_modules/zone.js/bundles/zone.umd.js:145:47)
      at NgZone.run (node_modules/@angular/core/fesm2022/core.mjs:6425:28)
      at _TestBedImpl.createComponent (node_modules/@angular/core/fesm2022/testing.mjs:2058:41)
      at _TestBedImpl.createComponent (node_modules/@angular/core/fesm2022/testing.mjs:1844:37)
      at src/app/ui/pages/studio/toolbar-dialog/field-measuring/field-measuring.component.spec.ts:128:23

    console.error
      NG0304: 'p-tablist' is not a known element (used in the 'FieldMeasuringComponent' component template):
      1. If 'p-tablist' is an Angular component, then verify that it is included in the '@Component.imports' of this component.
      2. If 'p-tablist' is a Web Component then add 'CUSTOM_ELEMENTS_SCHEMA' to the '@Component.schemas' of this component to suppress this message.

      at validateElementIsKnown (node_modules/@angular/core/fesm2022/core.mjs:11182:25)
      at ɵɵelementStart (node_modules/@angular/core/fesm2022/core.mjs:27876:9)
      at FieldMeasuringComponent_Template (ng:/FieldMeasuringComponent.js:154:9)
      at executeTemplate (node_modules/@angular/core/fesm2022/core.mjs:12389:9)
      at renderView (node_modules/@angular/core/fesm2022/core.mjs:12895:13)
      at renderComponent (node_modules/@angular/core/fesm2022/core.mjs:12840:5)
      at renderChildComponents (node_modules/@angular/core/fesm2022/core.mjs:12943:9)
      at renderView (node_modules/@angular/core/fesm2022/core.mjs:12923:13)
      at ComponentFactory2.create (node_modules/@angular/core/fesm2022/core.mjs:17959:17)
      at initComponent (node_modules/@angular/core/fesm2022/testing.mjs:2053:51)
      at _ZoneDelegate.invoke (node_modules/zone.js/bundles/zone.umd.js:410:32)
      at Object.onInvoke (node_modules/@angular/core/fesm2022/core.mjs:6579:33)
      at _ZoneDelegate.invoke (node_modules/zone.js/bundles/zone.umd.js:409:38)
      at ZoneImpl.run (node_modules/zone.js/bundles/zone.umd.js:145:47)
      at NgZone.run (node_modules/@angular/core/fesm2022/core.mjs:6425:28)
      at _TestBedImpl.createComponent (node_modules/@angular/core/fesm2022/testing.mjs:2058:41)
      at _TestBedImpl.createComponent (node_modules/@angular/core/fesm2022/testing.mjs:1844:37)
      at src/app/ui/pages/studio/toolbar-dialog/field-measuring/field-measuring.component.spec.ts:128:23

    console.error
      NG0304: 'p-tab' is not a known element (used in the 'FieldMeasuringComponent' component template):
      1. If 'p-tab' is an Angular component, then verify that it is included in the '@Component.imports' of this component.
      2. If 'p-tab' is a Web Component then add 'CUSTOM_ELEMENTS_SCHEMA' to the '@Component.schemas' of this component to suppress this message.

      at validateElementIsKnown (node_modules/@angular/core/fesm2022/core.mjs:11182:25)
      at ɵɵelementStart (node_modules/@angular/core/fesm2022/core.mjs:27876:9)
      at FieldMeasuringComponent_Template (ng:/FieldMeasuringComponent.js:154:44)
      at executeTemplate (node_modules/@angular/core/fesm2022/core.mjs:12389:9)
      at renderView (node_modules/@angular/core/fesm2022/core.mjs:12895:13)
      at renderComponent (node_modules/@angular/core/fesm2022/core.mjs:12840:5)
      at renderChildComponents (node_modules/@angular/core/fesm2022/core.mjs:12943:9)
      at renderView (node_modules/@angular/core/fesm2022/core.mjs:12923:13)
      at ComponentFactory2.create (node_modules/@angular/core/fesm2022/core.mjs:17959:17)
      at initComponent (node_modules/@angular/core/fesm2022/testing.mjs:2053:51)
      at _ZoneDelegate.invoke (node_modules/zone.js/bundles/zone.umd.js:410:32)
      at Object.onInvoke (node_modules/@angular/core/fesm2022/core.mjs:6579:33)
      at _ZoneDelegate.invoke (node_modules/zone.js/bundles/zone.umd.js:409:38)
      at ZoneImpl.run (node_modules/zone.js/bundles/zone.umd.js:145:47)
      at NgZone.run (node_modules/@angular/core/fesm2022/core.mjs:6425:28)
      at _TestBedImpl.createComponent (node_modules/@angular/core/fesm2022/testing.mjs:2058:41)
      at _TestBedImpl.createComponent (node_modules/@angular/core/fesm2022/testing.mjs:1844:37)
      at src/app/ui/pages/studio/toolbar-dialog/field-measuring/field-measuring.component.spec.ts:128:23

    console.error
      NG0304: 'p-tab' is not a known element (used in the 'FieldMeasuringComponent' component template):
      1. If 'p-tab' is an Angular component, then verify that it is included in the '@Component.imports' of this component.
      2. If 'p-tab' is a Web Component then add 'CUSTOM_ELEMENTS_SCHEMA' to the '@Component.schemas' of this component to suppress this message.

      at validateElementIsKnown (node_modules/@angular/core/fesm2022/core.mjs:11182:25)
      at ɵɵelementStart (node_modules/@angular/core/fesm2022/core.mjs:27876:9)
      at FieldMeasuringComponent_Template (ng:/FieldMeasuringComponent.js:157:9)
      at executeTemplate (node_modules/@angular/core/fesm2022/core.mjs:12389:9)
      at renderView (node_modules/@angular/core/fesm2022/core.mjs:12895:13)
      at renderComponent (node_modules/@angular/core/fesm2022/core.mjs:12840:5)
      at renderChildComponents (node_modules/@angular/core/fesm2022/core.mjs:12943:9)
      at renderView (node_modules/@angular/core/fesm2022/core.mjs:12923:13)
      at ComponentFactory2.create (node_modules/@angular/core/fesm2022/core.mjs:17959:17)
      at initComponent (node_modules/@angular/core/fesm2022/testing.mjs:2053:51)
      at _ZoneDelegate.invoke (node_modules/zone.js/bundles/zone.umd.js:410:32)
      at Object.onInvoke (node_modules/@angular/core/fesm2022/core.mjs:6579:33)
      at _ZoneDelegate.invoke (node_modules/zone.js/bundles/zone.umd.js:409:38)
      at ZoneImpl.run (node_modules/zone.js/bundles/zone.umd.js:145:47)
      at NgZone.run (node_modules/@angular/core/fesm2022/core.mjs:6425:28)
      at _TestBedImpl.createComponent (node_modules/@angular/core/fesm2022/testing.mjs:2058:41)
      at _TestBedImpl.createComponent (node_modules/@angular/core/fesm2022/testing.mjs:1844:37)
      at src/app/ui/pages/studio/toolbar-dialog/field-measuring/field-measuring.component.spec.ts:128:23

    console.error
      NG0304: 'p-tab' is not a known element (used in the 'FieldMeasuringComponent' component template):
      1. If 'p-tab' is an Angular component, then verify that it is included in the '@Component.imports' of this component.
      2. If 'p-tab' is a Web Component then add 'CUSTOM_ELEMENTS_SCHEMA' to the '@Component.schemas' of this component to suppress this message.

      at validateElementIsKnown (node_modules/@angular/core/fesm2022/core.mjs:11182:25)
      at ɵɵelementStart (node_modules/@angular/core/fesm2022/core.mjs:27876:9)
      at FieldMeasuringComponent_Template (ng:/FieldMeasuringComponent.js:160:9)
      at executeTemplate (node_modules/@angular/core/fesm2022/core.mjs:12389:9)
      at renderView (node_modules/@angular/core/fesm2022/core.mjs:12895:13)
      at renderComponent (node_modules/@angular/core/fesm2022/core.mjs:12840:5)
      at renderChildComponents (node_modules/@angular/core/fesm2022/core.mjs:12943:9)
      at renderView (node_modules/@angular/core/fesm2022/core.mjs:12923:13)
      at ComponentFactory2.create (node_modules/@angular/core/fesm2022/core.mjs:17959:17)
      at initComponent (node_modules/@angular/core/fesm2022/testing.mjs:2053:51)
      at _ZoneDelegate.invoke (node_modules/zone.js/bundles/zone.umd.js:410:32)
      at Object.onInvoke (node_modules/@angular/core/fesm2022/core.mjs:6579:33)
      at _ZoneDelegate.invoke (node_modules/zone.js/bundles/zone.umd.js:409:38)
      at ZoneImpl.run (node_modules/zone.js/bundles/zone.umd.js:145:47)
      at NgZone.run (node_modules/@angular/core/fesm2022/core.mjs:6425:28)
      at _TestBedImpl.createComponent (node_modules/@angular/core/fesm2022/testing.mjs:2058:41)
      at _TestBedImpl.createComponent (node_modules/@angular/core/fesm2022/testing.mjs:1844:37)
      at src/app/ui/pages/studio/toolbar-dialog/field-measuring/field-measuring.component.spec.ts:128:23

    console.error
      NG0304: 'p-tab' is not a known element (used in the 'FieldMeasuringComponent' component template):
      1. If 'p-tab' is an Angular component, then verify that it is included in the '@Component.imports' of this component.
      2. If 'p-tab' is a Web Component then add 'CUSTOM_ELEMENTS_SCHEMA' to the '@Component.schemas' of this component to suppress this message.

      at validateElementIsKnown (node_modules/@angular/core/fesm2022/core.mjs:11182:25)
      at ɵɵelementStart (node_modules/@angular/core/fesm2022/core.mjs:27876:9)
      at FieldMeasuringComponent_Template (ng:/FieldMeasuringComponent.js:163:9)
      at executeTemplate (node_modules/@angular/core/fesm2022/core.mjs:12389:9)
      at renderView (node_modules/@angular/core/fesm2022/core.mjs:12895:13)
      at renderComponent (node_modules/@angular/core/fesm2022/core.mjs:12840:5)
      at renderChildComponents (node_modules/@angular/core/fesm2022/core.mjs:12943:9)
      at renderView (node_modules/@angular/core/fesm2022/core.mjs:12923:13)
      at ComponentFactory2.create (node_modules/@angular/core/fesm2022/core.mjs:17959:17)
      at initComponent (node_modules/@angular/core/fesm2022/testing.mjs:2053:51)
      at _ZoneDelegate.invoke (node_modules/zone.js/bundles/zone.umd.js:410:32)
      at Object.onInvoke (node_modules/@angular/core/fesm2022/core.mjs:6579:33)
      at _ZoneDelegate.invoke (node_modules/zone.js/bundles/zone.umd.js:409:38)
      at ZoneImpl.run (node_modules/zone.js/bundles/zone.umd.js:145:47)
      at NgZone.run (node_modules/@angular/core/fesm2022/core.mjs:6425:28)
      at _TestBedImpl.createComponent (node_modules/@angular/core/fesm2022/testing.mjs:2058:41)
      at _TestBedImpl.createComponent (node_modules/@angular/core/fesm2022/testing.mjs:1844:37)
      at src/app/ui/pages/studio/toolbar-dialog/field-measuring/field-measuring.component.spec.ts:128:23

    console.error
      NG0304: 'p-tabpanel' is not a known element (used in the 'FieldMeasuringComponent' component template):
      1. If 'p-tabpanel' is an Angular component, then verify that it is included in the '@Component.imports' of this component.
      2. If 'p-tabpanel' is a Web Component then add 'CUSTOM_ELEMENTS_SCHEMA' to the '@Component.schemas' of this component to suppress this message.

      at validateElementIsKnown (node_modules/@angular/core/fesm2022/core.mjs:11182:25)
      at ɵɵelementStart (node_modules/@angular/core/fesm2022/core.mjs:27876:9)
      at FieldMeasuringComponent_Template (ng:/FieldMeasuringComponent.js:166:9)
      at executeTemplate (node_modules/@angular/core/fesm2022/core.mjs:12389:9)
      at renderView (node_modules/@angular/core/fesm2022/core.mjs:12895:13)
      at renderComponent (node_modules/@angular/core/fesm2022/core.mjs:12840:5)
      at renderChildComponents (node_modules/@angular/core/fesm2022/core.mjs:12943:9)
      at renderView (node_modules/@angular/core/fesm2022/core.mjs:12923:13)
      at ComponentFactory2.create (node_modules/@angular/core/fesm2022/core.mjs:17959:17)
      at initComponent (node_modules/@angular/core/fesm2022/testing.mjs:2053:51)
      at _ZoneDelegate.invoke (node_modules/zone.js/bundles/zone.umd.js:410:32)
      at Object.onInvoke (node_modules/@angular/core/fesm2022/core.mjs:6579:33)
      at _ZoneDelegate.invoke (node_modules/zone.js/bundles/zone.umd.js:409:38)
      at ZoneImpl.run (node_modules/zone.js/bundles/zone.umd.js:145:47)
      at NgZone.run (node_modules/@angular/core/fesm2022/core.mjs:6425:28)
      at _TestBedImpl.createComponent (node_modules/@angular/core/fesm2022/testing.mjs:2058:41)
      at _TestBedImpl.createComponent (node_modules/@angular/core/fesm2022/testing.mjs:1844:37)
      at src/app/ui/pages/studio/toolbar-dialog/field-measuring/field-measuring.component.spec.ts:128:23

    console.error
      NG0304: 'p-tabpanel' is not a known element (used in the 'FieldMeasuringComponent' component template):
      1. If 'p-tabpanel' is an Angular component, then verify that it is included in the '@Component.imports' of this component.
      2. If 'p-tabpanel' is a Web Component then add 'CUSTOM_ELEMENTS_SCHEMA' to the '@Component.schemas' of this component to suppress this message.

      at validateElementIsKnown (node_modules/@angular/core/fesm2022/core.mjs:11182:25)
      at ɵɵelementStart (node_modules/@angular/core/fesm2022/core.mjs:27876:9)
      at FieldMeasuringComponent_Template (ng:/FieldMeasuringComponent.js:172:9)
      at executeTemplate (node_modules/@angular/core/fesm2022/core.mjs:12389:9)
      at renderView (node_modules/@angular/core/fesm2022/core.mjs:12895:13)
      at renderComponent (node_modules/@angular/core/fesm2022/core.mjs:12840:5)
      at renderChildComponents (node_modules/@angular/core/fesm2022/core.mjs:12943:9)
      at renderView (node_modules/@angular/core/fesm2022/core.mjs:12923:13)
      at ComponentFactory2.create (node_modules/@angular/core/fesm2022/core.mjs:17959:17)
      at initComponent (node_modules/@angular/core/fesm2022/testing.mjs:2053:51)
      at _ZoneDelegate.invoke (node_modules/zone.js/bundles/zone.umd.js:410:32)
      at Object.onInvoke (node_modules/@angular/core/fesm2022/core.mjs:6579:33)
      at _ZoneDelegate.invoke (node_modules/zone.js/bundles/zone.umd.js:409:38)
      at ZoneImpl.run (node_modules/zone.js/bundles/zone.umd.js:145:47)
      at NgZone.run (node_modules/@angular/core/fesm2022/core.mjs:6425:28)
      at _TestBedImpl.createComponent (node_modules/@angular/core/fesm2022/testing.mjs:2058:41)
      at _TestBedImpl.createComponent (node_modules/@angular/core/fesm2022/testing.mjs:1844:37)
      at src/app/ui/pages/studio/toolbar-dialog/field-measuring/field-measuring.component.spec.ts:128:23

    console.error
      NG0304: 'p-tabpanel' is not a known element (used in the 'FieldMeasuringComponent' component template):
      1. If 'p-tabpanel' is an Angular component, then verify that it is included in the '@Component.imports' of this component.
      2. If 'p-tabpanel' is a Web Component then add 'CUSTOM_ELEMENTS_SCHEMA' to the '@Component.schemas' of this component to suppress this message.

      at validateElementIsKnown (node_modules/@angular/core/fesm2022/core.mjs:11182:25)
      at ɵɵelementStart (node_modules/@angular/core/fesm2022/core.mjs:27876:9)
      at FieldMeasuringComponent_Template (ng:/FieldMeasuringComponent.js:179:9)
      at executeTemplate (node_modules/@angular/core/fesm2022/core.mjs:12389:9)
      at renderView (node_modules/@angular/core/fesm2022/core.mjs:12895:13)
      at renderComponent (node_modules/@angular/core/fesm2022/core.mjs:12840:5)
      at renderChildComponents (node_modules/@angular/core/fesm2022/core.mjs:12943:9)
      at renderView (node_modules/@angular/core/fesm2022/core.mjs:12923:13)
      at ComponentFactory2.create (node_modules/@angular/core/fesm2022/core.mjs:17959:17)
      at initComponent (node_modules/@angular/core/fesm2022/testing.mjs:2053:51)
      at _ZoneDelegate.invoke (node_modules/zone.js/bundles/zone.umd.js:410:32)
      at Object.onInvoke (node_modules/@angular/core/fesm2022/core.mjs:6579:33)
      at _ZoneDelegate.invoke (node_modules/zone.js/bundles/zone.umd.js:409:38)
      at ZoneImpl.run (node_modules/zone.js/bundles/zone.umd.js:145:47)
      at NgZone.run (node_modules/@angular/core/fesm2022/core.mjs:6425:28)
      at _TestBedImpl.createComponent (node_modules/@angular/core/fesm2022/testing.mjs:2058:41)
      at _TestBedImpl.createComponent (node_modules/@angular/core/fesm2022/testing.mjs:1844:37)
      at src/app/ui/pages/studio/toolbar-dialog/field-measuring/field-measuring.component.spec.ts:128:23

    console.error
      NG0304: 'app-temperature-calculation' is not a known element (used in the 'FieldMeasuringComponent' component template):
      1. If 'app-temperature-calculation' is an Angular component, then verify that it is included in the '@Component.imports' of this component.
      2. If 'app-temperature-calculation' is a Web Component then add 'CUSTOM_ELEMENTS_SCHEMA' to the '@Component.schemas' of this component to suppress this message.

      at validateElementIsKnown (node_modules/@angular/core/fesm2022/core.mjs:11182:25)
      at ɵɵelementStart (node_modules/@angular/core/fesm2022/core.mjs:27876:9)
      at FieldMeasuringComponent_Template (ng:/FieldMeasuringComponent.js:179:49)
      at executeTemplate (node_modules/@angular/core/fesm2022/core.mjs:12389:9)
      at renderView (node_modules/@angular/core/fesm2022/core.mjs:12895:13)
      at renderComponent (node_modules/@angular/core/fesm2022/core.mjs:12840:5)
      at renderChildComponents (node_modules/@angular/core/fesm2022/core.mjs:12943:9)
      at renderView (node_modules/@angular/core/fesm2022/core.mjs:12923:13)
      at ComponentFactory2.create (node_modules/@angular/core/fesm2022/core.mjs:17959:17)
      at initComponent (node_modules/@angular/core/fesm2022/testing.mjs:2053:51)
      at _ZoneDelegate.invoke (node_modules/zone.js/bundles/zone.umd.js:410:32)
      at Object.onInvoke (node_modules/@angular/core/fesm2022/core.mjs:6579:33)
      at _ZoneDelegate.invoke (node_modules/zone.js/bundles/zone.umd.js:409:38)
      at ZoneImpl.run (node_modules/zone.js/bundles/zone.umd.js:145:47)
      at NgZone.run (node_modules/@angular/core/fesm2022/core.mjs:6425:28)
      at _TestBedImpl.createComponent (node_modules/@angular/core/fesm2022/testing.mjs:2058:41)
      at _TestBedImpl.createComponent (node_modules/@angular/core/fesm2022/testing.mjs:1844:37)
      at src/app/ui/pages/studio/toolbar-dialog/field-measuring/field-measuring.component.spec.ts:128:23

    console.error
      NG0304: 'p-tabpanel' is not a known element (used in the 'FieldMeasuringComponent' component template):
      1. If 'p-tabpanel' is an Angular component, then verify that it is included in the '@Component.imports' of this component.
      2. If 'p-tabpanel' is a Web Component then add 'CUSTOM_ELEMENTS_SCHEMA' to the '@Component.schemas' of this component to suppress this message.

      at validateElementIsKnown (node_modules/@angular/core/fesm2022/core.mjs:11182:25)
      at ɵɵelementStart (node_modules/@angular/core/fesm2022/core.mjs:27876:9)
      at FieldMeasuringComponent_Template (ng:/FieldMeasuringComponent.js:187:9)
      at executeTemplate (node_modules/@angular/core/fesm2022/core.mjs:12389:9)
      at renderView (node_modules/@angular/core/fesm2022/core.mjs:12895:13)
      at renderComponent (node_modules/@angular/core/fesm2022/core.mjs:12840:5)
      at renderChildComponents (node_modules/@angular/core/fesm2022/core.mjs:12943:9)
      at renderView (node_modules/@angular/core/fesm2022/core.mjs:12923:13)
      at ComponentFactory2.create (node_modules/@angular/core/fesm2022/core.mjs:17959:17)
      at initComponent (node_modules/@angular/core/fesm2022/testing.mjs:2053:51)
      at _ZoneDelegate.invoke (node_modules/zone.js/bundles/zone.umd.js:410:32)
      at Object.onInvoke (node_modules/@angular/core/fesm2022/core.mjs:6579:33)
      at _ZoneDelegate.invoke (node_modules/zone.js/bundles/zone.umd.js:409:38)
      at ZoneImpl.run (node_modules/zone.js/bundles/zone.umd.js:145:47)
      at NgZone.run (node_modules/@angular/core/fesm2022/core.mjs:6425:28)
      at _TestBedImpl.createComponent (node_modules/@angular/core/fesm2022/testing.mjs:2058:41)
      at _TestBedImpl.createComponent (node_modules/@angular/core/fesm2022/testing.mjs:1844:37)
      at src/app/ui/pages/studio/toolbar-dialog/field-measuring/field-measuring.component.spec.ts:128:23

    console.error
      NG0304: 'app-parameter-at-15c-without-wind' is not a known element (used in the 'FieldMeasuringComponent' component template):
      1. If 'app-parameter-at-15c-without-wind' is an Angular component, then verify that it is included in the '@Component.imports' of this component.
      2. If 'app-parameter-at-15c-without-wind' is a Web Component then add 'CUSTOM_ELEMENTS_SCHEMA' to the '@Component.schemas' of this component to suppress this message.

      at validateElementIsKnown (node_modules/@angular/core/fesm2022/core.mjs:11182:25)
      at ɵɵelementStart (node_modules/@angular/core/fesm2022/core.mjs:27876:9)
      at FieldMeasuringComponent_Template (ng:/FieldMeasuringComponent.js:187:49)
      at executeTemplate (node_modules/@angular/core/fesm2022/core.mjs:12389:9)
      at renderView (node_modules/@angular/core/fesm2022/core.mjs:12895:13)
      at renderComponent (node_modules/@angular/core/fesm2022/core.mjs:12840:5)
      at renderChildComponents (node_modules/@angular/core/fesm2022/core.mjs:12943:9)
      at renderView (node_modules/@angular/core/fesm2022/core.mjs:12923:13)
      at ComponentFactory2.create (node_modules/@angular/core/fesm2022/core.mjs:17959:17)
      at initComponent (node_modules/@angular/core/fesm2022/testing.mjs:2053:51)
      at _ZoneDelegate.invoke (node_modules/zone.js/bundles/zone.umd.js:410:32)
      at Object.onInvoke (node_modules/@angular/core/fesm2022/core.mjs:6579:33)
      at _ZoneDelegate.invoke (node_modules/zone.js/bundles/zone.umd.js:409:38)
      at ZoneImpl.run (node_modules/zone.js/bundles/zone.umd.js:145:47)
      at NgZone.run (node_modules/@angular/core/fesm2022/core.mjs:6425:28)
      at _TestBedImpl.createComponent (node_modules/@angular/core/fesm2022/testing.mjs:2058:41)
      at _TestBedImpl.createComponent (node_modules/@angular/core/fesm2022/testing.mjs:1844:37)
      at src/app/ui/pages/studio/toolbar-dialog/field-measuring/field-measuring.component.spec.ts:128:23

    console.error
      NG0304: 'p-tabs' is not a known element (used in the 'FieldMeasuringComponent' component template):
      1. If 'p-tabs' is an Angular component, then verify that it is included in the '@Component.imports' of this component.
      2. If 'p-tabs' is a Web Component then add 'CUSTOM_ELEMENTS_SCHEMA' to the '@Component.schemas' of this component to suppress this message.

      at validateElementIsKnown (node_modules/@angular/core/fesm2022/core.mjs:11182:25)
      at ɵɵelementStart (node_modules/@angular/core/fesm2022/core.mjs:27876:9)
      at FieldMeasuringComponent_Template (ng:/FieldMeasuringComponent.js:148:9)
      at executeTemplate (node_modules/@angular/core/fesm2022/core.mjs:12389:9)
      at renderView (node_modules/@angular/core/fesm2022/core.mjs:12895:13)
      at renderComponent (node_modules/@angular/core/fesm2022/core.mjs:12840:5)
      at renderChildComponents (node_modules/@angular/core/fesm2022/core.mjs:12943:9)
      at renderView (node_modules/@angular/core/fesm2022/core.mjs:12923:13)
      at ComponentFactory2.create (node_modules/@angular/core/fesm2022/core.mjs:17959:17)
      at initComponent (node_modules/@angular/core/fesm2022/testing.mjs:2053:51)
      at _ZoneDelegate.invoke (node_modules/zone.js/bundles/zone.umd.js:410:32)
      at Object.onInvoke (node_modules/@angular/core/fesm2022/core.mjs:6579:33)
      at _ZoneDelegate.invoke (node_modules/zone.js/bundles/zone.umd.js:409:38)
      at ZoneImpl.run (node_modules/zone.js/bundles/zone.umd.js:145:47)
      at NgZone.run (node_modules/@angular/core/fesm2022/core.mjs:6425:28)
      at _TestBedImpl.createComponent (node_modules/@angular/core/fesm2022/testing.mjs:2058:41)
      at _TestBedImpl.createComponent (node_modules/@angular/core/fesm2022/testing.mjs:1844:37)
      at src/app/ui/pages/studio/toolbar-dialog/field-measuring/field-measuring.component.spec.ts:128:23

    console.error
      NG0304: 'p-tablist' is not a known element (used in the 'FieldMeasuringComponent' component template):
      1. If 'p-tablist' is an Angular component, then verify that it is included in the '@Component.imports' of this component.
      2. If 'p-tablist' is a Web Component then add 'CUSTOM_ELEMENTS_SCHEMA' to the '@Component.schemas' of this component to suppress this message.

      at validateElementIsKnown (node_modules/@angular/core/fesm2022/core.mjs:11182:25)
      at ɵɵelementStart (node_modules/@angular/core/fesm2022/core.mjs:27876:9)
      at FieldMeasuringComponent_Template (ng:/FieldMeasuringComponent.js:154:9)
      at executeTemplate (node_modules/@angular/core/fesm2022/core.mjs:12389:9)
      at renderView (node_modules/@angular/core/fesm2022/core.mjs:12895:13)
      at renderComponent (node_modules/@angular/core/fesm2022/core.mjs:12840:5)
      at renderChildComponents (node_modules/@angular/core/fesm2022/core.mjs:12943:9)
      at renderView (node_modules/@angular/core/fesm2022/core.mjs:12923:13)
      at ComponentFactory2.create (node_modules/@angular/core/fesm2022/core.mjs:17959:17)
      at initComponent (node_modules/@angular/core/fesm2022/testing.mjs:2053:51)
      at _ZoneDelegate.invoke (node_modules/zone.js/bundles/zone.umd.js:410:32)
      at Object.onInvoke (node_modules/@angular/core/fesm2022/core.mjs:6579:33)
      at _ZoneDelegate.invoke (node_modules/zone.js/bundles/zone.umd.js:409:38)
      at ZoneImpl.run (node_modules/zone.js/bundles/zone.umd.js:145:47)
      at NgZone.run (node_modules/@angular/core/fesm2022/core.mjs:6425:28)
      at _TestBedImpl.createComponent (node_modules/@angular/core/fesm2022/testing.mjs:2058:41)
      at _TestBedImpl.createComponent (node_modules/@angular/core/fesm2022/testing.mjs:1844:37)
      at src/app/ui/pages/studio/toolbar-dialog/field-measuring/field-measuring.component.spec.ts:128:23

    console.error
      NG0304: 'p-tab' is not a known element (used in the 'FieldMeasuringComponent' component template):
      1. If 'p-tab' is an Angular component, then verify that it is included in the '@Component.imports' of this component.
      2. If 'p-tab' is a Web Component then add 'CUSTOM_ELEMENTS_SCHEMA' to the '@Component.schemas' of this component to suppress this message.

      at validateElementIsKnown (node_modules/@angular/core/fesm2022/core.mjs:11182:25)
      at ɵɵelementStart (node_modules/@angular/core/fesm2022/core.mjs:27876:9)
      at FieldMeasuringComponent_Template (ng:/FieldMeasuringComponent.js:154:44)
      at executeTemplate (node_modules/@angular/core/fesm2022/core.mjs:12389:9)
      at renderView (node_modules/@angular/core/fesm2022/core.mjs:12895:13)
      at renderComponent (node_modules/@angular/core/fesm2022/core.mjs:12840:5)
      at renderChildComponents (node_modules/@angular/core/fesm2022/core.mjs:12943:9)
      at renderView (node_modules/@angular/core/fesm2022/core.mjs:12923:13)
      at ComponentFactory2.create (node_modules/@angular/core/fesm2022/core.mjs:17959:17)
      at initComponent (node_modules/@angular/core/fesm2022/testing.mjs:2053:51)
      at _ZoneDelegate.invoke (node_modules/zone.js/bundles/zone.umd.js:410:32)
      at Object.onInvoke (node_modules/@angular/core/fesm2022/core.mjs:6579:33)
      at _ZoneDelegate.invoke (node_modules/zone.js/bundles/zone.umd.js:409:38)
      at ZoneImpl.run (node_modules/zone.js/bundles/zone.umd.js:145:47)
      at NgZone.run (node_modules/@angular/core/fesm2022/core.mjs:6425:28)
      at _TestBedImpl.createComponent (node_modules/@angular/core/fesm2022/testing.mjs:2058:41)
      at _TestBedImpl.createComponent (node_modules/@angular/core/fesm2022/testing.mjs:1844:37)
      at src/app/ui/pages/studio/toolbar-dialog/field-measuring/field-measuring.component.spec.ts:128:23

    console.error
      NG0304: 'p-tab' is not a known element (used in the 'FieldMeasuringComponent' component template):
      1. If 'p-tab' is an Angular component, then verify that it is included in the '@Component.imports' of this component.
      2. If 'p-tab' is a Web Component then add 'CUSTOM_ELEMENTS_SCHEMA' to the '@Component.schemas' of this component to suppress this message.

      at validateElementIsKnown (node_modules/@angular/core/fesm2022/core.mjs:11182:25)
      at ɵɵelementStart (node_modules/@angular/core/fesm2022/core.mjs:27876:9)
      at FieldMeasuringComponent_Template (ng:/FieldMeasuringComponent.js:157:9)
      at executeTemplate (node_modules/@angular/core/fesm2022/core.mjs:12389:9)
      at renderView (node_modules/@angular/core/fesm2022/core.mjs:12895:13)
      at renderComponent (node_modules/@angular/core/fesm2022/core.mjs:12840:5)
      at renderChildComponents (node_modules/@angular/core/fesm2022/core.mjs:12943:9)
      at renderView (node_modules/@angular/core/fesm2022/core.mjs:12923:13)
      at ComponentFactory2.create (node_modules/@angular/core/fesm2022/core.mjs:17959:17)
      at initComponent (node_modules/@angular/core/fesm2022/testing.mjs:2053:51)
      at _ZoneDelegate.invoke (node_modules/zone.js/bundles/zone.umd.js:410:32)
      at Object.onInvoke (node_modules/@angular/core/fesm2022/core.mjs:6579:33)
      at _ZoneDelegate.invoke (node_modules/zone.js/bundles/zone.umd.js:409:38)
      at ZoneImpl.run (node_modules/zone.js/bundles/zone.umd.js:145:47)
      at NgZone.run (node_modules/@angular/core/fesm2022/core.mjs:6425:28)
      at _TestBedImpl.createComponent (node_modules/@angular/core/fesm2022/testing.mjs:2058:41)
      at _TestBedImpl.createComponent (node_modules/@angular/core/fesm2022/testing.mjs:1844:37)
      at src/app/ui/pages/studio/toolbar-dialog/field-measuring/field-measuring.component.spec.ts:128:23

    console.error
      NG0304: 'p-tab' is not a known element (used in the 'FieldMeasuringComponent' component template):
      1. If 'p-tab' is an Angular component, then verify that it is included in the '@Component.imports' of this component.
      2. If 'p-tab' is a Web Component then add 'CUSTOM_ELEMENTS_SCHEMA' to the '@Component.schemas' of this component to suppress this message.

      at validateElementIsKnown (node_modules/@angular/core/fesm2022/core.mjs:11182:25)
      at ɵɵelementStart (node_modules/@angular/core/fesm2022/core.mjs:27876:9)
      at FieldMeasuringComponent_Template (ng:/FieldMeasuringComponent.js:160:9)
      at executeTemplate (node_modules/@angular/core/fesm2022/core.mjs:12389:9)
      at renderView (node_modules/@angular/core/fesm2022/core.mjs:12895:13)
      at renderComponent (node_modules/@angular/core/fesm2022/core.mjs:12840:5)
      at renderChildComponents (node_modules/@angular/core/fesm2022/core.mjs:12943:9)
      at renderView (node_modules/@angular/core/fesm2022/core.mjs:12923:13)
      at ComponentFactory2.create (node_modules/@angular/core/fesm2022/core.mjs:17959:17)
      at initComponent (node_modules/@angular/core/fesm2022/testing.mjs:2053:51)
      at _ZoneDelegate.invoke (node_modules/zone.js/bundles/zone.umd.js:410:32)
      at Object.onInvoke (node_modules/@angular/core/fesm2022/core.mjs:6579:33)
      at _ZoneDelegate.invoke (node_modules/zone.js/bundles/zone.umd.js:409:38)
      at ZoneImpl.run (node_modules/zone.js/bundles/zone.umd.js:145:47)
      at NgZone.run (node_modules/@angular/core/fesm2022/core.mjs:6425:28)
      at _TestBedImpl.createComponent (node_modules/@angular/core/fesm2022/testing.mjs:2058:41)
      at _TestBedImpl.createComponent (node_modules/@angular/core/fesm2022/testing.mjs:1844:37)
      at src/app/ui/pages/studio/toolbar-dialog/field-measuring/field-measuring.component.spec.ts:128:23

    console.error
      NG0304: 'p-tab' is not a known element (used in the 'FieldMeasuringComponent' component template):
      1. If 'p-tab' is an Angular component, then verify that it is included in the '@Component.imports' of this component.
      2. If 'p-tab' is a Web Component then add 'CUSTOM_ELEMENTS_SCHEMA' to the '@Component.schemas' of this component to suppress this message.

      at validateElementIsKnown (node_modules/@angular/core/fesm2022/core.mjs:11182:25)
      at ɵɵelementStart (node_modules/@angular/core/fesm2022/core.mjs:27876:9)
      at FieldMeasuringComponent_Template (ng:/FieldMeasuringComponent.js:163:9)
      at executeTemplate (node_modules/@angular/core/fesm2022/core.mjs:12389:9)
      at renderView (node_modules/@angular/core/fesm2022/core.mjs:12895:13)
      at renderComponent (node_modules/@angular/core/fesm2022/core.mjs:12840:5)
      at renderChildComponents (node_modules/@angular/core/fesm2022/core.mjs:12943:9)
      at renderView (node_modules/@angular/core/fesm2022/core.mjs:12923:13)
      at ComponentFactory2.create (node_modules/@angular/core/fesm2022/core.mjs:17959:17)
      at initComponent (node_modules/@angular/core/fesm2022/testing.mjs:2053:51)
      at _ZoneDelegate.invoke (node_modules/zone.js/bundles/zone.umd.js:410:32)
      at Object.onInvoke (node_modules/@angular/core/fesm2022/core.mjs:6579:33)
      at _ZoneDelegate.invoke (node_modules/zone.js/bundles/zone.umd.js:409:38)
      at ZoneImpl.run (node_modules/zone.js/bundles/zone.umd.js:145:47)
      at NgZone.run (node_modules/@angular/core/fesm2022/core.mjs:6425:28)
      at _TestBedImpl.createComponent (node_modules/@angular/core/fesm2022/testing.mjs:2058:41)
      at _TestBedImpl.createComponent (node_modules/@angular/core/fesm2022/testing.mjs:1844:37)
      at src/app/ui/pages/studio/toolbar-dialog/field-measuring/field-measuring.component.spec.ts:128:23

    console.error
      NG0304: 'p-tabpanel' is not a known element (used in the 'FieldMeasuringComponent' component template):
      1. If 'p-tabpanel' is an Angular component, then verify that it is included in the '@Component.imports' of this component.
      2. If 'p-tabpanel' is a Web Component then add 'CUSTOM_ELEMENTS_SCHEMA' to the '@Component.schemas' of this component to suppress this message.

      at validateElementIsKnown (node_modules/@angular/core/fesm2022/core.mjs:11182:25)
      at ɵɵelementStart (node_modules/@angular/core/fesm2022/core.mjs:27876:9)
      at FieldMeasuringComponent_Template (ng:/FieldMeasuringComponent.js:166:9)
      at executeTemplate (node_modules/@angular/core/fesm2022/core.mjs:12389:9)
      at renderView (node_modules/@angular/core/fesm2022/core.mjs:12895:13)
      at renderComponent (node_modules/@angular/core/fesm2022/core.mjs:12840:5)
      at renderChildComponents (node_modules/@angular/core/fesm2022/core.mjs:12943:9)
      at renderView (node_modules/@angular/core/fesm2022/core.mjs:12923:13)
      at ComponentFactory2.create (node_modules/@angular/core/fesm2022/core.mjs:17959:17)
      at initComponent (node_modules/@angular/core/fesm2022/testing.mjs:2053:51)
      at _ZoneDelegate.invoke (node_modules/zone.js/bundles/zone.umd.js:410:32)
      at Object.onInvoke (node_modules/@angular/core/fesm2022/core.mjs:6579:33)
      at _ZoneDelegate.invoke (node_modules/zone.js/bundles/zone.umd.js:409:38)
      at ZoneImpl.run (node_modules/zone.js/bundles/zone.umd.js:145:47)
      at NgZone.run (node_modules/@angular/core/fesm2022/core.mjs:6425:28)
      at _TestBedImpl.createComponent (node_modules/@angular/core/fesm2022/testing.mjs:2058:41)
      at _TestBedImpl.createComponent (node_modules/@angular/core/fesm2022/testing.mjs:1844:37)
      at src/app/ui/pages/studio/toolbar-dialog/field-measuring/field-measuring.component.spec.ts:128:23

    console.error
      NG0304: 'p-tabpanel' is not a known element (used in the 'FieldMeasuringComponent' component template):
      1. If 'p-tabpanel' is an Angular component, then verify that it is included in the '@Component.imports' of this component.
      2. If 'p-tabpanel' is a Web Component then add 'CUSTOM_ELEMENTS_SCHEMA' to the '@Component.schemas' of this component to suppress this message.

      at validateElementIsKnown (node_modules/@angular/core/fesm2022/core.mjs:11182:25)
      at ɵɵelementStart (node_modules/@angular/core/fesm2022/core.mjs:27876:9)
      at FieldMeasuringComponent_Template (ng:/FieldMeasuringComponent.js:172:9)
      at executeTemplate (node_modules/@angular/core/fesm2022/core.mjs:12389:9)
      at renderView (node_modules/@angular/core/fesm2022/core.mjs:12895:13)
      at renderComponent (node_modules/@angular/core/fesm2022/core.mjs:12840:5)
      at renderChildComponents (node_modules/@angular/core/fesm2022/core.mjs:12943:9)
      at renderView (node_modules/@angular/core/fesm2022/core.mjs:12923:13)
      at ComponentFactory2.create (node_modules/@angular/core/fesm2022/core.mjs:17959:17)
      at initComponent (node_modules/@angular/core/fesm2022/testing.mjs:2053:51)
      at _ZoneDelegate.invoke (node_modules/zone.js/bundles/zone.umd.js:410:32)
      at Object.onInvoke (node_modules/@angular/core/fesm2022/core.mjs:6579:33)
      at _ZoneDelegate.invoke (node_modules/zone.js/bundles/zone.umd.js:409:38)
      at ZoneImpl.run (node_modules/zone.js/bundles/zone.umd.js:145:47)
      at NgZone.run (node_modules/@angular/core/fesm2022/core.mjs:6425:28)
      at _TestBedImpl.createComponent (node_modules/@angular/core/fesm2022/testing.mjs:2058:41)
      at _TestBedImpl.createComponent (node_modules/@angular/core/fesm2022/testing.mjs:1844:37)
      at src/app/ui/pages/studio/toolbar-dialog/field-measuring/field-measuring.component.spec.ts:128:23

    console.error
      NG0304: 'p-tabpanel' is not a known element (used in the 'FieldMeasuringComponent' component template):
      1. If 'p-tabpanel' is an Angular component, then verify that it is included in the '@Component.imports' of this component.
      2. If 'p-tabpanel' is a Web Component then add 'CUSTOM_ELEMENTS_SCHEMA' to the '@Component.schemas' of this component to suppress this message.

      at validateElementIsKnown (node_modules/@angular/core/fesm2022/core.mjs:11182:25)
      at ɵɵelementStart (node_modules/@angular/core/fesm2022/core.mjs:27876:9)
      at FieldMeasuringComponent_Template (ng:/FieldMeasuringComponent.js:179:9)
      at executeTemplate (node_modules/@angular/core/fesm2022/core.mjs:12389:9)
      at renderView (node_modules/@angular/core/fesm2022/core.mjs:12895:13)
      at renderComponent (node_modules/@angular/core/fesm2022/core.mjs:12840:5)
      at renderChildComponents (node_modules/@angular/core/fesm2022/core.mjs:12943:9)
      at renderView (node_modules/@angular/core/fesm2022/core.mjs:12923:13)
      at ComponentFactory2.create (node_modules/@angular/core/fesm2022/core.mjs:17959:17)
      at initComponent (node_modules/@angular/core/fesm2022/testing.mjs:2053:51)
      at _ZoneDelegate.invoke (node_modules/zone.js/bundles/zone.umd.js:410:32)
      at Object.onInvoke (node_modules/@angular/core/fesm2022/core.mjs:6579:33)
      at _ZoneDelegate.invoke (node_modules/zone.js/bundles/zone.umd.js:409:38)
      at ZoneImpl.run (node_modules/zone.js/bundles/zone.umd.js:145:47)
      at NgZone.run (node_modules/@angular/core/fesm2022/core.mjs:6425:28)
      at _TestBedImpl.createComponent (node_modules/@angular/core/fesm2022/testing.mjs:2058:41)
      at _TestBedImpl.createComponent (node_modules/@angular/core/fesm2022/testing.mjs:1844:37)
      at src/app/ui/pages/studio/toolbar-dialog/field-measuring/field-measuring.component.spec.ts:128:23

    console.error
      NG0304: 'app-temperature-calculation' is not a known element (used in the 'FieldMeasuringComponent' component template):
      1. If 'app-temperature-calculation' is an Angular component, then verify that it is included in the '@Component.imports' of this component.
      2. If 'app-temperature-calculation' is a Web Component then add 'CUSTOM_ELEMENTS_SCHEMA' to the '@Component.schemas' of this component to suppress this message.

      at validateElementIsKnown (node_modules/@angular/core/fesm2022/core.mjs:11182:25)
      at ɵɵelementStart (node_modules/@angular/core/fesm2022/core.mjs:27876:9)
      at FieldMeasuringComponent_Template (ng:/FieldMeasuringComponent.js:179:49)
      at executeTemplate (node_modules/@angular/core/fesm2022/core.mjs:12389:9)
      at renderView (node_modules/@angular/core/fesm2022/core.mjs:12895:13)
      at renderComponent (node_modules/@angular/core/fesm2022/core.mjs:12840:5)
      at renderChildComponents (node_modules/@angular/core/fesm2022/core.mjs:12943:9)
      at renderView (node_modules/@angular/core/fesm2022/core.mjs:12923:13)
      at ComponentFactory2.create (node_modules/@angular/core/fesm2022/core.mjs:17959:17)
      at initComponent (node_modules/@angular/core/fesm2022/testing.mjs:2053:51)
      at _ZoneDelegate.invoke (node_modules/zone.js/bundles/zone.umd.js:410:32)
      at Object.onInvoke (node_modules/@angular/core/fesm2022/core.mjs:6579:33)
      at _ZoneDelegate.invoke (node_modules/zone.js/bundles/zone.umd.js:409:38)
      at ZoneImpl.run (node_modules/zone.js/bundles/zone.umd.js:145:47)
      at NgZone.run (node_modules/@angular/core/fesm2022/core.mjs:6425:28)
      at _TestBedImpl.createComponent (node_modules/@angular/core/fesm2022/testing.mjs:2058:41)
      at _TestBedImpl.createComponent (node_modules/@angular/core/fesm2022/testing.mjs:1844:37)
      at src/app/ui/pages/studio/toolbar-dialog/field-measuring/field-measuring.component.spec.ts:128:23

    console.error
      NG0304: 'p-tabpanel' is not a known element (used in the 'FieldMeasuringComponent' component template):
      1. If 'p-tabpanel' is an Angular component, then verify that it is included in the '@Component.imports' of this component.
      2. If 'p-tabpanel' is a Web Component then add 'CUSTOM_ELEMENTS_SCHEMA' to the '@Component.schemas' of this component to suppress this message.

      at validateElementIsKnown (node_modules/@angular/core/fesm2022/core.mjs:11182:25)
      at ɵɵelementStart (node_modules/@angular/core/fesm2022/core.mjs:27876:9)
      at FieldMeasuringComponent_Template (ng:/FieldMeasuringComponent.js:187:9)
      at executeTemplate (node_modules/@angular/core/fesm2022/core.mjs:12389:9)
      at renderView (node_modules/@angular/core/fesm2022/core.mjs:12895:13)
      at renderComponent (node_modules/@angular/core/fesm2022/core.mjs:12840:5)
      at renderChildComponents (node_modules/@angular/core/fesm2022/core.mjs:12943:9)
      at renderView (node_modules/@angular/core/fesm2022/core.mjs:12923:13)
      at ComponentFactory2.create (node_modules/@angular/core/fesm2022/core.mjs:17959:17)
      at initComponent (node_modules/@angular/core/fesm2022/testing.mjs:2053:51)
      at _ZoneDelegate.invoke (node_modules/zone.js/bundles/zone.umd.js:410:32)
      at Object.onInvoke (node_modules/@angular/core/fesm2022/core.mjs:6579:33)
      at _ZoneDelegate.invoke (node_modules/zone.js/bundles/zone.umd.js:409:38)
      at ZoneImpl.run (node_modules/zone.js/bundles/zone.umd.js:145:47)
      at NgZone.run (node_modules/@angular/core/fesm2022/core.mjs:6425:28)
      at _TestBedImpl.createComponent (node_modules/@angular/core/fesm2022/testing.mjs:2058:41)
      at _TestBedImpl.createComponent (node_modules/@angular/core/fesm2022/testing.mjs:1844:37)
      at src/app/ui/pages/studio/toolbar-dialog/field-measuring/field-measuring.component.spec.ts:128:23

    console.error
      NG0304: 'app-parameter-at-15c-without-wind' is not a known element (used in the 'FieldMeasuringComponent' component template):
      1. If 'app-parameter-at-15c-without-wind' is an Angular component, then verify that it is included in the '@Component.imports' of this component.
      2. If 'app-parameter-at-15c-without-wind' is a Web Component then add 'CUSTOM_ELEMENTS_SCHEMA' to the '@Component.schemas' of this component to suppress this message.

      at validateElementIsKnown (node_modules/@angular/core/fesm2022/core.mjs:11182:25)
      at ɵɵelementStart (node_modules/@angular/core/fesm2022/core.mjs:27876:9)
      at FieldMeasuringComponent_Template (ng:/FieldMeasuringComponent.js:187:49)
      at executeTemplate (node_modules/@angular/core/fesm2022/core.mjs:12389:9)
      at renderView (node_modules/@angular/core/fesm2022/core.mjs:12895:13)
      at renderComponent (node_modules/@angular/core/fesm2022/core.mjs:12840:5)
      at renderChildComponents (node_modules/@angular/core/fesm2022/core.mjs:12943:9)
      at renderView (node_modules/@angular/core/fesm2022/core.mjs:12923:13)
      at ComponentFactory2.create (node_modules/@angular/core/fesm2022/core.mjs:17959:17)
      at initComponent (node_modules/@angular/core/fesm2022/testing.mjs:2053:51)
      at _ZoneDelegate.invoke (node_modules/zone.js/bundles/zone.umd.js:410:32)
      at Object.onInvoke (node_modules/@angular/core/fesm2022/core.mjs:6579:33)
      at _ZoneDelegate.invoke (node_modules/zone.js/bundles/zone.umd.js:409:38)
      at ZoneImpl.run (node_modules/zone.js/bundles/zone.umd.js:145:47)
      at NgZone.run (node_modules/@angular/core/fesm2022/core.mjs:6425:28)
      at _TestBedImpl.createComponent (node_modules/@angular/core/fesm2022/testing.mjs:2058:41)
      at _TestBedImpl.createComponent (node_modules/@angular/core/fesm2022/testing.mjs:1844:37)
      at src/app/ui/pages/studio/toolbar-dialog/field-measuring/field-measuring.component.spec.ts:128:23

    console.error
      NG0304: 'p-tabs' is not a known element (used in the 'FieldMeasuringComponent' component template):
      1. If 'p-tabs' is an Angular component, then verify that it is included in the '@Component.imports' of this component.
      2. If 'p-tabs' is a Web Component then add 'CUSTOM_ELEMENTS_SCHEMA' to the '@Component.schemas' of this component to suppress this message.

      at validateElementIsKnown (node_modules/@angular/core/fesm2022/core.mjs:11182:25)
      at ɵɵelementStart (node_modules/@angular/core/fesm2022/core.mjs:27876:9)
      at FieldMeasuringComponent_Template (ng:/FieldMeasuringComponent.js:148:9)
      at executeTemplate (node_modules/@angular/core/fesm2022/core.mjs:12389:9)
      at renderView (node_modules/@angular/core/fesm2022/core.mjs:12895:13)
      at renderComponent (node_modules/@angular/core/fesm2022/core.mjs:12840:5)
      at renderChildComponents (node_modules/@angular/core/fesm2022/core.mjs:12943:9)
      at renderView (node_modules/@angular/core/fesm2022/core.mjs:12923:13)
      at ComponentFactory2.create (node_modules/@angular/core/fesm2022/core.mjs:17959:17)
      at initComponent (node_modules/@angular/core/fesm2022/testing.mjs:2053:51)
      at _ZoneDelegate.invoke (node_modules/zone.js/bundles/zone.umd.js:410:32)
      at Object.onInvoke (node_modules/@angular/core/fesm2022/core.mjs:6579:33)
      at _ZoneDelegate.invoke (node_modules/zone.js/bundles/zone.umd.js:409:38)
      at ZoneImpl.run (node_modules/zone.js/bundles/zone.umd.js:145:47)
      at NgZone.run (node_modules/@angular/core/fesm2022/core.mjs:6425:28)
      at _TestBedImpl.createComponent (node_modules/@angular/core/fesm2022/testing.mjs:2058:41)
      at _TestBedImpl.createComponent (node_modules/@angular/core/fesm2022/testing.mjs:1844:37)
      at src/app/ui/pages/studio/toolbar-dialog/field-measuring/field-measuring.component.spec.ts:128:23

    console.error
      NG0304: 'p-tablist' is not a known element (used in the 'FieldMeasuringComponent' component template):
      1. If 'p-tablist' is an Angular component, then verify that it is included in the '@Component.imports' of this component.
      2. If 'p-tablist' is a Web Component then add 'CUSTOM_ELEMENTS_SCHEMA' to the '@Component.schemas' of this component to suppress this message.

      at validateElementIsKnown (node_modules/@angular/core/fesm2022/core.mjs:11182:25)
      at ɵɵelementStart (node_modules/@angular/core/fesm2022/core.mjs:27876:9)
      at FieldMeasuringComponent_Template (ng:/FieldMeasuringComponent.js:154:9)
      at executeTemplate (node_modules/@angular/core/fesm2022/core.mjs:12389:9)
      at renderView (node_modules/@angular/core/fesm2022/core.mjs:12895:13)
      at renderComponent (node_modules/@angular/core/fesm2022/core.mjs:12840:5)
      at renderChildComponents (node_modules/@angular/core/fesm2022/core.mjs:12943:9)
      at renderView (node_modules/@angular/core/fesm2022/core.mjs:12923:13)
      at ComponentFactory2.create (node_modules/@angular/core/fesm2022/core.mjs:17959:17)
      at initComponent (node_modules/@angular/core/fesm2022/testing.mjs:2053:51)
      at _ZoneDelegate.invoke (node_modules/zone.js/bundles/zone.umd.js:410:32)
      at Object.onInvoke (node_modules/@angular/core/fesm2022/core.mjs:6579:33)
      at _ZoneDelegate.invoke (node_modules/zone.js/bundles/zone.umd.js:409:38)
      at ZoneImpl.run (node_modules/zone.js/bundles/zone.umd.js:145:47)
      at NgZone.run (node_modules/@angular/core/fesm2022/core.mjs:6425:28)
      at _TestBedImpl.createComponent (node_modules/@angular/core/fesm2022/testing.mjs:2058:41)
      at _TestBedImpl.createComponent (node_modules/@angular/core/fesm2022/testing.mjs:1844:37)
      at src/app/ui/pages/studio/toolbar-dialog/field-measuring/field-measuring.component.spec.ts:128:23

    console.error
      NG0304: 'p-tab' is not a known element (used in the 'FieldMeasuringComponent' component template):
      1. If 'p-tab' is an Angular component, then verify that it is included in the '@Component.imports' of this component.
      2. If 'p-tab' is a Web Component then add 'CUSTOM_ELEMENTS_SCHEMA' to the '@Component.schemas' of this component to suppress this message.

      at validateElementIsKnown (node_modules/@angular/core/fesm2022/core.mjs:11182:25)
      at ɵɵelementStart (node_modules/@angular/core/fesm2022/core.mjs:27876:9)
      at FieldMeasuringComponent_Template (ng:/FieldMeasuringComponent.js:154:44)
      at executeTemplate (node_modules/@angular/core/fesm2022/core.mjs:12389:9)
      at renderView (node_modules/@angular/core/fesm2022/core.mjs:12895:13)
      at renderComponent (node_modules/@angular/core/fesm2022/core.mjs:12840:5)
      at renderChildComponents (node_modules/@angular/core/fesm2022/core.mjs:12943:9)
      at renderView (node_modules/@angular/core/fesm2022/core.mjs:12923:13)
      at ComponentFactory2.create (node_modules/@angular/core/fesm2022/core.mjs:17959:17)
      at initComponent (node_modules/@angular/core/fesm2022/testing.mjs:2053:51)
      at _ZoneDelegate.invoke (node_modules/zone.js/bundles/zone.umd.js:410:32)
      at Object.onInvoke (node_modules/@angular/core/fesm2022/core.mjs:6579:33)
      at _ZoneDelegate.invoke (node_modules/zone.js/bundles/zone.umd.js:409:38)
      at ZoneImpl.run (node_modules/zone.js/bundles/zone.umd.js:145:47)
      at NgZone.run (node_modules/@angular/core/fesm2022/core.mjs:6425:28)
      at _TestBedImpl.createComponent (node_modules/@angular/core/fesm2022/testing.mjs:2058:41)
      at _TestBedImpl.createComponent (node_modules/@angular/core/fesm2022/testing.mjs:1844:37)
      at src/app/ui/pages/studio/toolbar-dialog/field-measuring/field-measuring.component.spec.ts:128:23

    console.error
      NG0304: 'p-tab' is not a known element (used in the 'FieldMeasuringComponent' component template):
      1. If 'p-tab' is an Angular component, then verify that it is included in the '@Component.imports' of this component.
      2. If 'p-tab' is a Web Component then add 'CUSTOM_ELEMENTS_SCHEMA' to the '@Component.schemas' of this component to suppress this message.

      at validateElementIsKnown (node_modules/@angular/core/fesm2022/core.mjs:11182:25)
      at ɵɵelementStart (node_modules/@angular/core/fesm2022/core.mjs:27876:9)
      at FieldMeasuringComponent_Template (ng:/FieldMeasuringComponent.js:157:9)
      at executeTemplate (node_modules/@angular/core/fesm2022/core.mjs:12389:9)
      at renderView (node_modules/@angular/core/fesm2022/core.mjs:12895:13)
      at renderComponent (node_modules/@angular/core/fesm2022/core.mjs:12840:5)
      at renderChildComponents (node_modules/@angular/core/fesm2022/core.mjs:12943:9)
      at renderView (node_modules/@angular/core/fesm2022/core.mjs:12923:13)
      at ComponentFactory2.create (node_modules/@angular/core/fesm2022/core.mjs:17959:17)
      at initComponent (node_modules/@angular/core/fesm2022/testing.mjs:2053:51)
      at _ZoneDelegate.invoke (node_modules/zone.js/bundles/zone.umd.js:410:32)
      at Object.onInvoke (node_modules/@angular/core/fesm2022/core.mjs:6579:33)
      at _ZoneDelegate.invoke (node_modules/zone.js/bundles/zone.umd.js:409:38)
      at ZoneImpl.run (node_modules/zone.js/bundles/zone.umd.js:145:47)
      at NgZone.run (node_modules/@angular/core/fesm2022/core.mjs:6425:28)
      at _TestBedImpl.createComponent (node_modules/@angular/core/fesm2022/testing.mjs:2058:41)
      at _TestBedImpl.createComponent (node_modules/@angular/core/fesm2022/testing.mjs:1844:37)
      at src/app/ui/pages/studio/toolbar-dialog/field-measuring/field-measuring.component.spec.ts:128:23

    console.error
      NG0304: 'p-tab' is not a known element (used in the 'FieldMeasuringComponent' component template):
      1. If 'p-tab' is an Angular component, then verify that it is included in the '@Component.imports' of this component.
      2. If 'p-tab' is a Web Component then add 'CUSTOM_ELEMENTS_SCHEMA' to the '@Component.schemas' of this component to suppress this message.

      at validateElementIsKnown (node_modules/@angular/core/fesm2022/core.mjs:11182:25)
      at ɵɵelementStart (node_modules/@angular/core/fesm2022/core.mjs:27876:9)
      at FieldMeasuringComponent_Template (ng:/FieldMeasuringComponent.js:160:9)
      at executeTemplate (node_modules/@angular/core/fesm2022/core.mjs:12389:9)
      at renderView (node_modules/@angular/core/fesm2022/core.mjs:12895:13)
      at renderComponent (node_modules/@angular/core/fesm2022/core.mjs:12840:5)
      at renderChildComponents (node_modules/@angular/core/fesm2022/core.mjs:12943:9)
      at renderView (node_modules/@angular/core/fesm2022/core.mjs:12923:13)
      at ComponentFactory2.create (node_modules/@angular/core/fesm2022/core.mjs:17959:17)
      at initComponent (node_modules/@angular/core/fesm2022/testing.mjs:2053:51)
      at _ZoneDelegate.invoke (node_modules/zone.js/bundles/zone.umd.js:410:32)
      at Object.onInvoke (node_modules/@angular/core/fesm2022/core.mjs:6579:33)
      at _ZoneDelegate.invoke (node_modules/zone.js/bundles/zone.umd.js:409:38)
      at ZoneImpl.run (node_modules/zone.js/bundles/zone.umd.js:145:47)
      at NgZone.run (node_modules/@angular/core/fesm2022/core.mjs:6425:28)
      at _TestBedImpl.createComponent (node_modules/@angular/core/fesm2022/testing.mjs:2058:41)
      at _TestBedImpl.createComponent (node_modules/@angular/core/fesm2022/testing.mjs:1844:37)
      at src/app/ui/pages/studio/toolbar-dialog/field-measuring/field-measuring.component.spec.ts:128:23

    console.error
      NG0304: 'p-tab' is not a known element (used in the 'FieldMeasuringComponent' component template):
      1. If 'p-tab' is an Angular component, then verify that it is included in the '@Component.imports' of this component.
      2. If 'p-tab' is a Web Component then add 'CUSTOM_ELEMENTS_SCHEMA' to the '@Component.schemas' of this component to suppress this message.

      at validateElementIsKnown (node_modules/@angular/core/fesm2022/core.mjs:11182:25)
      at ɵɵelementStart (node_modules/@angular/core/fesm2022/core.mjs:27876:9)
      at FieldMeasuringComponent_Template (ng:/FieldMeasuringComponent.js:163:9)
      at executeTemplate (node_modules/@angular/core/fesm2022/core.mjs:12389:9)
      at renderView (node_modules/@angular/core/fesm2022/core.mjs:12895:13)
      at renderComponent (node_modules/@angular/core/fesm2022/core.mjs:12840:5)
      at renderChildComponents (node_modules/@angular/core/fesm2022/core.mjs:12943:9)
      at renderView (node_modules/@angular/core/fesm2022/core.mjs:12923:13)
      at ComponentFactory2.create (node_modules/@angular/core/fesm2022/core.mjs:17959:17)
      at initComponent (node_modules/@angular/core/fesm2022/testing.mjs:2053:51)
      at _ZoneDelegate.invoke (node_modules/zone.js/bundles/zone.umd.js:410:32)
      at Object.onInvoke (node_modules/@angular/core/fesm2022/core.mjs:6579:33)
      at _ZoneDelegate.invoke (node_modules/zone.js/bundles/zone.umd.js:409:38)
      at ZoneImpl.run (node_modules/zone.js/bundles/zone.umd.js:145:47)
      at NgZone.run (node_modules/@angular/core/fesm2022/core.mjs:6425:28)
      at _TestBedImpl.createComponent (node_modules/@angular/core/fesm2022/testing.mjs:2058:41)
      at _TestBedImpl.createComponent (node_modules/@angular/core/fesm2022/testing.mjs:1844:37)
      at src/app/ui/pages/studio/toolbar-dialog/field-measuring/field-measuring.component.spec.ts:128:23

    console.error
      NG0304: 'p-tabpanel' is not a known element (used in the 'FieldMeasuringComponent' component template):
      1. If 'p-tabpanel' is an Angular component, then verify that it is included in the '@Component.imports' of this component.
      2. If 'p-tabpanel' is a Web Component then add 'CUSTOM_ELEMENTS_SCHEMA' to the '@Component.schemas' of this component to suppress this message.

      at validateElementIsKnown (node_modules/@angular/core/fesm2022/core.mjs:11182:25)
      at ɵɵelementStart (node_modules/@angular/core/fesm2022/core.mjs:27876:9)
      at FieldMeasuringComponent_Template (ng:/FieldMeasuringComponent.js:166:9)
      at executeTemplate (node_modules/@angular/core/fesm2022/core.mjs:12389:9)
      at renderView (node_modules/@angular/core/fesm2022/core.mjs:12895:13)
      at renderComponent (node_modules/@angular/core/fesm2022/core.mjs:12840:5)
      at renderChildComponents (node_modules/@angular/core/fesm2022/core.mjs:12943:9)
      at renderView (node_modules/@angular/core/fesm2022/core.mjs:12923:13)
      at ComponentFactory2.create (node_modules/@angular/core/fesm2022/core.mjs:17959:17)
      at initComponent (node_modules/@angular/core/fesm2022/testing.mjs:2053:51)
      at _ZoneDelegate.invoke (node_modules/zone.js/bundles/zone.umd.js:410:32)
      at Object.onInvoke (node_modules/@angular/core/fesm2022/core.mjs:6579:33)
      at _ZoneDelegate.invoke (node_modules/zone.js/bundles/zone.umd.js:409:38)
      at ZoneImpl.run (node_modules/zone.js/bundles/zone.umd.js:145:47)
      at NgZone.run (node_modules/@angular/core/fesm2022/core.mjs:6425:28)
      at _TestBedImpl.createComponent (node_modules/@angular/core/fesm2022/testing.mjs:2058:41)
      at _TestBedImpl.createComponent (node_modules/@angular/core/fesm2022/testing.mjs:1844:37)
      at src/app/ui/pages/studio/toolbar-dialog/field-measuring/field-measuring.component.spec.ts:128:23

    console.error
      NG0304: 'p-tabpanel' is not a known element (used in the 'FieldMeasuringComponent' component template):
      1. If 'p-tabpanel' is an Angular component, then verify that it is included in the '@Component.imports' of this component.
      2. If 'p-tabpanel' is a Web Component then add 'CUSTOM_ELEMENTS_SCHEMA' to the '@Component.schemas' of this component to suppress this message.

      at validateElementIsKnown (node_modules/@angular/core/fesm2022/core.mjs:11182:25)
      at ɵɵelementStart (node_modules/@angular/core/fesm2022/core.mjs:27876:9)
      at FieldMeasuringComponent_Template (ng:/FieldMeasuringComponent.js:172:9)
      at executeTemplate (node_modules/@angular/core/fesm2022/core.mjs:12389:9)
      at renderView (node_modules/@angular/core/fesm2022/core.mjs:12895:13)
      at renderComponent (node_modules/@angular/core/fesm2022/core.mjs:12840:5)
      at renderChildComponents (node_modules/@angular/core/fesm2022/core.mjs:12943:9)
      at renderView (node_modules/@angular/core/fesm2022/core.mjs:12923:13)
      at ComponentFactory2.create (node_modules/@angular/core/fesm2022/core.mjs:17959:17)
      at initComponent (node_modules/@angular/core/fesm2022/testing.mjs:2053:51)
      at _ZoneDelegate.invoke (node_modules/zone.js/bundles/zone.umd.js:410:32)
      at Object.onInvoke (node_modules/@angular/core/fesm2022/core.mjs:6579:33)
      at _ZoneDelegate.invoke (node_modules/zone.js/bundles/zone.umd.js:409:38)
      at ZoneImpl.run (node_modules/zone.js/bundles/zone.umd.js:145:47)
      at NgZone.run (node_modules/@angular/core/fesm2022/core.mjs:6425:28)
      at _TestBedImpl.createComponent (node_modules/@angular/core/fesm2022/testing.mjs:2058:41)
      at _TestBedImpl.createComponent (node_modules/@angular/core/fesm2022/testing.mjs:1844:37)
      at src/app/ui/pages/studio/toolbar-dialog/field-measuring/field-measuring.component.spec.ts:128:23

    console.error
      NG0304: 'p-tabpanel' is not a known element (used in the 'FieldMeasuringComponent' component template):
      1. If 'p-tabpanel' is an Angular component, then verify that it is included in the '@Component.imports' of this component.
      2. If 'p-tabpanel' is a Web Component then add 'CUSTOM_ELEMENTS_SCHEMA' to the '@Component.schemas' of this component to suppress this message.

      at validateElementIsKnown (node_modules/@angular/core/fesm2022/core.mjs:11182:25)
      at ɵɵelementStart (node_modules/@angular/core/fesm2022/core.mjs:27876:9)
      at FieldMeasuringComponent_Template (ng:/FieldMeasuringComponent.js:179:9)
      at executeTemplate (node_modules/@angular/core/fesm2022/core.mjs:12389:9)
      at renderView (node_modules/@angular/core/fesm2022/core.mjs:12895:13)
      at renderComponent (node_modules/@angular/core/fesm2022/core.mjs:12840:5)
      at renderChildComponents (node_modules/@angular/core/fesm2022/core.mjs:12943:9)
      at renderView (node_modules/@angular/core/fesm2022/core.mjs:12923:13)
      at ComponentFactory2.create (node_modules/@angular/core/fesm2022/core.mjs:17959:17)
      at initComponent (node_modules/@angular/core/fesm2022/testing.mjs:2053:51)
      at _ZoneDelegate.invoke (node_modules/zone.js/bundles/zone.umd.js:410:32)
      at Object.onInvoke (node_modules/@angular/core/fesm2022/core.mjs:6579:33)
      at _ZoneDelegate.invoke (node_modules/zone.js/bundles/zone.umd.js:409:38)
      at ZoneImpl.run (node_modules/zone.js/bundles/zone.umd.js:145:47)
      at NgZone.run (node_modules/@angular/core/fesm2022/core.mjs:6425:28)
      at _TestBedImpl.createComponent (node_modules/@angular/core/fesm2022/testing.mjs:2058:41)
      at _TestBedImpl.createComponent (node_modules/@angular/core/fesm2022/testing.mjs:1844:37)
      at src/app/ui/pages/studio/toolbar-dialog/field-measuring/field-measuring.component.spec.ts:128:23

    console.error
      NG0304: 'app-temperature-calculation' is not a known element (used in the 'FieldMeasuringComponent' component template):
      1. If 'app-temperature-calculation' is an Angular component, then verify that it is included in the '@Component.imports' of this component.
      2. If 'app-temperature-calculation' is a Web Component then add 'CUSTOM_ELEMENTS_SCHEMA' to the '@Component.schemas' of this component to suppress this message.

      at validateElementIsKnown (node_modules/@angular/core/fesm2022/core.mjs:11182:25)
      at ɵɵelementStart (node_modules/@angular/core/fesm2022/core.mjs:27876:9)
      at FieldMeasuringComponent_Template (ng:/FieldMeasuringComponent.js:179:49)
      at executeTemplate (node_modules/@angular/core/fesm2022/core.mjs:12389:9)
      at renderView (node_modules/@angular/core/fesm2022/core.mjs:12895:13)
      at renderComponent (node_modules/@angular/core/fesm2022/core.mjs:12840:5)
      at renderChildComponents (node_modules/@angular/core/fesm2022/core.mjs:12943:9)
      at renderView (node_modules/@angular/core/fesm2022/core.mjs:12923:13)
      at ComponentFactory2.create (node_modules/@angular/core/fesm2022/core.mjs:17959:17)
      at initComponent (node_modules/@angular/core/fesm2022/testing.mjs:2053:51)
      at _ZoneDelegate.invoke (node_modules/zone.js/bundles/zone.umd.js:410:32)
      at Object.onInvoke (node_modules/@angular/core/fesm2022/core.mjs:6579:33)
      at _ZoneDelegate.invoke (node_modules/zone.js/bundles/zone.umd.js:409:38)
      at ZoneImpl.run (node_modules/zone.js/bundles/zone.umd.js:145:47)
      at NgZone.run (node_modules/@angular/core/fesm2022/core.mjs:6425:28)
      at _TestBedImpl.createComponent (node_modules/@angular/core/fesm2022/testing.mjs:2058:41)
      at _TestBedImpl.createComponent (node_modules/@angular/core/fesm2022/testing.mjs:1844:37)
      at src/app/ui/pages/studio/toolbar-dialog/field-measuring/field-measuring.component.spec.ts:128:23

    console.error
      NG0304: 'p-tabpanel' is not a known element (used in the 'FieldMeasuringComponent' component template):
      1. If 'p-tabpanel' is an Angular component, then verify that it is included in the '@Component.imports' of this component.
      2. If 'p-tabpanel' is a Web Component then add 'CUSTOM_ELEMENTS_SCHEMA' to the '@Component.schemas' of this component to suppress this message.

      at validateElementIsKnown (node_modules/@angular/core/fesm2022/core.mjs:11182:25)
      at ɵɵelementStart (node_modules/@angular/core/fesm2022/core.mjs:27876:9)
      at FieldMeasuringComponent_Template (ng:/FieldMeasuringComponent.js:187:9)
      at executeTemplate (node_modules/@angular/core/fesm2022/core.mjs:12389:9)
      at renderView (node_modules/@angular/core/fesm2022/core.mjs:12895:13)
      at renderComponent (node_modules/@angular/core/fesm2022/core.mjs:12840:5)
      at renderChildComponents (node_modules/@angular/core/fesm2022/core.mjs:12943:9)
      at renderView (node_modules/@angular/core/fesm2022/core.mjs:12923:13)
      at ComponentFactory2.create (node_modules/@angular/core/fesm2022/core.mjs:17959:17)
      at initComponent (node_modules/@angular/core/fesm2022/testing.mjs:2053:51)
      at _ZoneDelegate.invoke (node_modules/zone.js/bundles/zone.umd.js:410:32)
      at Object.onInvoke (node_modules/@angular/core/fesm2022/core.mjs:6579:33)
      at _ZoneDelegate.invoke (node_modules/zone.js/bundles/zone.umd.js:409:38)
      at ZoneImpl.run (node_modules/zone.js/bundles/zone.umd.js:145:47)
      at NgZone.run (node_modules/@angular/core/fesm2022/core.mjs:6425:28)
      at _TestBedImpl.createComponent (node_modules/@angular/core/fesm2022/testing.mjs:2058:41)
      at _TestBedImpl.createComponent (node_modules/@angular/core/fesm2022/testing.mjs:1844:37)
      at src/app/ui/pages/studio/toolbar-dialog/field-measuring/field-measuring.component.spec.ts:128:23

    console.error
      NG0304: 'app-parameter-at-15c-without-wind' is not a known element (used in the 'FieldMeasuringComponent' component template):
      1. If 'app-parameter-at-15c-without-wind' is an Angular component, then verify that it is included in the '@Component.imports' of this component.
      2. If 'app-parameter-at-15c-without-wind' is a Web Component then add 'CUSTOM_ELEMENTS_SCHEMA' to the '@Component.schemas' of this component to suppress this message.

      at validateElementIsKnown (node_modules/@angular/core/fesm2022/core.mjs:11182:25)
      at ɵɵelementStart (node_modules/@angular/core/fesm2022/core.mjs:27876:9)
      at FieldMeasuringComponent_Template (ng:/FieldMeasuringComponent.js:187:49)
      at executeTemplate (node_modules/@angular/core/fesm2022/core.mjs:12389:9)
      at renderView (node_modules/@angular/core/fesm2022/core.mjs:12895:13)
      at renderComponent (node_modules/@angular/core/fesm2022/core.mjs:12840:5)
      at renderChildComponents (node_modules/@angular/core/fesm2022/core.mjs:12943:9)
      at renderView (node_modules/@angular/core/fesm2022/core.mjs:12923:13)
      at ComponentFactory2.create (node_modules/@angular/core/fesm2022/core.mjs:17959:17)
      at initComponent (node_modules/@angular/core/fesm2022/testing.mjs:2053:51)
      at _ZoneDelegate.invoke (node_modules/zone.js/bundles/zone.umd.js:410:32)
      at Object.onInvoke (node_modules/@angular/core/fesm2022/core.mjs:6579:33)
      at _ZoneDelegate.invoke (node_modules/zone.js/bundles/zone.umd.js:409:38)
      at ZoneImpl.run (node_modules/zone.js/bundles/zone.umd.js:145:47)
      at NgZone.run (node_modules/@angular/core/fesm2022/core.mjs:6425:28)
      at _TestBedImpl.createComponent (node_modules/@angular/core/fesm2022/testing.mjs:2058:41)
      at _TestBedImpl.createComponent (node_modules/@angular/core/fesm2022/testing.mjs:1844:37)
      at src/app/ui/pages/studio/toolbar-dialog/field-measuring/field-measuring.component.spec.ts:128:23

    console.error
      NG0304: 'p-tabs' is not a known element (used in the 'FieldMeasuringComponent' component template):
      1. If 'p-tabs' is an Angular component, then verify that it is included in the '@Component.imports' of this component.
      2. If 'p-tabs' is a Web Component then add 'CUSTOM_ELEMENTS_SCHEMA' to the '@Component.schemas' of this component to suppress this message.

      at validateElementIsKnown (node_modules/@angular/core/fesm2022/core.mjs:11182:25)
      at ɵɵelementStart (node_modules/@angular/core/fesm2022/core.mjs:27876:9)
      at FieldMeasuringComponent_Template (ng:/FieldMeasuringComponent.js:148:9)
      at executeTemplate (node_modules/@angular/core/fesm2022/core.mjs:12389:9)
      at renderView (node_modules/@angular/core/fesm2022/core.mjs:12895:13)
      at renderComponent (node_modules/@angular/core/fesm2022/core.mjs:12840:5)
      at renderChildComponents (node_modules/@angular/core/fesm2022/core.mjs:12943:9)
      at renderView (node_modules/@angular/core/fesm2022/core.mjs:12923:13)
      at ComponentFactory2.create (node_modules/@angular/core/fesm2022/core.mjs:17959:17)
      at initComponent (node_modules/@angular/core/fesm2022/testing.mjs:2053:51)
      at _ZoneDelegate.invoke (node_modules/zone.js/bundles/zone.umd.js:410:32)
      at Object.onInvoke (node_modules/@angular/core/fesm2022/core.mjs:6579:33)
      at _ZoneDelegate.invoke (node_modules/zone.js/bundles/zone.umd.js:409:38)
      at ZoneImpl.run (node_modules/zone.js/bundles/zone.umd.js:145:47)
      at NgZone.run (node_modules/@angular/core/fesm2022/core.mjs:6425:28)
      at _TestBedImpl.createComponent (node_modules/@angular/core/fesm2022/testing.mjs:2058:41)
      at _TestBedImpl.createComponent (node_modules/@angular/core/fesm2022/testing.mjs:1844:37)
      at src/app/ui/pages/studio/toolbar-dialog/field-measuring/field-measuring.component.spec.ts:128:23

    console.error
      NG0304: 'p-tablist' is not a known element (used in the 'FieldMeasuringComponent' component template):
      1. If 'p-tablist' is an Angular component, then verify that it is included in the '@Component.imports' of this component.
      2. If 'p-tablist' is a Web Component then add 'CUSTOM_ELEMENTS_SCHEMA' to the '@Component.schemas' of this component to suppress this message.

      at validateElementIsKnown (node_modules/@angular/core/fesm2022/core.mjs:11182:25)
      at ɵɵelementStart (node_modules/@angular/core/fesm2022/core.mjs:27876:9)
      at FieldMeasuringComponent_Template (ng:/FieldMeasuringComponent.js:154:9)
      at executeTemplate (node_modules/@angular/core/fesm2022/core.mjs:12389:9)
      at renderView (node_modules/@angular/core/fesm2022/core.mjs:12895:13)
      at renderComponent (node_modules/@angular/core/fesm2022/core.mjs:12840:5)
      at renderChildComponents (node_modules/@angular/core/fesm2022/core.mjs:12943:9)
      at renderView (node_modules/@angular/core/fesm2022/core.mjs:12923:13)
      at ComponentFactory2.create (node_modules/@angular/core/fesm2022/core.mjs:17959:17)
      at initComponent (node_modules/@angular/core/fesm2022/testing.mjs:2053:51)
      at _ZoneDelegate.invoke (node_modules/zone.js/bundles/zone.umd.js:410:32)
      at Object.onInvoke (node_modules/@angular/core/fesm2022/core.mjs:6579:33)
      at _ZoneDelegate.invoke (node_modules/zone.js/bundles/zone.umd.js:409:38)
      at ZoneImpl.run (node_modules/zone.js/bundles/zone.umd.js:145:47)
      at NgZone.run (node_modules/@angular/core/fesm2022/core.mjs:6425:28)
      at _TestBedImpl.createComponent (node_modules/@angular/core/fesm2022/testing.mjs:2058:41)
      at _TestBedImpl.createComponent (node_modules/@angular/core/fesm2022/testing.mjs:1844:37)
      at src/app/ui/pages/studio/toolbar-dialog/field-measuring/field-measuring.component.spec.ts:128:23

    console.error
      NG0304: 'p-tab' is not a known element (used in the 'FieldMeasuringComponent' component template):
      1. If 'p-tab' is an Angular component, then verify that it is included in the '@Component.imports' of this component.
      2. If 'p-tab' is a Web Component then add 'CUSTOM_ELEMENTS_SCHEMA' to the '@Component.schemas' of this component to suppress this message.

      at validateElementIsKnown (node_modules/@angular/core/fesm2022/core.mjs:11182:25)
      at ɵɵelementStart (node_modules/@angular/core/fesm2022/core.mjs:27876:9)
      at FieldMeasuringComponent_Template (ng:/FieldMeasuringComponent.js:154:44)
      at executeTemplate (node_modules/@angular/core/fesm2022/core.mjs:12389:9)
      at renderView (node_modules/@angular/core/fesm2022/core.mjs:12895:13)
      at renderComponent (node_modules/@angular/core/fesm2022/core.mjs:12840:5)
      at renderChildComponents (node_modules/@angular/core/fesm2022/core.mjs:12943:9)
      at renderView (node_modules/@angular/core/fesm2022/core.mjs:12923:13)
      at ComponentFactory2.create (node_modules/@angular/core/fesm2022/core.mjs:17959:17)
      at initComponent (node_modules/@angular/core/fesm2022/testing.mjs:2053:51)
      at _ZoneDelegate.invoke (node_modules/zone.js/bundles/zone.umd.js:410:32)
      at Object.onInvoke (node_modules/@angular/core/fesm2022/core.mjs:6579:33)
      at _ZoneDelegate.invoke (node_modules/zone.js/bundles/zone.umd.js:409:38)
      at ZoneImpl.run (node_modules/zone.js/bundles/zone.umd.js:145:47)
      at NgZone.run (node_modules/@angular/core/fesm2022/core.mjs:6425:28)
      at _TestBedImpl.createComponent (node_modules/@angular/core/fesm2022/testing.mjs:2058:41)
      at _TestBedImpl.createComponent (node_modules/@angular/core/fesm2022/testing.mjs:1844:37)
      at src/app/ui/pages/studio/toolbar-dialog/field-measuring/field-measuring.component.spec.ts:128:23

    console.error
      NG0304: 'p-tab' is not a known element (used in the 'FieldMeasuringComponent' component template):
      1. If 'p-tab' is an Angular component, then verify that it is included in the '@Component.imports' of this component.
      2. If 'p-tab' is a Web Component then add 'CUSTOM_ELEMENTS_SCHEMA' to the '@Component.schemas' of this component to suppress this message.

      at validateElementIsKnown (node_modules/@angular/core/fesm2022/core.mjs:11182:25)
      at ɵɵelementStart (node_modules/@angular/core/fesm2022/core.mjs:27876:9)
      at FieldMeasuringComponent_Template (ng:/FieldMeasuringComponent.js:157:9)
      at executeTemplate (node_modules/@angular/core/fesm2022/core.mjs:12389:9)
      at renderView (node_modules/@angular/core/fesm2022/core.mjs:12895:13)
      at renderComponent (node_modules/@angular/core/fesm2022/core.mjs:12840:5)
      at renderChildComponents (node_modules/@angular/core/fesm2022/core.mjs:12943:9)
      at renderView (node_modules/@angular/core/fesm2022/core.mjs:12923:13)
      at ComponentFactory2.create (node_modules/@angular/core/fesm2022/core.mjs:17959:17)
      at initComponent (node_modules/@angular/core/fesm2022/testing.mjs:2053:51)
      at _ZoneDelegate.invoke (node_modules/zone.js/bundles/zone.umd.js:410:32)
      at Object.onInvoke (node_modules/@angular/core/fesm2022/core.mjs:6579:33)
      at _ZoneDelegate.invoke (node_modules/zone.js/bundles/zone.umd.js:409:38)
      at ZoneImpl.run (node_modules/zone.js/bundles/zone.umd.js:145:47)
      at NgZone.run (node_modules/@angular/core/fesm2022/core.mjs:6425:28)
      at _TestBedImpl.createComponent (node_modules/@angular/core/fesm2022/testing.mjs:2058:41)
      at _TestBedImpl.createComponent (node_modules/@angular/core/fesm2022/testing.mjs:1844:37)
      at src/app/ui/pages/studio/toolbar-dialog/field-measuring/field-measuring.component.spec.ts:128:23

    console.error
      NG0304: 'p-tab' is not a known element (used in the 'FieldMeasuringComponent' component template):
      1. If 'p-tab' is an Angular component, then verify that it is included in the '@Component.imports' of this component.
      2. If 'p-tab' is a Web Component then add 'CUSTOM_ELEMENTS_SCHEMA' to the '@Component.schemas' of this component to suppress this message.

      at validateElementIsKnown (node_modules/@angular/core/fesm2022/core.mjs:11182:25)
      at ɵɵelementStart (node_modules/@angular/core/fesm2022/core.mjs:27876:9)
      at FieldMeasuringComponent_Template (ng:/FieldMeasuringComponent.js:160:9)
      at executeTemplate (node_modules/@angular/core/fesm2022/core.mjs:12389:9)
      at renderView (node_modules/@angular/core/fesm2022/core.mjs:12895:13)
      at renderComponent (node_modules/@angular/core/fesm2022/core.mjs:12840:5)
      at renderChildComponents (node_modules/@angular/core/fesm2022/core.mjs:12943:9)
      at renderView (node_modules/@angular/core/fesm2022/core.mjs:12923:13)
      at ComponentFactory2.create (node_modules/@angular/core/fesm2022/core.mjs:17959:17)
      at initComponent (node_modules/@angular/core/fesm2022/testing.mjs:2053:51)
      at _ZoneDelegate.invoke (node_modules/zone.js/bundles/zone.umd.js:410:32)
      at Object.onInvoke (node_modules/@angular/core/fesm2022/core.mjs:6579:33)
      at _ZoneDelegate.invoke (node_modules/zone.js/bundles/zone.umd.js:409:38)
      at ZoneImpl.run (node_modules/zone.js/bundles/zone.umd.js:145:47)
      at NgZone.run (node_modules/@angular/core/fesm2022/core.mjs:6425:28)
      at _TestBedImpl.createComponent (node_modules/@angular/core/fesm2022/testing.mjs:2058:41)
      at _TestBedImpl.createComponent (node_modules/@angular/core/fesm2022/testing.mjs:1844:37)
      at src/app/ui/pages/studio/toolbar-dialog/field-measuring/field-measuring.component.spec.ts:128:23

    console.error
      NG0304: 'p-tab' is not a known element (used in the 'FieldMeasuringComponent' component template):
      1. If 'p-tab' is an Angular component, then verify that it is included in the '@Component.imports' of this component.
      2. If 'p-tab' is a Web Component then add 'CUSTOM_ELEMENTS_SCHEMA' to the '@Component.schemas' of this component to suppress this message.

      at validateElementIsKnown (node_modules/@angular/core/fesm2022/core.mjs:11182:25)
      at ɵɵelementStart (node_modules/@angular/core/fesm2022/core.mjs:27876:9)
      at FieldMeasuringComponent_Template (ng:/FieldMeasuringComponent.js:163:9)
      at executeTemplate (node_modules/@angular/core/fesm2022/core.mjs:12389:9)
      at renderView (node_modules/@angular/core/fesm2022/core.mjs:12895:13)
      at renderComponent (node_modules/@angular/core/fesm2022/core.mjs:12840:5)
      at renderChildComponents (node_modules/@angular/core/fesm2022/core.mjs:12943:9)
      at renderView (node_modules/@angular/core/fesm2022/core.mjs:12923:13)
      at ComponentFactory2.create (node_modules/@angular/core/fesm2022/core.mjs:17959:17)
      at initComponent (node_modules/@angular/core/fesm2022/testing.mjs:2053:51)
      at _ZoneDelegate.invoke (node_modules/zone.js/bundles/zone.umd.js:410:32)
      at Object.onInvoke (node_modules/@angular/core/fesm2022/core.mjs:6579:33)
      at _ZoneDelegate.invoke (node_modules/zone.js/bundles/zone.umd.js:409:38)
      at ZoneImpl.run (node_modules/zone.js/bundles/zone.umd.js:145:47)
      at NgZone.run (node_modules/@angular/core/fesm2022/core.mjs:6425:28)
      at _TestBedImpl.createComponent (node_modules/@angular/core/fesm2022/testing.mjs:2058:41)
      at _TestBedImpl.createComponent (node_modules/@angular/core/fesm2022/testing.mjs:1844:37)
      at src/app/ui/pages/studio/toolbar-dialog/field-measuring/field-measuring.component.spec.ts:128:23

    console.error
      NG0304: 'p-tabpanel' is not a known element (used in the 'FieldMeasuringComponent' component template):
      1. If 'p-tabpanel' is an Angular component, then verify that it is included in the '@Component.imports' of this component.
      2. If 'p-tabpanel' is a Web Component then add 'CUSTOM_ELEMENTS_SCHEMA' to the '@Component.schemas' of this component to suppress this message.

      at validateElementIsKnown (node_modules/@angular/core/fesm2022/core.mjs:11182:25)
      at ɵɵelementStart (node_modules/@angular/core/fesm2022/core.mjs:27876:9)
      at FieldMeasuringComponent_Template (ng:/FieldMeasuringComponent.js:166:9)
      at executeTemplate (node_modules/@angular/core/fesm2022/core.mjs:12389:9)
      at renderView (node_modules/@angular/core/fesm2022/core.mjs:12895:13)
      at renderComponent (node_modules/@angular/core/fesm2022/core.mjs:12840:5)
      at renderChildComponents (node_modules/@angular/core/fesm2022/core.mjs:12943:9)
      at renderView (node_modules/@angular/core/fesm2022/core.mjs:12923:13)
      at ComponentFactory2.create (node_modules/@angular/core/fesm2022/core.mjs:17959:17)
      at initComponent (node_modules/@angular/core/fesm2022/testing.mjs:2053:51)
      at _ZoneDelegate.invoke (node_modules/zone.js/bundles/zone.umd.js:410:32)
      at Object.onInvoke (node_modules/@angular/core/fesm2022/core.mjs:6579:33)
      at _ZoneDelegate.invoke (node_modules/zone.js/bundles/zone.umd.js:409:38)
      at ZoneImpl.run (node_modules/zone.js/bundles/zone.umd.js:145:47)
      at NgZone.run (node_modules/@angular/core/fesm2022/core.mjs:6425:28)
      at _TestBedImpl.createComponent (node_modules/@angular/core/fesm2022/testing.mjs:2058:41)
      at _TestBedImpl.createComponent (node_modules/@angular/core/fesm2022/testing.mjs:1844:37)
      at src/app/ui/pages/studio/toolbar-dialog/field-measuring/field-measuring.component.spec.ts:128:23

    console.error
      NG0304: 'p-tabpanel' is not a known element (used in the 'FieldMeasuringComponent' component template):
      1. If 'p-tabpanel' is an Angular component, then verify that it is included in the '@Component.imports' of this component.
      2. If 'p-tabpanel' is a Web Component then add 'CUSTOM_ELEMENTS_SCHEMA' to the '@Component.schemas' of this component to suppress this message.

      at validateElementIsKnown (node_modules/@angular/core/fesm2022/core.mjs:11182:25)
      at ɵɵelementStart (node_modules/@angular/core/fesm2022/core.mjs:27876:9)
      at FieldMeasuringComponent_Template (ng:/FieldMeasuringComponent.js:172:9)
      at executeTemplate (node_modules/@angular/core/fesm2022/core.mjs:12389:9)
      at renderView (node_modules/@angular/core/fesm2022/core.mjs:12895:13)
      at renderComponent (node_modules/@angular/core/fesm2022/core.mjs:12840:5)
      at renderChildComponents (node_modules/@angular/core/fesm2022/core.mjs:12943:9)
      at renderView (node_modules/@angular/core/fesm2022/core.mjs:12923:13)
      at ComponentFactory2.create (node_modules/@angular/core/fesm2022/core.mjs:17959:17)
      at initComponent (node_modules/@angular/core/fesm2022/testing.mjs:2053:51)
      at _ZoneDelegate.invoke (node_modules/zone.js/bundles/zone.umd.js:410:32)
      at Object.onInvoke (node_modules/@angular/core/fesm2022/core.mjs:6579:33)
      at _ZoneDelegate.invoke (node_modules/zone.js/bundles/zone.umd.js:409:38)
      at ZoneImpl.run (node_modules/zone.js/bundles/zone.umd.js:145:47)
      at NgZone.run (node_modules/@angular/core/fesm2022/core.mjs:6425:28)
      at _TestBedImpl.createComponent (node_modules/@angular/core/fesm2022/testing.mjs:2058:41)
      at _TestBedImpl.createComponent (node_modules/@angular/core/fesm2022/testing.mjs:1844:37)
      at src/app/ui/pages/studio/toolbar-dialog/field-measuring/field-measuring.component.spec.ts:128:23

    console.error
      NG0304: 'p-tabpanel' is not a known element (used in the 'FieldMeasuringComponent' component template):
      1. If 'p-tabpanel' is an Angular component, then verify that it is included in the '@Component.imports' of this component.
      2. If 'p-tabpanel' is a Web Component then add 'CUSTOM_ELEMENTS_SCHEMA' to the '@Component.schemas' of this component to suppress this message.

      at validateElementIsKnown (node_modules/@angular/core/fesm2022/core.mjs:11182:25)
      at ɵɵelementStart (node_modules/@angular/core/fesm2022/core.mjs:27876:9)
      at FieldMeasuringComponent_Template (ng:/FieldMeasuringComponent.js:179:9)
      at executeTemplate (node_modules/@angular/core/fesm2022/core.mjs:12389:9)
      at renderView (node_modules/@angular/core/fesm2022/core.mjs:12895:13)
      at renderComponent (node_modules/@angular/core/fesm2022/core.mjs:12840:5)
      at renderChildComponents (node_modules/@angular/core/fesm2022/core.mjs:12943:9)
      at renderView (node_modules/@angular/core/fesm2022/core.mjs:12923:13)
      at ComponentFactory2.create (node_modules/@angular/core/fesm2022/core.mjs:17959:17)
      at initComponent (node_modules/@angular/core/fesm2022/testing.mjs:2053:51)
      at _ZoneDelegate.invoke (node_modules/zone.js/bundles/zone.umd.js:410:32)
      at Object.onInvoke (node_modules/@angular/core/fesm2022/core.mjs:6579:33)
      at _ZoneDelegate.invoke (node_modules/zone.js/bundles/zone.umd.js:409:38)
      at ZoneImpl.run (node_modules/zone.js/bundles/zone.umd.js:145:47)
      at NgZone.run (node_modules/@angular/core/fesm2022/core.mjs:6425:28)
      at _TestBedImpl.createComponent (node_modules/@angular/core/fesm2022/testing.mjs:2058:41)
      at _TestBedImpl.createComponent (node_modules/@angular/core/fesm2022/testing.mjs:1844:37)
      at src/app/ui/pages/studio/toolbar-dialog/field-measuring/field-measuring.component.spec.ts:128:23

    console.error
      NG0304: 'app-temperature-calculation' is not a known element (used in the 'FieldMeasuringComponent' component template):
      1. If 'app-temperature-calculation' is an Angular component, then verify that it is included in the '@Component.imports' of this component.
      2. If 'app-temperature-calculation' is a Web Component then add 'CUSTOM_ELEMENTS_SCHEMA' to the '@Component.schemas' of this component to suppress this message.

      at validateElementIsKnown (node_modules/@angular/core/fesm2022/core.mjs:11182:25)
      at ɵɵelementStart (node_modules/@angular/core/fesm2022/core.mjs:27876:9)
      at FieldMeasuringComponent_Template (ng:/FieldMeasuringComponent.js:179:49)
      at executeTemplate (node_modules/@angular/core/fesm2022/core.mjs:12389:9)
      at renderView (node_modules/@angular/core/fesm2022/core.mjs:12895:13)
      at renderComponent (node_modules/@angular/core/fesm2022/core.mjs:12840:5)
      at renderChildComponents (node_modules/@angular/core/fesm2022/core.mjs:12943:9)
      at renderView (node_modules/@angular/core/fesm2022/core.mjs:12923:13)
      at ComponentFactory2.create (node_modules/@angular/core/fesm2022/core.mjs:17959:17)
      at initComponent (node_modules/@angular/core/fesm2022/testing.mjs:2053:51)
      at _ZoneDelegate.invoke (node_modules/zone.js/bundles/zone.umd.js:410:32)
      at Object.onInvoke (node_modules/@angular/core/fesm2022/core.mjs:6579:33)
      at _ZoneDelegate.invoke (node_modules/zone.js/bundles/zone.umd.js:409:38)
      at ZoneImpl.run (node_modules/zone.js/bundles/zone.umd.js:145:47)
      at NgZone.run (node_modules/@angular/core/fesm2022/core.mjs:6425:28)
      at _TestBedImpl.createComponent (node_modules/@angular/core/fesm2022/testing.mjs:2058:41)
      at _TestBedImpl.createComponent (node_modules/@angular/core/fesm2022/testing.mjs:1844:37)
      at src/app/ui/pages/studio/toolbar-dialog/field-measuring/field-measuring.component.spec.ts:128:23

    console.error
      NG0304: 'p-tabpanel' is not a known element (used in the 'FieldMeasuringComponent' component template):
      1. If 'p-tabpanel' is an Angular component, then verify that it is included in the '@Component.imports' of this component.
      2. If 'p-tabpanel' is a Web Component then add 'CUSTOM_ELEMENTS_SCHEMA' to the '@Component.schemas' of this component to suppress this message.

      at validateElementIsKnown (node_modules/@angular/core/fesm2022/core.mjs:11182:25)
      at ɵɵelementStart (node_modules/@angular/core/fesm2022/core.mjs:27876:9)
      at FieldMeasuringComponent_Template (ng:/FieldMeasuringComponent.js:187:9)
      at executeTemplate (node_modules/@angular/core/fesm2022/core.mjs:12389:9)
      at renderView (node_modules/@angular/core/fesm2022/core.mjs:12895:13)
      at renderComponent (node_modules/@angular/core/fesm2022/core.mjs:12840:5)
      at renderChildComponents (node_modules/@angular/core/fesm2022/core.mjs:12943:9)
      at renderView (node_modules/@angular/core/fesm2022/core.mjs:12923:13)
      at ComponentFactory2.create (node_modules/@angular/core/fesm2022/core.mjs:17959:17)
      at initComponent (node_modules/@angular/core/fesm2022/testing.mjs:2053:51)
      at _ZoneDelegate.invoke (node_modules/zone.js/bundles/zone.umd.js:410:32)
      at Object.onInvoke (node_modules/@angular/core/fesm2022/core.mjs:6579:33)
      at _ZoneDelegate.invoke (node_modules/zone.js/bundles/zone.umd.js:409:38)
      at ZoneImpl.run (node_modules/zone.js/bundles/zone.umd.js:145:47)
      at NgZone.run (node_modules/@angular/core/fesm2022/core.mjs:6425:28)
      at _TestBedImpl.createComponent (node_modules/@angular/core/fesm2022/testing.mjs:2058:41)
      at _TestBedImpl.createComponent (node_modules/@angular/core/fesm2022/testing.mjs:1844:37)
      at src/app/ui/pages/studio/toolbar-dialog/field-measuring/field-measuring.component.spec.ts:128:23

    console.error
      NG0304: 'app-parameter-at-15c-without-wind' is not a known element (used in the 'FieldMeasuringComponent' component template):
      1. If 'app-parameter-at-15c-without-wind' is an Angular component, then verify that it is included in the '@Component.imports' of this component.
      2. If 'app-parameter-at-15c-without-wind' is a Web Component then add 'CUSTOM_ELEMENTS_SCHEMA' to the '@Component.schemas' of this component to suppress this message.

      at validateElementIsKnown (node_modules/@angular/core/fesm2022/core.mjs:11182:25)
      at ɵɵelementStart (node_modules/@angular/core/fesm2022/core.mjs:27876:9)
      at FieldMeasuringComponent_Template (ng:/FieldMeasuringComponent.js:187:49)
      at executeTemplate (node_modules/@angular/core/fesm2022/core.mjs:12389:9)
      at renderView (node_modules/@angular/core/fesm2022/core.mjs:12895:13)
      at renderComponent (node_modules/@angular/core/fesm2022/core.mjs:12840:5)
      at renderChildComponents (node_modules/@angular/core/fesm2022/core.mjs:12943:9)
      at renderView (node_modules/@angular/core/fesm2022/core.mjs:12923:13)
      at ComponentFactory2.create (node_modules/@angular/core/fesm2022/core.mjs:17959:17)
      at initComponent (node_modules/@angular/core/fesm2022/testing.mjs:2053:51)
      at _ZoneDelegate.invoke (node_modules/zone.js/bundles/zone.umd.js:410:32)
      at Object.onInvoke (node_modules/@angular/core/fesm2022/core.mjs:6579:33)
      at _ZoneDelegate.invoke (node_modules/zone.js/bundles/zone.umd.js:409:38)
      at ZoneImpl.run (node_modules/zone.js/bundles/zone.umd.js:145:47)
      at NgZone.run (node_modules/@angular/core/fesm2022/core.mjs:6425:28)
      at _TestBedImpl.createComponent (node_modules/@angular/core/fesm2022/testing.mjs:2058:41)
      at _TestBedImpl.createComponent (node_modules/@angular/core/fesm2022/testing.mjs:1844:37)
      at src/app/ui/pages/studio/toolbar-dialog/field-measuring/field-measuring.component.spec.ts:128:23

    console.error
      NG0304: 'p-tabs' is not a known element (used in the 'FieldMeasuringComponent' component template):
      1. If 'p-tabs' is an Angular component, then verify that it is included in the '@Component.imports' of this component.
      2. If 'p-tabs' is a Web Component then add 'CUSTOM_ELEMENTS_SCHEMA' to the '@Component.schemas' of this component to suppress this message.

      at validateElementIsKnown (node_modules/@angular/core/fesm2022/core.mjs:11182:25)
      at ɵɵelementStart (node_modules/@angular/core/fesm2022/core.mjs:27876:9)
      at FieldMeasuringComponent_Template (ng:/FieldMeasuringComponent.js:148:9)
      at executeTemplate (node_modules/@angular/core/fesm2022/core.mjs:12389:9)
      at renderView (node_modules/@angular/core/fesm2022/core.mjs:12895:13)
      at renderComponent (node_modules/@angular/core/fesm2022/core.mjs:12840:5)
      at renderChildComponents (node_modules/@angular/core/fesm2022/core.mjs:12943:9)
      at renderView (node_modules/@angular/core/fesm2022/core.mjs:12923:13)
      at ComponentFactory2.create (node_modules/@angular/core/fesm2022/core.mjs:17959:17)
      at initComponent (node_modules/@angular/core/fesm2022/testing.mjs:2053:51)
      at _ZoneDelegate.invoke (node_modules/zone.js/bundles/zone.umd.js:410:32)
      at Object.onInvoke (node_modules/@angular/core/fesm2022/core.mjs:6579:33)
      at _ZoneDelegate.invoke (node_modules/zone.js/bundles/zone.umd.js:409:38)
      at ZoneImpl.run (node_modules/zone.js/bundles/zone.umd.js:145:47)
      at NgZone.run (node_modules/@angular/core/fesm2022/core.mjs:6425:28)
      at _TestBedImpl.createComponent (node_modules/@angular/core/fesm2022/testing.mjs:2058:41)
      at _TestBedImpl.createComponent (node_modules/@angular/core/fesm2022/testing.mjs:1844:37)
      at src/app/ui/pages/studio/toolbar-dialog/field-measuring/field-measuring.component.spec.ts:128:23

    console.error
      NG0304: 'p-tablist' is not a known element (used in the 'FieldMeasuringComponent' component template):
      1. If 'p-tablist' is an Angular component, then verify that it is included in the '@Component.imports' of this component.
      2. If 'p-tablist' is a Web Component then add 'CUSTOM_ELEMENTS_SCHEMA' to the '@Component.schemas' of this component to suppress this message.

      at validateElementIsKnown (node_modules/@angular/core/fesm2022/core.mjs:11182:25)
      at ɵɵelementStart (node_modules/@angular/core/fesm2022/core.mjs:27876:9)
      at FieldMeasuringComponent_Template (ng:/FieldMeasuringComponent.js:154:9)
      at executeTemplate (node_modules/@angular/core/fesm2022/core.mjs:12389:9)
      at renderView (node_modules/@angular/core/fesm2022/core.mjs:12895:13)
      at renderComponent (node_modules/@angular/core/fesm2022/core.mjs:12840:5)
      at renderChildComponents (node_modules/@angular/core/fesm2022/core.mjs:12943:9)
      at renderView (node_modules/@angular/core/fesm2022/core.mjs:12923:13)
      at ComponentFactory2.create (node_modules/@angular/core/fesm2022/core.mjs:17959:17)
      at initComponent (node_modules/@angular/core/fesm2022/testing.mjs:2053:51)
      at _ZoneDelegate.invoke (node_modules/zone.js/bundles/zone.umd.js:410:32)
      at Object.onInvoke (node_modules/@angular/core/fesm2022/core.mjs:6579:33)
      at _ZoneDelegate.invoke (node_modules/zone.js/bundles/zone.umd.js:409:38)
      at ZoneImpl.run (node_modules/zone.js/bundles/zone.umd.js:145:47)
      at NgZone.run (node_modules/@angular/core/fesm2022/core.mjs:6425:28)
      at _TestBedImpl.createComponent (node_modules/@angular/core/fesm2022/testing.mjs:2058:41)
      at _TestBedImpl.createComponent (node_modules/@angular/core/fesm2022/testing.mjs:1844:37)
      at src/app/ui/pages/studio/toolbar-dialog/field-measuring/field-measuring.component.spec.ts:128:23

    console.error
      NG0304: 'p-tab' is not a known element (used in the 'FieldMeasuringComponent' component template):
      1. If 'p-tab' is an Angular component, then verify that it is included in the '@Component.imports' of this component.
      2. If 'p-tab' is a Web Component then add 'CUSTOM_ELEMENTS_SCHEMA' to the '@Component.schemas' of this component to suppress this message.

      at validateElementIsKnown (node_modules/@angular/core/fesm2022/core.mjs:11182:25)
      at ɵɵelementStart (node_modules/@angular/core/fesm2022/core.mjs:27876:9)
      at FieldMeasuringComponent_Template (ng:/FieldMeasuringComponent.js:154:44)
      at executeTemplate (node_modules/@angular/core/fesm2022/core.mjs:12389:9)
      at renderView (node_modules/@angular/core/fesm2022/core.mjs:12895:13)
      at renderComponent (node_modules/@angular/core/fesm2022/core.mjs:12840:5)
      at renderChildComponents (node_modules/@angular/core/fesm2022/core.mjs:12943:9)
      at renderView (node_modules/@angular/core/fesm2022/core.mjs:12923:13)
      at ComponentFactory2.create (node_modules/@angular/core/fesm2022/core.mjs:17959:17)
      at initComponent (node_modules/@angular/core/fesm2022/testing.mjs:2053:51)
      at _ZoneDelegate.invoke (node_modules/zone.js/bundles/zone.umd.js:410:32)
      at Object.onInvoke (node_modules/@angular/core/fesm2022/core.mjs:6579:33)
      at _ZoneDelegate.invoke (node_modules/zone.js/bundles/zone.umd.js:409:38)
      at ZoneImpl.run (node_modules/zone.js/bundles/zone.umd.js:145:47)
      at NgZone.run (node_modules/@angular/core/fesm2022/core.mjs:6425:28)
      at _TestBedImpl.createComponent (node_modules/@angular/core/fesm2022/testing.mjs:2058:41)
      at _TestBedImpl.createComponent (node_modules/@angular/core/fesm2022/testing.mjs:1844:37)
      at src/app/ui/pages/studio/toolbar-dialog/field-measuring/field-measuring.component.spec.ts:128:23

    console.error
      NG0304: 'p-tab' is not a known element (used in the 'FieldMeasuringComponent' component template):
      1. If 'p-tab' is an Angular component, then verify that it is included in the '@Component.imports' of this component.
      2. If 'p-tab' is a Web Component then add 'CUSTOM_ELEMENTS_SCHEMA' to the '@Component.schemas' of this component to suppress this message.

      at validateElementIsKnown (node_modules/@angular/core/fesm2022/core.mjs:11182:25)
      at ɵɵelementStart (node_modules/@angular/core/fesm2022/core.mjs:27876:9)
      at FieldMeasuringComponent_Template (ng:/FieldMeasuringComponent.js:157:9)
      at executeTemplate (node_modules/@angular/core/fesm2022/core.mjs:12389:9)
      at renderView (node_modules/@angular/core/fesm2022/core.mjs:12895:13)
      at renderComponent (node_modules/@angular/core/fesm2022/core.mjs:12840:5)
      at renderChildComponents (node_modules/@angular/core/fesm2022/core.mjs:12943:9)
      at renderView (node_modules/@angular/core/fesm2022/core.mjs:12923:13)
      at ComponentFactory2.create (node_modules/@angular/core/fesm2022/core.mjs:17959:17)
      at initComponent (node_modules/@angular/core/fesm2022/testing.mjs:2053:51)
      at _ZoneDelegate.invoke (node_modules/zone.js/bundles/zone.umd.js:410:32)
      at Object.onInvoke (node_modules/@angular/core/fesm2022/core.mjs:6579:33)
      at _ZoneDelegate.invoke (node_modules/zone.js/bundles/zone.umd.js:409:38)
      at ZoneImpl.run (node_modules/zone.js/bundles/zone.umd.js:145:47)
      at NgZone.run (node_modules/@angular/core/fesm2022/core.mjs:6425:28)
      at _TestBedImpl.createComponent (node_modules/@angular/core/fesm2022/testing.mjs:2058:41)
      at _TestBedImpl.createComponent (node_modules/@angular/core/fesm2022/testing.mjs:1844:37)
      at src/app/ui/pages/studio/toolbar-dialog/field-measuring/field-measuring.component.spec.ts:128:23

    console.error
      NG0304: 'p-tab' is not a known element (used in the 'FieldMeasuringComponent' component template):
      1. If 'p-tab' is an Angular component, then verify that it is included in the '@Component.imports' of this component.
      2. If 'p-tab' is a Web Component then add 'CUSTOM_ELEMENTS_SCHEMA' to the '@Component.schemas' of this component to suppress this message.

      at validateElementIsKnown (node_modules/@angular/core/fesm2022/core.mjs:11182:25)
      at ɵɵelementStart (node_modules/@angular/core/fesm2022/core.mjs:27876:9)
      at FieldMeasuringComponent_Template (ng:/FieldMeasuringComponent.js:160:9)
      at executeTemplate (node_modules/@angular/core/fesm2022/core.mjs:12389:9)
      at renderView (node_modules/@angular/core/fesm2022/core.mjs:12895:13)
      at renderComponent (node_modules/@angular/core/fesm2022/core.mjs:12840:5)
      at renderChildComponents (node_modules/@angular/core/fesm2022/core.mjs:12943:9)
      at renderView (node_modules/@angular/core/fesm2022/core.mjs:12923:13)
      at ComponentFactory2.create (node_modules/@angular/core/fesm2022/core.mjs:17959:17)
      at initComponent (node_modules/@angular/core/fesm2022/testing.mjs:2053:51)
      at _ZoneDelegate.invoke (node_modules/zone.js/bundles/zone.umd.js:410:32)
      at Object.onInvoke (node_modules/@angular/core/fesm2022/core.mjs:6579:33)
      at _ZoneDelegate.invoke (node_modules/zone.js/bundles/zone.umd.js:409:38)
      at ZoneImpl.run (node_modules/zone.js/bundles/zone.umd.js:145:47)
      at NgZone.run (node_modules/@angular/core/fesm2022/core.mjs:6425:28)
      at _TestBedImpl.createComponent (node_modules/@angular/core/fesm2022/testing.mjs:2058:41)
      at _TestBedImpl.createComponent (node_modules/@angular/core/fesm2022/testing.mjs:1844:37)
      at src/app/ui/pages/studio/toolbar-dialog/field-measuring/field-measuring.component.spec.ts:128:23

    console.error
      NG0304: 'p-tab' is not a known element (used in the 'FieldMeasuringComponent' component template):
      1. If 'p-tab' is an Angular component, then verify that it is included in the '@Component.imports' of this component.
      2. If 'p-tab' is a Web Component then add 'CUSTOM_ELEMENTS_SCHEMA' to the '@Component.schemas' of this component to suppress this message.

      at validateElementIsKnown (node_modules/@angular/core/fesm2022/core.mjs:11182:25)
      at ɵɵelementStart (node_modules/@angular/core/fesm2022/core.mjs:27876:9)
      at FieldMeasuringComponent_Template (ng:/FieldMeasuringComponent.js:163:9)
      at executeTemplate (node_modules/@angular/core/fesm2022/core.mjs:12389:9)
      at renderView (node_modules/@angular/core/fesm2022/core.mjs:12895:13)
      at renderComponent (node_modules/@angular/core/fesm2022/core.mjs:12840:5)
      at renderChildComponents (node_modules/@angular/core/fesm2022/core.mjs:12943:9)
      at renderView (node_modules/@angular/core/fesm2022/core.mjs:12923:13)
      at ComponentFactory2.create (node_modules/@angular/core/fesm2022/core.mjs:17959:17)
      at initComponent (node_modules/@angular/core/fesm2022/testing.mjs:2053:51)
      at _ZoneDelegate.invoke (node_modules/zone.js/bundles/zone.umd.js:410:32)
      at Object.onInvoke (node_modules/@angular/core/fesm2022/core.mjs:6579:33)
      at _ZoneDelegate.invoke (node_modules/zone.js/bundles/zone.umd.js:409:38)
      at ZoneImpl.run (node_modules/zone.js/bundles/zone.umd.js:145:47)
      at NgZone.run (node_modules/@angular/core/fesm2022/core.mjs:6425:28)
      at _TestBedImpl.createComponent (node_modules/@angular/core/fesm2022/testing.mjs:2058:41)
      at _TestBedImpl.createComponent (node_modules/@angular/core/fesm2022/testing.mjs:1844:37)
      at src/app/ui/pages/studio/toolbar-dialog/field-measuring/field-measuring.component.spec.ts:128:23

    console.error
      NG0304: 'p-tabpanel' is not a known element (used in the 'FieldMeasuringComponent' component template):
      1. If 'p-tabpanel' is an Angular component, then verify that it is included in the '@Component.imports' of this component.
      2. If 'p-tabpanel' is a Web Component then add 'CUSTOM_ELEMENTS_SCHEMA' to the '@Component.schemas' of this component to suppress this message.

      at validateElementIsKnown (node_modules/@angular/core/fesm2022/core.mjs:11182:25)
      at ɵɵelementStart (node_modules/@angular/core/fesm2022/core.mjs:27876:9)
      at FieldMeasuringComponent_Template (ng:/FieldMeasuringComponent.js:166:9)
      at executeTemplate (node_modules/@angular/core/fesm2022/core.mjs:12389:9)
      at renderView (node_modules/@angular/core/fesm2022/core.mjs:12895:13)
      at renderComponent (node_modules/@angular/core/fesm2022/core.mjs:12840:5)
      at renderChildComponents (node_modules/@angular/core/fesm2022/core.mjs:12943:9)
      at renderView (node_modules/@angular/core/fesm2022/core.mjs:12923:13)
      at ComponentFactory2.create (node_modules/@angular/core/fesm2022/core.mjs:17959:17)
      at initComponent (node_modules/@angular/core/fesm2022/testing.mjs:2053:51)
      at _ZoneDelegate.invoke (node_modules/zone.js/bundles/zone.umd.js:410:32)
      at Object.onInvoke (node_modules/@angular/core/fesm2022/core.mjs:6579:33)
      at _ZoneDelegate.invoke (node_modules/zone.js/bundles/zone.umd.js:409:38)
      at ZoneImpl.run (node_modules/zone.js/bundles/zone.umd.js:145:47)
      at NgZone.run (node_modules/@angular/core/fesm2022/core.mjs:6425:28)
      at _TestBedImpl.createComponent (node_modules/@angular/core/fesm2022/testing.mjs:2058:41)
      at _TestBedImpl.createComponent (node_modules/@angular/core/fesm2022/testing.mjs:1844:37)
      at src/app/ui/pages/studio/toolbar-dialog/field-measuring/field-measuring.component.spec.ts:128:23

    console.error
      NG0304: 'p-tabpanel' is not a known element (used in the 'FieldMeasuringComponent' component template):
      1. If 'p-tabpanel' is an Angular component, then verify that it is included in the '@Component.imports' of this component.
      2. If 'p-tabpanel' is a Web Component then add 'CUSTOM_ELEMENTS_SCHEMA' to the '@Component.schemas' of this component to suppress this message.

      at validateElementIsKnown (node_modules/@angular/core/fesm2022/core.mjs:11182:25)
      at ɵɵelementStart (node_modules/@angular/core/fesm2022/core.mjs:27876:9)
      at FieldMeasuringComponent_Template (ng:/FieldMeasuringComponent.js:172:9)
      at executeTemplate (node_modules/@angular/core/fesm2022/core.mjs:12389:9)
      at renderView (node_modules/@angular/core/fesm2022/core.mjs:12895:13)
      at renderComponent (node_modules/@angular/core/fesm2022/core.mjs:12840:5)
      at renderChildComponents (node_modules/@angular/core/fesm2022/core.mjs:12943:9)
      at renderView (node_modules/@angular/core/fesm2022/core.mjs:12923:13)
      at ComponentFactory2.create (node_modules/@angular/core/fesm2022/core.mjs:17959:17)
      at initComponent (node_modules/@angular/core/fesm2022/testing.mjs:2053:51)
      at _ZoneDelegate.invoke (node_modules/zone.js/bundles/zone.umd.js:410:32)
      at Object.onInvoke (node_modules/@angular/core/fesm2022/core.mjs:6579:33)
      at _ZoneDelegate.invoke (node_modules/zone.js/bundles/zone.umd.js:409:38)
      at ZoneImpl.run (node_modules/zone.js/bundles/zone.umd.js:145:47)
      at NgZone.run (node_modules/@angular/core/fesm2022/core.mjs:6425:28)
      at _TestBedImpl.createComponent (node_modules/@angular/core/fesm2022/testing.mjs:2058:41)
      at _TestBedImpl.createComponent (node_modules/@angular/core/fesm2022/testing.mjs:1844:37)
      at src/app/ui/pages/studio/toolbar-dialog/field-measuring/field-measuring.component.spec.ts:128:23

    console.error
      NG0304: 'p-tabpanel' is not a known element (used in the 'FieldMeasuringComponent' component template):
      1. If 'p-tabpanel' is an Angular component, then verify that it is included in the '@Component.imports' of this component.
      2. If 'p-tabpanel' is a Web Component then add 'CUSTOM_ELEMENTS_SCHEMA' to the '@Component.schemas' of this component to suppress this message.

      at validateElementIsKnown (node_modules/@angular/core/fesm2022/core.mjs:11182:25)
      at ɵɵelementStart (node_modules/@angular/core/fesm2022/core.mjs:27876:9)
      at FieldMeasuringComponent_Template (ng:/FieldMeasuringComponent.js:179:9)
      at executeTemplate (node_modules/@angular/core/fesm2022/core.mjs:12389:9)
      at renderView (node_modules/@angular/core/fesm2022/core.mjs:12895:13)
      at renderComponent (node_modules/@angular/core/fesm2022/core.mjs:12840:5)
      at renderChildComponents (node_modules/@angular/core/fesm2022/core.mjs:12943:9)
      at renderView (node_modules/@angular/core/fesm2022/core.mjs:12923:13)
      at ComponentFactory2.create (node_modules/@angular/core/fesm2022/core.mjs:17959:17)
      at initComponent (node_modules/@angular/core/fesm2022/testing.mjs:2053:51)
      at _ZoneDelegate.invoke (node_modules/zone.js/bundles/zone.umd.js:410:32)
      at Object.onInvoke (node_modules/@angular/core/fesm2022/core.mjs:6579:33)
      at _ZoneDelegate.invoke (node_modules/zone.js/bundles/zone.umd.js:409:38)
      at ZoneImpl.run (node_modules/zone.js/bundles/zone.umd.js:145:47)
      at NgZone.run (node_modules/@angular/core/fesm2022/core.mjs:6425:28)
      at _TestBedImpl.createComponent (node_modules/@angular/core/fesm2022/testing.mjs:2058:41)
      at _TestBedImpl.createComponent (node_modules/@angular/core/fesm2022/testing.mjs:1844:37)
      at src/app/ui/pages/studio/toolbar-dialog/field-measuring/field-measuring.component.spec.ts:128:23

    console.error
      NG0304: 'app-temperature-calculation' is not a known element (used in the 'FieldMeasuringComponent' component template):
      1. If 'app-temperature-calculation' is an Angular component, then verify that it is included in the '@Component.imports' of this component.
      2. If 'app-temperature-calculation' is a Web Component then add 'CUSTOM_ELEMENTS_SCHEMA' to the '@Component.schemas' of this component to suppress this message.

      at validateElementIsKnown (node_modules/@angular/core/fesm2022/core.mjs:11182:25)
      at ɵɵelementStart (node_modules/@angular/core/fesm2022/core.mjs:27876:9)
      at FieldMeasuringComponent_Template (ng:/FieldMeasuringComponent.js:179:49)
      at executeTemplate (node_modules/@angular/core/fesm2022/core.mjs:12389:9)
      at renderView (node_modules/@angular/core/fesm2022/core.mjs:12895:13)
      at renderComponent (node_modules/@angular/core/fesm2022/core.mjs:12840:5)
      at renderChildComponents (node_modules/@angular/core/fesm2022/core.mjs:12943:9)
      at renderView (node_modules/@angular/core/fesm2022/core.mjs:12923:13)
      at ComponentFactory2.create (node_modules/@angular/core/fesm2022/core.mjs:17959:17)
      at initComponent (node_modules/@angular/core/fesm2022/testing.mjs:2053:51)
      at _ZoneDelegate.invoke (node_modules/zone.js/bundles/zone.umd.js:410:32)
      at Object.onInvoke (node_modules/@angular/core/fesm2022/core.mjs:6579:33)
      at _ZoneDelegate.invoke (node_modules/zone.js/bundles/zone.umd.js:409:38)
      at ZoneImpl.run (node_modules/zone.js/bundles/zone.umd.js:145:47)
      at NgZone.run (node_modules/@angular/core/fesm2022/core.mjs:6425:28)
      at _TestBedImpl.createComponent (node_modules/@angular/core/fesm2022/testing.mjs:2058:41)
      at _TestBedImpl.createComponent (node_modules/@angular/core/fesm2022/testing.mjs:1844:37)
      at src/app/ui/pages/studio/toolbar-dialog/field-measuring/field-measuring.component.spec.ts:128:23

    console.error
      NG0304: 'p-tabpanel' is not a known element (used in the 'FieldMeasuringComponent' component template):
      1. If 'p-tabpanel' is an Angular component, then verify that it is included in the '@Component.imports' of this component.
      2. If 'p-tabpanel' is a Web Component then add 'CUSTOM_ELEMENTS_SCHEMA' to the '@Component.schemas' of this component to suppress this message.

      at validateElementIsKnown (node_modules/@angular/core/fesm2022/core.mjs:11182:25)
      at ɵɵelementStart (node_modules/@angular/core/fesm2022/core.mjs:27876:9)
      at FieldMeasuringComponent_Template (ng:/FieldMeasuringComponent.js:187:9)
      at executeTemplate (node_modules/@angular/core/fesm2022/core.mjs:12389:9)
      at renderView (node_modules/@angular/core/fesm2022/core.mjs:12895:13)
      at renderComponent (node_modules/@angular/core/fesm2022/core.mjs:12840:5)
      at renderChildComponents (node_modules/@angular/core/fesm2022/core.mjs:12943:9)
      at renderView (node_modules/@angular/core/fesm2022/core.mjs:12923:13)
      at ComponentFactory2.create (node_modules/@angular/core/fesm2022/core.mjs:17959:17)
      at initComponent (node_modules/@angular/core/fesm2022/testing.mjs:2053:51)
      at _ZoneDelegate.invoke (node_modules/zone.js/bundles/zone.umd.js:410:32)
      at Object.onInvoke (node_modules/@angular/core/fesm2022/core.mjs:6579:33)
      at _ZoneDelegate.invoke (node_modules/zone.js/bundles/zone.umd.js:409:38)
      at ZoneImpl.run (node_modules/zone.js/bundles/zone.umd.js:145:47)
      at NgZone.run (node_modules/@angular/core/fesm2022/core.mjs:6425:28)
      at _TestBedImpl.createComponent (node_modules/@angular/core/fesm2022/testing.mjs:2058:41)
      at _TestBedImpl.createComponent (node_modules/@angular/core/fesm2022/testing.mjs:1844:37)
      at src/app/ui/pages/studio/toolbar-dialog/field-measuring/field-measuring.component.spec.ts:128:23

    console.error
      NG0304: 'app-parameter-at-15c-without-wind' is not a known element (used in the 'FieldMeasuringComponent' component template):
      1. If 'app-parameter-at-15c-without-wind' is an Angular component, then verify that it is included in the '@Component.imports' of this component.
      2. If 'app-parameter-at-15c-without-wind' is a Web Component then add 'CUSTOM_ELEMENTS_SCHEMA' to the '@Component.schemas' of this component to suppress this message.

      at validateElementIsKnown (node_modules/@angular/core/fesm2022/core.mjs:11182:25)
      at ɵɵelementStart (node_modules/@angular/core/fesm2022/core.mjs:27876:9)
      at FieldMeasuringComponent_Template (ng:/FieldMeasuringComponent.js:187:49)
      at executeTemplate (node_modules/@angular/core/fesm2022/core.mjs:12389:9)
      at renderView (node_modules/@angular/core/fesm2022/core.mjs:12895:13)
      at renderComponent (node_modules/@angular/core/fesm2022/core.mjs:12840:5)
      at renderChildComponents (node_modules/@angular/core/fesm2022/core.mjs:12943:9)
      at renderView (node_modules/@angular/core/fesm2022/core.mjs:12923:13)
      at ComponentFactory2.create (node_modules/@angular/core/fesm2022/core.mjs:17959:17)
      at initComponent (node_modules/@angular/core/fesm2022/testing.mjs:2053:51)
      at _ZoneDelegate.invoke (node_modules/zone.js/bundles/zone.umd.js:410:32)
      at Object.onInvoke (node_modules/@angular/core/fesm2022/core.mjs:6579:33)
      at _ZoneDelegate.invoke (node_modules/zone.js/bundles/zone.umd.js:409:38)
      at ZoneImpl.run (node_modules/zone.js/bundles/zone.umd.js:145:47)
      at NgZone.run (node_modules/@angular/core/fesm2022/core.mjs:6425:28)
      at _TestBedImpl.createComponent (node_modules/@angular/core/fesm2022/testing.mjs:2058:41)
      at _TestBedImpl.createComponent (node_modules/@angular/core/fesm2022/testing.mjs:1844:37)
      at src/app/ui/pages/studio/toolbar-dialog/field-measuring/field-measuring.component.spec.ts:128:23

    console.error
      NG0303: Can't bind to 'measureData' since it isn't a known property of 'app-header' (used in the 'FieldMeasuringComponent' component template).
      1. If 'app-header' is an Angular component and it has the 'measureData' input, then verify that it is included in the '@Component.imports' of this component.
      2. If 'app-header' is a Web Component then add 'CUSTOM_ELEMENTS_SCHEMA' to the '@Component.schemas' of this component to suppress this message.
      3. To allow any property add 'NO_ERRORS_SCHEMA' to the '@Component.schemas' of this component.

      at reportUnknownPropertyError (node_modules/@angular/core/fesm2022/core.mjs:11279:17)
      at handleUnknownPropertyError (node_modules/@angular/core/fesm2022/core.mjs:11272:5)
      at elementPropertyInternal (node_modules/@angular/core/fesm2022/core.mjs:12530:17)
      at ɵɵproperty (node_modules/@angular/core/fesm2022/core.mjs:26058:9)
      at FieldMeasuringComponent_Template (ng:/FieldMeasuringComponent.js:200:9)
      at executeTemplate (node_modules/@angular/core/fesm2022/core.mjs:12389:9)
      at refreshView (node_modules/@angular/core/fesm2022/core.mjs:14074:13)
      at detectChangesInView (node_modules/@angular/core/fesm2022/core.mjs:14294:9)
      at detectChangesInViewIfAttached (node_modules/@angular/core/fesm2022/core.mjs:14254:5)
      at detectChangesInComponent (node_modules/@angular/core/fesm2022/core.mjs:14242:5)
      at detectChangesInChildComponents (node_modules/@angular/core/fesm2022/core.mjs:14313:9)
      at refreshView (node_modules/@angular/core/fesm2022/core.mjs:14129:13)
      at detectChangesInView (node_modules/@angular/core/fesm2022/core.mjs:14294:9)
      at detectChangesInViewWhileDirty (node_modules/@angular/core/fesm2022/core.mjs:13986:9)
      at detectChangesInternal (node_modules/@angular/core/fesm2022/core.mjs:13968:9)
      at ViewRef.detectChanges (node_modules/@angular/core/fesm2022/core.mjs:14825:9)
      at node_modules/@angular/core/fesm2022/testing.mjs:292:44
      at _ZoneDelegate.invoke (node_modules/zone.js/bundles/zone.umd.js:410:32)
      at Object.onInvoke (node_modules/@angular/core/fesm2022/core.mjs:6579:33)
      at _ZoneDelegate.invoke (node_modules/zone.js/bundles/zone.umd.js:409:38)
      at ZoneImpl.run (node_modules/zone.js/bundles/zone.umd.js:145:47)
      at NgZone.run (node_modules/@angular/core/fesm2022/core.mjs:6425:28)
      at ComponentFixture.detectChanges (node_modules/@angular/core/fesm2022/testing.mjs:289:30)
      at src/app/ui/pages/studio/toolbar-dialog/field-measuring/field-measuring.component.spec.ts:433:15
      at _ZoneDelegate.invoke (node_modules/zone.js/bundles/zone.umd.js:410:32)
      at ProxyZoneSpec.Object.<anonymous>.ProxyZoneSpec.onInvoke (node_modules/zone.js/bundles/zone-testing.umd.js:2219:43)
      at _ZoneDelegate.invoke (node_modules/zone.js/bundles/zone.umd.js:409:38)
      at ZoneImpl.run (node_modules/zone.js/bundles/zone.umd.js:145:47)
      at Object.wrappedFunc (node_modules/zone.js/bundles/zone-testing.umd.js:449:38)

    console.error
      NG0303: Can't bind to 'value' since it isn't a known property of 'p-tabs' (used in the 'FieldMeasuringComponent' component template).
      1. If 'p-tabs' is an Angular component and it has the 'value' input, then verify that it is included in the '@Component.imports' of this component.
      2. If 'p-tabs' is a Web Component then add 'CUSTOM_ELEMENTS_SCHEMA' to the '@Component.schemas' of this component to suppress this message.
      3. To allow any property add 'NO_ERRORS_SCHEMA' to the '@Component.schemas' of this component.

      at reportUnknownPropertyError (node_modules/@angular/core/fesm2022/core.mjs:11279:17)
      at handleUnknownPropertyError (node_modules/@angular/core/fesm2022/core.mjs:11272:5)
      at elementPropertyInternal (node_modules/@angular/core/fesm2022/core.mjs:12530:17)
      at ɵɵtwoWayProperty (node_modules/@angular/core/fesm2022/core.mjs:32062:9)
      at FieldMeasuringComponent_Template (ng:/FieldMeasuringComponent.js:202:9)
      at executeTemplate (node_modules/@angular/core/fesm2022/core.mjs:12389:9)
      at refreshView (node_modules/@angular/core/fesm2022/core.mjs:14074:13)
      at detectChangesInView (node_modules/@angular/core/fesm2022/core.mjs:14294:9)
      at detectChangesInViewIfAttached (node_modules/@angular/core/fesm2022/core.mjs:14254:5)
      at detectChangesInComponent (node_modules/@angular/core/fesm2022/core.mjs:14242:5)
      at detectChangesInChildComponents (node_modules/@angular/core/fesm2022/core.mjs:14313:9)
      at refreshView (node_modules/@angular/core/fesm2022/core.mjs:14129:13)
      at detectChangesInView (node_modules/@angular/core/fesm2022/core.mjs:14294:9)
      at detectChangesInViewWhileDirty (node_modules/@angular/core/fesm2022/core.mjs:13986:9)
      at detectChangesInternal (node_modules/@angular/core/fesm2022/core.mjs:13968:9)
      at ViewRef.detectChanges (node_modules/@angular/core/fesm2022/core.mjs:14825:9)
      at node_modules/@angular/core/fesm2022/testing.mjs:292:44
      at _ZoneDelegate.invoke (node_modules/zone.js/bundles/zone.umd.js:410:32)
      at Object.onInvoke (node_modules/@angular/core/fesm2022/core.mjs:6579:33)
      at _ZoneDelegate.invoke (node_modules/zone.js/bundles/zone.umd.js:409:38)
      at ZoneImpl.run (node_modules/zone.js/bundles/zone.umd.js:145:47)
      at NgZone.run (node_modules/@angular/core/fesm2022/core.mjs:6425:28)
      at ComponentFixture.detectChanges (node_modules/@angular/core/fesm2022/testing.mjs:289:30)
      at src/app/ui/pages/studio/toolbar-dialog/field-measuring/field-measuring.component.spec.ts:433:15
      at _ZoneDelegate.invoke (node_modules/zone.js/bundles/zone.umd.js:410:32)
      at ProxyZoneSpec.Object.<anonymous>.ProxyZoneSpec.onInvoke (node_modules/zone.js/bundles/zone-testing.umd.js:2219:43)
      at _ZoneDelegate.invoke (node_modules/zone.js/bundles/zone.umd.js:409:38)
      at ZoneImpl.run (node_modules/zone.js/bundles/zone.umd.js:145:47)
      at Object.wrappedFunc (node_modules/zone.js/bundles/zone-testing.umd.js:449:38)

    console.error
      NG0303: Can't bind to 'isNameAlreadyTaken' since it isn't a known property of 'app-field-datas' (used in the 'FieldMeasuringComponent' component template).
      1. If 'app-field-datas' is an Angular component and it has the 'isNameAlreadyTaken' input, then verify that it is included in the '@Component.imports' of this component.
      2. If 'app-field-datas' is a Web Component then add 'CUSTOM_ELEMENTS_SCHEMA' to the '@Component.schemas' of this component to suppress this message.
      3. To allow any property add 'NO_ERRORS_SCHEMA' to the '@Component.schemas' of this component.

      at reportUnknownPropertyError (node_modules/@angular/core/fesm2022/core.mjs:11279:17)
      at handleUnknownPropertyError (node_modules/@angular/core/fesm2022/core.mjs:11272:5)
      at elementPropertyInternal (node_modules/@angular/core/fesm2022/core.mjs:12530:17)
      at ɵɵproperty (node_modules/@angular/core/fesm2022/core.mjs:26058:9)
      at FieldMeasuringComponent_Template (ng:/FieldMeasuringComponent.js:204:9)
      at executeTemplate (node_modules/@angular/core/fesm2022/core.mjs:12389:9)
      at refreshView (node_modules/@angular/core/fesm2022/core.mjs:14074:13)
      at detectChangesInView (node_modules/@angular/core/fesm2022/core.mjs:14294:9)
      at detectChangesInViewIfAttached (node_modules/@angular/core/fesm2022/core.mjs:14254:5)
      at detectChangesInComponent (node_modules/@angular/core/fesm2022/core.mjs:14242:5)
      at detectChangesInChildComponents (node_modules/@angular/core/fesm2022/core.mjs:14313:9)
      at refreshView (node_modules/@angular/core/fesm2022/core.mjs:14129:13)
      at detectChangesInView (node_modules/@angular/core/fesm2022/core.mjs:14294:9)
      at detectChangesInViewWhileDirty (node_modules/@angular/core/fesm2022/core.mjs:13986:9)
      at detectChangesInternal (node_modules/@angular/core/fesm2022/core.mjs:13968:9)
      at ViewRef.detectChanges (node_modules/@angular/core/fesm2022/core.mjs:14825:9)
      at node_modules/@angular/core/fesm2022/testing.mjs:292:44
      at _ZoneDelegate.invoke (node_modules/zone.js/bundles/zone.umd.js:410:32)
      at Object.onInvoke (node_modules/@angular/core/fesm2022/core.mjs:6579:33)
      at _ZoneDelegate.invoke (node_modules/zone.js/bundles/zone.umd.js:409:38)
      at ZoneImpl.run (node_modules/zone.js/bundles/zone.umd.js:145:47)
      at NgZone.run (node_modules/@angular/core/fesm2022/core.mjs:6425:28)
      at ComponentFixture.detectChanges (node_modules/@angular/core/fesm2022/testing.mjs:289:30)
      at src/app/ui/pages/studio/toolbar-dialog/field-measuring/field-measuring.component.spec.ts:433:15
      at _ZoneDelegate.invoke (node_modules/zone.js/bundles/zone.umd.js:410:32)
      at ProxyZoneSpec.Object.<anonymous>.ProxyZoneSpec.onInvoke (node_modules/zone.js/bundles/zone-testing.umd.js:2219:43)
      at _ZoneDelegate.invoke (node_modules/zone.js/bundles/zone.umd.js:409:38)
      at ZoneImpl.run (node_modules/zone.js/bundles/zone.umd.js:145:47)
      at Object.wrappedFunc (node_modules/zone.js/bundles/zone-testing.umd.js:449:38)

    console.error
      NG0303: Can't bind to 'measureData' since it isn't a known property of 'app-field-datas' (used in the 'FieldMeasuringComponent' component template).
      1. If 'app-field-datas' is an Angular component and it has the 'measureData' input, then verify that it is included in the '@Component.imports' of this component.
      2. If 'app-field-datas' is a Web Component then add 'CUSTOM_ELEMENTS_SCHEMA' to the '@Component.schemas' of this component to suppress this message.
      3. To allow any property add 'NO_ERRORS_SCHEMA' to the '@Component.schemas' of this component.

      at reportUnknownPropertyError (node_modules/@angular/core/fesm2022/core.mjs:11279:17)
      at handleUnknownPropertyError (node_modules/@angular/core/fesm2022/core.mjs:11272:5)
      at elementPropertyInternal (node_modules/@angular/core/fesm2022/core.mjs:12530:17)
      at ɵɵproperty (node_modules/@angular/core/fesm2022/core.mjs:26058:9)
      at FieldMeasuringComponent_Template (ng:/FieldMeasuringComponent.js:204:73)
      at executeTemplate (node_modules/@angular/core/fesm2022/core.mjs:12389:9)
      at refreshView (node_modules/@angular/core/fesm2022/core.mjs:14074:13)
      at detectChangesInView (node_modules/@angular/core/fesm2022/core.mjs:14294:9)
      at detectChangesInViewIfAttached (node_modules/@angular/core/fesm2022/core.mjs:14254:5)
      at detectChangesInComponent (node_modules/@angular/core/fesm2022/core.mjs:14242:5)
      at detectChangesInChildComponents (node_modules/@angular/core/fesm2022/core.mjs:14313:9)
      at refreshView (node_modules/@angular/core/fesm2022/core.mjs:14129:13)
      at detectChangesInView (node_modules/@angular/core/fesm2022/core.mjs:14294:9)
      at detectChangesInViewWhileDirty (node_modules/@angular/core/fesm2022/core.mjs:13986:9)
      at detectChangesInternal (node_modules/@angular/core/fesm2022/core.mjs:13968:9)
      at ViewRef.detectChanges (node_modules/@angular/core/fesm2022/core.mjs:14825:9)
      at node_modules/@angular/core/fesm2022/testing.mjs:292:44
      at _ZoneDelegate.invoke (node_modules/zone.js/bundles/zone.umd.js:410:32)
      at Object.onInvoke (node_modules/@angular/core/fesm2022/core.mjs:6579:33)
      at _ZoneDelegate.invoke (node_modules/zone.js/bundles/zone.umd.js:409:38)
      at ZoneImpl.run (node_modules/zone.js/bundles/zone.umd.js:145:47)
      at NgZone.run (node_modules/@angular/core/fesm2022/core.mjs:6425:28)
      at ComponentFixture.detectChanges (node_modules/@angular/core/fesm2022/testing.mjs:289:30)
      at src/app/ui/pages/studio/toolbar-dialog/field-measuring/field-measuring.component.spec.ts:433:15
      at _ZoneDelegate.invoke (node_modules/zone.js/bundles/zone.umd.js:410:32)
      at ProxyZoneSpec.Object.<anonymous>.ProxyZoneSpec.onInvoke (node_modules/zone.js/bundles/zone-testing.umd.js:2219:43)
      at _ZoneDelegate.invoke (node_modules/zone.js/bundles/zone.umd.js:409:38)
      at ZoneImpl.run (node_modules/zone.js/bundles/zone.umd.js:145:47)
      at Object.wrappedFunc (node_modules/zone.js/bundles/zone-testing.umd.js:449:38)

    console.error
      NG0303: Can't bind to 'measureData' since it isn't a known property of 'app-calculus-setting' (used in the 'FieldMeasuringComponent' component template).
      1. If 'app-calculus-setting' is an Angular component and it has the 'measureData' input, then verify that it is included in the '@Component.imports' of this component.
      2. If 'app-calculus-setting' is a Web Component then add 'CUSTOM_ELEMENTS_SCHEMA' to the '@Component.schemas' of this component to suppress this message.
      3. To allow any property add 'NO_ERRORS_SCHEMA' to the '@Component.schemas' of this component.

      at reportUnknownPropertyError (node_modules/@angular/core/fesm2022/core.mjs:11279:17)
      at handleUnknownPropertyError (node_modules/@angular/core/fesm2022/core.mjs:11272:5)
      at elementPropertyInternal (node_modules/@angular/core/fesm2022/core.mjs:12530:17)
      at ɵɵtwoWayProperty (node_modules/@angular/core/fesm2022/core.mjs:32062:9)
      at FieldMeasuringComponent_Template (ng:/FieldMeasuringComponent.js:207:9)
      at executeTemplate (node_modules/@angular/core/fesm2022/core.mjs:12389:9)
      at refreshView (node_modules/@angular/core/fesm2022/core.mjs:14074:13)
      at detectChangesInView (node_modules/@angular/core/fesm2022/core.mjs:14294:9)
      at detectChangesInViewIfAttached (node_modules/@angular/core/fesm2022/core.mjs:14254:5)
      at detectChangesInComponent (node_modules/@angular/core/fesm2022/core.mjs:14242:5)
      at detectChangesInChildComponents (node_modules/@angular/core/fesm2022/core.mjs:14313:9)
      at refreshView (node_modules/@angular/core/fesm2022/core.mjs:14129:13)
      at detectChangesInView (node_modules/@angular/core/fesm2022/core.mjs:14294:9)
      at detectChangesInViewWhileDirty (node_modules/@angular/core/fesm2022/core.mjs:13986:9)
      at detectChangesInternal (node_modules/@angular/core/fesm2022/core.mjs:13968:9)
      at ViewRef.detectChanges (node_modules/@angular/core/fesm2022/core.mjs:14825:9)
      at node_modules/@angular/core/fesm2022/testing.mjs:292:44
      at _ZoneDelegate.invoke (node_modules/zone.js/bundles/zone.umd.js:410:32)
      at Object.onInvoke (node_modules/@angular/core/fesm2022/core.mjs:6579:33)
      at _ZoneDelegate.invoke (node_modules/zone.js/bundles/zone.umd.js:409:38)
      at ZoneImpl.run (node_modules/zone.js/bundles/zone.umd.js:145:47)
      at NgZone.run (node_modules/@angular/core/fesm2022/core.mjs:6425:28)
      at ComponentFixture.detectChanges (node_modules/@angular/core/fesm2022/testing.mjs:289:30)
      at src/app/ui/pages/studio/toolbar-dialog/field-measuring/field-measuring.component.spec.ts:433:15
      at _ZoneDelegate.invoke (node_modules/zone.js/bundles/zone.umd.js:410:32)
      at ProxyZoneSpec.Object.<anonymous>.ProxyZoneSpec.onInvoke (node_modules/zone.js/bundles/zone-testing.umd.js:2219:43)
      at _ZoneDelegate.invoke (node_modules/zone.js/bundles/zone.umd.js:409:38)
      at ZoneImpl.run (node_modules/zone.js/bundles/zone.umd.js:145:47)
      at Object.wrappedFunc (node_modules/zone.js/bundles/zone-testing.umd.js:449:38)

    console.error
      NG0303: Can't bind to 'windDirectionOptions' since it isn't a known property of 'app-temperature-calculation' (used in the 'FieldMeasuringComponent' component template).
      1. If 'app-temperature-calculation' is an Angular component and it has the 'windDirectionOptions' input, then verify that it is included in the '@Component.imports' of this component.
      2. If 'app-temperature-calculation' is a Web Component then add 'CUSTOM_ELEMENTS_SCHEMA' to the '@Component.schemas' of this component to suppress this message.
      3. To allow any property add 'NO_ERRORS_SCHEMA' to the '@Component.schemas' of this component.

      at reportUnknownPropertyError (node_modules/@angular/core/fesm2022/core.mjs:11279:17)
      at handleUnknownPropertyError (node_modules/@angular/core/fesm2022/core.mjs:11272:5)
      at elementPropertyInternal (node_modules/@angular/core/fesm2022/core.mjs:12530:17)
      at ɵɵproperty (node_modules/@angular/core/fesm2022/core.mjs:26058:9)
      at FieldMeasuringComponent_Template (ng:/FieldMeasuringComponent.js:209:9)
      at executeTemplate (node_modules/@angular/core/fesm2022/core.mjs:12389:9)
      at refreshView (node_modules/@angular/core/fesm2022/core.mjs:14074:13)
      at detectChangesInView (node_modules/@angular/core/fesm2022/core.mjs:14294:9)
      at detectChangesInViewIfAttached (node_modules/@angular/core/fesm2022/core.mjs:14254:5)
      at detectChangesInComponent (node_modules/@angular/core/fesm2022/core.mjs:14242:5)
      at detectChangesInChildComponents (node_modules/@angular/core/fesm2022/core.mjs:14313:9)
      at refreshView (node_modules/@angular/core/fesm2022/core.mjs:14129:13)
      at detectChangesInView (node_modules/@angular/core/fesm2022/core.mjs:14294:9)
      at detectChangesInViewWhileDirty (node_modules/@angular/core/fesm2022/core.mjs:13986:9)
      at detectChangesInternal (node_modules/@angular/core/fesm2022/core.mjs:13968:9)
      at ViewRef.detectChanges (node_modules/@angular/core/fesm2022/core.mjs:14825:9)
      at node_modules/@angular/core/fesm2022/testing.mjs:292:44
      at _ZoneDelegate.invoke (node_modules/zone.js/bundles/zone.umd.js:410:32)
      at Object.onInvoke (node_modules/@angular/core/fesm2022/core.mjs:6579:33)
      at _ZoneDelegate.invoke (node_modules/zone.js/bundles/zone.umd.js:409:38)
      at ZoneImpl.run (node_modules/zone.js/bundles/zone.umd.js:145:47)
      at NgZone.run (node_modules/@angular/core/fesm2022/core.mjs:6425:28)
      at ComponentFixture.detectChanges (node_modules/@angular/core/fesm2022/testing.mjs:289:30)
      at src/app/ui/pages/studio/toolbar-dialog/field-measuring/field-measuring.component.spec.ts:433:15
      at _ZoneDelegate.invoke (node_modules/zone.js/bundles/zone.umd.js:410:32)
      at ProxyZoneSpec.Object.<anonymous>.ProxyZoneSpec.onInvoke (node_modules/zone.js/bundles/zone-testing.umd.js:2219:43)
      at _ZoneDelegate.invoke (node_modules/zone.js/bundles/zone.umd.js:409:38)
      at ZoneImpl.run (node_modules/zone.js/bundles/zone.umd.js:145:47)
      at Object.wrappedFunc (node_modules/zone.js/bundles/zone-testing.umd.js:449:38)

    console.error
      NG0303: Can't bind to 'skyCoverOptions' since it isn't a known property of 'app-temperature-calculation' (used in the 'FieldMeasuringComponent' component template).
      1. If 'app-temperature-calculation' is an Angular component and it has the 'skyCoverOptions' input, then verify that it is included in the '@Component.imports' of this component.
      2. If 'app-temperature-calculation' is a Web Component then add 'CUSTOM_ELEMENTS_SCHEMA' to the '@Component.schemas' of this component to suppress this message.
      3. To allow any property add 'NO_ERRORS_SCHEMA' to the '@Component.schemas' of this component.

      at reportUnknownPropertyError (node_modules/@angular/core/fesm2022/core.mjs:11279:17)
      at handleUnknownPropertyError (node_modules/@angular/core/fesm2022/core.mjs:11272:5)
      at elementPropertyInternal (node_modules/@angular/core/fesm2022/core.mjs:12530:17)
      at ɵɵproperty (node_modules/@angular/core/fesm2022/core.mjs:26058:9)
      at FieldMeasuringComponent_Template (ng:/FieldMeasuringComponent.js:209:77)
      at executeTemplate (node_modules/@angular/core/fesm2022/core.mjs:12389:9)
      at refreshView (node_modules/@angular/core/fesm2022/core.mjs:14074:13)
      at detectChangesInView (node_modules/@angular/core/fesm2022/core.mjs:14294:9)
      at detectChangesInViewIfAttached (node_modules/@angular/core/fesm2022/core.mjs:14254:5)
      at detectChangesInComponent (node_modules/@angular/core/fesm2022/core.mjs:14242:5)
      at detectChangesInChildComponents (node_modules/@angular/core/fesm2022/core.mjs:14313:9)
      at refreshView (node_modules/@angular/core/fesm2022/core.mjs:14129:13)
      at detectChangesInView (node_modules/@angular/core/fesm2022/core.mjs:14294:9)
      at detectChangesInViewWhileDirty (node_modules/@angular/core/fesm2022/core.mjs:13986:9)
      at detectChangesInternal (node_modules/@angular/core/fesm2022/core.mjs:13968:9)
      at ViewRef.detectChanges (node_modules/@angular/core/fesm2022/core.mjs:14825:9)
      at node_modules/@angular/core/fesm2022/testing.mjs:292:44
      at _ZoneDelegate.invoke (node_modules/zone.js/bundles/zone.umd.js:410:32)
      at Object.onInvoke (node_modules/@angular/core/fesm2022/core.mjs:6579:33)
      at _ZoneDelegate.invoke (node_modules/zone.js/bundles/zone.umd.js:409:38)
      at ZoneImpl.run (node_modules/zone.js/bundles/zone.umd.js:145:47)
      at NgZone.run (node_modules/@angular/core/fesm2022/core.mjs:6425:28)
      at ComponentFixture.detectChanges (node_modules/@angular/core/fesm2022/testing.mjs:289:30)
      at src/app/ui/pages/studio/toolbar-dialog/field-measuring/field-measuring.component.spec.ts:433:15
      at _ZoneDelegate.invoke (node_modules/zone.js/bundles/zone.umd.js:410:32)
      at ProxyZoneSpec.Object.<anonymous>.ProxyZoneSpec.onInvoke (node_modules/zone.js/bundles/zone-testing.umd.js:2219:43)
      at _ZoneDelegate.invoke (node_modules/zone.js/bundles/zone.umd.js:409:38)
      at ZoneImpl.run (node_modules/zone.js/bundles/zone.umd.js:145:47)
      at Object.wrappedFunc (node_modules/zone.js/bundles/zone-testing.umd.js:449:38)

    console.error
      NG0303: Can't bind to 'measureData' since it isn't a known property of 'app-temperature-calculation' (used in the 'FieldMeasuringComponent' component template).
      1. If 'app-temperature-calculation' is an Angular component and it has the 'measureData' input, then verify that it is included in the '@Component.imports' of this component.
      2. If 'app-temperature-calculation' is a Web Component then add 'CUSTOM_ELEMENTS_SCHEMA' to the '@Component.schemas' of this component to suppress this message.
      3. To allow any property add 'NO_ERRORS_SCHEMA' to the '@Component.schemas' of this component.

      at reportUnknownPropertyError (node_modules/@angular/core/fesm2022/core.mjs:11279:17)
      at handleUnknownPropertyError (node_modules/@angular/core/fesm2022/core.mjs:11272:5)
      at elementPropertyInternal (node_modules/@angular/core/fesm2022/core.mjs:12530:17)
      at ɵɵtwoWayProperty (node_modules/@angular/core/fesm2022/core.mjs:32062:9)
      at FieldMeasuringComponent_Template (ng:/FieldMeasuringComponent.js:211:9)
      at executeTemplate (node_modules/@angular/core/fesm2022/core.mjs:12389:9)
      at refreshView (node_modules/@angular/core/fesm2022/core.mjs:14074:13)
      at detectChangesInView (node_modules/@angular/core/fesm2022/core.mjs:14294:9)
      at detectChangesInViewIfAttached (node_modules/@angular/core/fesm2022/core.mjs:14254:5)
      at detectChangesInComponent (node_modules/@angular/core/fesm2022/core.mjs:14242:5)
      at detectChangesInChildComponents (node_modules/@angular/core/fesm2022/core.mjs:14313:9)
      at refreshView (node_modules/@angular/core/fesm2022/core.mjs:14129:13)
      at detectChangesInView (node_modules/@angular/core/fesm2022/core.mjs:14294:9)
      at detectChangesInViewWhileDirty (node_modules/@angular/core/fesm2022/core.mjs:13986:9)
      at detectChangesInternal (node_modules/@angular/core/fesm2022/core.mjs:13968:9)
      at ViewRef.detectChanges (node_modules/@angular/core/fesm2022/core.mjs:14825:9)
      at node_modules/@angular/core/fesm2022/testing.mjs:292:44
      at _ZoneDelegate.invoke (node_modules/zone.js/bundles/zone.umd.js:410:32)
      at Object.onInvoke (node_modules/@angular/core/fesm2022/core.mjs:6579:33)
      at _ZoneDelegate.invoke (node_modules/zone.js/bundles/zone.umd.js:409:38)
      at ZoneImpl.run (node_modules/zone.js/bundles/zone.umd.js:145:47)
      at NgZone.run (node_modules/@angular/core/fesm2022/core.mjs:6425:28)
      at ComponentFixture.detectChanges (node_modules/@angular/core/fesm2022/testing.mjs:289:30)
      at src/app/ui/pages/studio/toolbar-dialog/field-measuring/field-measuring.component.spec.ts:433:15
      at _ZoneDelegate.invoke (node_modules/zone.js/bundles/zone.umd.js:410:32)
      at ProxyZoneSpec.Object.<anonymous>.ProxyZoneSpec.onInvoke (node_modules/zone.js/bundles/zone-testing.umd.js:2219:43)
      at _ZoneDelegate.invoke (node_modules/zone.js/bundles/zone.umd.js:409:38)
      at ZoneImpl.run (node_modules/zone.js/bundles/zone.umd.js:145:47)
      at Object.wrappedFunc (node_modules/zone.js/bundles/zone-testing.umd.js:449:38)

    console.error
      NG0303: Can't bind to 'measureData' since it isn't a known property of 'app-parameter-at-15c-without-wind' (used in the 'FieldMeasuringComponent' component template).
      1. If 'app-parameter-at-15c-without-wind' is an Angular component and it has the 'measureData' input, then verify that it is included in the '@Component.imports' of this component.
      2. If 'app-parameter-at-15c-without-wind' is a Web Component then add 'CUSTOM_ELEMENTS_SCHEMA' to the '@Component.schemas' of this component to suppress this message.
      3. To allow any property add 'NO_ERRORS_SCHEMA' to the '@Component.schemas' of this component.

      at reportUnknownPropertyError (node_modules/@angular/core/fesm2022/core.mjs:11279:17)
      at handleUnknownPropertyError (node_modules/@angular/core/fesm2022/core.mjs:11272:5)
      at elementPropertyInternal (node_modules/@angular/core/fesm2022/core.mjs:12530:17)
      at ɵɵtwoWayProperty (node_modules/@angular/core/fesm2022/core.mjs:32062:9)
      at FieldMeasuringComponent_Template (ng:/FieldMeasuringComponent.js:213:9)
      at executeTemplate (node_modules/@angular/core/fesm2022/core.mjs:12389:9)
      at refreshView (node_modules/@angular/core/fesm2022/core.mjs:14074:13)
      at detectChangesInView (node_modules/@angular/core/fesm2022/core.mjs:14294:9)
      at detectChangesInViewIfAttached (node_modules/@angular/core/fesm2022/core.mjs:14254:5)
      at detectChangesInComponent (node_modules/@angular/core/fesm2022/core.mjs:14242:5)
      at detectChangesInChildComponents (node_modules/@angular/core/fesm2022/core.mjs:14313:9)
      at refreshView (node_modules/@angular/core/fesm2022/core.mjs:14129:13)
      at detectChangesInView (node_modules/@angular/core/fesm2022/core.mjs:14294:9)
      at detectChangesInViewWhileDirty (node_modules/@angular/core/fesm2022/core.mjs:13986:9)
      at detectChangesInternal (node_modules/@angular/core/fesm2022/core.mjs:13968:9)
      at ViewRef.detectChanges (node_modules/@angular/core/fesm2022/core.mjs:14825:9)
      at node_modules/@angular/core/fesm2022/testing.mjs:292:44
      at _ZoneDelegate.invoke (node_modules/zone.js/bundles/zone.umd.js:410:32)
      at Object.onInvoke (node_modules/@angular/core/fesm2022/core.mjs:6579:33)
      at _ZoneDelegate.invoke (node_modules/zone.js/bundles/zone.umd.js:409:38)
      at ZoneImpl.run (node_modules/zone.js/bundles/zone.umd.js:145:47)
      at NgZone.run (node_modules/@angular/core/fesm2022/core.mjs:6425:28)
      at ComponentFixture.detectChanges (node_modules/@angular/core/fesm2022/testing.mjs:289:30)
      at src/app/ui/pages/studio/toolbar-dialog/field-measuring/field-measuring.component.spec.ts:433:15
      at _ZoneDelegate.invoke (node_modules/zone.js/bundles/zone.umd.js:410:32)
      at ProxyZoneSpec.Object.<anonymous>.ProxyZoneSpec.onInvoke (node_modules/zone.js/bundles/zone-testing.umd.js:2219:43)
      at _ZoneDelegate.invoke (node_modules/zone.js/bundles/zone.umd.js:409:38)
      at ZoneImpl.run (node_modules/zone.js/bundles/zone.umd.js:145:47)
      at Object.wrappedFunc (node_modules/zone.js/bundles/zone-testing.umd.js:449:38)

    console.error
      NG0304: 'p-tabs' is not a known element (used in the 'FieldMeasuringComponent' component template):
      1. If 'p-tabs' is an Angular component, then verify that it is included in the '@Component.imports' of this component.
      2. If 'p-tabs' is a Web Component then add 'CUSTOM_ELEMENTS_SCHEMA' to the '@Component.schemas' of this component to suppress this message.

      at validateElementIsKnown (node_modules/@angular/core/fesm2022/core.mjs:11182:25)
      at ɵɵelementStart (node_modules/@angular/core/fesm2022/core.mjs:27876:9)
      at FieldMeasuringComponent_Template (ng:/FieldMeasuringComponent.js:148:9)
      at executeTemplate (node_modules/@angular/core/fesm2022/core.mjs:12389:9)
      at renderView (node_modules/@angular/core/fesm2022/core.mjs:12895:13)
      at renderComponent (node_modules/@angular/core/fesm2022/core.mjs:12840:5)
      at renderChildComponents (node_modules/@angular/core/fesm2022/core.mjs:12943:9)
      at renderView (node_modules/@angular/core/fesm2022/core.mjs:12923:13)
      at ComponentFactory2.create (node_modules/@angular/core/fesm2022/core.mjs:17959:17)
      at initComponent (node_modules/@angular/core/fesm2022/testing.mjs:2053:51)
      at _ZoneDelegate.invoke (node_modules/zone.js/bundles/zone.umd.js:410:32)
      at Object.onInvoke (node_modules/@angular/core/fesm2022/core.mjs:6579:33)
      at _ZoneDelegate.invoke (node_modules/zone.js/bundles/zone.umd.js:409:38)
      at ZoneImpl.run (node_modules/zone.js/bundles/zone.umd.js:145:47)
      at NgZone.run (node_modules/@angular/core/fesm2022/core.mjs:6425:28)
      at _TestBedImpl.createComponent (node_modules/@angular/core/fesm2022/testing.mjs:2058:41)
      at _TestBedImpl.createComponent (node_modules/@angular/core/fesm2022/testing.mjs:1844:37)
      at src/app/ui/pages/studio/toolbar-dialog/field-measuring/field-measuring.component.spec.ts:128:23

    console.error
      NG0304: 'p-tablist' is not a known element (used in the 'FieldMeasuringComponent' component template):
      1. If 'p-tablist' is an Angular component, then verify that it is included in the '@Component.imports' of this component.
      2. If 'p-tablist' is a Web Component then add 'CUSTOM_ELEMENTS_SCHEMA' to the '@Component.schemas' of this component to suppress this message.

      at validateElementIsKnown (node_modules/@angular/core/fesm2022/core.mjs:11182:25)
      at ɵɵelementStart (node_modules/@angular/core/fesm2022/core.mjs:27876:9)
      at FieldMeasuringComponent_Template (ng:/FieldMeasuringComponent.js:154:9)
      at executeTemplate (node_modules/@angular/core/fesm2022/core.mjs:12389:9)
      at renderView (node_modules/@angular/core/fesm2022/core.mjs:12895:13)
      at renderComponent (node_modules/@angular/core/fesm2022/core.mjs:12840:5)
      at renderChildComponents (node_modules/@angular/core/fesm2022/core.mjs:12943:9)
      at renderView (node_modules/@angular/core/fesm2022/core.mjs:12923:13)
      at ComponentFactory2.create (node_modules/@angular/core/fesm2022/core.mjs:17959:17)
      at initComponent (node_modules/@angular/core/fesm2022/testing.mjs:2053:51)
      at _ZoneDelegate.invoke (node_modules/zone.js/bundles/zone.umd.js:410:32)
      at Object.onInvoke (node_modules/@angular/core/fesm2022/core.mjs:6579:33)
      at _ZoneDelegate.invoke (node_modules/zone.js/bundles/zone.umd.js:409:38)
      at ZoneImpl.run (node_modules/zone.js/bundles/zone.umd.js:145:47)
      at NgZone.run (node_modules/@angular/core/fesm2022/core.mjs:6425:28)
      at _TestBedImpl.createComponent (node_modules/@angular/core/fesm2022/testing.mjs:2058:41)
      at _TestBedImpl.createComponent (node_modules/@angular/core/fesm2022/testing.mjs:1844:37)
      at src/app/ui/pages/studio/toolbar-dialog/field-measuring/field-measuring.component.spec.ts:128:23

    console.error
      NG0304: 'p-tab' is not a known element (used in the 'FieldMeasuringComponent' component template):
      1. If 'p-tab' is an Angular component, then verify that it is included in the '@Component.imports' of this component.
      2. If 'p-tab' is a Web Component then add 'CUSTOM_ELEMENTS_SCHEMA' to the '@Component.schemas' of this component to suppress this message.

      at validateElementIsKnown (node_modules/@angular/core/fesm2022/core.mjs:11182:25)
      at ɵɵelementStart (node_modules/@angular/core/fesm2022/core.mjs:27876:9)
      at FieldMeasuringComponent_Template (ng:/FieldMeasuringComponent.js:154:44)
      at executeTemplate (node_modules/@angular/core/fesm2022/core.mjs:12389:9)
      at renderView (node_modules/@angular/core/fesm2022/core.mjs:12895:13)
      at renderComponent (node_modules/@angular/core/fesm2022/core.mjs:12840:5)
      at renderChildComponents (node_modules/@angular/core/fesm2022/core.mjs:12943:9)
      at renderView (node_modules/@angular/core/fesm2022/core.mjs:12923:13)
      at ComponentFactory2.create (node_modules/@angular/core/fesm2022/core.mjs:17959:17)
      at initComponent (node_modules/@angular/core/fesm2022/testing.mjs:2053:51)
      at _ZoneDelegate.invoke (node_modules/zone.js/bundles/zone.umd.js:410:32)
      at Object.onInvoke (node_modules/@angular/core/fesm2022/core.mjs:6579:33)
      at _ZoneDelegate.invoke (node_modules/zone.js/bundles/zone.umd.js:409:38)
      at ZoneImpl.run (node_modules/zone.js/bundles/zone.umd.js:145:47)
      at NgZone.run (node_modules/@angular/core/fesm2022/core.mjs:6425:28)
      at _TestBedImpl.createComponent (node_modules/@angular/core/fesm2022/testing.mjs:2058:41)
      at _TestBedImpl.createComponent (node_modules/@angular/core/fesm2022/testing.mjs:1844:37)
      at src/app/ui/pages/studio/toolbar-dialog/field-measuring/field-measuring.component.spec.ts:128:23

    console.error
      NG0304: 'p-tab' is not a known element (used in the 'FieldMeasuringComponent' component template):
      1. If 'p-tab' is an Angular component, then verify that it is included in the '@Component.imports' of this component.
      2. If 'p-tab' is a Web Component then add 'CUSTOM_ELEMENTS_SCHEMA' to the '@Component.schemas' of this component to suppress this message.

      at validateElementIsKnown (node_modules/@angular/core/fesm2022/core.mjs:11182:25)
      at ɵɵelementStart (node_modules/@angular/core/fesm2022/core.mjs:27876:9)
      at FieldMeasuringComponent_Template (ng:/FieldMeasuringComponent.js:157:9)
      at executeTemplate (node_modules/@angular/core/fesm2022/core.mjs:12389:9)
      at renderView (node_modules/@angular/core/fesm2022/core.mjs:12895:13)
      at renderComponent (node_modules/@angular/core/fesm2022/core.mjs:12840:5)
      at renderChildComponents (node_modules/@angular/core/fesm2022/core.mjs:12943:9)
      at renderView (node_modules/@angular/core/fesm2022/core.mjs:12923:13)
      at ComponentFactory2.create (node_modules/@angular/core/fesm2022/core.mjs:17959:17)
      at initComponent (node_modules/@angular/core/fesm2022/testing.mjs:2053:51)
      at _ZoneDelegate.invoke (node_modules/zone.js/bundles/zone.umd.js:410:32)
      at Object.onInvoke (node_modules/@angular/core/fesm2022/core.mjs:6579:33)
      at _ZoneDelegate.invoke (node_modules/zone.js/bundles/zone.umd.js:409:38)
      at ZoneImpl.run (node_modules/zone.js/bundles/zone.umd.js:145:47)
      at NgZone.run (node_modules/@angular/core/fesm2022/core.mjs:6425:28)
      at _TestBedImpl.createComponent (node_modules/@angular/core/fesm2022/testing.mjs:2058:41)
      at _TestBedImpl.createComponent (node_modules/@angular/core/fesm2022/testing.mjs:1844:37)
      at src/app/ui/pages/studio/toolbar-dialog/field-measuring/field-measuring.component.spec.ts:128:23

    console.error
      NG0304: 'p-tab' is not a known element (used in the 'FieldMeasuringComponent' component template):
      1. If 'p-tab' is an Angular component, then verify that it is included in the '@Component.imports' of this component.
      2. If 'p-tab' is a Web Component then add 'CUSTOM_ELEMENTS_SCHEMA' to the '@Component.schemas' of this component to suppress this message.

      at validateElementIsKnown (node_modules/@angular/core/fesm2022/core.mjs:11182:25)
      at ɵɵelementStart (node_modules/@angular/core/fesm2022/core.mjs:27876:9)
      at FieldMeasuringComponent_Template (ng:/FieldMeasuringComponent.js:160:9)
      at executeTemplate (node_modules/@angular/core/fesm2022/core.mjs:12389:9)
      at renderView (node_modules/@angular/core/fesm2022/core.mjs:12895:13)
      at renderComponent (node_modules/@angular/core/fesm2022/core.mjs:12840:5)
      at renderChildComponents (node_modules/@angular/core/fesm2022/core.mjs:12943:9)
      at renderView (node_modules/@angular/core/fesm2022/core.mjs:12923:13)
      at ComponentFactory2.create (node_modules/@angular/core/fesm2022/core.mjs:17959:17)
      at initComponent (node_modules/@angular/core/fesm2022/testing.mjs:2053:51)
      at _ZoneDelegate.invoke (node_modules/zone.js/bundles/zone.umd.js:410:32)
      at Object.onInvoke (node_modules/@angular/core/fesm2022/core.mjs:6579:33)
      at _ZoneDelegate.invoke (node_modules/zone.js/bundles/zone.umd.js:409:38)
      at ZoneImpl.run (node_modules/zone.js/bundles/zone.umd.js:145:47)
      at NgZone.run (node_modules/@angular/core/fesm2022/core.mjs:6425:28)
      at _TestBedImpl.createComponent (node_modules/@angular/core/fesm2022/testing.mjs:2058:41)
      at _TestBedImpl.createComponent (node_modules/@angular/core/fesm2022/testing.mjs:1844:37)
      at src/app/ui/pages/studio/toolbar-dialog/field-measuring/field-measuring.component.spec.ts:128:23

    console.error
      NG0304: 'p-tab' is not a known element (used in the 'FieldMeasuringComponent' component template):
      1. If 'p-tab' is an Angular component, then verify that it is included in the '@Component.imports' of this component.
      2. If 'p-tab' is a Web Component then add 'CUSTOM_ELEMENTS_SCHEMA' to the '@Component.schemas' of this component to suppress this message.

      at validateElementIsKnown (node_modules/@angular/core/fesm2022/core.mjs:11182:25)
      at ɵɵelementStart (node_modules/@angular/core/fesm2022/core.mjs:27876:9)
      at FieldMeasuringComponent_Template (ng:/FieldMeasuringComponent.js:163:9)
      at executeTemplate (node_modules/@angular/core/fesm2022/core.mjs:12389:9)
      at renderView (node_modules/@angular/core/fesm2022/core.mjs:12895:13)
      at renderComponent (node_modules/@angular/core/fesm2022/core.mjs:12840:5)
      at renderChildComponents (node_modules/@angular/core/fesm2022/core.mjs:12943:9)
      at renderView (node_modules/@angular/core/fesm2022/core.mjs:12923:13)
      at ComponentFactory2.create (node_modules/@angular/core/fesm2022/core.mjs:17959:17)
      at initComponent (node_modules/@angular/core/fesm2022/testing.mjs:2053:51)
      at _ZoneDelegate.invoke (node_modules/zone.js/bundles/zone.umd.js:410:32)
      at Object.onInvoke (node_modules/@angular/core/fesm2022/core.mjs:6579:33)
      at _ZoneDelegate.invoke (node_modules/zone.js/bundles/zone.umd.js:409:38)
      at ZoneImpl.run (node_modules/zone.js/bundles/zone.umd.js:145:47)
      at NgZone.run (node_modules/@angular/core/fesm2022/core.mjs:6425:28)
      at _TestBedImpl.createComponent (node_modules/@angular/core/fesm2022/testing.mjs:2058:41)
      at _TestBedImpl.createComponent (node_modules/@angular/core/fesm2022/testing.mjs:1844:37)
      at src/app/ui/pages/studio/toolbar-dialog/field-measuring/field-measuring.component.spec.ts:128:23

    console.error
      NG0304: 'p-tabpanel' is not a known element (used in the 'FieldMeasuringComponent' component template):
      1. If 'p-tabpanel' is an Angular component, then verify that it is included in the '@Component.imports' of this component.
      2. If 'p-tabpanel' is a Web Component then add 'CUSTOM_ELEMENTS_SCHEMA' to the '@Component.schemas' of this component to suppress this message.

      at validateElementIsKnown (node_modules/@angular/core/fesm2022/core.mjs:11182:25)
      at ɵɵelementStart (node_modules/@angular/core/fesm2022/core.mjs:27876:9)
      at FieldMeasuringComponent_Template (ng:/FieldMeasuringComponent.js:166:9)
      at executeTemplate (node_modules/@angular/core/fesm2022/core.mjs:12389:9)
      at renderView (node_modules/@angular/core/fesm2022/core.mjs:12895:13)
      at renderComponent (node_modules/@angular/core/fesm2022/core.mjs:12840:5)
      at renderChildComponents (node_modules/@angular/core/fesm2022/core.mjs:12943:9)
      at renderView (node_modules/@angular/core/fesm2022/core.mjs:12923:13)
      at ComponentFactory2.create (node_modules/@angular/core/fesm2022/core.mjs:17959:17)
      at initComponent (node_modules/@angular/core/fesm2022/testing.mjs:2053:51)
      at _ZoneDelegate.invoke (node_modules/zone.js/bundles/zone.umd.js:410:32)
      at Object.onInvoke (node_modules/@angular/core/fesm2022/core.mjs:6579:33)
      at _ZoneDelegate.invoke (node_modules/zone.js/bundles/zone.umd.js:409:38)
      at ZoneImpl.run (node_modules/zone.js/bundles/zone.umd.js:145:47)
      at NgZone.run (node_modules/@angular/core/fesm2022/core.mjs:6425:28)
      at _TestBedImpl.createComponent (node_modules/@angular/core/fesm2022/testing.mjs:2058:41)
      at _TestBedImpl.createComponent (node_modules/@angular/core/fesm2022/testing.mjs:1844:37)
      at src/app/ui/pages/studio/toolbar-dialog/field-measuring/field-measuring.component.spec.ts:128:23

    console.error
      NG0304: 'p-tabpanel' is not a known element (used in the 'FieldMeasuringComponent' component template):
      1. If 'p-tabpanel' is an Angular component, then verify that it is included in the '@Component.imports' of this component.
      2. If 'p-tabpanel' is a Web Component then add 'CUSTOM_ELEMENTS_SCHEMA' to the '@Component.schemas' of this component to suppress this message.

      at validateElementIsKnown (node_modules/@angular/core/fesm2022/core.mjs:11182:25)
      at ɵɵelementStart (node_modules/@angular/core/fesm2022/core.mjs:27876:9)
      at FieldMeasuringComponent_Template (ng:/FieldMeasuringComponent.js:172:9)
      at executeTemplate (node_modules/@angular/core/fesm2022/core.mjs:12389:9)
      at renderView (node_modules/@angular/core/fesm2022/core.mjs:12895:13)
      at renderComponent (node_modules/@angular/core/fesm2022/core.mjs:12840:5)
      at renderChildComponents (node_modules/@angular/core/fesm2022/core.mjs:12943:9)
      at renderView (node_modules/@angular/core/fesm2022/core.mjs:12923:13)
      at ComponentFactory2.create (node_modules/@angular/core/fesm2022/core.mjs:17959:17)
      at initComponent (node_modules/@angular/core/fesm2022/testing.mjs:2053:51)
      at _ZoneDelegate.invoke (node_modules/zone.js/bundles/zone.umd.js:410:32)
      at Object.onInvoke (node_modules/@angular/core/fesm2022/core.mjs:6579:33)
      at _ZoneDelegate.invoke (node_modules/zone.js/bundles/zone.umd.js:409:38)
      at ZoneImpl.run (node_modules/zone.js/bundles/zone.umd.js:145:47)
      at NgZone.run (node_modules/@angular/core/fesm2022/core.mjs:6425:28)
      at _TestBedImpl.createComponent (node_modules/@angular/core/fesm2022/testing.mjs:2058:41)
      at _TestBedImpl.createComponent (node_modules/@angular/core/fesm2022/testing.mjs:1844:37)
      at src/app/ui/pages/studio/toolbar-dialog/field-measuring/field-measuring.component.spec.ts:128:23

    console.error
      NG0304: 'p-tabpanel' is not a known element (used in the 'FieldMeasuringComponent' component template):
      1. If 'p-tabpanel' is an Angular component, then verify that it is included in the '@Component.imports' of this component.
      2. If 'p-tabpanel' is a Web Component then add 'CUSTOM_ELEMENTS_SCHEMA' to the '@Component.schemas' of this component to suppress this message.

      at validateElementIsKnown (node_modules/@angular/core/fesm2022/core.mjs:11182:25)
      at ɵɵelementStart (node_modules/@angular/core/fesm2022/core.mjs:27876:9)
      at FieldMeasuringComponent_Template (ng:/FieldMeasuringComponent.js:179:9)
      at executeTemplate (node_modules/@angular/core/fesm2022/core.mjs:12389:9)
      at renderView (node_modules/@angular/core/fesm2022/core.mjs:12895:13)
      at renderComponent (node_modules/@angular/core/fesm2022/core.mjs:12840:5)
      at renderChildComponents (node_modules/@angular/core/fesm2022/core.mjs:12943:9)
      at renderView (node_modules/@angular/core/fesm2022/core.mjs:12923:13)
      at ComponentFactory2.create (node_modules/@angular/core/fesm2022/core.mjs:17959:17)
      at initComponent (node_modules/@angular/core/fesm2022/testing.mjs:2053:51)
      at _ZoneDelegate.invoke (node_modules/zone.js/bundles/zone.umd.js:410:32)
      at Object.onInvoke (node_modules/@angular/core/fesm2022/core.mjs:6579:33)
      at _ZoneDelegate.invoke (node_modules/zone.js/bundles/zone.umd.js:409:38)
      at ZoneImpl.run (node_modules/zone.js/bundles/zone.umd.js:145:47)
      at NgZone.run (node_modules/@angular/core/fesm2022/core.mjs:6425:28)
      at _TestBedImpl.createComponent (node_modules/@angular/core/fesm2022/testing.mjs:2058:41)
      at _TestBedImpl.createComponent (node_modules/@angular/core/fesm2022/testing.mjs:1844:37)
      at src/app/ui/pages/studio/toolbar-dialog/field-measuring/field-measuring.component.spec.ts:128:23

    console.error
      NG0304: 'app-temperature-calculation' is not a known element (used in the 'FieldMeasuringComponent' component template):
      1. If 'app-temperature-calculation' is an Angular component, then verify that it is included in the '@Component.imports' of this component.
      2. If 'app-temperature-calculation' is a Web Component then add 'CUSTOM_ELEMENTS_SCHEMA' to the '@Component.schemas' of this component to suppress this message.

      at validateElementIsKnown (node_modules/@angular/core/fesm2022/core.mjs:11182:25)
      at ɵɵelementStart (node_modules/@angular/core/fesm2022/core.mjs:27876:9)
      at FieldMeasuringComponent_Template (ng:/FieldMeasuringComponent.js:179:49)
      at executeTemplate (node_modules/@angular/core/fesm2022/core.mjs:12389:9)
      at renderView (node_modules/@angular/core/fesm2022/core.mjs:12895:13)
      at renderComponent (node_modules/@angular/core/fesm2022/core.mjs:12840:5)
      at renderChildComponents (node_modules/@angular/core/fesm2022/core.mjs:12943:9)
      at renderView (node_modules/@angular/core/fesm2022/core.mjs:12923:13)
      at ComponentFactory2.create (node_modules/@angular/core/fesm2022/core.mjs:17959:17)
      at initComponent (node_modules/@angular/core/fesm2022/testing.mjs:2053:51)
      at _ZoneDelegate.invoke (node_modules/zone.js/bundles/zone.umd.js:410:32)
      at Object.onInvoke (node_modules/@angular/core/fesm2022/core.mjs:6579:33)
      at _ZoneDelegate.invoke (node_modules/zone.js/bundles/zone.umd.js:409:38)
      at ZoneImpl.run (node_modules/zone.js/bundles/zone.umd.js:145:47)
      at NgZone.run (node_modules/@angular/core/fesm2022/core.mjs:6425:28)
      at _TestBedImpl.createComponent (node_modules/@angular/core/fesm2022/testing.mjs:2058:41)
      at _TestBedImpl.createComponent (node_modules/@angular/core/fesm2022/testing.mjs:1844:37)
      at src/app/ui/pages/studio/toolbar-dialog/field-measuring/field-measuring.component.spec.ts:128:23

    console.error
      NG0304: 'p-tabpanel' is not a known element (used in the 'FieldMeasuringComponent' component template):
      1. If 'p-tabpanel' is an Angular component, then verify that it is included in the '@Component.imports' of this component.
      2. If 'p-tabpanel' is a Web Component then add 'CUSTOM_ELEMENTS_SCHEMA' to the '@Component.schemas' of this component to suppress this message.

      at validateElementIsKnown (node_modules/@angular/core/fesm2022/core.mjs:11182:25)
      at ɵɵelementStart (node_modules/@angular/core/fesm2022/core.mjs:27876:9)
      at FieldMeasuringComponent_Template (ng:/FieldMeasuringComponent.js:187:9)
      at executeTemplate (node_modules/@angular/core/fesm2022/core.mjs:12389:9)
      at renderView (node_modules/@angular/core/fesm2022/core.mjs:12895:13)
      at renderComponent (node_modules/@angular/core/fesm2022/core.mjs:12840:5)
      at renderChildComponents (node_modules/@angular/core/fesm2022/core.mjs:12943:9)
      at renderView (node_modules/@angular/core/fesm2022/core.mjs:12923:13)
      at ComponentFactory2.create (node_modules/@angular/core/fesm2022/core.mjs:17959:17)
      at initComponent (node_modules/@angular/core/fesm2022/testing.mjs:2053:51)
      at _ZoneDelegate.invoke (node_modules/zone.js/bundles/zone.umd.js:410:32)
      at Object.onInvoke (node_modules/@angular/core/fesm2022/core.mjs:6579:33)
      at _ZoneDelegate.invoke (node_modules/zone.js/bundles/zone.umd.js:409:38)
      at ZoneImpl.run (node_modules/zone.js/bundles/zone.umd.js:145:47)
      at NgZone.run (node_modules/@angular/core/fesm2022/core.mjs:6425:28)
      at _TestBedImpl.createComponent (node_modules/@angular/core/fesm2022/testing.mjs:2058:41)
      at _TestBedImpl.createComponent (node_modules/@angular/core/fesm2022/testing.mjs:1844:37)
      at src/app/ui/pages/studio/toolbar-dialog/field-measuring/field-measuring.component.spec.ts:128:23

    console.error
      NG0304: 'app-parameter-at-15c-without-wind' is not a known element (used in the 'FieldMeasuringComponent' component template):
      1. If 'app-parameter-at-15c-without-wind' is an Angular component, then verify that it is included in the '@Component.imports' of this component.
      2. If 'app-parameter-at-15c-without-wind' is a Web Component then add 'CUSTOM_ELEMENTS_SCHEMA' to the '@Component.schemas' of this component to suppress this message.

      at validateElementIsKnown (node_modules/@angular/core/fesm2022/core.mjs:11182:25)
      at ɵɵelementStart (node_modules/@angular/core/fesm2022/core.mjs:27876:9)
      at FieldMeasuringComponent_Template (ng:/FieldMeasuringComponent.js:187:49)
      at executeTemplate (node_modules/@angular/core/fesm2022/core.mjs:12389:9)
      at renderView (node_modules/@angular/core/fesm2022/core.mjs:12895:13)
      at renderComponent (node_modules/@angular/core/fesm2022/core.mjs:12840:5)
      at renderChildComponents (node_modules/@angular/core/fesm2022/core.mjs:12943:9)
      at renderView (node_modules/@angular/core/fesm2022/core.mjs:12923:13)
      at ComponentFactory2.create (node_modules/@angular/core/fesm2022/core.mjs:17959:17)
      at initComponent (node_modules/@angular/core/fesm2022/testing.mjs:2053:51)
      at _ZoneDelegate.invoke (node_modules/zone.js/bundles/zone.umd.js:410:32)
      at Object.onInvoke (node_modules/@angular/core/fesm2022/core.mjs:6579:33)
      at _ZoneDelegate.invoke (node_modules/zone.js/bundles/zone.umd.js:409:38)
      at ZoneImpl.run (node_modules/zone.js/bundles/zone.umd.js:145:47)
      at NgZone.run (node_modules/@angular/core/fesm2022/core.mjs:6425:28)
      at _TestBedImpl.createComponent (node_modules/@angular/core/fesm2022/testing.mjs:2058:41)
      at _TestBedImpl.createComponent (node_modules/@angular/core/fesm2022/testing.mjs:1844:37)
      at src/app/ui/pages/studio/toolbar-dialog/field-measuring/field-measuring.component.spec.ts:128:23

    console.error
      NG0303: Can't bind to 'measureData' since it isn't a known property of 'app-header' (used in the 'FieldMeasuringComponent' component template).
      1. If 'app-header' is an Angular component and it has the 'measureData' input, then verify that it is included in the '@Component.imports' of this component.
      2. If 'app-header' is a Web Component then add 'CUSTOM_ELEMENTS_SCHEMA' to the '@Component.schemas' of this component to suppress this message.
      3. To allow any property add 'NO_ERRORS_SCHEMA' to the '@Component.schemas' of this component.

      at reportUnknownPropertyError (node_modules/@angular/core/fesm2022/core.mjs:11279:17)
      at handleUnknownPropertyError (node_modules/@angular/core/fesm2022/core.mjs:11272:5)
      at elementPropertyInternal (node_modules/@angular/core/fesm2022/core.mjs:12530:17)
      at ɵɵproperty (node_modules/@angular/core/fesm2022/core.mjs:26058:9)
      at FieldMeasuringComponent_Template (ng:/FieldMeasuringComponent.js:200:9)
      at executeTemplate (node_modules/@angular/core/fesm2022/core.mjs:12389:9)
      at refreshView (node_modules/@angular/core/fesm2022/core.mjs:14074:13)
      at detectChangesInView (node_modules/@angular/core/fesm2022/core.mjs:14294:9)
      at detectChangesInViewIfAttached (node_modules/@angular/core/fesm2022/core.mjs:14254:5)
      at detectChangesInComponent (node_modules/@angular/core/fesm2022/core.mjs:14242:5)
      at detectChangesInChildComponents (node_modules/@angular/core/fesm2022/core.mjs:14313:9)
      at refreshView (node_modules/@angular/core/fesm2022/core.mjs:14129:13)
      at detectChangesInView (node_modules/@angular/core/fesm2022/core.mjs:14294:9)
      at detectChangesInViewWhileDirty (node_modules/@angular/core/fesm2022/core.mjs:13986:9)
      at detectChangesInternal (node_modules/@angular/core/fesm2022/core.mjs:13968:9)
      at ViewRef.detectChanges (node_modules/@angular/core/fesm2022/core.mjs:14825:9)
      at node_modules/@angular/core/fesm2022/testing.mjs:292:44
      at _ZoneDelegate.invoke (node_modules/zone.js/bundles/zone.umd.js:410:32)
      at Object.onInvoke (node_modules/@angular/core/fesm2022/core.mjs:6579:33)
      at _ZoneDelegate.invoke (node_modules/zone.js/bundles/zone.umd.js:409:38)
      at ZoneImpl.run (node_modules/zone.js/bundles/zone.umd.js:145:47)
      at NgZone.run (node_modules/@angular/core/fesm2022/core.mjs:6425:28)
      at ComponentFixture.detectChanges (node_modules/@angular/core/fesm2022/testing.mjs:289:30)
      at src/app/ui/pages/studio/toolbar-dialog/field-measuring/field-measuring.component.spec.ts:450:15
      at _ZoneDelegate.invoke (node_modules/zone.js/bundles/zone.umd.js:410:32)
      at ProxyZoneSpec.Object.<anonymous>.ProxyZoneSpec.onInvoke (node_modules/zone.js/bundles/zone-testing.umd.js:2219:43)
      at _ZoneDelegate.invoke (node_modules/zone.js/bundles/zone.umd.js:409:38)
      at ZoneImpl.run (node_modules/zone.js/bundles/zone.umd.js:145:47)
      at Object.wrappedFunc (node_modules/zone.js/bundles/zone-testing.umd.js:449:38)

    console.error
      NG0303: Can't bind to 'value' since it isn't a known property of 'p-tabs' (used in the 'FieldMeasuringComponent' component template).
      1. If 'p-tabs' is an Angular component and it has the 'value' input, then verify that it is included in the '@Component.imports' of this component.
      2. If 'p-tabs' is a Web Component then add 'CUSTOM_ELEMENTS_SCHEMA' to the '@Component.schemas' of this component to suppress this message.
      3. To allow any property add 'NO_ERRORS_SCHEMA' to the '@Component.schemas' of this component.

      at reportUnknownPropertyError (node_modules/@angular/core/fesm2022/core.mjs:11279:17)
      at handleUnknownPropertyError (node_modules/@angular/core/fesm2022/core.mjs:11272:5)
      at elementPropertyInternal (node_modules/@angular/core/fesm2022/core.mjs:12530:17)
      at ɵɵtwoWayProperty (node_modules/@angular/core/fesm2022/core.mjs:32062:9)
      at FieldMeasuringComponent_Template (ng:/FieldMeasuringComponent.js:202:9)
      at executeTemplate (node_modules/@angular/core/fesm2022/core.mjs:12389:9)
      at refreshView (node_modules/@angular/core/fesm2022/core.mjs:14074:13)
      at detectChangesInView (node_modules/@angular/core/fesm2022/core.mjs:14294:9)
      at detectChangesInViewIfAttached (node_modules/@angular/core/fesm2022/core.mjs:14254:5)
      at detectChangesInComponent (node_modules/@angular/core/fesm2022/core.mjs:14242:5)
      at detectChangesInChildComponents (node_modules/@angular/core/fesm2022/core.mjs:14313:9)
      at refreshView (node_modules/@angular/core/fesm2022/core.mjs:14129:13)
      at detectChangesInView (node_modules/@angular/core/fesm2022/core.mjs:14294:9)
      at detectChangesInViewWhileDirty (node_modules/@angular/core/fesm2022/core.mjs:13986:9)
      at detectChangesInternal (node_modules/@angular/core/fesm2022/core.mjs:13968:9)
      at ViewRef.detectChanges (node_modules/@angular/core/fesm2022/core.mjs:14825:9)
      at node_modules/@angular/core/fesm2022/testing.mjs:292:44
      at _ZoneDelegate.invoke (node_modules/zone.js/bundles/zone.umd.js:410:32)
      at Object.onInvoke (node_modules/@angular/core/fesm2022/core.mjs:6579:33)
      at _ZoneDelegate.invoke (node_modules/zone.js/bundles/zone.umd.js:409:38)
      at ZoneImpl.run (node_modules/zone.js/bundles/zone.umd.js:145:47)
      at NgZone.run (node_modules/@angular/core/fesm2022/core.mjs:6425:28)
      at ComponentFixture.detectChanges (node_modules/@angular/core/fesm2022/testing.mjs:289:30)
      at src/app/ui/pages/studio/toolbar-dialog/field-measuring/field-measuring.component.spec.ts:450:15
      at _ZoneDelegate.invoke (node_modules/zone.js/bundles/zone.umd.js:410:32)
      at ProxyZoneSpec.Object.<anonymous>.ProxyZoneSpec.onInvoke (node_modules/zone.js/bundles/zone-testing.umd.js:2219:43)
      at _ZoneDelegate.invoke (node_modules/zone.js/bundles/zone.umd.js:409:38)
      at ZoneImpl.run (node_modules/zone.js/bundles/zone.umd.js:145:47)
      at Object.wrappedFunc (node_modules/zone.js/bundles/zone-testing.umd.js:449:38)

    console.error
      NG0303: Can't bind to 'isNameAlreadyTaken' since it isn't a known property of 'app-field-datas' (used in the 'FieldMeasuringComponent' component template).
      1. If 'app-field-datas' is an Angular component and it has the 'isNameAlreadyTaken' input, then verify that it is included in the '@Component.imports' of this component.
      2. If 'app-field-datas' is a Web Component then add 'CUSTOM_ELEMENTS_SCHEMA' to the '@Component.schemas' of this component to suppress this message.
      3. To allow any property add 'NO_ERRORS_SCHEMA' to the '@Component.schemas' of this component.

      at reportUnknownPropertyError (node_modules/@angular/core/fesm2022/core.mjs:11279:17)
      at handleUnknownPropertyError (node_modules/@angular/core/fesm2022/core.mjs:11272:5)
      at elementPropertyInternal (node_modules/@angular/core/fesm2022/core.mjs:12530:17)
      at ɵɵproperty (node_modules/@angular/core/fesm2022/core.mjs:26058:9)
      at FieldMeasuringComponent_Template (ng:/FieldMeasuringComponent.js:204:9)
      at executeTemplate (node_modules/@angular/core/fesm2022/core.mjs:12389:9)
      at refreshView (node_modules/@angular/core/fesm2022/core.mjs:14074:13)
      at detectChangesInView (node_modules/@angular/core/fesm2022/core.mjs:14294:9)
      at detectChangesInViewIfAttached (node_modules/@angular/core/fesm2022/core.mjs:14254:5)
      at detectChangesInComponent (node_modules/@angular/core/fesm2022/core.mjs:14242:5)
      at detectChangesInChildComponents (node_modules/@angular/core/fesm2022/core.mjs:14313:9)
      at refreshView (node_modules/@angular/core/fesm2022/core.mjs:14129:13)
      at detectChangesInView (node_modules/@angular/core/fesm2022/core.mjs:14294:9)
      at detectChangesInViewWhileDirty (node_modules/@angular/core/fesm2022/core.mjs:13986:9)
      at detectChangesInternal (node_modules/@angular/core/fesm2022/core.mjs:13968:9)
      at ViewRef.detectChanges (node_modules/@angular/core/fesm2022/core.mjs:14825:9)
      at node_modules/@angular/core/fesm2022/testing.mjs:292:44
      at _ZoneDelegate.invoke (node_modules/zone.js/bundles/zone.umd.js:410:32)
      at Object.onInvoke (node_modules/@angular/core/fesm2022/core.mjs:6579:33)
      at _ZoneDelegate.invoke (node_modules/zone.js/bundles/zone.umd.js:409:38)
      at ZoneImpl.run (node_modules/zone.js/bundles/zone.umd.js:145:47)
      at NgZone.run (node_modules/@angular/core/fesm2022/core.mjs:6425:28)
      at ComponentFixture.detectChanges (node_modules/@angular/core/fesm2022/testing.mjs:289:30)
      at src/app/ui/pages/studio/toolbar-dialog/field-measuring/field-measuring.component.spec.ts:450:15
      at _ZoneDelegate.invoke (node_modules/zone.js/bundles/zone.umd.js:410:32)
      at ProxyZoneSpec.Object.<anonymous>.ProxyZoneSpec.onInvoke (node_modules/zone.js/bundles/zone-testing.umd.js:2219:43)
      at _ZoneDelegate.invoke (node_modules/zone.js/bundles/zone.umd.js:409:38)
      at ZoneImpl.run (node_modules/zone.js/bundles/zone.umd.js:145:47)
      at Object.wrappedFunc (node_modules/zone.js/bundles/zone-testing.umd.js:449:38)

    console.error
      NG0303: Can't bind to 'measureData' since it isn't a known property of 'app-field-datas' (used in the 'FieldMeasuringComponent' component template).
      1. If 'app-field-datas' is an Angular component and it has the 'measureData' input, then verify that it is included in the '@Component.imports' of this component.
      2. If 'app-field-datas' is a Web Component then add 'CUSTOM_ELEMENTS_SCHEMA' to the '@Component.schemas' of this component to suppress this message.
      3. To allow any property add 'NO_ERRORS_SCHEMA' to the '@Component.schemas' of this component.

      at reportUnknownPropertyError (node_modules/@angular/core/fesm2022/core.mjs:11279:17)
      at handleUnknownPropertyError (node_modules/@angular/core/fesm2022/core.mjs:11272:5)
      at elementPropertyInternal (node_modules/@angular/core/fesm2022/core.mjs:12530:17)
      at ɵɵproperty (node_modules/@angular/core/fesm2022/core.mjs:26058:9)
      at FieldMeasuringComponent_Template (ng:/FieldMeasuringComponent.js:204:73)
      at executeTemplate (node_modules/@angular/core/fesm2022/core.mjs:12389:9)
      at refreshView (node_modules/@angular/core/fesm2022/core.mjs:14074:13)
      at detectChangesInView (node_modules/@angular/core/fesm2022/core.mjs:14294:9)
      at detectChangesInViewIfAttached (node_modules/@angular/core/fesm2022/core.mjs:14254:5)
      at detectChangesInComponent (node_modules/@angular/core/fesm2022/core.mjs:14242:5)
      at detectChangesInChildComponents (node_modules/@angular/core/fesm2022/core.mjs:14313:9)
      at refreshView (node_modules/@angular/core/fesm2022/core.mjs:14129:13)
      at detectChangesInView (node_modules/@angular/core/fesm2022/core.mjs:14294:9)
      at detectChangesInViewWhileDirty (node_modules/@angular/core/fesm2022/core.mjs:13986:9)
      at detectChangesInternal (node_modules/@angular/core/fesm2022/core.mjs:13968:9)
      at ViewRef.detectChanges (node_modules/@angular/core/fesm2022/core.mjs:14825:9)
      at node_modules/@angular/core/fesm2022/testing.mjs:292:44
      at _ZoneDelegate.invoke (node_modules/zone.js/bundles/zone.umd.js:410:32)
      at Object.onInvoke (node_modules/@angular/core/fesm2022/core.mjs:6579:33)
      at _ZoneDelegate.invoke (node_modules/zone.js/bundles/zone.umd.js:409:38)
      at ZoneImpl.run (node_modules/zone.js/bundles/zone.umd.js:145:47)
      at NgZone.run (node_modules/@angular/core/fesm2022/core.mjs:6425:28)
      at ComponentFixture.detectChanges (node_modules/@angular/core/fesm2022/testing.mjs:289:30)
      at src/app/ui/pages/studio/toolbar-dialog/field-measuring/field-measuring.component.spec.ts:450:15
      at _ZoneDelegate.invoke (node_modules/zone.js/bundles/zone.umd.js:410:32)
      at ProxyZoneSpec.Object.<anonymous>.ProxyZoneSpec.onInvoke (node_modules/zone.js/bundles/zone-testing.umd.js:2219:43)
      at _ZoneDelegate.invoke (node_modules/zone.js/bundles/zone.umd.js:409:38)
      at ZoneImpl.run (node_modules/zone.js/bundles/zone.umd.js:145:47)
      at Object.wrappedFunc (node_modules/zone.js/bundles/zone-testing.umd.js:449:38)

    console.error
      NG0303: Can't bind to 'measureData' since it isn't a known property of 'app-calculus-setting' (used in the 'FieldMeasuringComponent' component template).
      1. If 'app-calculus-setting' is an Angular component and it has the 'measureData' input, then verify that it is included in the '@Component.imports' of this component.
      2. If 'app-calculus-setting' is a Web Component then add 'CUSTOM_ELEMENTS_SCHEMA' to the '@Component.schemas' of this component to suppress this message.
      3. To allow any property add 'NO_ERRORS_SCHEMA' to the '@Component.schemas' of this component.

      at reportUnknownPropertyError (node_modules/@angular/core/fesm2022/core.mjs:11279:17)
      at handleUnknownPropertyError (node_modules/@angular/core/fesm2022/core.mjs:11272:5)
      at elementPropertyInternal (node_modules/@angular/core/fesm2022/core.mjs:12530:17)
      at ɵɵtwoWayProperty (node_modules/@angular/core/fesm2022/core.mjs:32062:9)
      at FieldMeasuringComponent_Template (ng:/FieldMeasuringComponent.js:207:9)
      at executeTemplate (node_modules/@angular/core/fesm2022/core.mjs:12389:9)
      at refreshView (node_modules/@angular/core/fesm2022/core.mjs:14074:13)
      at detectChangesInView (node_modules/@angular/core/fesm2022/core.mjs:14294:9)
      at detectChangesInViewIfAttached (node_modules/@angular/core/fesm2022/core.mjs:14254:5)
      at detectChangesInComponent (node_modules/@angular/core/fesm2022/core.mjs:14242:5)
      at detectChangesInChildComponents (node_modules/@angular/core/fesm2022/core.mjs:14313:9)
      at refreshView (node_modules/@angular/core/fesm2022/core.mjs:14129:13)
      at detectChangesInView (node_modules/@angular/core/fesm2022/core.mjs:14294:9)
      at detectChangesInViewWhileDirty (node_modules/@angular/core/fesm2022/core.mjs:13986:9)
      at detectChangesInternal (node_modules/@angular/core/fesm2022/core.mjs:13968:9)
      at ViewRef.detectChanges (node_modules/@angular/core/fesm2022/core.mjs:14825:9)
      at node_modules/@angular/core/fesm2022/testing.mjs:292:44
      at _ZoneDelegate.invoke (node_modules/zone.js/bundles/zone.umd.js:410:32)
      at Object.onInvoke (node_modules/@angular/core/fesm2022/core.mjs:6579:33)
      at _ZoneDelegate.invoke (node_modules/zone.js/bundles/zone.umd.js:409:38)
      at ZoneImpl.run (node_modules/zone.js/bundles/zone.umd.js:145:47)
      at NgZone.run (node_modules/@angular/core/fesm2022/core.mjs:6425:28)
      at ComponentFixture.detectChanges (node_modules/@angular/core/fesm2022/testing.mjs:289:30)
      at src/app/ui/pages/studio/toolbar-dialog/field-measuring/field-measuring.component.spec.ts:450:15
      at _ZoneDelegate.invoke (node_modules/zone.js/bundles/zone.umd.js:410:32)
      at ProxyZoneSpec.Object.<anonymous>.ProxyZoneSpec.onInvoke (node_modules/zone.js/bundles/zone-testing.umd.js:2219:43)
      at _ZoneDelegate.invoke (node_modules/zone.js/bundles/zone.umd.js:409:38)
      at ZoneImpl.run (node_modules/zone.js/bundles/zone.umd.js:145:47)
      at Object.wrappedFunc (node_modules/zone.js/bundles/zone-testing.umd.js:449:38)

    console.error
      NG0303: Can't bind to 'windDirectionOptions' since it isn't a known property of 'app-temperature-calculation' (used in the 'FieldMeasuringComponent' component template).
      1. If 'app-temperature-calculation' is an Angular component and it has the 'windDirectionOptions' input, then verify that it is included in the '@Component.imports' of this component.
      2. If 'app-temperature-calculation' is a Web Component then add 'CUSTOM_ELEMENTS_SCHEMA' to the '@Component.schemas' of this component to suppress this message.
      3. To allow any property add 'NO_ERRORS_SCHEMA' to the '@Component.schemas' of this component.

      at reportUnknownPropertyError (node_modules/@angular/core/fesm2022/core.mjs:11279:17)
      at handleUnknownPropertyError (node_modules/@angular/core/fesm2022/core.mjs:11272:5)
      at elementPropertyInternal (node_modules/@angular/core/fesm2022/core.mjs:12530:17)
      at ɵɵproperty (node_modules/@angular/core/fesm2022/core.mjs:26058:9)
      at FieldMeasuringComponent_Template (ng:/FieldMeasuringComponent.js:209:9)
      at executeTemplate (node_modules/@angular/core/fesm2022/core.mjs:12389:9)
      at refreshView (node_modules/@angular/core/fesm2022/core.mjs:14074:13)
      at detectChangesInView (node_modules/@angular/core/fesm2022/core.mjs:14294:9)
      at detectChangesInViewIfAttached (node_modules/@angular/core/fesm2022/core.mjs:14254:5)
      at detectChangesInComponent (node_modules/@angular/core/fesm2022/core.mjs:14242:5)
      at detectChangesInChildComponents (node_modules/@angular/core/fesm2022/core.mjs:14313:9)
      at refreshView (node_modules/@angular/core/fesm2022/core.mjs:14129:13)
      at detectChangesInView (node_modules/@angular/core/fesm2022/core.mjs:14294:9)
      at detectChangesInViewWhileDirty (node_modules/@angular/core/fesm2022/core.mjs:13986:9)
      at detectChangesInternal (node_modules/@angular/core/fesm2022/core.mjs:13968:9)
      at ViewRef.detectChanges (node_modules/@angular/core/fesm2022/core.mjs:14825:9)
      at node_modules/@angular/core/fesm2022/testing.mjs:292:44
      at _ZoneDelegate.invoke (node_modules/zone.js/bundles/zone.umd.js:410:32)
      at Object.onInvoke (node_modules/@angular/core/fesm2022/core.mjs:6579:33)
      at _ZoneDelegate.invoke (node_modules/zone.js/bundles/zone.umd.js:409:38)
      at ZoneImpl.run (node_modules/zone.js/bundles/zone.umd.js:145:47)
      at NgZone.run (node_modules/@angular/core/fesm2022/core.mjs:6425:28)
      at ComponentFixture.detectChanges (node_modules/@angular/core/fesm2022/testing.mjs:289:30)
      at src/app/ui/pages/studio/toolbar-dialog/field-measuring/field-measuring.component.spec.ts:450:15
      at _ZoneDelegate.invoke (node_modules/zone.js/bundles/zone.umd.js:410:32)
      at ProxyZoneSpec.Object.<anonymous>.ProxyZoneSpec.onInvoke (node_modules/zone.js/bundles/zone-testing.umd.js:2219:43)
      at _ZoneDelegate.invoke (node_modules/zone.js/bundles/zone.umd.js:409:38)
      at ZoneImpl.run (node_modules/zone.js/bundles/zone.umd.js:145:47)
      at Object.wrappedFunc (node_modules/zone.js/bundles/zone-testing.umd.js:449:38)

    console.error
      NG0303: Can't bind to 'skyCoverOptions' since it isn't a known property of 'app-temperature-calculation' (used in the 'FieldMeasuringComponent' component template).
      1. If 'app-temperature-calculation' is an Angular component and it has the 'skyCoverOptions' input, then verify that it is included in the '@Component.imports' of this component.
      2. If 'app-temperature-calculation' is a Web Component then add 'CUSTOM_ELEMENTS_SCHEMA' to the '@Component.schemas' of this component to suppress this message.
      3. To allow any property add 'NO_ERRORS_SCHEMA' to the '@Component.schemas' of this component.

      at reportUnknownPropertyError (node_modules/@angular/core/fesm2022/core.mjs:11279:17)
      at handleUnknownPropertyError (node_modules/@angular/core/fesm2022/core.mjs:11272:5)
      at elementPropertyInternal (node_modules/@angular/core/fesm2022/core.mjs:12530:17)
      at ɵɵproperty (node_modules/@angular/core/fesm2022/core.mjs:26058:9)
      at FieldMeasuringComponent_Template (ng:/FieldMeasuringComponent.js:209:77)
      at executeTemplate (node_modules/@angular/core/fesm2022/core.mjs:12389:9)
      at refreshView (node_modules/@angular/core/fesm2022/core.mjs:14074:13)
      at detectChangesInView (node_modules/@angular/core/fesm2022/core.mjs:14294:9)
      at detectChangesInViewIfAttached (node_modules/@angular/core/fesm2022/core.mjs:14254:5)
      at detectChangesInComponent (node_modules/@angular/core/fesm2022/core.mjs:14242:5)
      at detectChangesInChildComponents (node_modules/@angular/core/fesm2022/core.mjs:14313:9)
      at refreshView (node_modules/@angular/core/fesm2022/core.mjs:14129:13)
      at detectChangesInView (node_modules/@angular/core/fesm2022/core.mjs:14294:9)
      at detectChangesInViewWhileDirty (node_modules/@angular/core/fesm2022/core.mjs:13986:9)
      at detectChangesInternal (node_modules/@angular/core/fesm2022/core.mjs:13968:9)
      at ViewRef.detectChanges (node_modules/@angular/core/fesm2022/core.mjs:14825:9)
      at node_modules/@angular/core/fesm2022/testing.mjs:292:44
      at _ZoneDelegate.invoke (node_modules/zone.js/bundles/zone.umd.js:410:32)
      at Object.onInvoke (node_modules/@angular/core/fesm2022/core.mjs:6579:33)
      at _ZoneDelegate.invoke (node_modules/zone.js/bundles/zone.umd.js:409:38)
      at ZoneImpl.run (node_modules/zone.js/bundles/zone.umd.js:145:47)
      at NgZone.run (node_modules/@angular/core/fesm2022/core.mjs:6425:28)
      at ComponentFixture.detectChanges (node_modules/@angular/core/fesm2022/testing.mjs:289:30)
      at src/app/ui/pages/studio/toolbar-dialog/field-measuring/field-measuring.component.spec.ts:450:15
      at _ZoneDelegate.invoke (node_modules/zone.js/bundles/zone.umd.js:410:32)
      at ProxyZoneSpec.Object.<anonymous>.ProxyZoneSpec.onInvoke (node_modules/zone.js/bundles/zone-testing.umd.js:2219:43)
      at _ZoneDelegate.invoke (node_modules/zone.js/bundles/zone.umd.js:409:38)
      at ZoneImpl.run (node_modules/zone.js/bundles/zone.umd.js:145:47)
      at Object.wrappedFunc (node_modules/zone.js/bundles/zone-testing.umd.js:449:38)

    console.error
      NG0303: Can't bind to 'measureData' since it isn't a known property of 'app-temperature-calculation' (used in the 'FieldMeasuringComponent' component template).
      1. If 'app-temperature-calculation' is an Angular component and it has the 'measureData' input, then verify that it is included in the '@Component.imports' of this component.
      2. If 'app-temperature-calculation' is a Web Component then add 'CUSTOM_ELEMENTS_SCHEMA' to the '@Component.schemas' of this component to suppress this message.
      3. To allow any property add 'NO_ERRORS_SCHEMA' to the '@Component.schemas' of this component.

      at reportUnknownPropertyError (node_modules/@angular/core/fesm2022/core.mjs:11279:17)
      at handleUnknownPropertyError (node_modules/@angular/core/fesm2022/core.mjs:11272:5)
      at elementPropertyInternal (node_modules/@angular/core/fesm2022/core.mjs:12530:17)
      at ɵɵtwoWayProperty (node_modules/@angular/core/fesm2022/core.mjs:32062:9)
      at FieldMeasuringComponent_Template (ng:/FieldMeasuringComponent.js:211:9)
      at executeTemplate (node_modules/@angular/core/fesm2022/core.mjs:12389:9)
      at refreshView (node_modules/@angular/core/fesm2022/core.mjs:14074:13)
      at detectChangesInView (node_modules/@angular/core/fesm2022/core.mjs:14294:9)
      at detectChangesInViewIfAttached (node_modules/@angular/core/fesm2022/core.mjs:14254:5)
      at detectChangesInComponent (node_modules/@angular/core/fesm2022/core.mjs:14242:5)
      at detectChangesInChildComponents (node_modules/@angular/core/fesm2022/core.mjs:14313:9)
      at refreshView (node_modules/@angular/core/fesm2022/core.mjs:14129:13)
      at detectChangesInView (node_modules/@angular/core/fesm2022/core.mjs:14294:9)
      at detectChangesInViewWhileDirty (node_modules/@angular/core/fesm2022/core.mjs:13986:9)
      at detectChangesInternal (node_modules/@angular/core/fesm2022/core.mjs:13968:9)
      at ViewRef.detectChanges (node_modules/@angular/core/fesm2022/core.mjs:14825:9)
      at node_modules/@angular/core/fesm2022/testing.mjs:292:44
      at _ZoneDelegate.invoke (node_modules/zone.js/bundles/zone.umd.js:410:32)
      at Object.onInvoke (node_modules/@angular/core/fesm2022/core.mjs:6579:33)
      at _ZoneDelegate.invoke (node_modules/zone.js/bundles/zone.umd.js:409:38)
      at ZoneImpl.run (node_modules/zone.js/bundles/zone.umd.js:145:47)
      at NgZone.run (node_modules/@angular/core/fesm2022/core.mjs:6425:28)
      at ComponentFixture.detectChanges (node_modules/@angular/core/fesm2022/testing.mjs:289:30)
      at src/app/ui/pages/studio/toolbar-dialog/field-measuring/field-measuring.component.spec.ts:450:15
      at _ZoneDelegate.invoke (node_modules/zone.js/bundles/zone.umd.js:410:32)
      at ProxyZoneSpec.Object.<anonymous>.ProxyZoneSpec.onInvoke (node_modules/zone.js/bundles/zone-testing.umd.js:2219:43)
      at _ZoneDelegate.invoke (node_modules/zone.js/bundles/zone.umd.js:409:38)
      at ZoneImpl.run (node_modules/zone.js/bundles/zone.umd.js:145:47)
      at Object.wrappedFunc (node_modules/zone.js/bundles/zone-testing.umd.js:449:38)

    console.error
      NG0303: Can't bind to 'measureData' since it isn't a known property of 'app-parameter-at-15c-without-wind' (used in the 'FieldMeasuringComponent' component template).
      1. If 'app-parameter-at-15c-without-wind' is an Angular component and it has the 'measureData' input, then verify that it is included in the '@Component.imports' of this component.
      2. If 'app-parameter-at-15c-without-wind' is a Web Component then add 'CUSTOM_ELEMENTS_SCHEMA' to the '@Component.schemas' of this component to suppress this message.
      3. To allow any property add 'NO_ERRORS_SCHEMA' to the '@Component.schemas' of this component.

      at reportUnknownPropertyError (node_modules/@angular/core/fesm2022/core.mjs:11279:17)
      at handleUnknownPropertyError (node_modules/@angular/core/fesm2022/core.mjs:11272:5)
      at elementPropertyInternal (node_modules/@angular/core/fesm2022/core.mjs:12530:17)
      at ɵɵtwoWayProperty (node_modules/@angular/core/fesm2022/core.mjs:32062:9)
      at FieldMeasuringComponent_Template (ng:/FieldMeasuringComponent.js:213:9)
      at executeTemplate (node_modules/@angular/core/fesm2022/core.mjs:12389:9)
      at refreshView (node_modules/@angular/core/fesm2022/core.mjs:14074:13)
      at detectChangesInView (node_modules/@angular/core/fesm2022/core.mjs:14294:9)
      at detectChangesInViewIfAttached (node_modules/@angular/core/fesm2022/core.mjs:14254:5)
      at detectChangesInComponent (node_modules/@angular/core/fesm2022/core.mjs:14242:5)
      at detectChangesInChildComponents (node_modules/@angular/core/fesm2022/core.mjs:14313:9)
      at refreshView (node_modules/@angular/core/fesm2022/core.mjs:14129:13)
      at detectChangesInView (node_modules/@angular/core/fesm2022/core.mjs:14294:9)
      at detectChangesInViewWhileDirty (node_modules/@angular/core/fesm2022/core.mjs:13986:9)
      at detectChangesInternal (node_modules/@angular/core/fesm2022/core.mjs:13968:9)
      at ViewRef.detectChanges (node_modules/@angular/core/fesm2022/core.mjs:14825:9)
      at node_modules/@angular/core/fesm2022/testing.mjs:292:44
      at _ZoneDelegate.invoke (node_modules/zone.js/bundles/zone.umd.js:410:32)
      at Object.onInvoke (node_modules/@angular/core/fesm2022/core.mjs:6579:33)
      at _ZoneDelegate.invoke (node_modules/zone.js/bundles/zone.umd.js:409:38)
      at ZoneImpl.run (node_modules/zone.js/bundles/zone.umd.js:145:47)
      at NgZone.run (node_modules/@angular/core/fesm2022/core.mjs:6425:28)
      at ComponentFixture.detectChanges (node_modules/@angular/core/fesm2022/testing.mjs:289:30)
      at src/app/ui/pages/studio/toolbar-dialog/field-measuring/field-measuring.component.spec.ts:450:15
      at _ZoneDelegate.invoke (node_modules/zone.js/bundles/zone.umd.js:410:32)
      at ProxyZoneSpec.Object.<anonymous>.ProxyZoneSpec.onInvoke (node_modules/zone.js/bundles/zone-testing.umd.js:2219:43)
      at _ZoneDelegate.invoke (node_modules/zone.js/bundles/zone.umd.js:409:38)
      at ZoneImpl.run (node_modules/zone.js/bundles/zone.umd.js:145:47)
      at Object.wrappedFunc (node_modules/zone.js/bundles/zone-testing.umd.js:449:38)

    console.error
      NG0304: 'p-tabs' is not a known element (used in the 'FieldMeasuringComponent' component template):
      1. If 'p-tabs' is an Angular component, then verify that it is included in the '@Component.imports' of this component.
      2. If 'p-tabs' is a Web Component then add 'CUSTOM_ELEMENTS_SCHEMA' to the '@Component.schemas' of this component to suppress this message.

      at validateElementIsKnown (node_modules/@angular/core/fesm2022/core.mjs:11182:25)
      at ɵɵelementStart (node_modules/@angular/core/fesm2022/core.mjs:27876:9)
      at FieldMeasuringComponent_Template (ng:/FieldMeasuringComponent.js:148:9)
      at executeTemplate (node_modules/@angular/core/fesm2022/core.mjs:12389:9)
      at renderView (node_modules/@angular/core/fesm2022/core.mjs:12895:13)
      at renderComponent (node_modules/@angular/core/fesm2022/core.mjs:12840:5)
      at renderChildComponents (node_modules/@angular/core/fesm2022/core.mjs:12943:9)
      at renderView (node_modules/@angular/core/fesm2022/core.mjs:12923:13)
      at ComponentFactory2.create (node_modules/@angular/core/fesm2022/core.mjs:17959:17)
      at initComponent (node_modules/@angular/core/fesm2022/testing.mjs:2053:51)
      at _ZoneDelegate.invoke (node_modules/zone.js/bundles/zone.umd.js:410:32)
      at Object.onInvoke (node_modules/@angular/core/fesm2022/core.mjs:6579:33)
      at _ZoneDelegate.invoke (node_modules/zone.js/bundles/zone.umd.js:409:38)
      at ZoneImpl.run (node_modules/zone.js/bundles/zone.umd.js:145:47)
      at NgZone.run (node_modules/@angular/core/fesm2022/core.mjs:6425:28)
      at _TestBedImpl.createComponent (node_modules/@angular/core/fesm2022/testing.mjs:2058:41)
      at _TestBedImpl.createComponent (node_modules/@angular/core/fesm2022/testing.mjs:1844:37)
      at src/app/ui/pages/studio/toolbar-dialog/field-measuring/field-measuring.component.spec.ts:128:23

    console.error
      NG0304: 'p-tablist' is not a known element (used in the 'FieldMeasuringComponent' component template):
      1. If 'p-tablist' is an Angular component, then verify that it is included in the '@Component.imports' of this component.
      2. If 'p-tablist' is a Web Component then add 'CUSTOM_ELEMENTS_SCHEMA' to the '@Component.schemas' of this component to suppress this message.

      at validateElementIsKnown (node_modules/@angular/core/fesm2022/core.mjs:11182:25)
      at ɵɵelementStart (node_modules/@angular/core/fesm2022/core.mjs:27876:9)
      at FieldMeasuringComponent_Template (ng:/FieldMeasuringComponent.js:154:9)
      at executeTemplate (node_modules/@angular/core/fesm2022/core.mjs:12389:9)
      at renderView (node_modules/@angular/core/fesm2022/core.mjs:12895:13)
      at renderComponent (node_modules/@angular/core/fesm2022/core.mjs:12840:5)
      at renderChildComponents (node_modules/@angular/core/fesm2022/core.mjs:12943:9)
      at renderView (node_modules/@angular/core/fesm2022/core.mjs:12923:13)
      at ComponentFactory2.create (node_modules/@angular/core/fesm2022/core.mjs:17959:17)
      at initComponent (node_modules/@angular/core/fesm2022/testing.mjs:2053:51)
      at _ZoneDelegate.invoke (node_modules/zone.js/bundles/zone.umd.js:410:32)
      at Object.onInvoke (node_modules/@angular/core/fesm2022/core.mjs:6579:33)
      at _ZoneDelegate.invoke (node_modules/zone.js/bundles/zone.umd.js:409:38)
      at ZoneImpl.run (node_modules/zone.js/bundles/zone.umd.js:145:47)
      at NgZone.run (node_modules/@angular/core/fesm2022/core.mjs:6425:28)
      at _TestBedImpl.createComponent (node_modules/@angular/core/fesm2022/testing.mjs:2058:41)
      at _TestBedImpl.createComponent (node_modules/@angular/core/fesm2022/testing.mjs:1844:37)
      at src/app/ui/pages/studio/toolbar-dialog/field-measuring/field-measuring.component.spec.ts:128:23

    console.error
      NG0304: 'p-tab' is not a known element (used in the 'FieldMeasuringComponent' component template):
      1. If 'p-tab' is an Angular component, then verify that it is included in the '@Component.imports' of this component.
      2. If 'p-tab' is a Web Component then add 'CUSTOM_ELEMENTS_SCHEMA' to the '@Component.schemas' of this component to suppress this message.

      at validateElementIsKnown (node_modules/@angular/core/fesm2022/core.mjs:11182:25)
      at ɵɵelementStart (node_modules/@angular/core/fesm2022/core.mjs:27876:9)
      at FieldMeasuringComponent_Template (ng:/FieldMeasuringComponent.js:154:44)
      at executeTemplate (node_modules/@angular/core/fesm2022/core.mjs:12389:9)
      at renderView (node_modules/@angular/core/fesm2022/core.mjs:12895:13)
      at renderComponent (node_modules/@angular/core/fesm2022/core.mjs:12840:5)
      at renderChildComponents (node_modules/@angular/core/fesm2022/core.mjs:12943:9)
      at renderView (node_modules/@angular/core/fesm2022/core.mjs:12923:13)
      at ComponentFactory2.create (node_modules/@angular/core/fesm2022/core.mjs:17959:17)
      at initComponent (node_modules/@angular/core/fesm2022/testing.mjs:2053:51)
      at _ZoneDelegate.invoke (node_modules/zone.js/bundles/zone.umd.js:410:32)
      at Object.onInvoke (node_modules/@angular/core/fesm2022/core.mjs:6579:33)
      at _ZoneDelegate.invoke (node_modules/zone.js/bundles/zone.umd.js:409:38)
      at ZoneImpl.run (node_modules/zone.js/bundles/zone.umd.js:145:47)
      at NgZone.run (node_modules/@angular/core/fesm2022/core.mjs:6425:28)
      at _TestBedImpl.createComponent (node_modules/@angular/core/fesm2022/testing.mjs:2058:41)
      at _TestBedImpl.createComponent (node_modules/@angular/core/fesm2022/testing.mjs:1844:37)
      at src/app/ui/pages/studio/toolbar-dialog/field-measuring/field-measuring.component.spec.ts:128:23

    console.error
      NG0304: 'p-tab' is not a known element (used in the 'FieldMeasuringComponent' component template):
      1. If 'p-tab' is an Angular component, then verify that it is included in the '@Component.imports' of this component.
      2. If 'p-tab' is a Web Component then add 'CUSTOM_ELEMENTS_SCHEMA' to the '@Component.schemas' of this component to suppress this message.

      at validateElementIsKnown (node_modules/@angular/core/fesm2022/core.mjs:11182:25)
      at ɵɵelementStart (node_modules/@angular/core/fesm2022/core.mjs:27876:9)
      at FieldMeasuringComponent_Template (ng:/FieldMeasuringComponent.js:157:9)
      at executeTemplate (node_modules/@angular/core/fesm2022/core.mjs:12389:9)
      at renderView (node_modules/@angular/core/fesm2022/core.mjs:12895:13)
      at renderComponent (node_modules/@angular/core/fesm2022/core.mjs:12840:5)
      at renderChildComponents (node_modules/@angular/core/fesm2022/core.mjs:12943:9)
      at renderView (node_modules/@angular/core/fesm2022/core.mjs:12923:13)
      at ComponentFactory2.create (node_modules/@angular/core/fesm2022/core.mjs:17959:17)
      at initComponent (node_modules/@angular/core/fesm2022/testing.mjs:2053:51)
      at _ZoneDelegate.invoke (node_modules/zone.js/bundles/zone.umd.js:410:32)
      at Object.onInvoke (node_modules/@angular/core/fesm2022/core.mjs:6579:33)
      at _ZoneDelegate.invoke (node_modules/zone.js/bundles/zone.umd.js:409:38)
      at ZoneImpl.run (node_modules/zone.js/bundles/zone.umd.js:145:47)
      at NgZone.run (node_modules/@angular/core/fesm2022/core.mjs:6425:28)
      at _TestBedImpl.createComponent (node_modules/@angular/core/fesm2022/testing.mjs:2058:41)
      at _TestBedImpl.createComponent (node_modules/@angular/core/fesm2022/testing.mjs:1844:37)
      at src/app/ui/pages/studio/toolbar-dialog/field-measuring/field-measuring.component.spec.ts:128:23

    console.error
      NG0304: 'p-tab' is not a known element (used in the 'FieldMeasuringComponent' component template):
      1. If 'p-tab' is an Angular component, then verify that it is included in the '@Component.imports' of this component.
      2. If 'p-tab' is a Web Component then add 'CUSTOM_ELEMENTS_SCHEMA' to the '@Component.schemas' of this component to suppress this message.

      at validateElementIsKnown (node_modules/@angular/core/fesm2022/core.mjs:11182:25)
      at ɵɵelementStart (node_modules/@angular/core/fesm2022/core.mjs:27876:9)
      at FieldMeasuringComponent_Template (ng:/FieldMeasuringComponent.js:160:9)
      at executeTemplate (node_modules/@angular/core/fesm2022/core.mjs:12389:9)
      at renderView (node_modules/@angular/core/fesm2022/core.mjs:12895:13)
      at renderComponent (node_modules/@angular/core/fesm2022/core.mjs:12840:5)
      at renderChildComponents (node_modules/@angular/core/fesm2022/core.mjs:12943:9)
      at renderView (node_modules/@angular/core/fesm2022/core.mjs:12923:13)
      at ComponentFactory2.create (node_modules/@angular/core/fesm2022/core.mjs:17959:17)
      at initComponent (node_modules/@angular/core/fesm2022/testing.mjs:2053:51)
      at _ZoneDelegate.invoke (node_modules/zone.js/bundles/zone.umd.js:410:32)
      at Object.onInvoke (node_modules/@angular/core/fesm2022/core.mjs:6579:33)
      at _ZoneDelegate.invoke (node_modules/zone.js/bundles/zone.umd.js:409:38)
      at ZoneImpl.run (node_modules/zone.js/bundles/zone.umd.js:145:47)
      at NgZone.run (node_modules/@angular/core/fesm2022/core.mjs:6425:28)
      at _TestBedImpl.createComponent (node_modules/@angular/core/fesm2022/testing.mjs:2058:41)
      at _TestBedImpl.createComponent (node_modules/@angular/core/fesm2022/testing.mjs:1844:37)
      at src/app/ui/pages/studio/toolbar-dialog/field-measuring/field-measuring.component.spec.ts:128:23

    console.error
      NG0304: 'p-tab' is not a known element (used in the 'FieldMeasuringComponent' component template):
      1. If 'p-tab' is an Angular component, then verify that it is included in the '@Component.imports' of this component.
      2. If 'p-tab' is a Web Component then add 'CUSTOM_ELEMENTS_SCHEMA' to the '@Component.schemas' of this component to suppress this message.

      at validateElementIsKnown (node_modules/@angular/core/fesm2022/core.mjs:11182:25)
      at ɵɵelementStart (node_modules/@angular/core/fesm2022/core.mjs:27876:9)
      at FieldMeasuringComponent_Template (ng:/FieldMeasuringComponent.js:163:9)
      at executeTemplate (node_modules/@angular/core/fesm2022/core.mjs:12389:9)
      at renderView (node_modules/@angular/core/fesm2022/core.mjs:12895:13)
      at renderComponent (node_modules/@angular/core/fesm2022/core.mjs:12840:5)
      at renderChildComponents (node_modules/@angular/core/fesm2022/core.mjs:12943:9)
      at renderView (node_modules/@angular/core/fesm2022/core.mjs:12923:13)
      at ComponentFactory2.create (node_modules/@angular/core/fesm2022/core.mjs:17959:17)
      at initComponent (node_modules/@angular/core/fesm2022/testing.mjs:2053:51)
      at _ZoneDelegate.invoke (node_modules/zone.js/bundles/zone.umd.js:410:32)
      at Object.onInvoke (node_modules/@angular/core/fesm2022/core.mjs:6579:33)
      at _ZoneDelegate.invoke (node_modules/zone.js/bundles/zone.umd.js:409:38)
      at ZoneImpl.run (node_modules/zone.js/bundles/zone.umd.js:145:47)
      at NgZone.run (node_modules/@angular/core/fesm2022/core.mjs:6425:28)
      at _TestBedImpl.createComponent (node_modules/@angular/core/fesm2022/testing.mjs:2058:41)
      at _TestBedImpl.createComponent (node_modules/@angular/core/fesm2022/testing.mjs:1844:37)
      at src/app/ui/pages/studio/toolbar-dialog/field-measuring/field-measuring.component.spec.ts:128:23

    console.error
      NG0304: 'p-tabpanel' is not a known element (used in the 'FieldMeasuringComponent' component template):
      1. If 'p-tabpanel' is an Angular component, then verify that it is included in the '@Component.imports' of this component.
      2. If 'p-tabpanel' is a Web Component then add 'CUSTOM_ELEMENTS_SCHEMA' to the '@Component.schemas' of this component to suppress this message.

      at validateElementIsKnown (node_modules/@angular/core/fesm2022/core.mjs:11182:25)
      at ɵɵelementStart (node_modules/@angular/core/fesm2022/core.mjs:27876:9)
      at FieldMeasuringComponent_Template (ng:/FieldMeasuringComponent.js:166:9)
      at executeTemplate (node_modules/@angular/core/fesm2022/core.mjs:12389:9)
      at renderView (node_modules/@angular/core/fesm2022/core.mjs:12895:13)
      at renderComponent (node_modules/@angular/core/fesm2022/core.mjs:12840:5)
      at renderChildComponents (node_modules/@angular/core/fesm2022/core.mjs:12943:9)
      at renderView (node_modules/@angular/core/fesm2022/core.mjs:12923:13)
      at ComponentFactory2.create (node_modules/@angular/core/fesm2022/core.mjs:17959:17)
      at initComponent (node_modules/@angular/core/fesm2022/testing.mjs:2053:51)
      at _ZoneDelegate.invoke (node_modules/zone.js/bundles/zone.umd.js:410:32)
      at Object.onInvoke (node_modules/@angular/core/fesm2022/core.mjs:6579:33)
      at _ZoneDelegate.invoke (node_modules/zone.js/bundles/zone.umd.js:409:38)
      at ZoneImpl.run (node_modules/zone.js/bundles/zone.umd.js:145:47)
      at NgZone.run (node_modules/@angular/core/fesm2022/core.mjs:6425:28)
      at _TestBedImpl.createComponent (node_modules/@angular/core/fesm2022/testing.mjs:2058:41)
      at _TestBedImpl.createComponent (node_modules/@angular/core/fesm2022/testing.mjs:1844:37)
      at src/app/ui/pages/studio/toolbar-dialog/field-measuring/field-measuring.component.spec.ts:128:23

    console.error
      NG0304: 'p-tabpanel' is not a known element (used in the 'FieldMeasuringComponent' component template):
      1. If 'p-tabpanel' is an Angular component, then verify that it is included in the '@Component.imports' of this component.
      2. If 'p-tabpanel' is a Web Component then add 'CUSTOM_ELEMENTS_SCHEMA' to the '@Component.schemas' of this component to suppress this message.

      at validateElementIsKnown (node_modules/@angular/core/fesm2022/core.mjs:11182:25)
      at ɵɵelementStart (node_modules/@angular/core/fesm2022/core.mjs:27876:9)
      at FieldMeasuringComponent_Template (ng:/FieldMeasuringComponent.js:172:9)
      at executeTemplate (node_modules/@angular/core/fesm2022/core.mjs:12389:9)
      at renderView (node_modules/@angular/core/fesm2022/core.mjs:12895:13)
      at renderComponent (node_modules/@angular/core/fesm2022/core.mjs:12840:5)
      at renderChildComponents (node_modules/@angular/core/fesm2022/core.mjs:12943:9)
      at renderView (node_modules/@angular/core/fesm2022/core.mjs:12923:13)
      at ComponentFactory2.create (node_modules/@angular/core/fesm2022/core.mjs:17959:17)
      at initComponent (node_modules/@angular/core/fesm2022/testing.mjs:2053:51)
      at _ZoneDelegate.invoke (node_modules/zone.js/bundles/zone.umd.js:410:32)
      at Object.onInvoke (node_modules/@angular/core/fesm2022/core.mjs:6579:33)
      at _ZoneDelegate.invoke (node_modules/zone.js/bundles/zone.umd.js:409:38)
      at ZoneImpl.run (node_modules/zone.js/bundles/zone.umd.js:145:47)
      at NgZone.run (node_modules/@angular/core/fesm2022/core.mjs:6425:28)
      at _TestBedImpl.createComponent (node_modules/@angular/core/fesm2022/testing.mjs:2058:41)
      at _TestBedImpl.createComponent (node_modules/@angular/core/fesm2022/testing.mjs:1844:37)
      at src/app/ui/pages/studio/toolbar-dialog/field-measuring/field-measuring.component.spec.ts:128:23

    console.error
      NG0304: 'p-tabpanel' is not a known element (used in the 'FieldMeasuringComponent' component template):
      1. If 'p-tabpanel' is an Angular component, then verify that it is included in the '@Component.imports' of this component.
      2. If 'p-tabpanel' is a Web Component then add 'CUSTOM_ELEMENTS_SCHEMA' to the '@Component.schemas' of this component to suppress this message.

      at validateElementIsKnown (node_modules/@angular/core/fesm2022/core.mjs:11182:25)
      at ɵɵelementStart (node_modules/@angular/core/fesm2022/core.mjs:27876:9)
      at FieldMeasuringComponent_Template (ng:/FieldMeasuringComponent.js:179:9)
      at executeTemplate (node_modules/@angular/core/fesm2022/core.mjs:12389:9)
      at renderView (node_modules/@angular/core/fesm2022/core.mjs:12895:13)
      at renderComponent (node_modules/@angular/core/fesm2022/core.mjs:12840:5)
      at renderChildComponents (node_modules/@angular/core/fesm2022/core.mjs:12943:9)
      at renderView (node_modules/@angular/core/fesm2022/core.mjs:12923:13)
      at ComponentFactory2.create (node_modules/@angular/core/fesm2022/core.mjs:17959:17)
      at initComponent (node_modules/@angular/core/fesm2022/testing.mjs:2053:51)
      at _ZoneDelegate.invoke (node_modules/zone.js/bundles/zone.umd.js:410:32)
      at Object.onInvoke (node_modules/@angular/core/fesm2022/core.mjs:6579:33)
      at _ZoneDelegate.invoke (node_modules/zone.js/bundles/zone.umd.js:409:38)
      at ZoneImpl.run (node_modules/zone.js/bundles/zone.umd.js:145:47)
      at NgZone.run (node_modules/@angular/core/fesm2022/core.mjs:6425:28)
      at _TestBedImpl.createComponent (node_modules/@angular/core/fesm2022/testing.mjs:2058:41)
      at _TestBedImpl.createComponent (node_modules/@angular/core/fesm2022/testing.mjs:1844:37)
      at src/app/ui/pages/studio/toolbar-dialog/field-measuring/field-measuring.component.spec.ts:128:23

    console.error
      NG0304: 'app-temperature-calculation' is not a known element (used in the 'FieldMeasuringComponent' component template):
      1. If 'app-temperature-calculation' is an Angular component, then verify that it is included in the '@Component.imports' of this component.
      2. If 'app-temperature-calculation' is a Web Component then add 'CUSTOM_ELEMENTS_SCHEMA' to the '@Component.schemas' of this component to suppress this message.

      at validateElementIsKnown (node_modules/@angular/core/fesm2022/core.mjs:11182:25)
      at ɵɵelementStart (node_modules/@angular/core/fesm2022/core.mjs:27876:9)
      at FieldMeasuringComponent_Template (ng:/FieldMeasuringComponent.js:179:49)
      at executeTemplate (node_modules/@angular/core/fesm2022/core.mjs:12389:9)
      at renderView (node_modules/@angular/core/fesm2022/core.mjs:12895:13)
      at renderComponent (node_modules/@angular/core/fesm2022/core.mjs:12840:5)
      at renderChildComponents (node_modules/@angular/core/fesm2022/core.mjs:12943:9)
      at renderView (node_modules/@angular/core/fesm2022/core.mjs:12923:13)
      at ComponentFactory2.create (node_modules/@angular/core/fesm2022/core.mjs:17959:17)
      at initComponent (node_modules/@angular/core/fesm2022/testing.mjs:2053:51)
      at _ZoneDelegate.invoke (node_modules/zone.js/bundles/zone.umd.js:410:32)
      at Object.onInvoke (node_modules/@angular/core/fesm2022/core.mjs:6579:33)
      at _ZoneDelegate.invoke (node_modules/zone.js/bundles/zone.umd.js:409:38)
      at ZoneImpl.run (node_modules/zone.js/bundles/zone.umd.js:145:47)
      at NgZone.run (node_modules/@angular/core/fesm2022/core.mjs:6425:28)
      at _TestBedImpl.createComponent (node_modules/@angular/core/fesm2022/testing.mjs:2058:41)
      at _TestBedImpl.createComponent (node_modules/@angular/core/fesm2022/testing.mjs:1844:37)
      at src/app/ui/pages/studio/toolbar-dialog/field-measuring/field-measuring.component.spec.ts:128:23

    console.error
      NG0304: 'p-tabpanel' is not a known element (used in the 'FieldMeasuringComponent' component template):
      1. If 'p-tabpanel' is an Angular component, then verify that it is included in the '@Component.imports' of this component.
      2. If 'p-tabpanel' is a Web Component then add 'CUSTOM_ELEMENTS_SCHEMA' to the '@Component.schemas' of this component to suppress this message.

      at validateElementIsKnown (node_modules/@angular/core/fesm2022/core.mjs:11182:25)
      at ɵɵelementStart (node_modules/@angular/core/fesm2022/core.mjs:27876:9)
      at FieldMeasuringComponent_Template (ng:/FieldMeasuringComponent.js:187:9)
      at executeTemplate (node_modules/@angular/core/fesm2022/core.mjs:12389:9)
      at renderView (node_modules/@angular/core/fesm2022/core.mjs:12895:13)
      at renderComponent (node_modules/@angular/core/fesm2022/core.mjs:12840:5)
      at renderChildComponents (node_modules/@angular/core/fesm2022/core.mjs:12943:9)
      at renderView (node_modules/@angular/core/fesm2022/core.mjs:12923:13)
      at ComponentFactory2.create (node_modules/@angular/core/fesm2022/core.mjs:17959:17)
      at initComponent (node_modules/@angular/core/fesm2022/testing.mjs:2053:51)
      at _ZoneDelegate.invoke (node_modules/zone.js/bundles/zone.umd.js:410:32)
      at Object.onInvoke (node_modules/@angular/core/fesm2022/core.mjs:6579:33)
      at _ZoneDelegate.invoke (node_modules/zone.js/bundles/zone.umd.js:409:38)
      at ZoneImpl.run (node_modules/zone.js/bundles/zone.umd.js:145:47)
      at NgZone.run (node_modules/@angular/core/fesm2022/core.mjs:6425:28)
      at _TestBedImpl.createComponent (node_modules/@angular/core/fesm2022/testing.mjs:2058:41)
      at _TestBedImpl.createComponent (node_modules/@angular/core/fesm2022/testing.mjs:1844:37)
      at src/app/ui/pages/studio/toolbar-dialog/field-measuring/field-measuring.component.spec.ts:128:23

    console.error
      NG0304: 'app-parameter-at-15c-without-wind' is not a known element (used in the 'FieldMeasuringComponent' component template):
      1. If 'app-parameter-at-15c-without-wind' is an Angular component, then verify that it is included in the '@Component.imports' of this component.
      2. If 'app-parameter-at-15c-without-wind' is a Web Component then add 'CUSTOM_ELEMENTS_SCHEMA' to the '@Component.schemas' of this component to suppress this message.

      at validateElementIsKnown (node_modules/@angular/core/fesm2022/core.mjs:11182:25)
      at ɵɵelementStart (node_modules/@angular/core/fesm2022/core.mjs:27876:9)
      at FieldMeasuringComponent_Template (ng:/FieldMeasuringComponent.js:187:49)
      at executeTemplate (node_modules/@angular/core/fesm2022/core.mjs:12389:9)
      at renderView (node_modules/@angular/core/fesm2022/core.mjs:12895:13)
      at renderComponent (node_modules/@angular/core/fesm2022/core.mjs:12840:5)
      at renderChildComponents (node_modules/@angular/core/fesm2022/core.mjs:12943:9)
      at renderView (node_modules/@angular/core/fesm2022/core.mjs:12923:13)
      at ComponentFactory2.create (node_modules/@angular/core/fesm2022/core.mjs:17959:17)
      at initComponent (node_modules/@angular/core/fesm2022/testing.mjs:2053:51)
      at _ZoneDelegate.invoke (node_modules/zone.js/bundles/zone.umd.js:410:32)
      at Object.onInvoke (node_modules/@angular/core/fesm2022/core.mjs:6579:33)
      at _ZoneDelegate.invoke (node_modules/zone.js/bundles/zone.umd.js:409:38)
      at ZoneImpl.run (node_modules/zone.js/bundles/zone.umd.js:145:47)
      at NgZone.run (node_modules/@angular/core/fesm2022/core.mjs:6425:28)
      at _TestBedImpl.createComponent (node_modules/@angular/core/fesm2022/testing.mjs:2058:41)
      at _TestBedImpl.createComponent (node_modules/@angular/core/fesm2022/testing.mjs:1844:37)
      at src/app/ui/pages/studio/toolbar-dialog/field-measuring/field-measuring.component.spec.ts:128:23

    console.error
      NG0304: 'p-tabs' is not a known element (used in the 'FieldMeasuringComponent' component template):
      1. If 'p-tabs' is an Angular component, then verify that it is included in the '@Component.imports' of this component.
      2. If 'p-tabs' is a Web Component then add 'CUSTOM_ELEMENTS_SCHEMA' to the '@Component.schemas' of this component to suppress this message.

      at validateElementIsKnown (node_modules/@angular/core/fesm2022/core.mjs:11182:25)
      at ɵɵelementStart (node_modules/@angular/core/fesm2022/core.mjs:27876:9)
      at FieldMeasuringComponent_Template (ng:/FieldMeasuringComponent.js:148:9)
      at executeTemplate (node_modules/@angular/core/fesm2022/core.mjs:12389:9)
      at renderView (node_modules/@angular/core/fesm2022/core.mjs:12895:13)
      at renderComponent (node_modules/@angular/core/fesm2022/core.mjs:12840:5)
      at renderChildComponents (node_modules/@angular/core/fesm2022/core.mjs:12943:9)
      at renderView (node_modules/@angular/core/fesm2022/core.mjs:12923:13)
      at ComponentFactory2.create (node_modules/@angular/core/fesm2022/core.mjs:17959:17)
      at initComponent (node_modules/@angular/core/fesm2022/testing.mjs:2053:51)
      at _ZoneDelegate.invoke (node_modules/zone.js/bundles/zone.umd.js:410:32)
      at Object.onInvoke (node_modules/@angular/core/fesm2022/core.mjs:6579:33)
      at _ZoneDelegate.invoke (node_modules/zone.js/bundles/zone.umd.js:409:38)
      at ZoneImpl.run (node_modules/zone.js/bundles/zone.umd.js:145:47)
      at NgZone.run (node_modules/@angular/core/fesm2022/core.mjs:6425:28)
      at _TestBedImpl.createComponent (node_modules/@angular/core/fesm2022/testing.mjs:2058:41)
      at _TestBedImpl.createComponent (node_modules/@angular/core/fesm2022/testing.mjs:1844:37)
      at src/app/ui/pages/studio/toolbar-dialog/field-measuring/field-measuring.component.spec.ts:128:23

    console.error
      NG0304: 'p-tablist' is not a known element (used in the 'FieldMeasuringComponent' component template):
      1. If 'p-tablist' is an Angular component, then verify that it is included in the '@Component.imports' of this component.
      2. If 'p-tablist' is a Web Component then add 'CUSTOM_ELEMENTS_SCHEMA' to the '@Component.schemas' of this component to suppress this message.

      at validateElementIsKnown (node_modules/@angular/core/fesm2022/core.mjs:11182:25)
      at ɵɵelementStart (node_modules/@angular/core/fesm2022/core.mjs:27876:9)
      at FieldMeasuringComponent_Template (ng:/FieldMeasuringComponent.js:154:9)
      at executeTemplate (node_modules/@angular/core/fesm2022/core.mjs:12389:9)
      at renderView (node_modules/@angular/core/fesm2022/core.mjs:12895:13)
      at renderComponent (node_modules/@angular/core/fesm2022/core.mjs:12840:5)
      at renderChildComponents (node_modules/@angular/core/fesm2022/core.mjs:12943:9)
      at renderView (node_modules/@angular/core/fesm2022/core.mjs:12923:13)
      at ComponentFactory2.create (node_modules/@angular/core/fesm2022/core.mjs:17959:17)
      at initComponent (node_modules/@angular/core/fesm2022/testing.mjs:2053:51)
      at _ZoneDelegate.invoke (node_modules/zone.js/bundles/zone.umd.js:410:32)
      at Object.onInvoke (node_modules/@angular/core/fesm2022/core.mjs:6579:33)
      at _ZoneDelegate.invoke (node_modules/zone.js/bundles/zone.umd.js:409:38)
      at ZoneImpl.run (node_modules/zone.js/bundles/zone.umd.js:145:47)
      at NgZone.run (node_modules/@angular/core/fesm2022/core.mjs:6425:28)
      at _TestBedImpl.createComponent (node_modules/@angular/core/fesm2022/testing.mjs:2058:41)
      at _TestBedImpl.createComponent (node_modules/@angular/core/fesm2022/testing.mjs:1844:37)
      at src/app/ui/pages/studio/toolbar-dialog/field-measuring/field-measuring.component.spec.ts:128:23

    console.error
      NG0304: 'p-tab' is not a known element (used in the 'FieldMeasuringComponent' component template):
      1. If 'p-tab' is an Angular component, then verify that it is included in the '@Component.imports' of this component.
      2. If 'p-tab' is a Web Component then add 'CUSTOM_ELEMENTS_SCHEMA' to the '@Component.schemas' of this component to suppress this message.

      at validateElementIsKnown (node_modules/@angular/core/fesm2022/core.mjs:11182:25)
      at ɵɵelementStart (node_modules/@angular/core/fesm2022/core.mjs:27876:9)
      at FieldMeasuringComponent_Template (ng:/FieldMeasuringComponent.js:154:44)
      at executeTemplate (node_modules/@angular/core/fesm2022/core.mjs:12389:9)
      at renderView (node_modules/@angular/core/fesm2022/core.mjs:12895:13)
      at renderComponent (node_modules/@angular/core/fesm2022/core.mjs:12840:5)
      at renderChildComponents (node_modules/@angular/core/fesm2022/core.mjs:12943:9)
      at renderView (node_modules/@angular/core/fesm2022/core.mjs:12923:13)
      at ComponentFactory2.create (node_modules/@angular/core/fesm2022/core.mjs:17959:17)
      at initComponent (node_modules/@angular/core/fesm2022/testing.mjs:2053:51)
      at _ZoneDelegate.invoke (node_modules/zone.js/bundles/zone.umd.js:410:32)
      at Object.onInvoke (node_modules/@angular/core/fesm2022/core.mjs:6579:33)
      at _ZoneDelegate.invoke (node_modules/zone.js/bundles/zone.umd.js:409:38)
      at ZoneImpl.run (node_modules/zone.js/bundles/zone.umd.js:145:47)
      at NgZone.run (node_modules/@angular/core/fesm2022/core.mjs:6425:28)
      at _TestBedImpl.createComponent (node_modules/@angular/core/fesm2022/testing.mjs:2058:41)
      at _TestBedImpl.createComponent (node_modules/@angular/core/fesm2022/testing.mjs:1844:37)
      at src/app/ui/pages/studio/toolbar-dialog/field-measuring/field-measuring.component.spec.ts:128:23

    console.error
      NG0304: 'p-tab' is not a known element (used in the 'FieldMeasuringComponent' component template):
      1. If 'p-tab' is an Angular component, then verify that it is included in the '@Component.imports' of this component.
      2. If 'p-tab' is a Web Component then add 'CUSTOM_ELEMENTS_SCHEMA' to the '@Component.schemas' of this component to suppress this message.

      at validateElementIsKnown (node_modules/@angular/core/fesm2022/core.mjs:11182:25)
      at ɵɵelementStart (node_modules/@angular/core/fesm2022/core.mjs:27876:9)
      at FieldMeasuringComponent_Template (ng:/FieldMeasuringComponent.js:157:9)
      at executeTemplate (node_modules/@angular/core/fesm2022/core.mjs:12389:9)
      at renderView (node_modules/@angular/core/fesm2022/core.mjs:12895:13)
      at renderComponent (node_modules/@angular/core/fesm2022/core.mjs:12840:5)
      at renderChildComponents (node_modules/@angular/core/fesm2022/core.mjs:12943:9)
      at renderView (node_modules/@angular/core/fesm2022/core.mjs:12923:13)
      at ComponentFactory2.create (node_modules/@angular/core/fesm2022/core.mjs:17959:17)
      at initComponent (node_modules/@angular/core/fesm2022/testing.mjs:2053:51)
      at _ZoneDelegate.invoke (node_modules/zone.js/bundles/zone.umd.js:410:32)
      at Object.onInvoke (node_modules/@angular/core/fesm2022/core.mjs:6579:33)
      at _ZoneDelegate.invoke (node_modules/zone.js/bundles/zone.umd.js:409:38)
      at ZoneImpl.run (node_modules/zone.js/bundles/zone.umd.js:145:47)
      at NgZone.run (node_modules/@angular/core/fesm2022/core.mjs:6425:28)
      at _TestBedImpl.createComponent (node_modules/@angular/core/fesm2022/testing.mjs:2058:41)
      at _TestBedImpl.createComponent (node_modules/@angular/core/fesm2022/testing.mjs:1844:37)
      at src/app/ui/pages/studio/toolbar-dialog/field-measuring/field-measuring.component.spec.ts:128:23

    console.error
      NG0304: 'p-tab' is not a known element (used in the 'FieldMeasuringComponent' component template):
      1. If 'p-tab' is an Angular component, then verify that it is included in the '@Component.imports' of this component.
      2. If 'p-tab' is a Web Component then add 'CUSTOM_ELEMENTS_SCHEMA' to the '@Component.schemas' of this component to suppress this message.

      at validateElementIsKnown (node_modules/@angular/core/fesm2022/core.mjs:11182:25)
      at ɵɵelementStart (node_modules/@angular/core/fesm2022/core.mjs:27876:9)
      at FieldMeasuringComponent_Template (ng:/FieldMeasuringComponent.js:160:9)
      at executeTemplate (node_modules/@angular/core/fesm2022/core.mjs:12389:9)
      at renderView (node_modules/@angular/core/fesm2022/core.mjs:12895:13)
      at renderComponent (node_modules/@angular/core/fesm2022/core.mjs:12840:5)
      at renderChildComponents (node_modules/@angular/core/fesm2022/core.mjs:12943:9)
      at renderView (node_modules/@angular/core/fesm2022/core.mjs:12923:13)
      at ComponentFactory2.create (node_modules/@angular/core/fesm2022/core.mjs:17959:17)
      at initComponent (node_modules/@angular/core/fesm2022/testing.mjs:2053:51)
      at _ZoneDelegate.invoke (node_modules/zone.js/bundles/zone.umd.js:410:32)
      at Object.onInvoke (node_modules/@angular/core/fesm2022/core.mjs:6579:33)
      at _ZoneDelegate.invoke (node_modules/zone.js/bundles/zone.umd.js:409:38)
      at ZoneImpl.run (node_modules/zone.js/bundles/zone.umd.js:145:47)
      at NgZone.run (node_modules/@angular/core/fesm2022/core.mjs:6425:28)
      at _TestBedImpl.createComponent (node_modules/@angular/core/fesm2022/testing.mjs:2058:41)
      at _TestBedImpl.createComponent (node_modules/@angular/core/fesm2022/testing.mjs:1844:37)
      at src/app/ui/pages/studio/toolbar-dialog/field-measuring/field-measuring.component.spec.ts:128:23

    console.error
      NG0304: 'p-tab' is not a known element (used in the 'FieldMeasuringComponent' component template):
      1. If 'p-tab' is an Angular component, then verify that it is included in the '@Component.imports' of this component.
      2. If 'p-tab' is a Web Component then add 'CUSTOM_ELEMENTS_SCHEMA' to the '@Component.schemas' of this component to suppress this message.

      at validateElementIsKnown (node_modules/@angular/core/fesm2022/core.mjs:11182:25)
      at ɵɵelementStart (node_modules/@angular/core/fesm2022/core.mjs:27876:9)
      at FieldMeasuringComponent_Template (ng:/FieldMeasuringComponent.js:163:9)
      at executeTemplate (node_modules/@angular/core/fesm2022/core.mjs:12389:9)
      at renderView (node_modules/@angular/core/fesm2022/core.mjs:12895:13)
      at renderComponent (node_modules/@angular/core/fesm2022/core.mjs:12840:5)
      at renderChildComponents (node_modules/@angular/core/fesm2022/core.mjs:12943:9)
      at renderView (node_modules/@angular/core/fesm2022/core.mjs:12923:13)
      at ComponentFactory2.create (node_modules/@angular/core/fesm2022/core.mjs:17959:17)
      at initComponent (node_modules/@angular/core/fesm2022/testing.mjs:2053:51)
      at _ZoneDelegate.invoke (node_modules/zone.js/bundles/zone.umd.js:410:32)
      at Object.onInvoke (node_modules/@angular/core/fesm2022/core.mjs:6579:33)
      at _ZoneDelegate.invoke (node_modules/zone.js/bundles/zone.umd.js:409:38)
      at ZoneImpl.run (node_modules/zone.js/bundles/zone.umd.js:145:47)
      at NgZone.run (node_modules/@angular/core/fesm2022/core.mjs:6425:28)
      at _TestBedImpl.createComponent (node_modules/@angular/core/fesm2022/testing.mjs:2058:41)
      at _TestBedImpl.createComponent (node_modules/@angular/core/fesm2022/testing.mjs:1844:37)
      at src/app/ui/pages/studio/toolbar-dialog/field-measuring/field-measuring.component.spec.ts:128:23

    console.error
      NG0304: 'p-tabpanel' is not a known element (used in the 'FieldMeasuringComponent' component template):
      1. If 'p-tabpanel' is an Angular component, then verify that it is included in the '@Component.imports' of this component.
      2. If 'p-tabpanel' is a Web Component then add 'CUSTOM_ELEMENTS_SCHEMA' to the '@Component.schemas' of this component to suppress this message.

      at validateElementIsKnown (node_modules/@angular/core/fesm2022/core.mjs:11182:25)
      at ɵɵelementStart (node_modules/@angular/core/fesm2022/core.mjs:27876:9)
      at FieldMeasuringComponent_Template (ng:/FieldMeasuringComponent.js:166:9)
      at executeTemplate (node_modules/@angular/core/fesm2022/core.mjs:12389:9)
      at renderView (node_modules/@angular/core/fesm2022/core.mjs:12895:13)
      at renderComponent (node_modules/@angular/core/fesm2022/core.mjs:12840:5)
      at renderChildComponents (node_modules/@angular/core/fesm2022/core.mjs:12943:9)
      at renderView (node_modules/@angular/core/fesm2022/core.mjs:12923:13)
      at ComponentFactory2.create (node_modules/@angular/core/fesm2022/core.mjs:17959:17)
      at initComponent (node_modules/@angular/core/fesm2022/testing.mjs:2053:51)
      at _ZoneDelegate.invoke (node_modules/zone.js/bundles/zone.umd.js:410:32)
      at Object.onInvoke (node_modules/@angular/core/fesm2022/core.mjs:6579:33)
      at _ZoneDelegate.invoke (node_modules/zone.js/bundles/zone.umd.js:409:38)
      at ZoneImpl.run (node_modules/zone.js/bundles/zone.umd.js:145:47)
      at NgZone.run (node_modules/@angular/core/fesm2022/core.mjs:6425:28)
      at _TestBedImpl.createComponent (node_modules/@angular/core/fesm2022/testing.mjs:2058:41)
      at _TestBedImpl.createComponent (node_modules/@angular/core/fesm2022/testing.mjs:1844:37)
      at src/app/ui/pages/studio/toolbar-dialog/field-measuring/field-measuring.component.spec.ts:128:23

    console.error
      NG0304: 'p-tabpanel' is not a known element (used in the 'FieldMeasuringComponent' component template):
      1. If 'p-tabpanel' is an Angular component, then verify that it is included in the '@Component.imports' of this component.
      2. If 'p-tabpanel' is a Web Component then add 'CUSTOM_ELEMENTS_SCHEMA' to the '@Component.schemas' of this component to suppress this message.

      at validateElementIsKnown (node_modules/@angular/core/fesm2022/core.mjs:11182:25)
      at ɵɵelementStart (node_modules/@angular/core/fesm2022/core.mjs:27876:9)
      at FieldMeasuringComponent_Template (ng:/FieldMeasuringComponent.js:172:9)
      at executeTemplate (node_modules/@angular/core/fesm2022/core.mjs:12389:9)
      at renderView (node_modules/@angular/core/fesm2022/core.mjs:12895:13)
      at renderComponent (node_modules/@angular/core/fesm2022/core.mjs:12840:5)
      at renderChildComponents (node_modules/@angular/core/fesm2022/core.mjs:12943:9)
      at renderView (node_modules/@angular/core/fesm2022/core.mjs:12923:13)
      at ComponentFactory2.create (node_modules/@angular/core/fesm2022/core.mjs:17959:17)
      at initComponent (node_modules/@angular/core/fesm2022/testing.mjs:2053:51)
      at _ZoneDelegate.invoke (node_modules/zone.js/bundles/zone.umd.js:410:32)
      at Object.onInvoke (node_modules/@angular/core/fesm2022/core.mjs:6579:33)
      at _ZoneDelegate.invoke (node_modules/zone.js/bundles/zone.umd.js:409:38)
      at ZoneImpl.run (node_modules/zone.js/bundles/zone.umd.js:145:47)
      at NgZone.run (node_modules/@angular/core/fesm2022/core.mjs:6425:28)
      at _TestBedImpl.createComponent (node_modules/@angular/core/fesm2022/testing.mjs:2058:41)
      at _TestBedImpl.createComponent (node_modules/@angular/core/fesm2022/testing.mjs:1844:37)
      at src/app/ui/pages/studio/toolbar-dialog/field-measuring/field-measuring.component.spec.ts:128:23

    console.error
      NG0304: 'p-tabpanel' is not a known element (used in the 'FieldMeasuringComponent' component template):
      1. If 'p-tabpanel' is an Angular component, then verify that it is included in the '@Component.imports' of this component.
      2. If 'p-tabpanel' is a Web Component then add 'CUSTOM_ELEMENTS_SCHEMA' to the '@Component.schemas' of this component to suppress this message.

      at validateElementIsKnown (node_modules/@angular/core/fesm2022/core.mjs:11182:25)
      at ɵɵelementStart (node_modules/@angular/core/fesm2022/core.mjs:27876:9)
      at FieldMeasuringComponent_Template (ng:/FieldMeasuringComponent.js:179:9)
      at executeTemplate (node_modules/@angular/core/fesm2022/core.mjs:12389:9)
      at renderView (node_modules/@angular/core/fesm2022/core.mjs:12895:13)
      at renderComponent (node_modules/@angular/core/fesm2022/core.mjs:12840:5)
      at renderChildComponents (node_modules/@angular/core/fesm2022/core.mjs:12943:9)
      at renderView (node_modules/@angular/core/fesm2022/core.mjs:12923:13)
      at ComponentFactory2.create (node_modules/@angular/core/fesm2022/core.mjs:17959:17)
      at initComponent (node_modules/@angular/core/fesm2022/testing.mjs:2053:51)
      at _ZoneDelegate.invoke (node_modules/zone.js/bundles/zone.umd.js:410:32)
      at Object.onInvoke (node_modules/@angular/core/fesm2022/core.mjs:6579:33)
      at _ZoneDelegate.invoke (node_modules/zone.js/bundles/zone.umd.js:409:38)
      at ZoneImpl.run (node_modules/zone.js/bundles/zone.umd.js:145:47)
      at NgZone.run (node_modules/@angular/core/fesm2022/core.mjs:6425:28)
      at _TestBedImpl.createComponent (node_modules/@angular/core/fesm2022/testing.mjs:2058:41)
      at _TestBedImpl.createComponent (node_modules/@angular/core/fesm2022/testing.mjs:1844:37)
      at src/app/ui/pages/studio/toolbar-dialog/field-measuring/field-measuring.component.spec.ts:128:23

    console.error
      NG0304: 'app-temperature-calculation' is not a known element (used in the 'FieldMeasuringComponent' component template):
      1. If 'app-temperature-calculation' is an Angular component, then verify that it is included in the '@Component.imports' of this component.
      2. If 'app-temperature-calculation' is a Web Component then add 'CUSTOM_ELEMENTS_SCHEMA' to the '@Component.schemas' of this component to suppress this message.

      at validateElementIsKnown (node_modules/@angular/core/fesm2022/core.mjs:11182:25)
      at ɵɵelementStart (node_modules/@angular/core/fesm2022/core.mjs:27876:9)
      at FieldMeasuringComponent_Template (ng:/FieldMeasuringComponent.js:179:49)
      at executeTemplate (node_modules/@angular/core/fesm2022/core.mjs:12389:9)
      at renderView (node_modules/@angular/core/fesm2022/core.mjs:12895:13)
      at renderComponent (node_modules/@angular/core/fesm2022/core.mjs:12840:5)
      at renderChildComponents (node_modules/@angular/core/fesm2022/core.mjs:12943:9)
      at renderView (node_modules/@angular/core/fesm2022/core.mjs:12923:13)
      at ComponentFactory2.create (node_modules/@angular/core/fesm2022/core.mjs:17959:17)
      at initComponent (node_modules/@angular/core/fesm2022/testing.mjs:2053:51)
      at _ZoneDelegate.invoke (node_modules/zone.js/bundles/zone.umd.js:410:32)
      at Object.onInvoke (node_modules/@angular/core/fesm2022/core.mjs:6579:33)
      at _ZoneDelegate.invoke (node_modules/zone.js/bundles/zone.umd.js:409:38)
      at ZoneImpl.run (node_modules/zone.js/bundles/zone.umd.js:145:47)
      at NgZone.run (node_modules/@angular/core/fesm2022/core.mjs:6425:28)
      at _TestBedImpl.createComponent (node_modules/@angular/core/fesm2022/testing.mjs:2058:41)
      at _TestBedImpl.createComponent (node_modules/@angular/core/fesm2022/testing.mjs:1844:37)
      at src/app/ui/pages/studio/toolbar-dialog/field-measuring/field-measuring.component.spec.ts:128:23

    console.error
      NG0304: 'p-tabpanel' is not a known element (used in the 'FieldMeasuringComponent' component template):
      1. If 'p-tabpanel' is an Angular component, then verify that it is included in the '@Component.imports' of this component.
      2. If 'p-tabpanel' is a Web Component then add 'CUSTOM_ELEMENTS_SCHEMA' to the '@Component.schemas' of this component to suppress this message.

      at validateElementIsKnown (node_modules/@angular/core/fesm2022/core.mjs:11182:25)
      at ɵɵelementStart (node_modules/@angular/core/fesm2022/core.mjs:27876:9)
      at FieldMeasuringComponent_Template (ng:/FieldMeasuringComponent.js:187:9)
      at executeTemplate (node_modules/@angular/core/fesm2022/core.mjs:12389:9)
      at renderView (node_modules/@angular/core/fesm2022/core.mjs:12895:13)
      at renderComponent (node_modules/@angular/core/fesm2022/core.mjs:12840:5)
      at renderChildComponents (node_modules/@angular/core/fesm2022/core.mjs:12943:9)
      at renderView (node_modules/@angular/core/fesm2022/core.mjs:12923:13)
      at ComponentFactory2.create (node_modules/@angular/core/fesm2022/core.mjs:17959:17)
      at initComponent (node_modules/@angular/core/fesm2022/testing.mjs:2053:51)
      at _ZoneDelegate.invoke (node_modules/zone.js/bundles/zone.umd.js:410:32)
      at Object.onInvoke (node_modules/@angular/core/fesm2022/core.mjs:6579:33)
      at _ZoneDelegate.invoke (node_modules/zone.js/bundles/zone.umd.js:409:38)
      at ZoneImpl.run (node_modules/zone.js/bundles/zone.umd.js:145:47)
      at NgZone.run (node_modules/@angular/core/fesm2022/core.mjs:6425:28)
      at _TestBedImpl.createComponent (node_modules/@angular/core/fesm2022/testing.mjs:2058:41)
      at _TestBedImpl.createComponent (node_modules/@angular/core/fesm2022/testing.mjs:1844:37)
      at src/app/ui/pages/studio/toolbar-dialog/field-measuring/field-measuring.component.spec.ts:128:23

    console.error
      NG0304: 'app-parameter-at-15c-without-wind' is not a known element (used in the 'FieldMeasuringComponent' component template):
      1. If 'app-parameter-at-15c-without-wind' is an Angular component, then verify that it is included in the '@Component.imports' of this component.
      2. If 'app-parameter-at-15c-without-wind' is a Web Component then add 'CUSTOM_ELEMENTS_SCHEMA' to the '@Component.schemas' of this component to suppress this message.

      at validateElementIsKnown (node_modules/@angular/core/fesm2022/core.mjs:11182:25)
      at ɵɵelementStart (node_modules/@angular/core/fesm2022/core.mjs:27876:9)
      at FieldMeasuringComponent_Template (ng:/FieldMeasuringComponent.js:187:49)
      at executeTemplate (node_modules/@angular/core/fesm2022/core.mjs:12389:9)
      at renderView (node_modules/@angular/core/fesm2022/core.mjs:12895:13)
      at renderComponent (node_modules/@angular/core/fesm2022/core.mjs:12840:5)
      at renderChildComponents (node_modules/@angular/core/fesm2022/core.mjs:12943:9)
      at renderView (node_modules/@angular/core/fesm2022/core.mjs:12923:13)
      at ComponentFactory2.create (node_modules/@angular/core/fesm2022/core.mjs:17959:17)
      at initComponent (node_modules/@angular/core/fesm2022/testing.mjs:2053:51)
      at _ZoneDelegate.invoke (node_modules/zone.js/bundles/zone.umd.js:410:32)
      at Object.onInvoke (node_modules/@angular/core/fesm2022/core.mjs:6579:33)
      at _ZoneDelegate.invoke (node_modules/zone.js/bundles/zone.umd.js:409:38)
      at ZoneImpl.run (node_modules/zone.js/bundles/zone.umd.js:145:47)
      at NgZone.run (node_modules/@angular/core/fesm2022/core.mjs:6425:28)
      at _TestBedImpl.createComponent (node_modules/@angular/core/fesm2022/testing.mjs:2058:41)
      at _TestBedImpl.createComponent (node_modules/@angular/core/fesm2022/testing.mjs:1844:37)
      at src/app/ui/pages/studio/toolbar-dialog/field-measuring/field-measuring.component.spec.ts:128:23

    console.error
      NG0304: 'p-tabs' is not a known element (used in the 'FieldMeasuringComponent' component template):
      1. If 'p-tabs' is an Angular component, then verify that it is included in the '@Component.imports' of this component.
      2. If 'p-tabs' is a Web Component then add 'CUSTOM_ELEMENTS_SCHEMA' to the '@Component.schemas' of this component to suppress this message.

      at validateElementIsKnown (node_modules/@angular/core/fesm2022/core.mjs:11182:25)
      at ɵɵelementStart (node_modules/@angular/core/fesm2022/core.mjs:27876:9)
      at FieldMeasuringComponent_Template (ng:/FieldMeasuringComponent.js:148:9)
      at executeTemplate (node_modules/@angular/core/fesm2022/core.mjs:12389:9)
      at renderView (node_modules/@angular/core/fesm2022/core.mjs:12895:13)
      at renderComponent (node_modules/@angular/core/fesm2022/core.mjs:12840:5)
      at renderChildComponents (node_modules/@angular/core/fesm2022/core.mjs:12943:9)
      at renderView (node_modules/@angular/core/fesm2022/core.mjs:12923:13)
      at ComponentFactory2.create (node_modules/@angular/core/fesm2022/core.mjs:17959:17)
      at initComponent (node_modules/@angular/core/fesm2022/testing.mjs:2053:51)
      at _ZoneDelegate.invoke (node_modules/zone.js/bundles/zone.umd.js:410:32)
      at Object.onInvoke (node_modules/@angular/core/fesm2022/core.mjs:6579:33)
      at _ZoneDelegate.invoke (node_modules/zone.js/bundles/zone.umd.js:409:38)
      at ZoneImpl.run (node_modules/zone.js/bundles/zone.umd.js:145:47)
      at NgZone.run (node_modules/@angular/core/fesm2022/core.mjs:6425:28)
      at _TestBedImpl.createComponent (node_modules/@angular/core/fesm2022/testing.mjs:2058:41)
      at _TestBedImpl.createComponent (node_modules/@angular/core/fesm2022/testing.mjs:1844:37)
      at src/app/ui/pages/studio/toolbar-dialog/field-measuring/field-measuring.component.spec.ts:128:23

    console.error
      NG0304: 'p-tablist' is not a known element (used in the 'FieldMeasuringComponent' component template):
      1. If 'p-tablist' is an Angular component, then verify that it is included in the '@Component.imports' of this component.
      2. If 'p-tablist' is a Web Component then add 'CUSTOM_ELEMENTS_SCHEMA' to the '@Component.schemas' of this component to suppress this message.

      at validateElementIsKnown (node_modules/@angular/core/fesm2022/core.mjs:11182:25)
      at ɵɵelementStart (node_modules/@angular/core/fesm2022/core.mjs:27876:9)
      at FieldMeasuringComponent_Template (ng:/FieldMeasuringComponent.js:154:9)
      at executeTemplate (node_modules/@angular/core/fesm2022/core.mjs:12389:9)
      at renderView (node_modules/@angular/core/fesm2022/core.mjs:12895:13)
      at renderComponent (node_modules/@angular/core/fesm2022/core.mjs:12840:5)
      at renderChildComponents (node_modules/@angular/core/fesm2022/core.mjs:12943:9)
      at renderView (node_modules/@angular/core/fesm2022/core.mjs:12923:13)
      at ComponentFactory2.create (node_modules/@angular/core/fesm2022/core.mjs:17959:17)
      at initComponent (node_modules/@angular/core/fesm2022/testing.mjs:2053:51)
      at _ZoneDelegate.invoke (node_modules/zone.js/bundles/zone.umd.js:410:32)
      at Object.onInvoke (node_modules/@angular/core/fesm2022/core.mjs:6579:33)
      at _ZoneDelegate.invoke (node_modules/zone.js/bundles/zone.umd.js:409:38)
      at ZoneImpl.run (node_modules/zone.js/bundles/zone.umd.js:145:47)
      at NgZone.run (node_modules/@angular/core/fesm2022/core.mjs:6425:28)
      at _TestBedImpl.createComponent (node_modules/@angular/core/fesm2022/testing.mjs:2058:41)
      at _TestBedImpl.createComponent (node_modules/@angular/core/fesm2022/testing.mjs:1844:37)
      at src/app/ui/pages/studio/toolbar-dialog/field-measuring/field-measuring.component.spec.ts:128:23

    console.error
      NG0304: 'p-tab' is not a known element (used in the 'FieldMeasuringComponent' component template):
      1. If 'p-tab' is an Angular component, then verify that it is included in the '@Component.imports' of this component.
      2. If 'p-tab' is a Web Component then add 'CUSTOM_ELEMENTS_SCHEMA' to the '@Component.schemas' of this component to suppress this message.

      at validateElementIsKnown (node_modules/@angular/core/fesm2022/core.mjs:11182:25)
      at ɵɵelementStart (node_modules/@angular/core/fesm2022/core.mjs:27876:9)
      at FieldMeasuringComponent_Template (ng:/FieldMeasuringComponent.js:154:44)
      at executeTemplate (node_modules/@angular/core/fesm2022/core.mjs:12389:9)
      at renderView (node_modules/@angular/core/fesm2022/core.mjs:12895:13)
      at renderComponent (node_modules/@angular/core/fesm2022/core.mjs:12840:5)
      at renderChildComponents (node_modules/@angular/core/fesm2022/core.mjs:12943:9)
      at renderView (node_modules/@angular/core/fesm2022/core.mjs:12923:13)
      at ComponentFactory2.create (node_modules/@angular/core/fesm2022/core.mjs:17959:17)
      at initComponent (node_modules/@angular/core/fesm2022/testing.mjs:2053:51)
      at _ZoneDelegate.invoke (node_modules/zone.js/bundles/zone.umd.js:410:32)
      at Object.onInvoke (node_modules/@angular/core/fesm2022/core.mjs:6579:33)
      at _ZoneDelegate.invoke (node_modules/zone.js/bundles/zone.umd.js:409:38)
      at ZoneImpl.run (node_modules/zone.js/bundles/zone.umd.js:145:47)
      at NgZone.run (node_modules/@angular/core/fesm2022/core.mjs:6425:28)
      at _TestBedImpl.createComponent (node_modules/@angular/core/fesm2022/testing.mjs:2058:41)
      at _TestBedImpl.createComponent (node_modules/@angular/core/fesm2022/testing.mjs:1844:37)
      at src/app/ui/pages/studio/toolbar-dialog/field-measuring/field-measuring.component.spec.ts:128:23

    console.error
      NG0304: 'p-tab' is not a known element (used in the 'FieldMeasuringComponent' component template):
      1. If 'p-tab' is an Angular component, then verify that it is included in the '@Component.imports' of this component.
      2. If 'p-tab' is a Web Component then add 'CUSTOM_ELEMENTS_SCHEMA' to the '@Component.schemas' of this component to suppress this message.

      at validateElementIsKnown (node_modules/@angular/core/fesm2022/core.mjs:11182:25)
      at ɵɵelementStart (node_modules/@angular/core/fesm2022/core.mjs:27876:9)
      at FieldMeasuringComponent_Template (ng:/FieldMeasuringComponent.js:157:9)
      at executeTemplate (node_modules/@angular/core/fesm2022/core.mjs:12389:9)
      at renderView (node_modules/@angular/core/fesm2022/core.mjs:12895:13)
      at renderComponent (node_modules/@angular/core/fesm2022/core.mjs:12840:5)
      at renderChildComponents (node_modules/@angular/core/fesm2022/core.mjs:12943:9)
      at renderView (node_modules/@angular/core/fesm2022/core.mjs:12923:13)
      at ComponentFactory2.create (node_modules/@angular/core/fesm2022/core.mjs:17959:17)
      at initComponent (node_modules/@angular/core/fesm2022/testing.mjs:2053:51)
      at _ZoneDelegate.invoke (node_modules/zone.js/bundles/zone.umd.js:410:32)
      at Object.onInvoke (node_modules/@angular/core/fesm2022/core.mjs:6579:33)
      at _ZoneDelegate.invoke (node_modules/zone.js/bundles/zone.umd.js:409:38)
      at ZoneImpl.run (node_modules/zone.js/bundles/zone.umd.js:145:47)
      at NgZone.run (node_modules/@angular/core/fesm2022/core.mjs:6425:28)
      at _TestBedImpl.createComponent (node_modules/@angular/core/fesm2022/testing.mjs:2058:41)
      at _TestBedImpl.createComponent (node_modules/@angular/core/fesm2022/testing.mjs:1844:37)
      at src/app/ui/pages/studio/toolbar-dialog/field-measuring/field-measuring.component.spec.ts:128:23

    console.error
      NG0304: 'p-tab' is not a known element (used in the 'FieldMeasuringComponent' component template):
      1. If 'p-tab' is an Angular component, then verify that it is included in the '@Component.imports' of this component.
      2. If 'p-tab' is a Web Component then add 'CUSTOM_ELEMENTS_SCHEMA' to the '@Component.schemas' of this component to suppress this message.

      at validateElementIsKnown (node_modules/@angular/core/fesm2022/core.mjs:11182:25)
      at ɵɵelementStart (node_modules/@angular/core/fesm2022/core.mjs:27876:9)
      at FieldMeasuringComponent_Template (ng:/FieldMeasuringComponent.js:160:9)
      at executeTemplate (node_modules/@angular/core/fesm2022/core.mjs:12389:9)
      at renderView (node_modules/@angular/core/fesm2022/core.mjs:12895:13)
      at renderComponent (node_modules/@angular/core/fesm2022/core.mjs:12840:5)
      at renderChildComponents (node_modules/@angular/core/fesm2022/core.mjs:12943:9)
      at renderView (node_modules/@angular/core/fesm2022/core.mjs:12923:13)
      at ComponentFactory2.create (node_modules/@angular/core/fesm2022/core.mjs:17959:17)
      at initComponent (node_modules/@angular/core/fesm2022/testing.mjs:2053:51)
      at _ZoneDelegate.invoke (node_modules/zone.js/bundles/zone.umd.js:410:32)
      at Object.onInvoke (node_modules/@angular/core/fesm2022/core.mjs:6579:33)
      at _ZoneDelegate.invoke (node_modules/zone.js/bundles/zone.umd.js:409:38)
      at ZoneImpl.run (node_modules/zone.js/bundles/zone.umd.js:145:47)
      at NgZone.run (node_modules/@angular/core/fesm2022/core.mjs:6425:28)
      at _TestBedImpl.createComponent (node_modules/@angular/core/fesm2022/testing.mjs:2058:41)
      at _TestBedImpl.createComponent (node_modules/@angular/core/fesm2022/testing.mjs:1844:37)
      at src/app/ui/pages/studio/toolbar-dialog/field-measuring/field-measuring.component.spec.ts:128:23

    console.error
      NG0304: 'p-tab' is not a known element (used in the 'FieldMeasuringComponent' component template):
      1. If 'p-tab' is an Angular component, then verify that it is included in the '@Component.imports' of this component.
      2. If 'p-tab' is a Web Component then add 'CUSTOM_ELEMENTS_SCHEMA' to the '@Component.schemas' of this component to suppress this message.

      at validateElementIsKnown (node_modules/@angular/core/fesm2022/core.mjs:11182:25)
      at ɵɵelementStart (node_modules/@angular/core/fesm2022/core.mjs:27876:9)
      at FieldMeasuringComponent_Template (ng:/FieldMeasuringComponent.js:163:9)
      at executeTemplate (node_modules/@angular/core/fesm2022/core.mjs:12389:9)
      at renderView (node_modules/@angular/core/fesm2022/core.mjs:12895:13)
      at renderComponent (node_modules/@angular/core/fesm2022/core.mjs:12840:5)
      at renderChildComponents (node_modules/@angular/core/fesm2022/core.mjs:12943:9)
      at renderView (node_modules/@angular/core/fesm2022/core.mjs:12923:13)
      at ComponentFactory2.create (node_modules/@angular/core/fesm2022/core.mjs:17959:17)
      at initComponent (node_modules/@angular/core/fesm2022/testing.mjs:2053:51)
      at _ZoneDelegate.invoke (node_modules/zone.js/bundles/zone.umd.js:410:32)
      at Object.onInvoke (node_modules/@angular/core/fesm2022/core.mjs:6579:33)
      at _ZoneDelegate.invoke (node_modules/zone.js/bundles/zone.umd.js:409:38)
      at ZoneImpl.run (node_modules/zone.js/bundles/zone.umd.js:145:47)
      at NgZone.run (node_modules/@angular/core/fesm2022/core.mjs:6425:28)
      at _TestBedImpl.createComponent (node_modules/@angular/core/fesm2022/testing.mjs:2058:41)
      at _TestBedImpl.createComponent (node_modules/@angular/core/fesm2022/testing.mjs:1844:37)
      at src/app/ui/pages/studio/toolbar-dialog/field-measuring/field-measuring.component.spec.ts:128:23

    console.error
      NG0304: 'p-tabpanel' is not a known element (used in the 'FieldMeasuringComponent' component template):
      1. If 'p-tabpanel' is an Angular component, then verify that it is included in the '@Component.imports' of this component.
      2. If 'p-tabpanel' is a Web Component then add 'CUSTOM_ELEMENTS_SCHEMA' to the '@Component.schemas' of this component to suppress this message.

      at validateElementIsKnown (node_modules/@angular/core/fesm2022/core.mjs:11182:25)
      at ɵɵelementStart (node_modules/@angular/core/fesm2022/core.mjs:27876:9)
      at FieldMeasuringComponent_Template (ng:/FieldMeasuringComponent.js:166:9)
      at executeTemplate (node_modules/@angular/core/fesm2022/core.mjs:12389:9)
      at renderView (node_modules/@angular/core/fesm2022/core.mjs:12895:13)
      at renderComponent (node_modules/@angular/core/fesm2022/core.mjs:12840:5)
      at renderChildComponents (node_modules/@angular/core/fesm2022/core.mjs:12943:9)
      at renderView (node_modules/@angular/core/fesm2022/core.mjs:12923:13)
      at ComponentFactory2.create (node_modules/@angular/core/fesm2022/core.mjs:17959:17)
      at initComponent (node_modules/@angular/core/fesm2022/testing.mjs:2053:51)
      at _ZoneDelegate.invoke (node_modules/zone.js/bundles/zone.umd.js:410:32)
      at Object.onInvoke (node_modules/@angular/core/fesm2022/core.mjs:6579:33)
      at _ZoneDelegate.invoke (node_modules/zone.js/bundles/zone.umd.js:409:38)
      at ZoneImpl.run (node_modules/zone.js/bundles/zone.umd.js:145:47)
      at NgZone.run (node_modules/@angular/core/fesm2022/core.mjs:6425:28)
      at _TestBedImpl.createComponent (node_modules/@angular/core/fesm2022/testing.mjs:2058:41)
      at _TestBedImpl.createComponent (node_modules/@angular/core/fesm2022/testing.mjs:1844:37)
      at src/app/ui/pages/studio/toolbar-dialog/field-measuring/field-measuring.component.spec.ts:128:23

    console.error
      NG0304: 'p-tabpanel' is not a known element (used in the 'FieldMeasuringComponent' component template):
      1. If 'p-tabpanel' is an Angular component, then verify that it is included in the '@Component.imports' of this component.
      2. If 'p-tabpanel' is a Web Component then add 'CUSTOM_ELEMENTS_SCHEMA' to the '@Component.schemas' of this component to suppress this message.

      at validateElementIsKnown (node_modules/@angular/core/fesm2022/core.mjs:11182:25)
      at ɵɵelementStart (node_modules/@angular/core/fesm2022/core.mjs:27876:9)
      at FieldMeasuringComponent_Template (ng:/FieldMeasuringComponent.js:172:9)
      at executeTemplate (node_modules/@angular/core/fesm2022/core.mjs:12389:9)
      at renderView (node_modules/@angular/core/fesm2022/core.mjs:12895:13)
      at renderComponent (node_modules/@angular/core/fesm2022/core.mjs:12840:5)
      at renderChildComponents (node_modules/@angular/core/fesm2022/core.mjs:12943:9)
      at renderView (node_modules/@angular/core/fesm2022/core.mjs:12923:13)
      at ComponentFactory2.create (node_modules/@angular/core/fesm2022/core.mjs:17959:17)
      at initComponent (node_modules/@angular/core/fesm2022/testing.mjs:2053:51)
      at _ZoneDelegate.invoke (node_modules/zone.js/bundles/zone.umd.js:410:32)
      at Object.onInvoke (node_modules/@angular/core/fesm2022/core.mjs:6579:33)
      at _ZoneDelegate.invoke (node_modules/zone.js/bundles/zone.umd.js:409:38)
      at ZoneImpl.run (node_modules/zone.js/bundles/zone.umd.js:145:47)
      at NgZone.run (node_modules/@angular/core/fesm2022/core.mjs:6425:28)
      at _TestBedImpl.createComponent (node_modules/@angular/core/fesm2022/testing.mjs:2058:41)
      at _TestBedImpl.createComponent (node_modules/@angular/core/fesm2022/testing.mjs:1844:37)
      at src/app/ui/pages/studio/toolbar-dialog/field-measuring/field-measuring.component.spec.ts:128:23

    console.error
      NG0304: 'p-tabpanel' is not a known element (used in the 'FieldMeasuringComponent' component template):
      1. If 'p-tabpanel' is an Angular component, then verify that it is included in the '@Component.imports' of this component.
      2. If 'p-tabpanel' is a Web Component then add 'CUSTOM_ELEMENTS_SCHEMA' to the '@Component.schemas' of this component to suppress this message.

      at validateElementIsKnown (node_modules/@angular/core/fesm2022/core.mjs:11182:25)
      at ɵɵelementStart (node_modules/@angular/core/fesm2022/core.mjs:27876:9)
      at FieldMeasuringComponent_Template (ng:/FieldMeasuringComponent.js:179:9)
      at executeTemplate (node_modules/@angular/core/fesm2022/core.mjs:12389:9)
      at renderView (node_modules/@angular/core/fesm2022/core.mjs:12895:13)
      at renderComponent (node_modules/@angular/core/fesm2022/core.mjs:12840:5)
      at renderChildComponents (node_modules/@angular/core/fesm2022/core.mjs:12943:9)
      at renderView (node_modules/@angular/core/fesm2022/core.mjs:12923:13)
      at ComponentFactory2.create (node_modules/@angular/core/fesm2022/core.mjs:17959:17)
      at initComponent (node_modules/@angular/core/fesm2022/testing.mjs:2053:51)
      at _ZoneDelegate.invoke (node_modules/zone.js/bundles/zone.umd.js:410:32)
      at Object.onInvoke (node_modules/@angular/core/fesm2022/core.mjs:6579:33)
      at _ZoneDelegate.invoke (node_modules/zone.js/bundles/zone.umd.js:409:38)
      at ZoneImpl.run (node_modules/zone.js/bundles/zone.umd.js:145:47)
      at NgZone.run (node_modules/@angular/core/fesm2022/core.mjs:6425:28)
      at _TestBedImpl.createComponent (node_modules/@angular/core/fesm2022/testing.mjs:2058:41)
      at _TestBedImpl.createComponent (node_modules/@angular/core/fesm2022/testing.mjs:1844:37)
      at src/app/ui/pages/studio/toolbar-dialog/field-measuring/field-measuring.component.spec.ts:128:23

    console.error
      NG0304: 'app-temperature-calculation' is not a known element (used in the 'FieldMeasuringComponent' component template):
      1. If 'app-temperature-calculation' is an Angular component, then verify that it is included in the '@Component.imports' of this component.
      2. If 'app-temperature-calculation' is a Web Component then add 'CUSTOM_ELEMENTS_SCHEMA' to the '@Component.schemas' of this component to suppress this message.

      at validateElementIsKnown (node_modules/@angular/core/fesm2022/core.mjs:11182:25)
      at ɵɵelementStart (node_modules/@angular/core/fesm2022/core.mjs:27876:9)
      at FieldMeasuringComponent_Template (ng:/FieldMeasuringComponent.js:179:49)
      at executeTemplate (node_modules/@angular/core/fesm2022/core.mjs:12389:9)
      at renderView (node_modules/@angular/core/fesm2022/core.mjs:12895:13)
      at renderComponent (node_modules/@angular/core/fesm2022/core.mjs:12840:5)
      at renderChildComponents (node_modules/@angular/core/fesm2022/core.mjs:12943:9)
      at renderView (node_modules/@angular/core/fesm2022/core.mjs:12923:13)
      at ComponentFactory2.create (node_modules/@angular/core/fesm2022/core.mjs:17959:17)
      at initComponent (node_modules/@angular/core/fesm2022/testing.mjs:2053:51)
      at _ZoneDelegate.invoke (node_modules/zone.js/bundles/zone.umd.js:410:32)
      at Object.onInvoke (node_modules/@angular/core/fesm2022/core.mjs:6579:33)
      at _ZoneDelegate.invoke (node_modules/zone.js/bundles/zone.umd.js:409:38)
      at ZoneImpl.run (node_modules/zone.js/bundles/zone.umd.js:145:47)
      at NgZone.run (node_modules/@angular/core/fesm2022/core.mjs:6425:28)
      at _TestBedImpl.createComponent (node_modules/@angular/core/fesm2022/testing.mjs:2058:41)
      at _TestBedImpl.createComponent (node_modules/@angular/core/fesm2022/testing.mjs:1844:37)
      at src/app/ui/pages/studio/toolbar-dialog/field-measuring/field-measuring.component.spec.ts:128:23

    console.error
      NG0304: 'p-tabpanel' is not a known element (used in the 'FieldMeasuringComponent' component template):
      1. If 'p-tabpanel' is an Angular component, then verify that it is included in the '@Component.imports' of this component.
      2. If 'p-tabpanel' is a Web Component then add 'CUSTOM_ELEMENTS_SCHEMA' to the '@Component.schemas' of this component to suppress this message.

      at validateElementIsKnown (node_modules/@angular/core/fesm2022/core.mjs:11182:25)
      at ɵɵelementStart (node_modules/@angular/core/fesm2022/core.mjs:27876:9)
      at FieldMeasuringComponent_Template (ng:/FieldMeasuringComponent.js:187:9)
      at executeTemplate (node_modules/@angular/core/fesm2022/core.mjs:12389:9)
      at renderView (node_modules/@angular/core/fesm2022/core.mjs:12895:13)
      at renderComponent (node_modules/@angular/core/fesm2022/core.mjs:12840:5)
      at renderChildComponents (node_modules/@angular/core/fesm2022/core.mjs:12943:9)
      at renderView (node_modules/@angular/core/fesm2022/core.mjs:12923:13)
      at ComponentFactory2.create (node_modules/@angular/core/fesm2022/core.mjs:17959:17)
      at initComponent (node_modules/@angular/core/fesm2022/testing.mjs:2053:51)
      at _ZoneDelegate.invoke (node_modules/zone.js/bundles/zone.umd.js:410:32)
      at Object.onInvoke (node_modules/@angular/core/fesm2022/core.mjs:6579:33)
      at _ZoneDelegate.invoke (node_modules/zone.js/bundles/zone.umd.js:409:38)
      at ZoneImpl.run (node_modules/zone.js/bundles/zone.umd.js:145:47)
      at NgZone.run (node_modules/@angular/core/fesm2022/core.mjs:6425:28)
      at _TestBedImpl.createComponent (node_modules/@angular/core/fesm2022/testing.mjs:2058:41)
      at _TestBedImpl.createComponent (node_modules/@angular/core/fesm2022/testing.mjs:1844:37)
      at src/app/ui/pages/studio/toolbar-dialog/field-measuring/field-measuring.component.spec.ts:128:23

    console.error
      NG0304: 'app-parameter-at-15c-without-wind' is not a known element (used in the 'FieldMeasuringComponent' component template):
      1. If 'app-parameter-at-15c-without-wind' is an Angular component, then verify that it is included in the '@Component.imports' of this component.
      2. If 'app-parameter-at-15c-without-wind' is a Web Component then add 'CUSTOM_ELEMENTS_SCHEMA' to the '@Component.schemas' of this component to suppress this message.

      at validateElementIsKnown (node_modules/@angular/core/fesm2022/core.mjs:11182:25)
      at ɵɵelementStart (node_modules/@angular/core/fesm2022/core.mjs:27876:9)
      at FieldMeasuringComponent_Template (ng:/FieldMeasuringComponent.js:187:49)
      at executeTemplate (node_modules/@angular/core/fesm2022/core.mjs:12389:9)
      at renderView (node_modules/@angular/core/fesm2022/core.mjs:12895:13)
      at renderComponent (node_modules/@angular/core/fesm2022/core.mjs:12840:5)
      at renderChildComponents (node_modules/@angular/core/fesm2022/core.mjs:12943:9)
      at renderView (node_modules/@angular/core/fesm2022/core.mjs:12923:13)
      at ComponentFactory2.create (node_modules/@angular/core/fesm2022/core.mjs:17959:17)
      at initComponent (node_modules/@angular/core/fesm2022/testing.mjs:2053:51)
      at _ZoneDelegate.invoke (node_modules/zone.js/bundles/zone.umd.js:410:32)
      at Object.onInvoke (node_modules/@angular/core/fesm2022/core.mjs:6579:33)
      at _ZoneDelegate.invoke (node_modules/zone.js/bundles/zone.umd.js:409:38)
      at ZoneImpl.run (node_modules/zone.js/bundles/zone.umd.js:145:47)
      at NgZone.run (node_modules/@angular/core/fesm2022/core.mjs:6425:28)
      at _TestBedImpl.createComponent (node_modules/@angular/core/fesm2022/testing.mjs:2058:41)
      at _TestBedImpl.createComponent (node_modules/@angular/core/fesm2022/testing.mjs:1844:37)
      at src/app/ui/pages/studio/toolbar-dialog/field-measuring/field-measuring.component.spec.ts:128:23

PASS src/app/ui/pages/studio/toolbar-dialog/toolbar-dialog.component.spec.ts
PASS src/app/ui/pages/studio/toolbar-dialog/field-measuring/components/calculus-setting/papoto/papoto.component.spec.ts
PASS src/app/ui/pages/studio/toolbar-dialog/field-measuring/components/field-datas/field-datas.component.spec.ts
PASS src/app/ui/pages/studies/components/studies-table/studies-table.component.spec.ts
PASS src/app/ui/pages/studio/toolbar-dialog/field-measuring/components/calculus-setting/calculus-setting.component.spec.ts
  ● Console

    console.error
      NG0303: Can't set value of the 'selectedSpan' input on the 'CalculusSettingComponent' component. Make sure that the 'selectedSpan' property is annotated with @Input() or a mapped @Input('selectedSpan') exists.

      23 |     componentRef = fixture.componentRef;
      24 |     componentRef.setInput('measureData', createTestMeasureData());
    > 25 |     componentRef.setInput('selectedSpan', []);
         |                  ^
      26 |     fixture.detectChanges();
      27 |   });
      28 |

      at reportUnknownPropertyError (node_modules/@angular/core/fesm2022/core.mjs:11279:17)
      at ComponentRef2.setInput (node_modules/@angular/core/fesm2022/core.mjs:18025:13)
      at src/app/ui/pages/studio/toolbar-dialog/field-measuring/components/calculus-setting/calculus-setting.component.spec.ts:25:18

    console.error
      NG0303: Can't set value of the 'selectedSpan' input on the 'CalculusSettingComponent' component. Make sure that the 'selectedSpan' property is annotated with @Input() or a mapped @Input('selectedSpan') exists.

      23 |     componentRef = fixture.componentRef;
      24 |     componentRef.setInput('measureData', createTestMeasureData());
    > 25 |     componentRef.setInput('selectedSpan', []);
         |                  ^
      26 |     fixture.detectChanges();
      27 |   });
      28 |

      at reportUnknownPropertyError (node_modules/@angular/core/fesm2022/core.mjs:11279:17)
      at ComponentRef2.setInput (node_modules/@angular/core/fesm2022/core.mjs:18025:13)
      at src/app/ui/pages/studio/toolbar-dialog/field-measuring/components/calculus-setting/calculus-setting.component.spec.ts:25:18

    console.error
      NG0303: Can't set value of the 'selectedSpan' input on the 'CalculusSettingComponent' component. Make sure that the 'selectedSpan' property is annotated with @Input() or a mapped @Input('selectedSpan') exists.

      23 |     componentRef = fixture.componentRef;
      24 |     componentRef.setInput('measureData', createTestMeasureData());
    > 25 |     componentRef.setInput('selectedSpan', []);
         |                  ^
      26 |     fixture.detectChanges();
      27 |   });
      28 |

      at reportUnknownPropertyError (node_modules/@angular/core/fesm2022/core.mjs:11279:17)
      at ComponentRef2.setInput (node_modules/@angular/core/fesm2022/core.mjs:18025:13)
      at src/app/ui/pages/studio/toolbar-dialog/field-measuring/components/calculus-setting/calculus-setting.component.spec.ts:25:18

    console.error
      NG0303: Can't set value of the 'selectedSpan' input on the 'CalculusSettingComponent' component. Make sure that the 'selectedSpan' property is annotated with @Input() or a mapped @Input('selectedSpan') exists.

      23 |     componentRef = fixture.componentRef;
      24 |     componentRef.setInput('measureData', createTestMeasureData());
    > 25 |     componentRef.setInput('selectedSpan', []);
         |                  ^
      26 |     fixture.detectChanges();
      27 |   });
      28 |

      at reportUnknownPropertyError (node_modules/@angular/core/fesm2022/core.mjs:11279:17)
      at ComponentRef2.setInput (node_modules/@angular/core/fesm2022/core.mjs:18025:13)
      at src/app/ui/pages/studio/toolbar-dialog/field-measuring/components/calculus-setting/calculus-setting.component.spec.ts:25:18

    console.error
      NG0303: Can't set value of the 'selectedSpan' input on the 'CalculusSettingComponent' component. Make sure that the 'selectedSpan' property is annotated with @Input() or a mapped @Input('selectedSpan') exists.

      23 |     componentRef = fixture.componentRef;
      24 |     componentRef.setInput('measureData', createTestMeasureData());
    > 25 |     componentRef.setInput('selectedSpan', []);
         |                  ^
      26 |     fixture.detectChanges();
      27 |   });
      28 |

      at reportUnknownPropertyError (node_modules/@angular/core/fesm2022/core.mjs:11279:17)
      at ComponentRef2.setInput (node_modules/@angular/core/fesm2022/core.mjs:18025:13)
      at src/app/ui/pages/studio/toolbar-dialog/field-measuring/components/calculus-setting/calculus-setting.component.spec.ts:25:18

    console.error
      NG0303: Can't set value of the 'selectedSpan' input on the 'CalculusSettingComponent' component. Make sure that the 'selectedSpan' property is annotated with @Input() or a mapped @Input('selectedSpan') exists.

      23 |     componentRef = fixture.componentRef;
      24 |     componentRef.setInput('measureData', createTestMeasureData());
    > 25 |     componentRef.setInput('selectedSpan', []);
         |                  ^
      26 |     fixture.detectChanges();
      27 |   });
      28 |

      at reportUnknownPropertyError (node_modules/@angular/core/fesm2022/core.mjs:11279:17)
      at ComponentRef2.setInput (node_modules/@angular/core/fesm2022/core.mjs:18025:13)
      at src/app/ui/pages/studio/toolbar-dialog/field-measuring/components/calculus-setting/calculus-setting.component.spec.ts:25:18

    console.error
      NG0303: Can't set value of the 'selectedSpan' input on the 'CalculusSettingComponent' component. Make sure that the 'selectedSpan' property is annotated with @Input() or a mapped @Input('selectedSpan') exists.

      23 |     componentRef = fixture.componentRef;
      24 |     componentRef.setInput('measureData', createTestMeasureData());
    > 25 |     componentRef.setInput('selectedSpan', []);
         |                  ^
      26 |     fixture.detectChanges();
      27 |   });
      28 |

      at reportUnknownPropertyError (node_modules/@angular/core/fesm2022/core.mjs:11279:17)
      at ComponentRef2.setInput (node_modules/@angular/core/fesm2022/core.mjs:18025:13)
      at src/app/ui/pages/studio/toolbar-dialog/field-measuring/components/calculus-setting/calculus-setting.component.spec.ts:25:18

PASS src/app/ui/pages/studio/studio-page.component.spec.ts
PASS src/app/ui/pages/studio/loads/span/span.component.spec.ts
PASS src/app/ui/pages/study/tabs/sections/newSectionModal/manualSection/supportsTable/attachmentSetModal/attachmentSetModal.component.spec.ts
PASS src/app/ui/pages/studio/toolbar-dialog/loads-table/loads-table.component.spec.ts
PASS src/app/ui/pages/studies/studies.component.spec.ts
PASS src/app/ui/pages/studio/loads/climate/climate.component.spec.ts
PASS src/app/ui/pages/studio/toolbar-dialog/field-measuring/components/parameter-calculation-15-without-wind/parameter-calculation-15-without-wind.component.spec.ts
  ● Console

    console.error
      ERROR TypeError: Cannot read properties of undefined (reading 'then')
          at Object.fn (/home/infoger/phlowers-stellar-app/src/app/ui/pages/studio/services/plot.service.ts:143:68)
          at Object.run (/home/infoger/phlowers-stellar-app/node_modules/@angular/core/fesm2022/core.mjs:39608:18)
          at ZoneAwareEffectScheduler.flushQueue (/home/infoger/phlowers-stellar-app/node_modules/@angular/core/fesm2022/core.mjs:22953:20)
          at /home/infoger/phlowers-stellar-app/node_modules/@angular/core/fesm2022/core.mjs:22943:41
          at _ZoneDelegate.invoke (/home/infoger/phlowers-stellar-app/node_modules/zone.js/bundles/zone.umd.js:410:32)
          at Object.onInvoke (/home/infoger/phlowers-stellar-app/node_modules/@angular/core/fesm2022/core.mjs:6579:33)
          at _ZoneDelegate.invoke (/home/infoger/phlowers-stellar-app/node_modules/zone.js/bundles/zone.umd.js:409:38)
          at ZoneImpl.run (/home/infoger/phlowers-stellar-app/node_modules/zone.js/bundles/zone.umd.js:145:47)
          at ZoneAwareEffectScheduler.flush (/home/infoger/phlowers-stellar-app/node_modules/@angular/core/fesm2022/core.mjs:22943:26)
          at _ApplicationRef.synchronizeOnce (/home/infoger/phlowers-stellar-app/node_modules/@angular/core/fesm2022/core.mjs:23611:38)
          at _ApplicationRef.synchronize (/home/infoger/phlowers-stellar-app/node_modules/@angular/core/fesm2022/core.mjs:23594:18)
          at _ApplicationRef.tickImpl (/home/infoger/phlowers-stellar-app/node_modules/@angular/core/fesm2022/core.mjs:23563:18)
          at _ApplicationRef._tick (/home/infoger/phlowers-stellar-app/node_modules/@angular/core/fesm2022/core.mjs:23552:18)
          at _ApplicationRef.tick (/home/infoger/phlowers-stellar-app/node_modules/@angular/core/fesm2022/core.mjs:23540:14)
          at /home/infoger/phlowers-stellar-app/node_modules/@angular/core/fesm2022/core.mjs:34806:41
          at _ZoneDelegate.invoke (/home/infoger/phlowers-stellar-app/node_modules/zone.js/bundles/zone.umd.js:410:32)
          at Object.onInvoke (/home/infoger/phlowers-stellar-app/node_modules/@angular/core/fesm2022/core.mjs:6579:33)
          at _ZoneDelegate.invoke (/home/infoger/phlowers-stellar-app/node_modules/zone.js/bundles/zone.umd.js:409:38)
          at ZoneImpl.run (/home/infoger/phlowers-stellar-app/node_modules/zone.js/bundles/zone.umd.js:145:47)
          at NgZone.run (/home/infoger/phlowers-stellar-app/node_modules/@angular/core/fesm2022/core.mjs:6425:28)
          at Object.next (/home/infoger/phlowers-stellar-app/node_modules/@angular/core/fesm2022/core.mjs:34805:27)
          at ConsumerObserver.Object.<anonymous>.ConsumerObserver.next (/home/infoger/phlowers-stellar-app/node_modules/rxjs/src/internal/Subscriber.ts:155:25)
          at SafeSubscriber.Object.<anonymous>.Subscriber._next (/home/infoger/phlowers-stellar-app/node_modules/rxjs/src/internal/Subscriber.ts:113:22)
          at SafeSubscriber.Object.<anonymous>.Subscriber.next (/home/infoger/phlowers-stellar-app/node_modules/rxjs/src/internal/Subscriber.ts:71:12)
          at /home/infoger/phlowers-stellar-app/node_modules/rxjs/src/internal/Subject.ts:67:20
          at Object.errorContext (/home/infoger/phlowers-stellar-app/node_modules/rxjs/src/internal/util/errorContext.ts:29:5)
          at EventEmitter_.Object.<anonymous>.Subject.next (/home/infoger/phlowers-stellar-app/node_modules/rxjs/src/internal/Subject.ts:60:5)
          at EventEmitter_.emit (/home/infoger/phlowers-stellar-app/node_modules/@angular/core/fesm2022/core.mjs:6114:19)
          at checkStable (/home/infoger/phlowers-stellar-app/node_modules/@angular/core/fesm2022/core.mjs:6493:35)
          at onLeave (/home/infoger/phlowers-stellar-app/node_modules/@angular/core/fesm2022/core.mjs:6640:5)
          at Object.onInvoke (/home/infoger/phlowers-stellar-app/node_modules/@angular/core/fesm2022/core.mjs:6596:17)
          at _ZoneDelegate.invoke (/home/infoger/phlowers-stellar-app/node_modules/zone.js/bundles/zone.umd.js:409:38)
          at ZoneImpl.run (/home/infoger/phlowers-stellar-app/node_modules/zone.js/bundles/zone.umd.js:145:47)
          at NgZone.run (/home/infoger/phlowers-stellar-app/node_modules/@angular/core/fesm2022/core.mjs:6425:28)
          at _TestBedImpl.createComponent (/home/infoger/phlowers-stellar-app/node_modules/@angular/core/fesm2022/testing.mjs:2058:41)
          at _TestBedImpl.createComponent (/home/infoger/phlowers-stellar-app/node_modules/@angular/core/fesm2022/testing.mjs:1844:37)
          at /home/infoger/phlowers-stellar-app/src/app/ui/pages/studio/toolbar-dialog/field-measuring/components/parameter-calculation-15-without-wind/parameter-calculation-15-without-wind.component.spec.ts:94:23
          at processTicksAndRejections (node:internal/process/task_queues:105:5)

      92 |     }).compileComponents();
      93 |
    > 94 |     fixture = TestBed.createComponent(ParameterCalculation15WithoutWindComponent);
         |                       ^
      95 |     component = fixture.componentInstance;
      96 |     componentRef = fixture.componentRef;
      97 |     componentRef.setInput('measureData', createTestMeasureData());

      at ErrorHandler.handleError (node_modules/@angular/core/fesm2022/core.mjs:6731:23)
      at node_modules/@angular/core/fesm2022/testing.mjs:160:69
      at _ZoneDelegate.invoke (node_modules/zone.js/bundles/zone.umd.js:410:32)
      at ZoneImpl.run (node_modules/zone.js/bundles/zone.umd.js:145:47)
      at NgZone.runOutsideAngular (node_modules/@angular/core/fesm2022/core.mjs:6470:28)
      at _TestBedApplicationErrorHandler.handleError (node_modules/@angular/core/fesm2022/testing.mjs:160:23)
      at _ApplicationRef.internalErrorHandler (node_modules/@angular/core/fesm2022/testing.mjs:1488:37)
      at _ApplicationRef.tickImpl (node_modules/@angular/core/fesm2022/core.mjs:23572:18)
      at _ApplicationRef._tick (node_modules/@angular/core/fesm2022/core.mjs:23552:18)
      at _ApplicationRef.tick (node_modules/@angular/core/fesm2022/core.mjs:23540:14)
      at node_modules/@angular/core/fesm2022/core.mjs:34806:41
      at _ZoneDelegate.invoke (node_modules/zone.js/bundles/zone.umd.js:410:32)
      at Object.onInvoke (node_modules/@angular/core/fesm2022/core.mjs:6579:33)
      at _ZoneDelegate.invoke (node_modules/zone.js/bundles/zone.umd.js:409:38)
      at ZoneImpl.run (node_modules/zone.js/bundles/zone.umd.js:145:47)
      at NgZone.run (node_modules/@angular/core/fesm2022/core.mjs:6425:28)
      at Object.next (node_modules/@angular/core/fesm2022/core.mjs:34805:27)
      at ConsumerObserver.Object.<anonymous>.ConsumerObserver.next (node_modules/rxjs/src/internal/Subscriber.ts:155:25)
      at SafeSubscriber.Object.<anonymous>.Subscriber._next (node_modules/rxjs/src/internal/Subscriber.ts:113:22)
      at SafeSubscriber.Object.<anonymous>.Subscriber.next (node_modules/rxjs/src/internal/Subscriber.ts:71:12)
      at node_modules/rxjs/src/internal/Subject.ts:67:20
      at Object.errorContext (node_modules/rxjs/src/internal/util/errorContext.ts:29:5)
      at EventEmitter_.Object.<anonymous>.Subject.next (node_modules/rxjs/src/internal/Subject.ts:60:5)
      at EventEmitter_.emit (node_modules/@angular/core/fesm2022/core.mjs:6114:19)
      at checkStable (node_modules/@angular/core/fesm2022/core.mjs:6493:35)
      at onLeave (node_modules/@angular/core/fesm2022/core.mjs:6640:5)
      at Object.onInvoke (node_modules/@angular/core/fesm2022/core.mjs:6596:17)
      at _ZoneDelegate.invoke (node_modules/zone.js/bundles/zone.umd.js:409:38)
      at ZoneImpl.run (node_modules/zone.js/bundles/zone.umd.js:145:47)
      at NgZone.run (node_modules/@angular/core/fesm2022/core.mjs:6425:28)
      at _TestBedImpl.createComponent (node_modules/@angular/core/fesm2022/testing.mjs:2058:41)
      at _TestBedImpl.createComponent (node_modules/@angular/core/fesm2022/testing.mjs:1844:37)
      at src/app/ui/pages/studio/toolbar-dialog/field-measuring/components/parameter-calculation-15-without-wind/parameter-calculation-15-without-wind.component.spec.ts:94:23

    console.error
      ERROR TypeError: Cannot read properties of undefined (reading 'then')
          at Object.fn (/home/infoger/phlowers-stellar-app/src/app/ui/pages/studio/services/plot.service.ts:143:68)
          at Object.run (/home/infoger/phlowers-stellar-app/node_modules/@angular/core/fesm2022/core.mjs:39608:18)
          at ZoneAwareEffectScheduler.flushQueue (/home/infoger/phlowers-stellar-app/node_modules/@angular/core/fesm2022/core.mjs:22953:20)
          at /home/infoger/phlowers-stellar-app/node_modules/@angular/core/fesm2022/core.mjs:22943:41
          at _ZoneDelegate.invoke (/home/infoger/phlowers-stellar-app/node_modules/zone.js/bundles/zone.umd.js:410:32)
          at Object.onInvoke (/home/infoger/phlowers-stellar-app/node_modules/@angular/core/fesm2022/core.mjs:6579:33)
          at _ZoneDelegate.invoke (/home/infoger/phlowers-stellar-app/node_modules/zone.js/bundles/zone.umd.js:409:38)
          at ZoneImpl.run (/home/infoger/phlowers-stellar-app/node_modules/zone.js/bundles/zone.umd.js:145:47)
          at ZoneAwareEffectScheduler.flush (/home/infoger/phlowers-stellar-app/node_modules/@angular/core/fesm2022/core.mjs:22943:26)
          at _ApplicationRef.synchronizeOnce (/home/infoger/phlowers-stellar-app/node_modules/@angular/core/fesm2022/core.mjs:23611:38)
          at _ApplicationRef.synchronize (/home/infoger/phlowers-stellar-app/node_modules/@angular/core/fesm2022/core.mjs:23594:18)
          at _ApplicationRef.tickImpl (/home/infoger/phlowers-stellar-app/node_modules/@angular/core/fesm2022/core.mjs:23563:18)
          at _ApplicationRef._tick (/home/infoger/phlowers-stellar-app/node_modules/@angular/core/fesm2022/core.mjs:23552:18)
          at _ApplicationRef.tick (/home/infoger/phlowers-stellar-app/node_modules/@angular/core/fesm2022/core.mjs:23540:14)
          at /home/infoger/phlowers-stellar-app/node_modules/@angular/core/fesm2022/core.mjs:34806:41
          at _ZoneDelegate.invoke (/home/infoger/phlowers-stellar-app/node_modules/zone.js/bundles/zone.umd.js:410:32)
          at Object.onInvoke (/home/infoger/phlowers-stellar-app/node_modules/@angular/core/fesm2022/core.mjs:6579:33)
          at _ZoneDelegate.invoke (/home/infoger/phlowers-stellar-app/node_modules/zone.js/bundles/zone.umd.js:409:38)
          at ZoneImpl.run (/home/infoger/phlowers-stellar-app/node_modules/zone.js/bundles/zone.umd.js:145:47)
          at NgZone.run (/home/infoger/phlowers-stellar-app/node_modules/@angular/core/fesm2022/core.mjs:6425:28)
          at Object.next (/home/infoger/phlowers-stellar-app/node_modules/@angular/core/fesm2022/core.mjs:34805:27)
          at ConsumerObserver.Object.<anonymous>.ConsumerObserver.next (/home/infoger/phlowers-stellar-app/node_modules/rxjs/src/internal/Subscriber.ts:155:25)
          at SafeSubscriber.Object.<anonymous>.Subscriber._next (/home/infoger/phlowers-stellar-app/node_modules/rxjs/src/internal/Subscriber.ts:113:22)
          at SafeSubscriber.Object.<anonymous>.Subscriber.next (/home/infoger/phlowers-stellar-app/node_modules/rxjs/src/internal/Subscriber.ts:71:12)
          at /home/infoger/phlowers-stellar-app/node_modules/rxjs/src/internal/Subject.ts:67:20
          at Object.errorContext (/home/infoger/phlowers-stellar-app/node_modules/rxjs/src/internal/util/errorContext.ts:29:5)
          at EventEmitter_.Object.<anonymous>.Subject.next (/home/infoger/phlowers-stellar-app/node_modules/rxjs/src/internal/Subject.ts:60:5)
          at EventEmitter_.emit (/home/infoger/phlowers-stellar-app/node_modules/@angular/core/fesm2022/core.mjs:6114:19)
          at checkStable (/home/infoger/phlowers-stellar-app/node_modules/@angular/core/fesm2022/core.mjs:6493:35)
          at onLeave (/home/infoger/phlowers-stellar-app/node_modules/@angular/core/fesm2022/core.mjs:6640:5)
          at Object.onInvoke (/home/infoger/phlowers-stellar-app/node_modules/@angular/core/fesm2022/core.mjs:6596:17)
          at _ZoneDelegate.invoke (/home/infoger/phlowers-stellar-app/node_modules/zone.js/bundles/zone.umd.js:409:38)
          at ZoneImpl.run (/home/infoger/phlowers-stellar-app/node_modules/zone.js/bundles/zone.umd.js:145:47)
          at NgZone.run (/home/infoger/phlowers-stellar-app/node_modules/@angular/core/fesm2022/core.mjs:6425:28)
          at _TestBedImpl.createComponent (/home/infoger/phlowers-stellar-app/node_modules/@angular/core/fesm2022/testing.mjs:2058:41)
          at _TestBedImpl.createComponent (/home/infoger/phlowers-stellar-app/node_modules/@angular/core/fesm2022/testing.mjs:1844:37)
          at /home/infoger/phlowers-stellar-app/src/app/ui/pages/studio/toolbar-dialog/field-measuring/components/parameter-calculation-15-without-wind/parameter-calculation-15-without-wind.component.spec.ts:94:23
          at processTicksAndRejections (node:internal/process/task_queues:105:5)

      92 |     }).compileComponents();
      93 |
    > 94 |     fixture = TestBed.createComponent(ParameterCalculation15WithoutWindComponent);
         |                       ^
      95 |     component = fixture.componentInstance;
      96 |     componentRef = fixture.componentRef;
      97 |     componentRef.setInput('measureData', createTestMeasureData());

      at ErrorHandler.handleError (node_modules/@angular/core/fesm2022/core.mjs:6731:23)
      at node_modules/@angular/core/fesm2022/testing.mjs:160:69
      at _ZoneDelegate.invoke (node_modules/zone.js/bundles/zone.umd.js:410:32)
      at ZoneImpl.run (node_modules/zone.js/bundles/zone.umd.js:145:47)
      at NgZone.runOutsideAngular (node_modules/@angular/core/fesm2022/core.mjs:6470:28)
      at _TestBedApplicationErrorHandler.handleError (node_modules/@angular/core/fesm2022/testing.mjs:160:23)
      at _ApplicationRef.internalErrorHandler (node_modules/@angular/core/fesm2022/testing.mjs:1488:37)
      at _ApplicationRef.tickImpl (node_modules/@angular/core/fesm2022/core.mjs:23572:18)
      at _ApplicationRef._tick (node_modules/@angular/core/fesm2022/core.mjs:23552:18)
      at _ApplicationRef.tick (node_modules/@angular/core/fesm2022/core.mjs:23540:14)
      at node_modules/@angular/core/fesm2022/core.mjs:34806:41
      at _ZoneDelegate.invoke (node_modules/zone.js/bundles/zone.umd.js:410:32)
      at Object.onInvoke (node_modules/@angular/core/fesm2022/core.mjs:6579:33)
      at _ZoneDelegate.invoke (node_modules/zone.js/bundles/zone.umd.js:409:38)
      at ZoneImpl.run (node_modules/zone.js/bundles/zone.umd.js:145:47)
      at NgZone.run (node_modules/@angular/core/fesm2022/core.mjs:6425:28)
      at Object.next (node_modules/@angular/core/fesm2022/core.mjs:34805:27)
      at ConsumerObserver.Object.<anonymous>.ConsumerObserver.next (node_modules/rxjs/src/internal/Subscriber.ts:155:25)
      at SafeSubscriber.Object.<anonymous>.Subscriber._next (node_modules/rxjs/src/internal/Subscriber.ts:113:22)
      at SafeSubscriber.Object.<anonymous>.Subscriber.next (node_modules/rxjs/src/internal/Subscriber.ts:71:12)
      at node_modules/rxjs/src/internal/Subject.ts:67:20
      at Object.errorContext (node_modules/rxjs/src/internal/util/errorContext.ts:29:5)
      at EventEmitter_.Object.<anonymous>.Subject.next (node_modules/rxjs/src/internal/Subject.ts:60:5)
      at EventEmitter_.emit (node_modules/@angular/core/fesm2022/core.mjs:6114:19)
      at checkStable (node_modules/@angular/core/fesm2022/core.mjs:6493:35)
      at onLeave (node_modules/@angular/core/fesm2022/core.mjs:6640:5)
      at Object.onInvoke (node_modules/@angular/core/fesm2022/core.mjs:6596:17)
      at _ZoneDelegate.invoke (node_modules/zone.js/bundles/zone.umd.js:409:38)
      at ZoneImpl.run (node_modules/zone.js/bundles/zone.umd.js:145:47)
      at NgZone.run (node_modules/@angular/core/fesm2022/core.mjs:6425:28)
      at _TestBedImpl.createComponent (node_modules/@angular/core/fesm2022/testing.mjs:2058:41)
      at _TestBedImpl.createComponent (node_modules/@angular/core/fesm2022/testing.mjs:1844:37)
      at src/app/ui/pages/studio/toolbar-dialog/field-measuring/components/parameter-calculation-15-without-wind/parameter-calculation-15-without-wind.component.spec.ts:94:23

    console.error
      ERROR TypeError: Cannot read properties of undefined (reading 'then')
          at Object.fn (/home/infoger/phlowers-stellar-app/src/app/ui/pages/studio/services/plot.service.ts:143:68)
          at Object.run (/home/infoger/phlowers-stellar-app/node_modules/@angular/core/fesm2022/core.mjs:39608:18)
          at ZoneAwareEffectScheduler.flushQueue (/home/infoger/phlowers-stellar-app/node_modules/@angular/core/fesm2022/core.mjs:22953:20)
          at /home/infoger/phlowers-stellar-app/node_modules/@angular/core/fesm2022/core.mjs:22943:41
          at _ZoneDelegate.invoke (/home/infoger/phlowers-stellar-app/node_modules/zone.js/bundles/zone.umd.js:410:32)
          at Object.onInvoke (/home/infoger/phlowers-stellar-app/node_modules/@angular/core/fesm2022/core.mjs:6579:33)
          at _ZoneDelegate.invoke (/home/infoger/phlowers-stellar-app/node_modules/zone.js/bundles/zone.umd.js:409:38)
          at ZoneImpl.run (/home/infoger/phlowers-stellar-app/node_modules/zone.js/bundles/zone.umd.js:145:47)
          at ZoneAwareEffectScheduler.flush (/home/infoger/phlowers-stellar-app/node_modules/@angular/core/fesm2022/core.mjs:22943:26)
          at _ApplicationRef.synchronizeOnce (/home/infoger/phlowers-stellar-app/node_modules/@angular/core/fesm2022/core.mjs:23611:38)
          at _ApplicationRef.synchronize (/home/infoger/phlowers-stellar-app/node_modules/@angular/core/fesm2022/core.mjs:23594:18)
          at _ApplicationRef.tickImpl (/home/infoger/phlowers-stellar-app/node_modules/@angular/core/fesm2022/core.mjs:23563:18)
          at _ApplicationRef._tick (/home/infoger/phlowers-stellar-app/node_modules/@angular/core/fesm2022/core.mjs:23552:18)
          at _ApplicationRef.tick (/home/infoger/phlowers-stellar-app/node_modules/@angular/core/fesm2022/core.mjs:23540:14)
          at /home/infoger/phlowers-stellar-app/node_modules/@angular/core/fesm2022/core.mjs:34806:41
          at _ZoneDelegate.invoke (/home/infoger/phlowers-stellar-app/node_modules/zone.js/bundles/zone.umd.js:410:32)
          at Object.onInvoke (/home/infoger/phlowers-stellar-app/node_modules/@angular/core/fesm2022/core.mjs:6579:33)
          at _ZoneDelegate.invoke (/home/infoger/phlowers-stellar-app/node_modules/zone.js/bundles/zone.umd.js:409:38)
          at ZoneImpl.run (/home/infoger/phlowers-stellar-app/node_modules/zone.js/bundles/zone.umd.js:145:47)
          at NgZone.run (/home/infoger/phlowers-stellar-app/node_modules/@angular/core/fesm2022/core.mjs:6425:28)
          at Object.next (/home/infoger/phlowers-stellar-app/node_modules/@angular/core/fesm2022/core.mjs:34805:27)
          at ConsumerObserver.Object.<anonymous>.ConsumerObserver.next (/home/infoger/phlowers-stellar-app/node_modules/rxjs/src/internal/Subscriber.ts:155:25)
          at SafeSubscriber.Object.<anonymous>.Subscriber._next (/home/infoger/phlowers-stellar-app/node_modules/rxjs/src/internal/Subscriber.ts:113:22)
          at SafeSubscriber.Object.<anonymous>.Subscriber.next (/home/infoger/phlowers-stellar-app/node_modules/rxjs/src/internal/Subscriber.ts:71:12)
          at /home/infoger/phlowers-stellar-app/node_modules/rxjs/src/internal/Subject.ts:67:20
          at Object.errorContext (/home/infoger/phlowers-stellar-app/node_modules/rxjs/src/internal/util/errorContext.ts:29:5)
          at EventEmitter_.Object.<anonymous>.Subject.next (/home/infoger/phlowers-stellar-app/node_modules/rxjs/src/internal/Subject.ts:60:5)
          at EventEmitter_.emit (/home/infoger/phlowers-stellar-app/node_modules/@angular/core/fesm2022/core.mjs:6114:19)
          at checkStable (/home/infoger/phlowers-stellar-app/node_modules/@angular/core/fesm2022/core.mjs:6493:35)
          at onLeave (/home/infoger/phlowers-stellar-app/node_modules/@angular/core/fesm2022/core.mjs:6640:5)
          at Object.onInvoke (/home/infoger/phlowers-stellar-app/node_modules/@angular/core/fesm2022/core.mjs:6596:17)
          at _ZoneDelegate.invoke (/home/infoger/phlowers-stellar-app/node_modules/zone.js/bundles/zone.umd.js:409:38)
          at ZoneImpl.run (/home/infoger/phlowers-stellar-app/node_modules/zone.js/bundles/zone.umd.js:145:47)
          at NgZone.run (/home/infoger/phlowers-stellar-app/node_modules/@angular/core/fesm2022/core.mjs:6425:28)
          at _TestBedImpl.createComponent (/home/infoger/phlowers-stellar-app/node_modules/@angular/core/fesm2022/testing.mjs:2058:41)
          at _TestBedImpl.createComponent (/home/infoger/phlowers-stellar-app/node_modules/@angular/core/fesm2022/testing.mjs:1844:37)
          at /home/infoger/phlowers-stellar-app/src/app/ui/pages/studio/toolbar-dialog/field-measuring/components/parameter-calculation-15-without-wind/parameter-calculation-15-without-wind.component.spec.ts:94:23
          at processTicksAndRejections (node:internal/process/task_queues:105:5)

      92 |     }).compileComponents();
      93 |
    > 94 |     fixture = TestBed.createComponent(ParameterCalculation15WithoutWindComponent);
         |                       ^
      95 |     component = fixture.componentInstance;
      96 |     componentRef = fixture.componentRef;
      97 |     componentRef.setInput('measureData', createTestMeasureData());

      at ErrorHandler.handleError (node_modules/@angular/core/fesm2022/core.mjs:6731:23)
      at node_modules/@angular/core/fesm2022/testing.mjs:160:69
      at _ZoneDelegate.invoke (node_modules/zone.js/bundles/zone.umd.js:410:32)
      at ZoneImpl.run (node_modules/zone.js/bundles/zone.umd.js:145:47)
      at NgZone.runOutsideAngular (node_modules/@angular/core/fesm2022/core.mjs:6470:28)
      at _TestBedApplicationErrorHandler.handleError (node_modules/@angular/core/fesm2022/testing.mjs:160:23)
      at _ApplicationRef.internalErrorHandler (node_modules/@angular/core/fesm2022/testing.mjs:1488:37)
      at _ApplicationRef.tickImpl (node_modules/@angular/core/fesm2022/core.mjs:23572:18)
      at _ApplicationRef._tick (node_modules/@angular/core/fesm2022/core.mjs:23552:18)
      at _ApplicationRef.tick (node_modules/@angular/core/fesm2022/core.mjs:23540:14)
      at node_modules/@angular/core/fesm2022/core.mjs:34806:41
      at _ZoneDelegate.invoke (node_modules/zone.js/bundles/zone.umd.js:410:32)
      at Object.onInvoke (node_modules/@angular/core/fesm2022/core.mjs:6579:33)
      at _ZoneDelegate.invoke (node_modules/zone.js/bundles/zone.umd.js:409:38)
      at ZoneImpl.run (node_modules/zone.js/bundles/zone.umd.js:145:47)
      at NgZone.run (node_modules/@angular/core/fesm2022/core.mjs:6425:28)
      at Object.next (node_modules/@angular/core/fesm2022/core.mjs:34805:27)
      at ConsumerObserver.Object.<anonymous>.ConsumerObserver.next (node_modules/rxjs/src/internal/Subscriber.ts:155:25)
      at SafeSubscriber.Object.<anonymous>.Subscriber._next (node_modules/rxjs/src/internal/Subscriber.ts:113:22)
      at SafeSubscriber.Object.<anonymous>.Subscriber.next (node_modules/rxjs/src/internal/Subscriber.ts:71:12)
      at node_modules/rxjs/src/internal/Subject.ts:67:20
      at Object.errorContext (node_modules/rxjs/src/internal/util/errorContext.ts:29:5)
      at EventEmitter_.Object.<anonymous>.Subject.next (node_modules/rxjs/src/internal/Subject.ts:60:5)
      at EventEmitter_.emit (node_modules/@angular/core/fesm2022/core.mjs:6114:19)
      at checkStable (node_modules/@angular/core/fesm2022/core.mjs:6493:35)
      at onLeave (node_modules/@angular/core/fesm2022/core.mjs:6640:5)
      at Object.onInvoke (node_modules/@angular/core/fesm2022/core.mjs:6596:17)
      at _ZoneDelegate.invoke (node_modules/zone.js/bundles/zone.umd.js:409:38)
      at ZoneImpl.run (node_modules/zone.js/bundles/zone.umd.js:145:47)
      at NgZone.run (node_modules/@angular/core/fesm2022/core.mjs:6425:28)
      at _TestBedImpl.createComponent (node_modules/@angular/core/fesm2022/testing.mjs:2058:41)
      at _TestBedImpl.createComponent (node_modules/@angular/core/fesm2022/testing.mjs:1844:37)
      at src/app/ui/pages/studio/toolbar-dialog/field-measuring/components/parameter-calculation-15-without-wind/parameter-calculation-15-without-wind.component.spec.ts:94:23

    console.error
      ERROR TypeError: Cannot read properties of undefined (reading 'then')
          at Object.fn (/home/infoger/phlowers-stellar-app/src/app/ui/pages/studio/services/plot.service.ts:143:68)
          at Object.run (/home/infoger/phlowers-stellar-app/node_modules/@angular/core/fesm2022/core.mjs:39608:18)
          at ZoneAwareEffectScheduler.flushQueue (/home/infoger/phlowers-stellar-app/node_modules/@angular/core/fesm2022/core.mjs:22953:20)
          at /home/infoger/phlowers-stellar-app/node_modules/@angular/core/fesm2022/core.mjs:22943:41
          at _ZoneDelegate.invoke (/home/infoger/phlowers-stellar-app/node_modules/zone.js/bundles/zone.umd.js:410:32)
          at Object.onInvoke (/home/infoger/phlowers-stellar-app/node_modules/@angular/core/fesm2022/core.mjs:6579:33)
          at _ZoneDelegate.invoke (/home/infoger/phlowers-stellar-app/node_modules/zone.js/bundles/zone.umd.js:409:38)
          at ZoneImpl.run (/home/infoger/phlowers-stellar-app/node_modules/zone.js/bundles/zone.umd.js:145:47)
          at ZoneAwareEffectScheduler.flush (/home/infoger/phlowers-stellar-app/node_modules/@angular/core/fesm2022/core.mjs:22943:26)
          at _ApplicationRef.synchronizeOnce (/home/infoger/phlowers-stellar-app/node_modules/@angular/core/fesm2022/core.mjs:23611:38)
          at _ApplicationRef.synchronize (/home/infoger/phlowers-stellar-app/node_modules/@angular/core/fesm2022/core.mjs:23594:18)
          at _ApplicationRef.tickImpl (/home/infoger/phlowers-stellar-app/node_modules/@angular/core/fesm2022/core.mjs:23563:18)
          at _ApplicationRef._tick (/home/infoger/phlowers-stellar-app/node_modules/@angular/core/fesm2022/core.mjs:23552:18)
          at _ApplicationRef.tick (/home/infoger/phlowers-stellar-app/node_modules/@angular/core/fesm2022/core.mjs:23540:14)
          at /home/infoger/phlowers-stellar-app/node_modules/@angular/core/fesm2022/core.mjs:34806:41
          at _ZoneDelegate.invoke (/home/infoger/phlowers-stellar-app/node_modules/zone.js/bundles/zone.umd.js:410:32)
          at Object.onInvoke (/home/infoger/phlowers-stellar-app/node_modules/@angular/core/fesm2022/core.mjs:6579:33)
          at _ZoneDelegate.invoke (/home/infoger/phlowers-stellar-app/node_modules/zone.js/bundles/zone.umd.js:409:38)
          at ZoneImpl.run (/home/infoger/phlowers-stellar-app/node_modules/zone.js/bundles/zone.umd.js:145:47)
          at NgZone.run (/home/infoger/phlowers-stellar-app/node_modules/@angular/core/fesm2022/core.mjs:6425:28)
          at Object.next (/home/infoger/phlowers-stellar-app/node_modules/@angular/core/fesm2022/core.mjs:34805:27)
          at ConsumerObserver.Object.<anonymous>.ConsumerObserver.next (/home/infoger/phlowers-stellar-app/node_modules/rxjs/src/internal/Subscriber.ts:155:25)
          at SafeSubscriber.Object.<anonymous>.Subscriber._next (/home/infoger/phlowers-stellar-app/node_modules/rxjs/src/internal/Subscriber.ts:113:22)
          at SafeSubscriber.Object.<anonymous>.Subscriber.next (/home/infoger/phlowers-stellar-app/node_modules/rxjs/src/internal/Subscriber.ts:71:12)
          at /home/infoger/phlowers-stellar-app/node_modules/rxjs/src/internal/Subject.ts:67:20
          at Object.errorContext (/home/infoger/phlowers-stellar-app/node_modules/rxjs/src/internal/util/errorContext.ts:29:5)
          at EventEmitter_.Object.<anonymous>.Subject.next (/home/infoger/phlowers-stellar-app/node_modules/rxjs/src/internal/Subject.ts:60:5)
          at EventEmitter_.emit (/home/infoger/phlowers-stellar-app/node_modules/@angular/core/fesm2022/core.mjs:6114:19)
          at checkStable (/home/infoger/phlowers-stellar-app/node_modules/@angular/core/fesm2022/core.mjs:6493:35)
          at onLeave (/home/infoger/phlowers-stellar-app/node_modules/@angular/core/fesm2022/core.mjs:6640:5)
          at Object.onInvoke (/home/infoger/phlowers-stellar-app/node_modules/@angular/core/fesm2022/core.mjs:6596:17)
          at _ZoneDelegate.invoke (/home/infoger/phlowers-stellar-app/node_modules/zone.js/bundles/zone.umd.js:409:38)
          at ZoneImpl.run (/home/infoger/phlowers-stellar-app/node_modules/zone.js/bundles/zone.umd.js:145:47)
          at NgZone.run (/home/infoger/phlowers-stellar-app/node_modules/@angular/core/fesm2022/core.mjs:6425:28)
          at _TestBedImpl.createComponent (/home/infoger/phlowers-stellar-app/node_modules/@angular/core/fesm2022/testing.mjs:2058:41)
          at _TestBedImpl.createComponent (/home/infoger/phlowers-stellar-app/node_modules/@angular/core/fesm2022/testing.mjs:1844:37)
          at /home/infoger/phlowers-stellar-app/src/app/ui/pages/studio/toolbar-dialog/field-measuring/components/parameter-calculation-15-without-wind/parameter-calculation-15-without-wind.component.spec.ts:94:23
          at processTicksAndRejections (node:internal/process/task_queues:105:5)

      92 |     }).compileComponents();
      93 |
    > 94 |     fixture = TestBed.createComponent(ParameterCalculation15WithoutWindComponent);
         |                       ^
      95 |     component = fixture.componentInstance;
      96 |     componentRef = fixture.componentRef;
      97 |     componentRef.setInput('measureData', createTestMeasureData());

      at ErrorHandler.handleError (node_modules/@angular/core/fesm2022/core.mjs:6731:23)
      at node_modules/@angular/core/fesm2022/testing.mjs:160:69
      at _ZoneDelegate.invoke (node_modules/zone.js/bundles/zone.umd.js:410:32)
      at ZoneImpl.run (node_modules/zone.js/bundles/zone.umd.js:145:47)
      at NgZone.runOutsideAngular (node_modules/@angular/core/fesm2022/core.mjs:6470:28)
      at _TestBedApplicationErrorHandler.handleError (node_modules/@angular/core/fesm2022/testing.mjs:160:23)
      at _ApplicationRef.internalErrorHandler (node_modules/@angular/core/fesm2022/testing.mjs:1488:37)
      at _ApplicationRef.tickImpl (node_modules/@angular/core/fesm2022/core.mjs:23572:18)
      at _ApplicationRef._tick (node_modules/@angular/core/fesm2022/core.mjs:23552:18)
      at _ApplicationRef.tick (node_modules/@angular/core/fesm2022/core.mjs:23540:14)
      at node_modules/@angular/core/fesm2022/core.mjs:34806:41
      at _ZoneDelegate.invoke (node_modules/zone.js/bundles/zone.umd.js:410:32)
      at Object.onInvoke (node_modules/@angular/core/fesm2022/core.mjs:6579:33)
      at _ZoneDelegate.invoke (node_modules/zone.js/bundles/zone.umd.js:409:38)
      at ZoneImpl.run (node_modules/zone.js/bundles/zone.umd.js:145:47)
      at NgZone.run (node_modules/@angular/core/fesm2022/core.mjs:6425:28)
      at Object.next (node_modules/@angular/core/fesm2022/core.mjs:34805:27)
      at ConsumerObserver.Object.<anonymous>.ConsumerObserver.next (node_modules/rxjs/src/internal/Subscriber.ts:155:25)
      at SafeSubscriber.Object.<anonymous>.Subscriber._next (node_modules/rxjs/src/internal/Subscriber.ts:113:22)
      at SafeSubscriber.Object.<anonymous>.Subscriber.next (node_modules/rxjs/src/internal/Subscriber.ts:71:12)
      at node_modules/rxjs/src/internal/Subject.ts:67:20
      at Object.errorContext (node_modules/rxjs/src/internal/util/errorContext.ts:29:5)
      at EventEmitter_.Object.<anonymous>.Subject.next (node_modules/rxjs/src/internal/Subject.ts:60:5)
      at EventEmitter_.emit (node_modules/@angular/core/fesm2022/core.mjs:6114:19)
      at checkStable (node_modules/@angular/core/fesm2022/core.mjs:6493:35)
      at onLeave (node_modules/@angular/core/fesm2022/core.mjs:6640:5)
      at Object.onInvoke (node_modules/@angular/core/fesm2022/core.mjs:6596:17)
      at _ZoneDelegate.invoke (node_modules/zone.js/bundles/zone.umd.js:409:38)
      at ZoneImpl.run (node_modules/zone.js/bundles/zone.umd.js:145:47)
      at NgZone.run (node_modules/@angular/core/fesm2022/core.mjs:6425:28)
      at _TestBedImpl.createComponent (node_modules/@angular/core/fesm2022/testing.mjs:2058:41)
      at _TestBedImpl.createComponent (node_modules/@angular/core/fesm2022/testing.mjs:1844:37)
      at src/app/ui/pages/studio/toolbar-dialog/field-measuring/components/parameter-calculation-15-without-wind/parameter-calculation-15-without-wind.component.spec.ts:94:23

    console.error
      ERROR TypeError: Cannot read properties of undefined (reading 'then')
          at Object.fn (/home/infoger/phlowers-stellar-app/src/app/ui/pages/studio/services/plot.service.ts:143:68)
          at Object.run (/home/infoger/phlowers-stellar-app/node_modules/@angular/core/fesm2022/core.mjs:39608:18)
          at ZoneAwareEffectScheduler.flushQueue (/home/infoger/phlowers-stellar-app/node_modules/@angular/core/fesm2022/core.mjs:22953:20)
          at /home/infoger/phlowers-stellar-app/node_modules/@angular/core/fesm2022/core.mjs:22943:41
          at _ZoneDelegate.invoke (/home/infoger/phlowers-stellar-app/node_modules/zone.js/bundles/zone.umd.js:410:32)
          at Object.onInvoke (/home/infoger/phlowers-stellar-app/node_modules/@angular/core/fesm2022/core.mjs:6579:33)
          at _ZoneDelegate.invoke (/home/infoger/phlowers-stellar-app/node_modules/zone.js/bundles/zone.umd.js:409:38)
          at ZoneImpl.run (/home/infoger/phlowers-stellar-app/node_modules/zone.js/bundles/zone.umd.js:145:47)
          at ZoneAwareEffectScheduler.flush (/home/infoger/phlowers-stellar-app/node_modules/@angular/core/fesm2022/core.mjs:22943:26)
          at _ApplicationRef.synchronizeOnce (/home/infoger/phlowers-stellar-app/node_modules/@angular/core/fesm2022/core.mjs:23611:38)
          at _ApplicationRef.synchronize (/home/infoger/phlowers-stellar-app/node_modules/@angular/core/fesm2022/core.mjs:23594:18)
          at _ApplicationRef.tickImpl (/home/infoger/phlowers-stellar-app/node_modules/@angular/core/fesm2022/core.mjs:23563:18)
          at _ApplicationRef._tick (/home/infoger/phlowers-stellar-app/node_modules/@angular/core/fesm2022/core.mjs:23552:18)
          at _ApplicationRef.tick (/home/infoger/phlowers-stellar-app/node_modules/@angular/core/fesm2022/core.mjs:23540:14)
          at /home/infoger/phlowers-stellar-app/node_modules/@angular/core/fesm2022/core.mjs:34806:41
          at _ZoneDelegate.invoke (/home/infoger/phlowers-stellar-app/node_modules/zone.js/bundles/zone.umd.js:410:32)
          at Object.onInvoke (/home/infoger/phlowers-stellar-app/node_modules/@angular/core/fesm2022/core.mjs:6579:33)
          at _ZoneDelegate.invoke (/home/infoger/phlowers-stellar-app/node_modules/zone.js/bundles/zone.umd.js:409:38)
          at ZoneImpl.run (/home/infoger/phlowers-stellar-app/node_modules/zone.js/bundles/zone.umd.js:145:47)
          at NgZone.run (/home/infoger/phlowers-stellar-app/node_modules/@angular/core/fesm2022/core.mjs:6425:28)
          at Object.next (/home/infoger/phlowers-stellar-app/node_modules/@angular/core/fesm2022/core.mjs:34805:27)
          at ConsumerObserver.Object.<anonymous>.ConsumerObserver.next (/home/infoger/phlowers-stellar-app/node_modules/rxjs/src/internal/Subscriber.ts:155:25)
          at SafeSubscriber.Object.<anonymous>.Subscriber._next (/home/infoger/phlowers-stellar-app/node_modules/rxjs/src/internal/Subscriber.ts:113:22)
          at SafeSubscriber.Object.<anonymous>.Subscriber.next (/home/infoger/phlowers-stellar-app/node_modules/rxjs/src/internal/Subscriber.ts:71:12)
          at /home/infoger/phlowers-stellar-app/node_modules/rxjs/src/internal/Subject.ts:67:20
          at Object.errorContext (/home/infoger/phlowers-stellar-app/node_modules/rxjs/src/internal/util/errorContext.ts:29:5)
          at EventEmitter_.Object.<anonymous>.Subject.next (/home/infoger/phlowers-stellar-app/node_modules/rxjs/src/internal/Subject.ts:60:5)
          at EventEmitter_.emit (/home/infoger/phlowers-stellar-app/node_modules/@angular/core/fesm2022/core.mjs:6114:19)
          at checkStable (/home/infoger/phlowers-stellar-app/node_modules/@angular/core/fesm2022/core.mjs:6493:35)
          at onLeave (/home/infoger/phlowers-stellar-app/node_modules/@angular/core/fesm2022/core.mjs:6640:5)
          at Object.onInvoke (/home/infoger/phlowers-stellar-app/node_modules/@angular/core/fesm2022/core.mjs:6596:17)
          at _ZoneDelegate.invoke (/home/infoger/phlowers-stellar-app/node_modules/zone.js/bundles/zone.umd.js:409:38)
          at ZoneImpl.run (/home/infoger/phlowers-stellar-app/node_modules/zone.js/bundles/zone.umd.js:145:47)
          at NgZone.run (/home/infoger/phlowers-stellar-app/node_modules/@angular/core/fesm2022/core.mjs:6425:28)
          at _TestBedImpl.createComponent (/home/infoger/phlowers-stellar-app/node_modules/@angular/core/fesm2022/testing.mjs:2058:41)
          at _TestBedImpl.createComponent (/home/infoger/phlowers-stellar-app/node_modules/@angular/core/fesm2022/testing.mjs:1844:37)
          at /home/infoger/phlowers-stellar-app/src/app/ui/pages/studio/toolbar-dialog/field-measuring/components/parameter-calculation-15-without-wind/parameter-calculation-15-without-wind.component.spec.ts:94:23
          at processTicksAndRejections (node:internal/process/task_queues:105:5)

      92 |     }).compileComponents();
      93 |
    > 94 |     fixture = TestBed.createComponent(ParameterCalculation15WithoutWindComponent);
         |                       ^
      95 |     component = fixture.componentInstance;
      96 |     componentRef = fixture.componentRef;
      97 |     componentRef.setInput('measureData', createTestMeasureData());

      at ErrorHandler.handleError (node_modules/@angular/core/fesm2022/core.mjs:6731:23)
      at node_modules/@angular/core/fesm2022/testing.mjs:160:69
      at _ZoneDelegate.invoke (node_modules/zone.js/bundles/zone.umd.js:410:32)
      at ZoneImpl.run (node_modules/zone.js/bundles/zone.umd.js:145:47)
      at NgZone.runOutsideAngular (node_modules/@angular/core/fesm2022/core.mjs:6470:28)
      at _TestBedApplicationErrorHandler.handleError (node_modules/@angular/core/fesm2022/testing.mjs:160:23)
      at _ApplicationRef.internalErrorHandler (node_modules/@angular/core/fesm2022/testing.mjs:1488:37)
      at _ApplicationRef.tickImpl (node_modules/@angular/core/fesm2022/core.mjs:23572:18)
      at _ApplicationRef._tick (node_modules/@angular/core/fesm2022/core.mjs:23552:18)
      at _ApplicationRef.tick (node_modules/@angular/core/fesm2022/core.mjs:23540:14)
      at node_modules/@angular/core/fesm2022/core.mjs:34806:41
      at _ZoneDelegate.invoke (node_modules/zone.js/bundles/zone.umd.js:410:32)
      at Object.onInvoke (node_modules/@angular/core/fesm2022/core.mjs:6579:33)
      at _ZoneDelegate.invoke (node_modules/zone.js/bundles/zone.umd.js:409:38)
      at ZoneImpl.run (node_modules/zone.js/bundles/zone.umd.js:145:47)
      at NgZone.run (node_modules/@angular/core/fesm2022/core.mjs:6425:28)
      at Object.next (node_modules/@angular/core/fesm2022/core.mjs:34805:27)
      at ConsumerObserver.Object.<anonymous>.ConsumerObserver.next (node_modules/rxjs/src/internal/Subscriber.ts:155:25)
      at SafeSubscriber.Object.<anonymous>.Subscriber._next (node_modules/rxjs/src/internal/Subscriber.ts:113:22)
      at SafeSubscriber.Object.<anonymous>.Subscriber.next (node_modules/rxjs/src/internal/Subscriber.ts:71:12)
      at node_modules/rxjs/src/internal/Subject.ts:67:20
      at Object.errorContext (node_modules/rxjs/src/internal/util/errorContext.ts:29:5)
      at EventEmitter_.Object.<anonymous>.Subject.next (node_modules/rxjs/src/internal/Subject.ts:60:5)
      at EventEmitter_.emit (node_modules/@angular/core/fesm2022/core.mjs:6114:19)
      at checkStable (node_modules/@angular/core/fesm2022/core.mjs:6493:35)
      at onLeave (node_modules/@angular/core/fesm2022/core.mjs:6640:5)
      at Object.onInvoke (node_modules/@angular/core/fesm2022/core.mjs:6596:17)
      at _ZoneDelegate.invoke (node_modules/zone.js/bundles/zone.umd.js:409:38)
      at ZoneImpl.run (node_modules/zone.js/bundles/zone.umd.js:145:47)
      at NgZone.run (node_modules/@angular/core/fesm2022/core.mjs:6425:28)
      at _TestBedImpl.createComponent (node_modules/@angular/core/fesm2022/testing.mjs:2058:41)
      at _TestBedImpl.createComponent (node_modules/@angular/core/fesm2022/testing.mjs:1844:37)
      at src/app/ui/pages/studio/toolbar-dialog/field-measuring/components/parameter-calculation-15-without-wind/parameter-calculation-15-without-wind.component.spec.ts:94:23

    console.error
      ERROR TypeError: Cannot read properties of undefined (reading 'then')
          at Object.fn (/home/infoger/phlowers-stellar-app/src/app/ui/pages/studio/services/plot.service.ts:143:68)
          at Object.run (/home/infoger/phlowers-stellar-app/node_modules/@angular/core/fesm2022/core.mjs:39608:18)
          at ZoneAwareEffectScheduler.flushQueue (/home/infoger/phlowers-stellar-app/node_modules/@angular/core/fesm2022/core.mjs:22953:20)
          at /home/infoger/phlowers-stellar-app/node_modules/@angular/core/fesm2022/core.mjs:22943:41
          at _ZoneDelegate.invoke (/home/infoger/phlowers-stellar-app/node_modules/zone.js/bundles/zone.umd.js:410:32)
          at Object.onInvoke (/home/infoger/phlowers-stellar-app/node_modules/@angular/core/fesm2022/core.mjs:6579:33)
          at _ZoneDelegate.invoke (/home/infoger/phlowers-stellar-app/node_modules/zone.js/bundles/zone.umd.js:409:38)
          at ZoneImpl.run (/home/infoger/phlowers-stellar-app/node_modules/zone.js/bundles/zone.umd.js:145:47)
          at ZoneAwareEffectScheduler.flush (/home/infoger/phlowers-stellar-app/node_modules/@angular/core/fesm2022/core.mjs:22943:26)
          at _ApplicationRef.synchronizeOnce (/home/infoger/phlowers-stellar-app/node_modules/@angular/core/fesm2022/core.mjs:23611:38)
          at _ApplicationRef.synchronize (/home/infoger/phlowers-stellar-app/node_modules/@angular/core/fesm2022/core.mjs:23594:18)
          at _ApplicationRef.tickImpl (/home/infoger/phlowers-stellar-app/node_modules/@angular/core/fesm2022/core.mjs:23563:18)
          at _ApplicationRef._tick (/home/infoger/phlowers-stellar-app/node_modules/@angular/core/fesm2022/core.mjs:23552:18)
          at _ApplicationRef.tick (/home/infoger/phlowers-stellar-app/node_modules/@angular/core/fesm2022/core.mjs:23540:14)
          at /home/infoger/phlowers-stellar-app/node_modules/@angular/core/fesm2022/core.mjs:34806:41
          at _ZoneDelegate.invoke (/home/infoger/phlowers-stellar-app/node_modules/zone.js/bundles/zone.umd.js:410:32)
          at Object.onInvoke (/home/infoger/phlowers-stellar-app/node_modules/@angular/core/fesm2022/core.mjs:6579:33)
          at _ZoneDelegate.invoke (/home/infoger/phlowers-stellar-app/node_modules/zone.js/bundles/zone.umd.js:409:38)
          at ZoneImpl.run (/home/infoger/phlowers-stellar-app/node_modules/zone.js/bundles/zone.umd.js:145:47)
          at NgZone.run (/home/infoger/phlowers-stellar-app/node_modules/@angular/core/fesm2022/core.mjs:6425:28)
          at Object.next (/home/infoger/phlowers-stellar-app/node_modules/@angular/core/fesm2022/core.mjs:34805:27)
          at ConsumerObserver.Object.<anonymous>.ConsumerObserver.next (/home/infoger/phlowers-stellar-app/node_modules/rxjs/src/internal/Subscriber.ts:155:25)
          at SafeSubscriber.Object.<anonymous>.Subscriber._next (/home/infoger/phlowers-stellar-app/node_modules/rxjs/src/internal/Subscriber.ts:113:22)
          at SafeSubscriber.Object.<anonymous>.Subscriber.next (/home/infoger/phlowers-stellar-app/node_modules/rxjs/src/internal/Subscriber.ts:71:12)
          at /home/infoger/phlowers-stellar-app/node_modules/rxjs/src/internal/Subject.ts:67:20
          at Object.errorContext (/home/infoger/phlowers-stellar-app/node_modules/rxjs/src/internal/util/errorContext.ts:29:5)
          at EventEmitter_.Object.<anonymous>.Subject.next (/home/infoger/phlowers-stellar-app/node_modules/rxjs/src/internal/Subject.ts:60:5)
          at EventEmitter_.emit (/home/infoger/phlowers-stellar-app/node_modules/@angular/core/fesm2022/core.mjs:6114:19)
          at checkStable (/home/infoger/phlowers-stellar-app/node_modules/@angular/core/fesm2022/core.mjs:6493:35)
          at onLeave (/home/infoger/phlowers-stellar-app/node_modules/@angular/core/fesm2022/core.mjs:6640:5)
          at Object.onInvoke (/home/infoger/phlowers-stellar-app/node_modules/@angular/core/fesm2022/core.mjs:6596:17)
          at _ZoneDelegate.invoke (/home/infoger/phlowers-stellar-app/node_modules/zone.js/bundles/zone.umd.js:409:38)
          at ZoneImpl.run (/home/infoger/phlowers-stellar-app/node_modules/zone.js/bundles/zone.umd.js:145:47)
          at NgZone.run (/home/infoger/phlowers-stellar-app/node_modules/@angular/core/fesm2022/core.mjs:6425:28)
          at _TestBedImpl.createComponent (/home/infoger/phlowers-stellar-app/node_modules/@angular/core/fesm2022/testing.mjs:2058:41)
          at _TestBedImpl.createComponent (/home/infoger/phlowers-stellar-app/node_modules/@angular/core/fesm2022/testing.mjs:1844:37)
          at /home/infoger/phlowers-stellar-app/src/app/ui/pages/studio/toolbar-dialog/field-measuring/components/parameter-calculation-15-without-wind/parameter-calculation-15-without-wind.component.spec.ts:94:23
          at processTicksAndRejections (node:internal/process/task_queues:105:5)

      92 |     }).compileComponents();
      93 |
    > 94 |     fixture = TestBed.createComponent(ParameterCalculation15WithoutWindComponent);
         |                       ^
      95 |     component = fixture.componentInstance;
      96 |     componentRef = fixture.componentRef;
      97 |     componentRef.setInput('measureData', createTestMeasureData());

      at ErrorHandler.handleError (node_modules/@angular/core/fesm2022/core.mjs:6731:23)
      at node_modules/@angular/core/fesm2022/testing.mjs:160:69
      at _ZoneDelegate.invoke (node_modules/zone.js/bundles/zone.umd.js:410:32)
      at ZoneImpl.run (node_modules/zone.js/bundles/zone.umd.js:145:47)
      at NgZone.runOutsideAngular (node_modules/@angular/core/fesm2022/core.mjs:6470:28)
      at _TestBedApplicationErrorHandler.handleError (node_modules/@angular/core/fesm2022/testing.mjs:160:23)
      at _ApplicationRef.internalErrorHandler (node_modules/@angular/core/fesm2022/testing.mjs:1488:37)
      at _ApplicationRef.tickImpl (node_modules/@angular/core/fesm2022/core.mjs:23572:18)
      at _ApplicationRef._tick (node_modules/@angular/core/fesm2022/core.mjs:23552:18)
      at _ApplicationRef.tick (node_modules/@angular/core/fesm2022/core.mjs:23540:14)
      at node_modules/@angular/core/fesm2022/core.mjs:34806:41
      at _ZoneDelegate.invoke (node_modules/zone.js/bundles/zone.umd.js:410:32)
      at Object.onInvoke (node_modules/@angular/core/fesm2022/core.mjs:6579:33)
      at _ZoneDelegate.invoke (node_modules/zone.js/bundles/zone.umd.js:409:38)
      at ZoneImpl.run (node_modules/zone.js/bundles/zone.umd.js:145:47)
      at NgZone.run (node_modules/@angular/core/fesm2022/core.mjs:6425:28)
      at Object.next (node_modules/@angular/core/fesm2022/core.mjs:34805:27)
      at ConsumerObserver.Object.<anonymous>.ConsumerObserver.next (node_modules/rxjs/src/internal/Subscriber.ts:155:25)
      at SafeSubscriber.Object.<anonymous>.Subscriber._next (node_modules/rxjs/src/internal/Subscriber.ts:113:22)
      at SafeSubscriber.Object.<anonymous>.Subscriber.next (node_modules/rxjs/src/internal/Subscriber.ts:71:12)
      at node_modules/rxjs/src/internal/Subject.ts:67:20
      at Object.errorContext (node_modules/rxjs/src/internal/util/errorContext.ts:29:5)
      at EventEmitter_.Object.<anonymous>.Subject.next (node_modules/rxjs/src/internal/Subject.ts:60:5)
      at EventEmitter_.emit (node_modules/@angular/core/fesm2022/core.mjs:6114:19)
      at checkStable (node_modules/@angular/core/fesm2022/core.mjs:6493:35)
      at onLeave (node_modules/@angular/core/fesm2022/core.mjs:6640:5)
      at Object.onInvoke (node_modules/@angular/core/fesm2022/core.mjs:6596:17)
      at _ZoneDelegate.invoke (node_modules/zone.js/bundles/zone.umd.js:409:38)
      at ZoneImpl.run (node_modules/zone.js/bundles/zone.umd.js:145:47)
      at NgZone.run (node_modules/@angular/core/fesm2022/core.mjs:6425:28)
      at _TestBedImpl.createComponent (node_modules/@angular/core/fesm2022/testing.mjs:2058:41)
      at _TestBedImpl.createComponent (node_modules/@angular/core/fesm2022/testing.mjs:1844:37)
      at src/app/ui/pages/studio/toolbar-dialog/field-measuring/components/parameter-calculation-15-without-wind/parameter-calculation-15-without-wind.component.spec.ts:94:23

    console.error
      ERROR TypeError: Cannot read properties of undefined (reading 'then')
          at Object.fn (/home/infoger/phlowers-stellar-app/src/app/ui/pages/studio/services/plot.service.ts:143:68)
          at Object.run (/home/infoger/phlowers-stellar-app/node_modules/@angular/core/fesm2022/core.mjs:39608:18)
          at ZoneAwareEffectScheduler.flushQueue (/home/infoger/phlowers-stellar-app/node_modules/@angular/core/fesm2022/core.mjs:22953:20)
          at /home/infoger/phlowers-stellar-app/node_modules/@angular/core/fesm2022/core.mjs:22943:41
          at _ZoneDelegate.invoke (/home/infoger/phlowers-stellar-app/node_modules/zone.js/bundles/zone.umd.js:410:32)
          at Object.onInvoke (/home/infoger/phlowers-stellar-app/node_modules/@angular/core/fesm2022/core.mjs:6579:33)
          at _ZoneDelegate.invoke (/home/infoger/phlowers-stellar-app/node_modules/zone.js/bundles/zone.umd.js:409:38)
          at ZoneImpl.run (/home/infoger/phlowers-stellar-app/node_modules/zone.js/bundles/zone.umd.js:145:47)
          at ZoneAwareEffectScheduler.flush (/home/infoger/phlowers-stellar-app/node_modules/@angular/core/fesm2022/core.mjs:22943:26)
          at _ApplicationRef.synchronizeOnce (/home/infoger/phlowers-stellar-app/node_modules/@angular/core/fesm2022/core.mjs:23611:38)
          at _ApplicationRef.synchronize (/home/infoger/phlowers-stellar-app/node_modules/@angular/core/fesm2022/core.mjs:23594:18)
          at _ApplicationRef.tickImpl (/home/infoger/phlowers-stellar-app/node_modules/@angular/core/fesm2022/core.mjs:23563:18)
          at _ApplicationRef._tick (/home/infoger/phlowers-stellar-app/node_modules/@angular/core/fesm2022/core.mjs:23552:18)
          at _ApplicationRef.tick (/home/infoger/phlowers-stellar-app/node_modules/@angular/core/fesm2022/core.mjs:23540:14)
          at /home/infoger/phlowers-stellar-app/node_modules/@angular/core/fesm2022/core.mjs:34806:41
          at _ZoneDelegate.invoke (/home/infoger/phlowers-stellar-app/node_modules/zone.js/bundles/zone.umd.js:410:32)
          at Object.onInvoke (/home/infoger/phlowers-stellar-app/node_modules/@angular/core/fesm2022/core.mjs:6579:33)
          at _ZoneDelegate.invoke (/home/infoger/phlowers-stellar-app/node_modules/zone.js/bundles/zone.umd.js:409:38)
          at ZoneImpl.run (/home/infoger/phlowers-stellar-app/node_modules/zone.js/bundles/zone.umd.js:145:47)
          at NgZone.run (/home/infoger/phlowers-stellar-app/node_modules/@angular/core/fesm2022/core.mjs:6425:28)
          at Object.next (/home/infoger/phlowers-stellar-app/node_modules/@angular/core/fesm2022/core.mjs:34805:27)
          at ConsumerObserver.Object.<anonymous>.ConsumerObserver.next (/home/infoger/phlowers-stellar-app/node_modules/rxjs/src/internal/Subscriber.ts:155:25)
          at SafeSubscriber.Object.<anonymous>.Subscriber._next (/home/infoger/phlowers-stellar-app/node_modules/rxjs/src/internal/Subscriber.ts:113:22)
          at SafeSubscriber.Object.<anonymous>.Subscriber.next (/home/infoger/phlowers-stellar-app/node_modules/rxjs/src/internal/Subscriber.ts:71:12)
          at /home/infoger/phlowers-stellar-app/node_modules/rxjs/src/internal/Subject.ts:67:20
          at Object.errorContext (/home/infoger/phlowers-stellar-app/node_modules/rxjs/src/internal/util/errorContext.ts:29:5)
          at EventEmitter_.Object.<anonymous>.Subject.next (/home/infoger/phlowers-stellar-app/node_modules/rxjs/src/internal/Subject.ts:60:5)
          at EventEmitter_.emit (/home/infoger/phlowers-stellar-app/node_modules/@angular/core/fesm2022/core.mjs:6114:19)
          at checkStable (/home/infoger/phlowers-stellar-app/node_modules/@angular/core/fesm2022/core.mjs:6493:35)
          at onLeave (/home/infoger/phlowers-stellar-app/node_modules/@angular/core/fesm2022/core.mjs:6640:5)
          at Object.onInvoke (/home/infoger/phlowers-stellar-app/node_modules/@angular/core/fesm2022/core.mjs:6596:17)
          at _ZoneDelegate.invoke (/home/infoger/phlowers-stellar-app/node_modules/zone.js/bundles/zone.umd.js:409:38)
          at ZoneImpl.run (/home/infoger/phlowers-stellar-app/node_modules/zone.js/bundles/zone.umd.js:145:47)
          at NgZone.run (/home/infoger/phlowers-stellar-app/node_modules/@angular/core/fesm2022/core.mjs:6425:28)
          at _TestBedImpl.createComponent (/home/infoger/phlowers-stellar-app/node_modules/@angular/core/fesm2022/testing.mjs:2058:41)
          at _TestBedImpl.createComponent (/home/infoger/phlowers-stellar-app/node_modules/@angular/core/fesm2022/testing.mjs:1844:37)
          at /home/infoger/phlowers-stellar-app/src/app/ui/pages/studio/toolbar-dialog/field-measuring/components/parameter-calculation-15-without-wind/parameter-calculation-15-without-wind.component.spec.ts:94:23
          at processTicksAndRejections (node:internal/process/task_queues:105:5)

      92 |     }).compileComponents();
      93 |
    > 94 |     fixture = TestBed.createComponent(ParameterCalculation15WithoutWindComponent);
         |                       ^
      95 |     component = fixture.componentInstance;
      96 |     componentRef = fixture.componentRef;
      97 |     componentRef.setInput('measureData', createTestMeasureData());

      at ErrorHandler.handleError (node_modules/@angular/core/fesm2022/core.mjs:6731:23)
      at node_modules/@angular/core/fesm2022/testing.mjs:160:69
      at _ZoneDelegate.invoke (node_modules/zone.js/bundles/zone.umd.js:410:32)
      at ZoneImpl.run (node_modules/zone.js/bundles/zone.umd.js:145:47)
      at NgZone.runOutsideAngular (node_modules/@angular/core/fesm2022/core.mjs:6470:28)
      at _TestBedApplicationErrorHandler.handleError (node_modules/@angular/core/fesm2022/testing.mjs:160:23)
      at _ApplicationRef.internalErrorHandler (node_modules/@angular/core/fesm2022/testing.mjs:1488:37)
      at _ApplicationRef.tickImpl (node_modules/@angular/core/fesm2022/core.mjs:23572:18)
      at _ApplicationRef._tick (node_modules/@angular/core/fesm2022/core.mjs:23552:18)
      at _ApplicationRef.tick (node_modules/@angular/core/fesm2022/core.mjs:23540:14)
      at node_modules/@angular/core/fesm2022/core.mjs:34806:41
      at _ZoneDelegate.invoke (node_modules/zone.js/bundles/zone.umd.js:410:32)
      at Object.onInvoke (node_modules/@angular/core/fesm2022/core.mjs:6579:33)
      at _ZoneDelegate.invoke (node_modules/zone.js/bundles/zone.umd.js:409:38)
      at ZoneImpl.run (node_modules/zone.js/bundles/zone.umd.js:145:47)
      at NgZone.run (node_modules/@angular/core/fesm2022/core.mjs:6425:28)
      at Object.next (node_modules/@angular/core/fesm2022/core.mjs:34805:27)
      at ConsumerObserver.Object.<anonymous>.ConsumerObserver.next (node_modules/rxjs/src/internal/Subscriber.ts:155:25)
      at SafeSubscriber.Object.<anonymous>.Subscriber._next (node_modules/rxjs/src/internal/Subscriber.ts:113:22)
      at SafeSubscriber.Object.<anonymous>.Subscriber.next (node_modules/rxjs/src/internal/Subscriber.ts:71:12)
      at node_modules/rxjs/src/internal/Subject.ts:67:20
      at Object.errorContext (node_modules/rxjs/src/internal/util/errorContext.ts:29:5)
      at EventEmitter_.Object.<anonymous>.Subject.next (node_modules/rxjs/src/internal/Subject.ts:60:5)
      at EventEmitter_.emit (node_modules/@angular/core/fesm2022/core.mjs:6114:19)
      at checkStable (node_modules/@angular/core/fesm2022/core.mjs:6493:35)
      at onLeave (node_modules/@angular/core/fesm2022/core.mjs:6640:5)
      at Object.onInvoke (node_modules/@angular/core/fesm2022/core.mjs:6596:17)
      at _ZoneDelegate.invoke (node_modules/zone.js/bundles/zone.umd.js:409:38)
      at ZoneImpl.run (node_modules/zone.js/bundles/zone.umd.js:145:47)
      at NgZone.run (node_modules/@angular/core/fesm2022/core.mjs:6425:28)
      at _TestBedImpl.createComponent (node_modules/@angular/core/fesm2022/testing.mjs:2058:41)
      at _TestBedImpl.createComponent (node_modules/@angular/core/fesm2022/testing.mjs:1844:37)
      at src/app/ui/pages/studio/toolbar-dialog/field-measuring/components/parameter-calculation-15-without-wind/parameter-calculation-15-without-wind.component.spec.ts:94:23

    console.error
      ERROR TypeError: Cannot read properties of undefined (reading 'then')
          at Object.fn (/home/infoger/phlowers-stellar-app/src/app/ui/pages/studio/services/plot.service.ts:143:68)
          at Object.run (/home/infoger/phlowers-stellar-app/node_modules/@angular/core/fesm2022/core.mjs:39608:18)
          at ZoneAwareEffectScheduler.flushQueue (/home/infoger/phlowers-stellar-app/node_modules/@angular/core/fesm2022/core.mjs:22953:20)
          at /home/infoger/phlowers-stellar-app/node_modules/@angular/core/fesm2022/core.mjs:22943:41
          at _ZoneDelegate.invoke (/home/infoger/phlowers-stellar-app/node_modules/zone.js/bundles/zone.umd.js:410:32)
          at Object.onInvoke (/home/infoger/phlowers-stellar-app/node_modules/@angular/core/fesm2022/core.mjs:6579:33)
          at _ZoneDelegate.invoke (/home/infoger/phlowers-stellar-app/node_modules/zone.js/bundles/zone.umd.js:409:38)
          at ZoneImpl.run (/home/infoger/phlowers-stellar-app/node_modules/zone.js/bundles/zone.umd.js:145:47)
          at ZoneAwareEffectScheduler.flush (/home/infoger/phlowers-stellar-app/node_modules/@angular/core/fesm2022/core.mjs:22943:26)
          at _ApplicationRef.synchronizeOnce (/home/infoger/phlowers-stellar-app/node_modules/@angular/core/fesm2022/core.mjs:23611:38)
          at _ApplicationRef.synchronize (/home/infoger/phlowers-stellar-app/node_modules/@angular/core/fesm2022/core.mjs:23594:18)
          at _ApplicationRef.tickImpl (/home/infoger/phlowers-stellar-app/node_modules/@angular/core/fesm2022/core.mjs:23563:18)
          at _ApplicationRef._tick (/home/infoger/phlowers-stellar-app/node_modules/@angular/core/fesm2022/core.mjs:23552:18)
          at _ApplicationRef.tick (/home/infoger/phlowers-stellar-app/node_modules/@angular/core/fesm2022/core.mjs:23540:14)
          at /home/infoger/phlowers-stellar-app/node_modules/@angular/core/fesm2022/core.mjs:34806:41
          at _ZoneDelegate.invoke (/home/infoger/phlowers-stellar-app/node_modules/zone.js/bundles/zone.umd.js:410:32)
          at Object.onInvoke (/home/infoger/phlowers-stellar-app/node_modules/@angular/core/fesm2022/core.mjs:6579:33)
          at _ZoneDelegate.invoke (/home/infoger/phlowers-stellar-app/node_modules/zone.js/bundles/zone.umd.js:409:38)
          at ZoneImpl.run (/home/infoger/phlowers-stellar-app/node_modules/zone.js/bundles/zone.umd.js:145:47)
          at NgZone.run (/home/infoger/phlowers-stellar-app/node_modules/@angular/core/fesm2022/core.mjs:6425:28)
          at Object.next (/home/infoger/phlowers-stellar-app/node_modules/@angular/core/fesm2022/core.mjs:34805:27)
          at ConsumerObserver.Object.<anonymous>.ConsumerObserver.next (/home/infoger/phlowers-stellar-app/node_modules/rxjs/src/internal/Subscriber.ts:155:25)
          at SafeSubscriber.Object.<anonymous>.Subscriber._next (/home/infoger/phlowers-stellar-app/node_modules/rxjs/src/internal/Subscriber.ts:113:22)
          at SafeSubscriber.Object.<anonymous>.Subscriber.next (/home/infoger/phlowers-stellar-app/node_modules/rxjs/src/internal/Subscriber.ts:71:12)
          at /home/infoger/phlowers-stellar-app/node_modules/rxjs/src/internal/Subject.ts:67:20
          at Object.errorContext (/home/infoger/phlowers-stellar-app/node_modules/rxjs/src/internal/util/errorContext.ts:29:5)
          at EventEmitter_.Object.<anonymous>.Subject.next (/home/infoger/phlowers-stellar-app/node_modules/rxjs/src/internal/Subject.ts:60:5)
          at EventEmitter_.emit (/home/infoger/phlowers-stellar-app/node_modules/@angular/core/fesm2022/core.mjs:6114:19)
          at checkStable (/home/infoger/phlowers-stellar-app/node_modules/@angular/core/fesm2022/core.mjs:6493:35)
          at onLeave (/home/infoger/phlowers-stellar-app/node_modules/@angular/core/fesm2022/core.mjs:6640:5)
          at Object.onInvoke (/home/infoger/phlowers-stellar-app/node_modules/@angular/core/fesm2022/core.mjs:6596:17)
          at _ZoneDelegate.invoke (/home/infoger/phlowers-stellar-app/node_modules/zone.js/bundles/zone.umd.js:409:38)
          at ZoneImpl.run (/home/infoger/phlowers-stellar-app/node_modules/zone.js/bundles/zone.umd.js:145:47)
          at NgZone.run (/home/infoger/phlowers-stellar-app/node_modules/@angular/core/fesm2022/core.mjs:6425:28)
          at _TestBedImpl.createComponent (/home/infoger/phlowers-stellar-app/node_modules/@angular/core/fesm2022/testing.mjs:2058:41)
          at _TestBedImpl.createComponent (/home/infoger/phlowers-stellar-app/node_modules/@angular/core/fesm2022/testing.mjs:1844:37)
          at /home/infoger/phlowers-stellar-app/src/app/ui/pages/studio/toolbar-dialog/field-measuring/components/parameter-calculation-15-without-wind/parameter-calculation-15-without-wind.component.spec.ts:94:23
          at processTicksAndRejections (node:internal/process/task_queues:105:5)

      92 |     }).compileComponents();
      93 |
    > 94 |     fixture = TestBed.createComponent(ParameterCalculation15WithoutWindComponent);
         |                       ^
      95 |     component = fixture.componentInstance;
      96 |     componentRef = fixture.componentRef;
      97 |     componentRef.setInput('measureData', createTestMeasureData());

      at ErrorHandler.handleError (node_modules/@angular/core/fesm2022/core.mjs:6731:23)
      at node_modules/@angular/core/fesm2022/testing.mjs:160:69
      at _ZoneDelegate.invoke (node_modules/zone.js/bundles/zone.umd.js:410:32)
      at ZoneImpl.run (node_modules/zone.js/bundles/zone.umd.js:145:47)
      at NgZone.runOutsideAngular (node_modules/@angular/core/fesm2022/core.mjs:6470:28)
      at _TestBedApplicationErrorHandler.handleError (node_modules/@angular/core/fesm2022/testing.mjs:160:23)
      at _ApplicationRef.internalErrorHandler (node_modules/@angular/core/fesm2022/testing.mjs:1488:37)
      at _ApplicationRef.tickImpl (node_modules/@angular/core/fesm2022/core.mjs:23572:18)
      at _ApplicationRef._tick (node_modules/@angular/core/fesm2022/core.mjs:23552:18)
      at _ApplicationRef.tick (node_modules/@angular/core/fesm2022/core.mjs:23540:14)
      at node_modules/@angular/core/fesm2022/core.mjs:34806:41
      at _ZoneDelegate.invoke (node_modules/zone.js/bundles/zone.umd.js:410:32)
      at Object.onInvoke (node_modules/@angular/core/fesm2022/core.mjs:6579:33)
      at _ZoneDelegate.invoke (node_modules/zone.js/bundles/zone.umd.js:409:38)
      at ZoneImpl.run (node_modules/zone.js/bundles/zone.umd.js:145:47)
      at NgZone.run (node_modules/@angular/core/fesm2022/core.mjs:6425:28)
      at Object.next (node_modules/@angular/core/fesm2022/core.mjs:34805:27)
      at ConsumerObserver.Object.<anonymous>.ConsumerObserver.next (node_modules/rxjs/src/internal/Subscriber.ts:155:25)
      at SafeSubscriber.Object.<anonymous>.Subscriber._next (node_modules/rxjs/src/internal/Subscriber.ts:113:22)
      at SafeSubscriber.Object.<anonymous>.Subscriber.next (node_modules/rxjs/src/internal/Subscriber.ts:71:12)
      at node_modules/rxjs/src/internal/Subject.ts:67:20
      at Object.errorContext (node_modules/rxjs/src/internal/util/errorContext.ts:29:5)
      at EventEmitter_.Object.<anonymous>.Subject.next (node_modules/rxjs/src/internal/Subject.ts:60:5)
      at EventEmitter_.emit (node_modules/@angular/core/fesm2022/core.mjs:6114:19)
      at checkStable (node_modules/@angular/core/fesm2022/core.mjs:6493:35)
      at onLeave (node_modules/@angular/core/fesm2022/core.mjs:6640:5)
      at Object.onInvoke (node_modules/@angular/core/fesm2022/core.mjs:6596:17)
      at _ZoneDelegate.invoke (node_modules/zone.js/bundles/zone.umd.js:409:38)
      at ZoneImpl.run (node_modules/zone.js/bundles/zone.umd.js:145:47)
      at NgZone.run (node_modules/@angular/core/fesm2022/core.mjs:6425:28)
      at _TestBedImpl.createComponent (node_modules/@angular/core/fesm2022/testing.mjs:2058:41)
      at _TestBedImpl.createComponent (node_modules/@angular/core/fesm2022/testing.mjs:1844:37)
      at src/app/ui/pages/studio/toolbar-dialog/field-measuring/components/parameter-calculation-15-without-wind/parameter-calculation-15-without-wind.component.spec.ts:94:23

    console.log
      Create initial condition: minus

      at ParameterCalculation15WithoutWindComponent.onCreateInitialCondition (src/app/ui/pages/studio/toolbar-dialog/field-measuring/components/parameter-calculation-15-without-wind/parameter-calculation-15-without-wind.component.ts:172:13)

    console.error
      ERROR TypeError: Cannot read properties of undefined (reading 'then')
          at Object.fn (/home/infoger/phlowers-stellar-app/src/app/ui/pages/studio/services/plot.service.ts:143:68)
          at Object.run (/home/infoger/phlowers-stellar-app/node_modules/@angular/core/fesm2022/core.mjs:39608:18)
          at ZoneAwareEffectScheduler.flushQueue (/home/infoger/phlowers-stellar-app/node_modules/@angular/core/fesm2022/core.mjs:22953:20)
          at /home/infoger/phlowers-stellar-app/node_modules/@angular/core/fesm2022/core.mjs:22943:41
          at _ZoneDelegate.invoke (/home/infoger/phlowers-stellar-app/node_modules/zone.js/bundles/zone.umd.js:410:32)
          at Object.onInvoke (/home/infoger/phlowers-stellar-app/node_modules/@angular/core/fesm2022/core.mjs:6579:33)
          at _ZoneDelegate.invoke (/home/infoger/phlowers-stellar-app/node_modules/zone.js/bundles/zone.umd.js:409:38)
          at ZoneImpl.run (/home/infoger/phlowers-stellar-app/node_modules/zone.js/bundles/zone.umd.js:145:47)
          at ZoneAwareEffectScheduler.flush (/home/infoger/phlowers-stellar-app/node_modules/@angular/core/fesm2022/core.mjs:22943:26)
          at _ApplicationRef.synchronizeOnce (/home/infoger/phlowers-stellar-app/node_modules/@angular/core/fesm2022/core.mjs:23611:38)
          at _ApplicationRef.synchronize (/home/infoger/phlowers-stellar-app/node_modules/@angular/core/fesm2022/core.mjs:23594:18)
          at _ApplicationRef.tickImpl (/home/infoger/phlowers-stellar-app/node_modules/@angular/core/fesm2022/core.mjs:23563:18)
          at _ApplicationRef._tick (/home/infoger/phlowers-stellar-app/node_modules/@angular/core/fesm2022/core.mjs:23552:18)
          at _ApplicationRef.tick (/home/infoger/phlowers-stellar-app/node_modules/@angular/core/fesm2022/core.mjs:23540:14)
          at /home/infoger/phlowers-stellar-app/node_modules/@angular/core/fesm2022/core.mjs:34806:41
          at _ZoneDelegate.invoke (/home/infoger/phlowers-stellar-app/node_modules/zone.js/bundles/zone.umd.js:410:32)
          at Object.onInvoke (/home/infoger/phlowers-stellar-app/node_modules/@angular/core/fesm2022/core.mjs:6579:33)
          at _ZoneDelegate.invoke (/home/infoger/phlowers-stellar-app/node_modules/zone.js/bundles/zone.umd.js:409:38)
          at ZoneImpl.run (/home/infoger/phlowers-stellar-app/node_modules/zone.js/bundles/zone.umd.js:145:47)
          at NgZone.run (/home/infoger/phlowers-stellar-app/node_modules/@angular/core/fesm2022/core.mjs:6425:28)
          at Object.next (/home/infoger/phlowers-stellar-app/node_modules/@angular/core/fesm2022/core.mjs:34805:27)
          at ConsumerObserver.Object.<anonymous>.ConsumerObserver.next (/home/infoger/phlowers-stellar-app/node_modules/rxjs/src/internal/Subscriber.ts:155:25)
          at SafeSubscriber.Object.<anonymous>.Subscriber._next (/home/infoger/phlowers-stellar-app/node_modules/rxjs/src/internal/Subscriber.ts:113:22)
          at SafeSubscriber.Object.<anonymous>.Subscriber.next (/home/infoger/phlowers-stellar-app/node_modules/rxjs/src/internal/Subscriber.ts:71:12)
          at /home/infoger/phlowers-stellar-app/node_modules/rxjs/src/internal/Subject.ts:67:20
          at Object.errorContext (/home/infoger/phlowers-stellar-app/node_modules/rxjs/src/internal/util/errorContext.ts:29:5)
          at EventEmitter_.Object.<anonymous>.Subject.next (/home/infoger/phlowers-stellar-app/node_modules/rxjs/src/internal/Subject.ts:60:5)
          at EventEmitter_.emit (/home/infoger/phlowers-stellar-app/node_modules/@angular/core/fesm2022/core.mjs:6114:19)
          at checkStable (/home/infoger/phlowers-stellar-app/node_modules/@angular/core/fesm2022/core.mjs:6493:35)
          at onLeave (/home/infoger/phlowers-stellar-app/node_modules/@angular/core/fesm2022/core.mjs:6640:5)
          at Object.onInvoke (/home/infoger/phlowers-stellar-app/node_modules/@angular/core/fesm2022/core.mjs:6596:17)
          at _ZoneDelegate.invoke (/home/infoger/phlowers-stellar-app/node_modules/zone.js/bundles/zone.umd.js:409:38)
          at ZoneImpl.run (/home/infoger/phlowers-stellar-app/node_modules/zone.js/bundles/zone.umd.js:145:47)
          at NgZone.run (/home/infoger/phlowers-stellar-app/node_modules/@angular/core/fesm2022/core.mjs:6425:28)
          at _TestBedImpl.createComponent (/home/infoger/phlowers-stellar-app/node_modules/@angular/core/fesm2022/testing.mjs:2058:41)
          at _TestBedImpl.createComponent (/home/infoger/phlowers-stellar-app/node_modules/@angular/core/fesm2022/testing.mjs:1844:37)
          at /home/infoger/phlowers-stellar-app/src/app/ui/pages/studio/toolbar-dialog/field-measuring/components/parameter-calculation-15-without-wind/parameter-calculation-15-without-wind.component.spec.ts:94:23
          at processTicksAndRejections (node:internal/process/task_queues:105:5)

      92 |     }).compileComponents();
      93 |
    > 94 |     fixture = TestBed.createComponent(ParameterCalculation15WithoutWindComponent);
         |                       ^
      95 |     component = fixture.componentInstance;
      96 |     componentRef = fixture.componentRef;
      97 |     componentRef.setInput('measureData', createTestMeasureData());

      at ErrorHandler.handleError (node_modules/@angular/core/fesm2022/core.mjs:6731:23)
      at node_modules/@angular/core/fesm2022/testing.mjs:160:69
      at _ZoneDelegate.invoke (node_modules/zone.js/bundles/zone.umd.js:410:32)
      at ZoneImpl.run (node_modules/zone.js/bundles/zone.umd.js:145:47)
      at NgZone.runOutsideAngular (node_modules/@angular/core/fesm2022/core.mjs:6470:28)
      at _TestBedApplicationErrorHandler.handleError (node_modules/@angular/core/fesm2022/testing.mjs:160:23)
      at _ApplicationRef.internalErrorHandler (node_modules/@angular/core/fesm2022/testing.mjs:1488:37)
      at _ApplicationRef.tickImpl (node_modules/@angular/core/fesm2022/core.mjs:23572:18)
      at _ApplicationRef._tick (node_modules/@angular/core/fesm2022/core.mjs:23552:18)
      at _ApplicationRef.tick (node_modules/@angular/core/fesm2022/core.mjs:23540:14)
      at node_modules/@angular/core/fesm2022/core.mjs:34806:41
      at _ZoneDelegate.invoke (node_modules/zone.js/bundles/zone.umd.js:410:32)
      at Object.onInvoke (node_modules/@angular/core/fesm2022/core.mjs:6579:33)
      at _ZoneDelegate.invoke (node_modules/zone.js/bundles/zone.umd.js:409:38)
      at ZoneImpl.run (node_modules/zone.js/bundles/zone.umd.js:145:47)
      at NgZone.run (node_modules/@angular/core/fesm2022/core.mjs:6425:28)
      at Object.next (node_modules/@angular/core/fesm2022/core.mjs:34805:27)
      at ConsumerObserver.Object.<anonymous>.ConsumerObserver.next (node_modules/rxjs/src/internal/Subscriber.ts:155:25)
      at SafeSubscriber.Object.<anonymous>.Subscriber._next (node_modules/rxjs/src/internal/Subscriber.ts:113:22)
      at SafeSubscriber.Object.<anonymous>.Subscriber.next (node_modules/rxjs/src/internal/Subscriber.ts:71:12)
      at node_modules/rxjs/src/internal/Subject.ts:67:20
      at Object.errorContext (node_modules/rxjs/src/internal/util/errorContext.ts:29:5)
      at EventEmitter_.Object.<anonymous>.Subject.next (node_modules/rxjs/src/internal/Subject.ts:60:5)
      at EventEmitter_.emit (node_modules/@angular/core/fesm2022/core.mjs:6114:19)
      at checkStable (node_modules/@angular/core/fesm2022/core.mjs:6493:35)
      at onLeave (node_modules/@angular/core/fesm2022/core.mjs:6640:5)
      at Object.onInvoke (node_modules/@angular/core/fesm2022/core.mjs:6596:17)
      at _ZoneDelegate.invoke (node_modules/zone.js/bundles/zone.umd.js:409:38)
      at ZoneImpl.run (node_modules/zone.js/bundles/zone.umd.js:145:47)
      at NgZone.run (node_modules/@angular/core/fesm2022/core.mjs:6425:28)
      at _TestBedImpl.createComponent (node_modules/@angular/core/fesm2022/testing.mjs:2058:41)
      at _TestBedImpl.createComponent (node_modules/@angular/core/fesm2022/testing.mjs:1844:37)
      at src/app/ui/pages/studio/toolbar-dialog/field-measuring/components/parameter-calculation-15-without-wind/parameter-calculation-15-without-wind.component.spec.ts:94:23

    console.log
      Create initial condition: nominal

      at ParameterCalculation15WithoutWindComponent.onCreateInitialCondition (src/app/ui/pages/studio/toolbar-dialog/field-measuring/components/parameter-calculation-15-without-wind/parameter-calculation-15-without-wind.component.ts:172:13)

    console.error
      ERROR TypeError: Cannot read properties of undefined (reading 'then')
          at Object.fn (/home/infoger/phlowers-stellar-app/src/app/ui/pages/studio/services/plot.service.ts:143:68)
          at Object.run (/home/infoger/phlowers-stellar-app/node_modules/@angular/core/fesm2022/core.mjs:39608:18)
          at ZoneAwareEffectScheduler.flushQueue (/home/infoger/phlowers-stellar-app/node_modules/@angular/core/fesm2022/core.mjs:22953:20)
          at /home/infoger/phlowers-stellar-app/node_modules/@angular/core/fesm2022/core.mjs:22943:41
          at _ZoneDelegate.invoke (/home/infoger/phlowers-stellar-app/node_modules/zone.js/bundles/zone.umd.js:410:32)
          at Object.onInvoke (/home/infoger/phlowers-stellar-app/node_modules/@angular/core/fesm2022/core.mjs:6579:33)
          at _ZoneDelegate.invoke (/home/infoger/phlowers-stellar-app/node_modules/zone.js/bundles/zone.umd.js:409:38)
          at ZoneImpl.run (/home/infoger/phlowers-stellar-app/node_modules/zone.js/bundles/zone.umd.js:145:47)
          at ZoneAwareEffectScheduler.flush (/home/infoger/phlowers-stellar-app/node_modules/@angular/core/fesm2022/core.mjs:22943:26)
          at _ApplicationRef.synchronizeOnce (/home/infoger/phlowers-stellar-app/node_modules/@angular/core/fesm2022/core.mjs:23611:38)
          at _ApplicationRef.synchronize (/home/infoger/phlowers-stellar-app/node_modules/@angular/core/fesm2022/core.mjs:23594:18)
          at _ApplicationRef.tickImpl (/home/infoger/phlowers-stellar-app/node_modules/@angular/core/fesm2022/core.mjs:23563:18)
          at _ApplicationRef._tick (/home/infoger/phlowers-stellar-app/node_modules/@angular/core/fesm2022/core.mjs:23552:18)
          at _ApplicationRef.tick (/home/infoger/phlowers-stellar-app/node_modules/@angular/core/fesm2022/core.mjs:23540:14)
          at /home/infoger/phlowers-stellar-app/node_modules/@angular/core/fesm2022/core.mjs:34806:41
          at _ZoneDelegate.invoke (/home/infoger/phlowers-stellar-app/node_modules/zone.js/bundles/zone.umd.js:410:32)
          at Object.onInvoke (/home/infoger/phlowers-stellar-app/node_modules/@angular/core/fesm2022/core.mjs:6579:33)
          at _ZoneDelegate.invoke (/home/infoger/phlowers-stellar-app/node_modules/zone.js/bundles/zone.umd.js:409:38)
          at ZoneImpl.run (/home/infoger/phlowers-stellar-app/node_modules/zone.js/bundles/zone.umd.js:145:47)
          at NgZone.run (/home/infoger/phlowers-stellar-app/node_modules/@angular/core/fesm2022/core.mjs:6425:28)
          at Object.next (/home/infoger/phlowers-stellar-app/node_modules/@angular/core/fesm2022/core.mjs:34805:27)
          at ConsumerObserver.Object.<anonymous>.ConsumerObserver.next (/home/infoger/phlowers-stellar-app/node_modules/rxjs/src/internal/Subscriber.ts:155:25)
          at SafeSubscriber.Object.<anonymous>.Subscriber._next (/home/infoger/phlowers-stellar-app/node_modules/rxjs/src/internal/Subscriber.ts:113:22)
          at SafeSubscriber.Object.<anonymous>.Subscriber.next (/home/infoger/phlowers-stellar-app/node_modules/rxjs/src/internal/Subscriber.ts:71:12)
          at /home/infoger/phlowers-stellar-app/node_modules/rxjs/src/internal/Subject.ts:67:20
          at Object.errorContext (/home/infoger/phlowers-stellar-app/node_modules/rxjs/src/internal/util/errorContext.ts:29:5)
          at EventEmitter_.Object.<anonymous>.Subject.next (/home/infoger/phlowers-stellar-app/node_modules/rxjs/src/internal/Subject.ts:60:5)
          at EventEmitter_.emit (/home/infoger/phlowers-stellar-app/node_modules/@angular/core/fesm2022/core.mjs:6114:19)
          at checkStable (/home/infoger/phlowers-stellar-app/node_modules/@angular/core/fesm2022/core.mjs:6493:35)
          at onLeave (/home/infoger/phlowers-stellar-app/node_modules/@angular/core/fesm2022/core.mjs:6640:5)
          at Object.onInvoke (/home/infoger/phlowers-stellar-app/node_modules/@angular/core/fesm2022/core.mjs:6596:17)
          at _ZoneDelegate.invoke (/home/infoger/phlowers-stellar-app/node_modules/zone.js/bundles/zone.umd.js:409:38)
          at ZoneImpl.run (/home/infoger/phlowers-stellar-app/node_modules/zone.js/bundles/zone.umd.js:145:47)
          at NgZone.run (/home/infoger/phlowers-stellar-app/node_modules/@angular/core/fesm2022/core.mjs:6425:28)
          at _TestBedImpl.createComponent (/home/infoger/phlowers-stellar-app/node_modules/@angular/core/fesm2022/testing.mjs:2058:41)
          at _TestBedImpl.createComponent (/home/infoger/phlowers-stellar-app/node_modules/@angular/core/fesm2022/testing.mjs:1844:37)
          at /home/infoger/phlowers-stellar-app/src/app/ui/pages/studio/toolbar-dialog/field-measuring/components/parameter-calculation-15-without-wind/parameter-calculation-15-without-wind.component.spec.ts:94:23
          at processTicksAndRejections (node:internal/process/task_queues:105:5)

      92 |     }).compileComponents();
      93 |
    > 94 |     fixture = TestBed.createComponent(ParameterCalculation15WithoutWindComponent);
         |                       ^
      95 |     component = fixture.componentInstance;
      96 |     componentRef = fixture.componentRef;
      97 |     componentRef.setInput('measureData', createTestMeasureData());

      at ErrorHandler.handleError (node_modules/@angular/core/fesm2022/core.mjs:6731:23)
      at node_modules/@angular/core/fesm2022/testing.mjs:160:69
      at _ZoneDelegate.invoke (node_modules/zone.js/bundles/zone.umd.js:410:32)
      at ZoneImpl.run (node_modules/zone.js/bundles/zone.umd.js:145:47)
      at NgZone.runOutsideAngular (node_modules/@angular/core/fesm2022/core.mjs:6470:28)
      at _TestBedApplicationErrorHandler.handleError (node_modules/@angular/core/fesm2022/testing.mjs:160:23)
      at _ApplicationRef.internalErrorHandler (node_modules/@angular/core/fesm2022/testing.mjs:1488:37)
      at _ApplicationRef.tickImpl (node_modules/@angular/core/fesm2022/core.mjs:23572:18)
      at _ApplicationRef._tick (node_modules/@angular/core/fesm2022/core.mjs:23552:18)
      at _ApplicationRef.tick (node_modules/@angular/core/fesm2022/core.mjs:23540:14)
      at node_modules/@angular/core/fesm2022/core.mjs:34806:41
      at _ZoneDelegate.invoke (node_modules/zone.js/bundles/zone.umd.js:410:32)
      at Object.onInvoke (node_modules/@angular/core/fesm2022/core.mjs:6579:33)
      at _ZoneDelegate.invoke (node_modules/zone.js/bundles/zone.umd.js:409:38)
      at ZoneImpl.run (node_modules/zone.js/bundles/zone.umd.js:145:47)
      at NgZone.run (node_modules/@angular/core/fesm2022/core.mjs:6425:28)
      at Object.next (node_modules/@angular/core/fesm2022/core.mjs:34805:27)
      at ConsumerObserver.Object.<anonymous>.ConsumerObserver.next (node_modules/rxjs/src/internal/Subscriber.ts:155:25)
      at SafeSubscriber.Object.<anonymous>.Subscriber._next (node_modules/rxjs/src/internal/Subscriber.ts:113:22)
      at SafeSubscriber.Object.<anonymous>.Subscriber.next (node_modules/rxjs/src/internal/Subscriber.ts:71:12)
      at node_modules/rxjs/src/internal/Subject.ts:67:20
      at Object.errorContext (node_modules/rxjs/src/internal/util/errorContext.ts:29:5)
      at EventEmitter_.Object.<anonymous>.Subject.next (node_modules/rxjs/src/internal/Subject.ts:60:5)
      at EventEmitter_.emit (node_modules/@angular/core/fesm2022/core.mjs:6114:19)
      at checkStable (node_modules/@angular/core/fesm2022/core.mjs:6493:35)
      at onLeave (node_modules/@angular/core/fesm2022/core.mjs:6640:5)
      at Object.onInvoke (node_modules/@angular/core/fesm2022/core.mjs:6596:17)
      at _ZoneDelegate.invoke (node_modules/zone.js/bundles/zone.umd.js:409:38)
      at ZoneImpl.run (node_modules/zone.js/bundles/zone.umd.js:145:47)
      at NgZone.run (node_modules/@angular/core/fesm2022/core.mjs:6425:28)
      at _TestBedImpl.createComponent (node_modules/@angular/core/fesm2022/testing.mjs:2058:41)
      at _TestBedImpl.createComponent (node_modules/@angular/core/fesm2022/testing.mjs:1844:37)
      at src/app/ui/pages/studio/toolbar-dialog/field-measuring/components/parameter-calculation-15-without-wind/parameter-calculation-15-without-wind.component.spec.ts:94:23

    console.log
      Create initial condition: plus

      at ParameterCalculation15WithoutWindComponent.onCreateInitialCondition (src/app/ui/pages/studio/toolbar-dialog/field-measuring/components/parameter-calculation-15-without-wind/parameter-calculation-15-without-wind.component.ts:172:13)

    console.error
      ERROR TypeError: Cannot read properties of undefined (reading 'then')
          at Object.fn (/home/infoger/phlowers-stellar-app/src/app/ui/pages/studio/services/plot.service.ts:143:68)
          at Object.run (/home/infoger/phlowers-stellar-app/node_modules/@angular/core/fesm2022/core.mjs:39608:18)
          at ZoneAwareEffectScheduler.flushQueue (/home/infoger/phlowers-stellar-app/node_modules/@angular/core/fesm2022/core.mjs:22953:20)
          at /home/infoger/phlowers-stellar-app/node_modules/@angular/core/fesm2022/core.mjs:22943:41
          at _ZoneDelegate.invoke (/home/infoger/phlowers-stellar-app/node_modules/zone.js/bundles/zone.umd.js:410:32)
          at Object.onInvoke (/home/infoger/phlowers-stellar-app/node_modules/@angular/core/fesm2022/core.mjs:6579:33)
          at _ZoneDelegate.invoke (/home/infoger/phlowers-stellar-app/node_modules/zone.js/bundles/zone.umd.js:409:38)
          at ZoneImpl.run (/home/infoger/phlowers-stellar-app/node_modules/zone.js/bundles/zone.umd.js:145:47)
          at ZoneAwareEffectScheduler.flush (/home/infoger/phlowers-stellar-app/node_modules/@angular/core/fesm2022/core.mjs:22943:26)
          at _ApplicationRef.synchronizeOnce (/home/infoger/phlowers-stellar-app/node_modules/@angular/core/fesm2022/core.mjs:23611:38)
          at _ApplicationRef.synchronize (/home/infoger/phlowers-stellar-app/node_modules/@angular/core/fesm2022/core.mjs:23594:18)
          at _ApplicationRef.tickImpl (/home/infoger/phlowers-stellar-app/node_modules/@angular/core/fesm2022/core.mjs:23563:18)
          at _ApplicationRef._tick (/home/infoger/phlowers-stellar-app/node_modules/@angular/core/fesm2022/core.mjs:23552:18)
          at _ApplicationRef.tick (/home/infoger/phlowers-stellar-app/node_modules/@angular/core/fesm2022/core.mjs:23540:14)
          at /home/infoger/phlowers-stellar-app/node_modules/@angular/core/fesm2022/core.mjs:34806:41
          at _ZoneDelegate.invoke (/home/infoger/phlowers-stellar-app/node_modules/zone.js/bundles/zone.umd.js:410:32)
          at Object.onInvoke (/home/infoger/phlowers-stellar-app/node_modules/@angular/core/fesm2022/core.mjs:6579:33)
          at _ZoneDelegate.invoke (/home/infoger/phlowers-stellar-app/node_modules/zone.js/bundles/zone.umd.js:409:38)
          at ZoneImpl.run (/home/infoger/phlowers-stellar-app/node_modules/zone.js/bundles/zone.umd.js:145:47)
          at NgZone.run (/home/infoger/phlowers-stellar-app/node_modules/@angular/core/fesm2022/core.mjs:6425:28)
          at Object.next (/home/infoger/phlowers-stellar-app/node_modules/@angular/core/fesm2022/core.mjs:34805:27)
          at ConsumerObserver.Object.<anonymous>.ConsumerObserver.next (/home/infoger/phlowers-stellar-app/node_modules/rxjs/src/internal/Subscriber.ts:155:25)
          at SafeSubscriber.Object.<anonymous>.Subscriber._next (/home/infoger/phlowers-stellar-app/node_modules/rxjs/src/internal/Subscriber.ts:113:22)
          at SafeSubscriber.Object.<anonymous>.Subscriber.next (/home/infoger/phlowers-stellar-app/node_modules/rxjs/src/internal/Subscriber.ts:71:12)
          at /home/infoger/phlowers-stellar-app/node_modules/rxjs/src/internal/Subject.ts:67:20
          at Object.errorContext (/home/infoger/phlowers-stellar-app/node_modules/rxjs/src/internal/util/errorContext.ts:29:5)
          at EventEmitter_.Object.<anonymous>.Subject.next (/home/infoger/phlowers-stellar-app/node_modules/rxjs/src/internal/Subject.ts:60:5)
          at EventEmitter_.emit (/home/infoger/phlowers-stellar-app/node_modules/@angular/core/fesm2022/core.mjs:6114:19)
          at checkStable (/home/infoger/phlowers-stellar-app/node_modules/@angular/core/fesm2022/core.mjs:6493:35)
          at onLeave (/home/infoger/phlowers-stellar-app/node_modules/@angular/core/fesm2022/core.mjs:6640:5)
          at Object.onInvoke (/home/infoger/phlowers-stellar-app/node_modules/@angular/core/fesm2022/core.mjs:6596:17)
          at _ZoneDelegate.invoke (/home/infoger/phlowers-stellar-app/node_modules/zone.js/bundles/zone.umd.js:409:38)
          at ZoneImpl.run (/home/infoger/phlowers-stellar-app/node_modules/zone.js/bundles/zone.umd.js:145:47)
          at NgZone.run (/home/infoger/phlowers-stellar-app/node_modules/@angular/core/fesm2022/core.mjs:6425:28)
          at _TestBedImpl.createComponent (/home/infoger/phlowers-stellar-app/node_modules/@angular/core/fesm2022/testing.mjs:2058:41)
          at _TestBedImpl.createComponent (/home/infoger/phlowers-stellar-app/node_modules/@angular/core/fesm2022/testing.mjs:1844:37)
          at /home/infoger/phlowers-stellar-app/src/app/ui/pages/studio/toolbar-dialog/field-measuring/components/parameter-calculation-15-without-wind/parameter-calculation-15-without-wind.component.spec.ts:94:23
          at processTicksAndRejections (node:internal/process/task_queues:105:5)

      92 |     }).compileComponents();
      93 |
    > 94 |     fixture = TestBed.createComponent(ParameterCalculation15WithoutWindComponent);
         |                       ^
      95 |     component = fixture.componentInstance;
      96 |     componentRef = fixture.componentRef;
      97 |     componentRef.setInput('measureData', createTestMeasureData());

      at ErrorHandler.handleError (node_modules/@angular/core/fesm2022/core.mjs:6731:23)
      at node_modules/@angular/core/fesm2022/testing.mjs:160:69
      at _ZoneDelegate.invoke (node_modules/zone.js/bundles/zone.umd.js:410:32)
      at ZoneImpl.run (node_modules/zone.js/bundles/zone.umd.js:145:47)
      at NgZone.runOutsideAngular (node_modules/@angular/core/fesm2022/core.mjs:6470:28)
      at _TestBedApplicationErrorHandler.handleError (node_modules/@angular/core/fesm2022/testing.mjs:160:23)
      at _ApplicationRef.internalErrorHandler (node_modules/@angular/core/fesm2022/testing.mjs:1488:37)
      at _ApplicationRef.tickImpl (node_modules/@angular/core/fesm2022/core.mjs:23572:18)
      at _ApplicationRef._tick (node_modules/@angular/core/fesm2022/core.mjs:23552:18)
      at _ApplicationRef.tick (node_modules/@angular/core/fesm2022/core.mjs:23540:14)
      at node_modules/@angular/core/fesm2022/core.mjs:34806:41
      at _ZoneDelegate.invoke (node_modules/zone.js/bundles/zone.umd.js:410:32)
      at Object.onInvoke (node_modules/@angular/core/fesm2022/core.mjs:6579:33)
      at _ZoneDelegate.invoke (node_modules/zone.js/bundles/zone.umd.js:409:38)
      at ZoneImpl.run (node_modules/zone.js/bundles/zone.umd.js:145:47)
      at NgZone.run (node_modules/@angular/core/fesm2022/core.mjs:6425:28)
      at Object.next (node_modules/@angular/core/fesm2022/core.mjs:34805:27)
      at ConsumerObserver.Object.<anonymous>.ConsumerObserver.next (node_modules/rxjs/src/internal/Subscriber.ts:155:25)
      at SafeSubscriber.Object.<anonymous>.Subscriber._next (node_modules/rxjs/src/internal/Subscriber.ts:113:22)
      at SafeSubscriber.Object.<anonymous>.Subscriber.next (node_modules/rxjs/src/internal/Subscriber.ts:71:12)
      at node_modules/rxjs/src/internal/Subject.ts:67:20
      at Object.errorContext (node_modules/rxjs/src/internal/util/errorContext.ts:29:5)
      at EventEmitter_.Object.<anonymous>.Subject.next (node_modules/rxjs/src/internal/Subject.ts:60:5)
      at EventEmitter_.emit (node_modules/@angular/core/fesm2022/core.mjs:6114:19)
      at checkStable (node_modules/@angular/core/fesm2022/core.mjs:6493:35)
      at onLeave (node_modules/@angular/core/fesm2022/core.mjs:6640:5)
      at Object.onInvoke (node_modules/@angular/core/fesm2022/core.mjs:6596:17)
      at _ZoneDelegate.invoke (node_modules/zone.js/bundles/zone.umd.js:409:38)
      at ZoneImpl.run (node_modules/zone.js/bundles/zone.umd.js:145:47)
      at NgZone.run (node_modules/@angular/core/fesm2022/core.mjs:6425:28)
      at _TestBedImpl.createComponent (node_modules/@angular/core/fesm2022/testing.mjs:2058:41)
      at _TestBedImpl.createComponent (node_modules/@angular/core/fesm2022/testing.mjs:1844:37)
      at src/app/ui/pages/studio/toolbar-dialog/field-measuring/components/parameter-calculation-15-without-wind/parameter-calculation-15-without-wind.component.spec.ts:94:23

    console.log
      Create initial condition: minus

      at ParameterCalculation15WithoutWindComponent.onCreateInitialCondition (src/app/ui/pages/studio/toolbar-dialog/field-measuring/components/parameter-calculation-15-without-wind/parameter-calculation-15-without-wind.component.ts:172:13)

    console.error
      ERROR TypeError: Cannot read properties of undefined (reading 'then')
          at Object.fn (/home/infoger/phlowers-stellar-app/src/app/ui/pages/studio/services/plot.service.ts:143:68)
          at Object.run (/home/infoger/phlowers-stellar-app/node_modules/@angular/core/fesm2022/core.mjs:39608:18)
          at ZoneAwareEffectScheduler.flushQueue (/home/infoger/phlowers-stellar-app/node_modules/@angular/core/fesm2022/core.mjs:22953:20)
          at /home/infoger/phlowers-stellar-app/node_modules/@angular/core/fesm2022/core.mjs:22943:41
          at _ZoneDelegate.invoke (/home/infoger/phlowers-stellar-app/node_modules/zone.js/bundles/zone.umd.js:410:32)
          at Object.onInvoke (/home/infoger/phlowers-stellar-app/node_modules/@angular/core/fesm2022/core.mjs:6579:33)
          at _ZoneDelegate.invoke (/home/infoger/phlowers-stellar-app/node_modules/zone.js/bundles/zone.umd.js:409:38)
          at ZoneImpl.run (/home/infoger/phlowers-stellar-app/node_modules/zone.js/bundles/zone.umd.js:145:47)
          at ZoneAwareEffectScheduler.flush (/home/infoger/phlowers-stellar-app/node_modules/@angular/core/fesm2022/core.mjs:22943:26)
          at _ApplicationRef.synchronizeOnce (/home/infoger/phlowers-stellar-app/node_modules/@angular/core/fesm2022/core.mjs:23611:38)
          at _ApplicationRef.synchronize (/home/infoger/phlowers-stellar-app/node_modules/@angular/core/fesm2022/core.mjs:23594:18)
          at _ApplicationRef.tickImpl (/home/infoger/phlowers-stellar-app/node_modules/@angular/core/fesm2022/core.mjs:23563:18)
          at _ApplicationRef._tick (/home/infoger/phlowers-stellar-app/node_modules/@angular/core/fesm2022/core.mjs:23552:18)
          at _ApplicationRef.tick (/home/infoger/phlowers-stellar-app/node_modules/@angular/core/fesm2022/core.mjs:23540:14)
          at /home/infoger/phlowers-stellar-app/node_modules/@angular/core/fesm2022/core.mjs:34806:41
          at _ZoneDelegate.invoke (/home/infoger/phlowers-stellar-app/node_modules/zone.js/bundles/zone.umd.js:410:32)
          at Object.onInvoke (/home/infoger/phlowers-stellar-app/node_modules/@angular/core/fesm2022/core.mjs:6579:33)
          at _ZoneDelegate.invoke (/home/infoger/phlowers-stellar-app/node_modules/zone.js/bundles/zone.umd.js:409:38)
          at ZoneImpl.run (/home/infoger/phlowers-stellar-app/node_modules/zone.js/bundles/zone.umd.js:145:47)
          at NgZone.run (/home/infoger/phlowers-stellar-app/node_modules/@angular/core/fesm2022/core.mjs:6425:28)
          at Object.next (/home/infoger/phlowers-stellar-app/node_modules/@angular/core/fesm2022/core.mjs:34805:27)
          at ConsumerObserver.Object.<anonymous>.ConsumerObserver.next (/home/infoger/phlowers-stellar-app/node_modules/rxjs/src/internal/Subscriber.ts:155:25)
          at SafeSubscriber.Object.<anonymous>.Subscriber._next (/home/infoger/phlowers-stellar-app/node_modules/rxjs/src/internal/Subscriber.ts:113:22)
          at SafeSubscriber.Object.<anonymous>.Subscriber.next (/home/infoger/phlowers-stellar-app/node_modules/rxjs/src/internal/Subscriber.ts:71:12)
          at /home/infoger/phlowers-stellar-app/node_modules/rxjs/src/internal/Subject.ts:67:20
          at Object.errorContext (/home/infoger/phlowers-stellar-app/node_modules/rxjs/src/internal/util/errorContext.ts:29:5)
          at EventEmitter_.Object.<anonymous>.Subject.next (/home/infoger/phlowers-stellar-app/node_modules/rxjs/src/internal/Subject.ts:60:5)
          at EventEmitter_.emit (/home/infoger/phlowers-stellar-app/node_modules/@angular/core/fesm2022/core.mjs:6114:19)
          at checkStable (/home/infoger/phlowers-stellar-app/node_modules/@angular/core/fesm2022/core.mjs:6493:35)
          at onLeave (/home/infoger/phlowers-stellar-app/node_modules/@angular/core/fesm2022/core.mjs:6640:5)
          at Object.onInvoke (/home/infoger/phlowers-stellar-app/node_modules/@angular/core/fesm2022/core.mjs:6596:17)
          at _ZoneDelegate.invoke (/home/infoger/phlowers-stellar-app/node_modules/zone.js/bundles/zone.umd.js:409:38)
          at ZoneImpl.run (/home/infoger/phlowers-stellar-app/node_modules/zone.js/bundles/zone.umd.js:145:47)
          at NgZone.run (/home/infoger/phlowers-stellar-app/node_modules/@angular/core/fesm2022/core.mjs:6425:28)
          at _TestBedImpl.createComponent (/home/infoger/phlowers-stellar-app/node_modules/@angular/core/fesm2022/testing.mjs:2058:41)
          at _TestBedImpl.createComponent (/home/infoger/phlowers-stellar-app/node_modules/@angular/core/fesm2022/testing.mjs:1844:37)
          at /home/infoger/phlowers-stellar-app/src/app/ui/pages/studio/toolbar-dialog/field-measuring/components/parameter-calculation-15-without-wind/parameter-calculation-15-without-wind.component.spec.ts:94:23
          at processTicksAndRejections (node:internal/process/task_queues:105:5)

      92 |     }).compileComponents();
      93 |
    > 94 |     fixture = TestBed.createComponent(ParameterCalculation15WithoutWindComponent);
         |                       ^
      95 |     component = fixture.componentInstance;
      96 |     componentRef = fixture.componentRef;
      97 |     componentRef.setInput('measureData', createTestMeasureData());

      at ErrorHandler.handleError (node_modules/@angular/core/fesm2022/core.mjs:6731:23)
      at node_modules/@angular/core/fesm2022/testing.mjs:160:69
      at _ZoneDelegate.invoke (node_modules/zone.js/bundles/zone.umd.js:410:32)
      at ZoneImpl.run (node_modules/zone.js/bundles/zone.umd.js:145:47)
      at NgZone.runOutsideAngular (node_modules/@angular/core/fesm2022/core.mjs:6470:28)
      at _TestBedApplicationErrorHandler.handleError (node_modules/@angular/core/fesm2022/testing.mjs:160:23)
      at _ApplicationRef.internalErrorHandler (node_modules/@angular/core/fesm2022/testing.mjs:1488:37)
      at _ApplicationRef.tickImpl (node_modules/@angular/core/fesm2022/core.mjs:23572:18)
      at _ApplicationRef._tick (node_modules/@angular/core/fesm2022/core.mjs:23552:18)
      at _ApplicationRef.tick (node_modules/@angular/core/fesm2022/core.mjs:23540:14)
      at node_modules/@angular/core/fesm2022/core.mjs:34806:41
      at _ZoneDelegate.invoke (node_modules/zone.js/bundles/zone.umd.js:410:32)
      at Object.onInvoke (node_modules/@angular/core/fesm2022/core.mjs:6579:33)
      at _ZoneDelegate.invoke (node_modules/zone.js/bundles/zone.umd.js:409:38)
      at ZoneImpl.run (node_modules/zone.js/bundles/zone.umd.js:145:47)
      at NgZone.run (node_modules/@angular/core/fesm2022/core.mjs:6425:28)
      at Object.next (node_modules/@angular/core/fesm2022/core.mjs:34805:27)
      at ConsumerObserver.Object.<anonymous>.ConsumerObserver.next (node_modules/rxjs/src/internal/Subscriber.ts:155:25)
      at SafeSubscriber.Object.<anonymous>.Subscriber._next (node_modules/rxjs/src/internal/Subscriber.ts:113:22)
      at SafeSubscriber.Object.<anonymous>.Subscriber.next (node_modules/rxjs/src/internal/Subscriber.ts:71:12)
      at node_modules/rxjs/src/internal/Subject.ts:67:20
      at Object.errorContext (node_modules/rxjs/src/internal/util/errorContext.ts:29:5)
      at EventEmitter_.Object.<anonymous>.Subject.next (node_modules/rxjs/src/internal/Subject.ts:60:5)
      at EventEmitter_.emit (node_modules/@angular/core/fesm2022/core.mjs:6114:19)
      at checkStable (node_modules/@angular/core/fesm2022/core.mjs:6493:35)
      at onLeave (node_modules/@angular/core/fesm2022/core.mjs:6640:5)
      at Object.onInvoke (node_modules/@angular/core/fesm2022/core.mjs:6596:17)
      at _ZoneDelegate.invoke (node_modules/zone.js/bundles/zone.umd.js:409:38)
      at ZoneImpl.run (node_modules/zone.js/bundles/zone.umd.js:145:47)
      at NgZone.run (node_modules/@angular/core/fesm2022/core.mjs:6425:28)
      at _TestBedImpl.createComponent (node_modules/@angular/core/fesm2022/testing.mjs:2058:41)
      at _TestBedImpl.createComponent (node_modules/@angular/core/fesm2022/testing.mjs:1844:37)
      at src/app/ui/pages/studio/toolbar-dialog/field-measuring/components/parameter-calculation-15-without-wind/parameter-calculation-15-without-wind.component.spec.ts:94:23

    console.error
      ERROR TypeError: Cannot read properties of undefined (reading 'then')
          at Object.fn (/home/infoger/phlowers-stellar-app/src/app/ui/pages/studio/services/plot.service.ts:143:68)
          at Object.run (/home/infoger/phlowers-stellar-app/node_modules/@angular/core/fesm2022/core.mjs:39608:18)
          at ZoneAwareEffectScheduler.flushQueue (/home/infoger/phlowers-stellar-app/node_modules/@angular/core/fesm2022/core.mjs:22953:20)
          at /home/infoger/phlowers-stellar-app/node_modules/@angular/core/fesm2022/core.mjs:22943:41
          at _ZoneDelegate.invoke (/home/infoger/phlowers-stellar-app/node_modules/zone.js/bundles/zone.umd.js:410:32)
          at Object.onInvoke (/home/infoger/phlowers-stellar-app/node_modules/@angular/core/fesm2022/core.mjs:6579:33)
          at _ZoneDelegate.invoke (/home/infoger/phlowers-stellar-app/node_modules/zone.js/bundles/zone.umd.js:409:38)
          at ZoneImpl.run (/home/infoger/phlowers-stellar-app/node_modules/zone.js/bundles/zone.umd.js:145:47)
          at ZoneAwareEffectScheduler.flush (/home/infoger/phlowers-stellar-app/node_modules/@angular/core/fesm2022/core.mjs:22943:26)
          at _ApplicationRef.synchronizeOnce (/home/infoger/phlowers-stellar-app/node_modules/@angular/core/fesm2022/core.mjs:23611:38)
          at _ApplicationRef.synchronize (/home/infoger/phlowers-stellar-app/node_modules/@angular/core/fesm2022/core.mjs:23594:18)
          at _ApplicationRef.tickImpl (/home/infoger/phlowers-stellar-app/node_modules/@angular/core/fesm2022/core.mjs:23563:18)
          at _ApplicationRef._tick (/home/infoger/phlowers-stellar-app/node_modules/@angular/core/fesm2022/core.mjs:23552:18)
          at _ApplicationRef.tick (/home/infoger/phlowers-stellar-app/node_modules/@angular/core/fesm2022/core.mjs:23540:14)
          at /home/infoger/phlowers-stellar-app/node_modules/@angular/core/fesm2022/core.mjs:34806:41
          at _ZoneDelegate.invoke (/home/infoger/phlowers-stellar-app/node_modules/zone.js/bundles/zone.umd.js:410:32)
          at Object.onInvoke (/home/infoger/phlowers-stellar-app/node_modules/@angular/core/fesm2022/core.mjs:6579:33)
          at _ZoneDelegate.invoke (/home/infoger/phlowers-stellar-app/node_modules/zone.js/bundles/zone.umd.js:409:38)
          at ZoneImpl.run (/home/infoger/phlowers-stellar-app/node_modules/zone.js/bundles/zone.umd.js:145:47)
          at NgZone.run (/home/infoger/phlowers-stellar-app/node_modules/@angular/core/fesm2022/core.mjs:6425:28)
          at Object.next (/home/infoger/phlowers-stellar-app/node_modules/@angular/core/fesm2022/core.mjs:34805:27)
          at ConsumerObserver.Object.<anonymous>.ConsumerObserver.next (/home/infoger/phlowers-stellar-app/node_modules/rxjs/src/internal/Subscriber.ts:155:25)
          at SafeSubscriber.Object.<anonymous>.Subscriber._next (/home/infoger/phlowers-stellar-app/node_modules/rxjs/src/internal/Subscriber.ts:113:22)
          at SafeSubscriber.Object.<anonymous>.Subscriber.next (/home/infoger/phlowers-stellar-app/node_modules/rxjs/src/internal/Subscriber.ts:71:12)
          at /home/infoger/phlowers-stellar-app/node_modules/rxjs/src/internal/Subject.ts:67:20
          at Object.errorContext (/home/infoger/phlowers-stellar-app/node_modules/rxjs/src/internal/util/errorContext.ts:29:5)
          at EventEmitter_.Object.<anonymous>.Subject.next (/home/infoger/phlowers-stellar-app/node_modules/rxjs/src/internal/Subject.ts:60:5)
          at EventEmitter_.emit (/home/infoger/phlowers-stellar-app/node_modules/@angular/core/fesm2022/core.mjs:6114:19)
          at checkStable (/home/infoger/phlowers-stellar-app/node_modules/@angular/core/fesm2022/core.mjs:6493:35)
          at onLeave (/home/infoger/phlowers-stellar-app/node_modules/@angular/core/fesm2022/core.mjs:6640:5)
          at Object.onInvoke (/home/infoger/phlowers-stellar-app/node_modules/@angular/core/fesm2022/core.mjs:6596:17)
          at _ZoneDelegate.invoke (/home/infoger/phlowers-stellar-app/node_modules/zone.js/bundles/zone.umd.js:409:38)
          at ZoneImpl.run (/home/infoger/phlowers-stellar-app/node_modules/zone.js/bundles/zone.umd.js:145:47)
          at NgZone.run (/home/infoger/phlowers-stellar-app/node_modules/@angular/core/fesm2022/core.mjs:6425:28)
          at _TestBedImpl.createComponent (/home/infoger/phlowers-stellar-app/node_modules/@angular/core/fesm2022/testing.mjs:2058:41)
          at _TestBedImpl.createComponent (/home/infoger/phlowers-stellar-app/node_modules/@angular/core/fesm2022/testing.mjs:1844:37)
          at /home/infoger/phlowers-stellar-app/src/app/ui/pages/studio/toolbar-dialog/field-measuring/components/parameter-calculation-15-without-wind/parameter-calculation-15-without-wind.component.spec.ts:94:23
          at processTicksAndRejections (node:internal/process/task_queues:105:5)

      92 |     }).compileComponents();
      93 |
    > 94 |     fixture = TestBed.createComponent(ParameterCalculation15WithoutWindComponent);
         |                       ^
      95 |     component = fixture.componentInstance;
      96 |     componentRef = fixture.componentRef;
      97 |     componentRef.setInput('measureData', createTestMeasureData());

      at ErrorHandler.handleError (node_modules/@angular/core/fesm2022/core.mjs:6731:23)
      at node_modules/@angular/core/fesm2022/testing.mjs:160:69
      at _ZoneDelegate.invoke (node_modules/zone.js/bundles/zone.umd.js:410:32)
      at ZoneImpl.run (node_modules/zone.js/bundles/zone.umd.js:145:47)
      at NgZone.runOutsideAngular (node_modules/@angular/core/fesm2022/core.mjs:6470:28)
      at _TestBedApplicationErrorHandler.handleError (node_modules/@angular/core/fesm2022/testing.mjs:160:23)
      at _ApplicationRef.internalErrorHandler (node_modules/@angular/core/fesm2022/testing.mjs:1488:37)
      at _ApplicationRef.tickImpl (node_modules/@angular/core/fesm2022/core.mjs:23572:18)
      at _ApplicationRef._tick (node_modules/@angular/core/fesm2022/core.mjs:23552:18)
      at _ApplicationRef.tick (node_modules/@angular/core/fesm2022/core.mjs:23540:14)
      at node_modules/@angular/core/fesm2022/core.mjs:34806:41
      at _ZoneDelegate.invoke (node_modules/zone.js/bundles/zone.umd.js:410:32)
      at Object.onInvoke (node_modules/@angular/core/fesm2022/core.mjs:6579:33)
      at _ZoneDelegate.invoke (node_modules/zone.js/bundles/zone.umd.js:409:38)
      at ZoneImpl.run (node_modules/zone.js/bundles/zone.umd.js:145:47)
      at NgZone.run (node_modules/@angular/core/fesm2022/core.mjs:6425:28)
      at Object.next (node_modules/@angular/core/fesm2022/core.mjs:34805:27)
      at ConsumerObserver.Object.<anonymous>.ConsumerObserver.next (node_modules/rxjs/src/internal/Subscriber.ts:155:25)
      at SafeSubscriber.Object.<anonymous>.Subscriber._next (node_modules/rxjs/src/internal/Subscriber.ts:113:22)
      at SafeSubscriber.Object.<anonymous>.Subscriber.next (node_modules/rxjs/src/internal/Subscriber.ts:71:12)
      at node_modules/rxjs/src/internal/Subject.ts:67:20
      at Object.errorContext (node_modules/rxjs/src/internal/util/errorContext.ts:29:5)
      at EventEmitter_.Object.<anonymous>.Subject.next (node_modules/rxjs/src/internal/Subject.ts:60:5)
      at EventEmitter_.emit (node_modules/@angular/core/fesm2022/core.mjs:6114:19)
      at checkStable (node_modules/@angular/core/fesm2022/core.mjs:6493:35)
      at onLeave (node_modules/@angular/core/fesm2022/core.mjs:6640:5)
      at Object.onInvoke (node_modules/@angular/core/fesm2022/core.mjs:6596:17)
      at _ZoneDelegate.invoke (node_modules/zone.js/bundles/zone.umd.js:409:38)
      at ZoneImpl.run (node_modules/zone.js/bundles/zone.umd.js:145:47)
      at NgZone.run (node_modules/@angular/core/fesm2022/core.mjs:6425:28)
      at _TestBedImpl.createComponent (node_modules/@angular/core/fesm2022/testing.mjs:2058:41)
      at _TestBedImpl.createComponent (node_modules/@angular/core/fesm2022/testing.mjs:1844:37)
      at src/app/ui/pages/studio/toolbar-dialog/field-measuring/components/parameter-calculation-15-without-wind/parameter-calculation-15-without-wind.component.spec.ts:94:23

    console.error
      ERROR TypeError: Cannot read properties of undefined (reading 'then')
          at Object.fn (/home/infoger/phlowers-stellar-app/src/app/ui/pages/studio/services/plot.service.ts:143:68)
          at Object.run (/home/infoger/phlowers-stellar-app/node_modules/@angular/core/fesm2022/core.mjs:39608:18)
          at ZoneAwareEffectScheduler.flushQueue (/home/infoger/phlowers-stellar-app/node_modules/@angular/core/fesm2022/core.mjs:22953:20)
          at /home/infoger/phlowers-stellar-app/node_modules/@angular/core/fesm2022/core.mjs:22943:41
          at _ZoneDelegate.invoke (/home/infoger/phlowers-stellar-app/node_modules/zone.js/bundles/zone.umd.js:410:32)
          at Object.onInvoke (/home/infoger/phlowers-stellar-app/node_modules/@angular/core/fesm2022/core.mjs:6579:33)
          at _ZoneDelegate.invoke (/home/infoger/phlowers-stellar-app/node_modules/zone.js/bundles/zone.umd.js:409:38)
          at ZoneImpl.run (/home/infoger/phlowers-stellar-app/node_modules/zone.js/bundles/zone.umd.js:145:47)
          at ZoneAwareEffectScheduler.flush (/home/infoger/phlowers-stellar-app/node_modules/@angular/core/fesm2022/core.mjs:22943:26)
          at _ApplicationRef.synchronizeOnce (/home/infoger/phlowers-stellar-app/node_modules/@angular/core/fesm2022/core.mjs:23611:38)
          at _ApplicationRef.synchronize (/home/infoger/phlowers-stellar-app/node_modules/@angular/core/fesm2022/core.mjs:23594:18)
          at _ApplicationRef.tickImpl (/home/infoger/phlowers-stellar-app/node_modules/@angular/core/fesm2022/core.mjs:23563:18)
          at _ApplicationRef._tick (/home/infoger/phlowers-stellar-app/node_modules/@angular/core/fesm2022/core.mjs:23552:18)
          at _ApplicationRef.tick (/home/infoger/phlowers-stellar-app/node_modules/@angular/core/fesm2022/core.mjs:23540:14)
          at /home/infoger/phlowers-stellar-app/node_modules/@angular/core/fesm2022/core.mjs:34806:41
          at _ZoneDelegate.invoke (/home/infoger/phlowers-stellar-app/node_modules/zone.js/bundles/zone.umd.js:410:32)
          at Object.onInvoke (/home/infoger/phlowers-stellar-app/node_modules/@angular/core/fesm2022/core.mjs:6579:33)
          at _ZoneDelegate.invoke (/home/infoger/phlowers-stellar-app/node_modules/zone.js/bundles/zone.umd.js:409:38)
          at ZoneImpl.run (/home/infoger/phlowers-stellar-app/node_modules/zone.js/bundles/zone.umd.js:145:47)
          at NgZone.run (/home/infoger/phlowers-stellar-app/node_modules/@angular/core/fesm2022/core.mjs:6425:28)
          at Object.next (/home/infoger/phlowers-stellar-app/node_modules/@angular/core/fesm2022/core.mjs:34805:27)
          at ConsumerObserver.Object.<anonymous>.ConsumerObserver.next (/home/infoger/phlowers-stellar-app/node_modules/rxjs/src/internal/Subscriber.ts:155:25)
          at SafeSubscriber.Object.<anonymous>.Subscriber._next (/home/infoger/phlowers-stellar-app/node_modules/rxjs/src/internal/Subscriber.ts:113:22)
          at SafeSubscriber.Object.<anonymous>.Subscriber.next (/home/infoger/phlowers-stellar-app/node_modules/rxjs/src/internal/Subscriber.ts:71:12)
          at /home/infoger/phlowers-stellar-app/node_modules/rxjs/src/internal/Subject.ts:67:20
          at Object.errorContext (/home/infoger/phlowers-stellar-app/node_modules/rxjs/src/internal/util/errorContext.ts:29:5)
          at EventEmitter_.Object.<anonymous>.Subject.next (/home/infoger/phlowers-stellar-app/node_modules/rxjs/src/internal/Subject.ts:60:5)
          at EventEmitter_.emit (/home/infoger/phlowers-stellar-app/node_modules/@angular/core/fesm2022/core.mjs:6114:19)
          at checkStable (/home/infoger/phlowers-stellar-app/node_modules/@angular/core/fesm2022/core.mjs:6493:35)
          at onLeave (/home/infoger/phlowers-stellar-app/node_modules/@angular/core/fesm2022/core.mjs:6640:5)
          at Object.onInvoke (/home/infoger/phlowers-stellar-app/node_modules/@angular/core/fesm2022/core.mjs:6596:17)
          at _ZoneDelegate.invoke (/home/infoger/phlowers-stellar-app/node_modules/zone.js/bundles/zone.umd.js:409:38)
          at ZoneImpl.run (/home/infoger/phlowers-stellar-app/node_modules/zone.js/bundles/zone.umd.js:145:47)
          at NgZone.run (/home/infoger/phlowers-stellar-app/node_modules/@angular/core/fesm2022/core.mjs:6425:28)
          at _TestBedImpl.createComponent (/home/infoger/phlowers-stellar-app/node_modules/@angular/core/fesm2022/testing.mjs:2058:41)
          at _TestBedImpl.createComponent (/home/infoger/phlowers-stellar-app/node_modules/@angular/core/fesm2022/testing.mjs:1844:37)
          at /home/infoger/phlowers-stellar-app/src/app/ui/pages/studio/toolbar-dialog/field-measuring/components/parameter-calculation-15-without-wind/parameter-calculation-15-without-wind.component.spec.ts:94:23
          at processTicksAndRejections (node:internal/process/task_queues:105:5)

      92 |     }).compileComponents();
      93 |
    > 94 |     fixture = TestBed.createComponent(ParameterCalculation15WithoutWindComponent);
         |                       ^
      95 |     component = fixture.componentInstance;
      96 |     componentRef = fixture.componentRef;
      97 |     componentRef.setInput('measureData', createTestMeasureData());

      at ErrorHandler.handleError (node_modules/@angular/core/fesm2022/core.mjs:6731:23)
      at node_modules/@angular/core/fesm2022/testing.mjs:160:69
      at _ZoneDelegate.invoke (node_modules/zone.js/bundles/zone.umd.js:410:32)
      at ZoneImpl.run (node_modules/zone.js/bundles/zone.umd.js:145:47)
      at NgZone.runOutsideAngular (node_modules/@angular/core/fesm2022/core.mjs:6470:28)
      at _TestBedApplicationErrorHandler.handleError (node_modules/@angular/core/fesm2022/testing.mjs:160:23)
      at _ApplicationRef.internalErrorHandler (node_modules/@angular/core/fesm2022/testing.mjs:1488:37)
      at _ApplicationRef.tickImpl (node_modules/@angular/core/fesm2022/core.mjs:23572:18)
      at _ApplicationRef._tick (node_modules/@angular/core/fesm2022/core.mjs:23552:18)
      at _ApplicationRef.tick (node_modules/@angular/core/fesm2022/core.mjs:23540:14)
      at node_modules/@angular/core/fesm2022/core.mjs:34806:41
      at _ZoneDelegate.invoke (node_modules/zone.js/bundles/zone.umd.js:410:32)
      at Object.onInvoke (node_modules/@angular/core/fesm2022/core.mjs:6579:33)
      at _ZoneDelegate.invoke (node_modules/zone.js/bundles/zone.umd.js:409:38)
      at ZoneImpl.run (node_modules/zone.js/bundles/zone.umd.js:145:47)
      at NgZone.run (node_modules/@angular/core/fesm2022/core.mjs:6425:28)
      at Object.next (node_modules/@angular/core/fesm2022/core.mjs:34805:27)
      at ConsumerObserver.Object.<anonymous>.ConsumerObserver.next (node_modules/rxjs/src/internal/Subscriber.ts:155:25)
      at SafeSubscriber.Object.<anonymous>.Subscriber._next (node_modules/rxjs/src/internal/Subscriber.ts:113:22)
      at SafeSubscriber.Object.<anonymous>.Subscriber.next (node_modules/rxjs/src/internal/Subscriber.ts:71:12)
      at node_modules/rxjs/src/internal/Subject.ts:67:20
      at Object.errorContext (node_modules/rxjs/src/internal/util/errorContext.ts:29:5)
      at EventEmitter_.Object.<anonymous>.Subject.next (node_modules/rxjs/src/internal/Subject.ts:60:5)
      at EventEmitter_.emit (node_modules/@angular/core/fesm2022/core.mjs:6114:19)
      at checkStable (node_modules/@angular/core/fesm2022/core.mjs:6493:35)
      at onLeave (node_modules/@angular/core/fesm2022/core.mjs:6640:5)
      at Object.onInvoke (node_modules/@angular/core/fesm2022/core.mjs:6596:17)
      at _ZoneDelegate.invoke (node_modules/zone.js/bundles/zone.umd.js:409:38)
      at ZoneImpl.run (node_modules/zone.js/bundles/zone.umd.js:145:47)
      at NgZone.run (node_modules/@angular/core/fesm2022/core.mjs:6425:28)
      at _TestBedImpl.createComponent (node_modules/@angular/core/fesm2022/testing.mjs:2058:41)
      at _TestBedImpl.createComponent (node_modules/@angular/core/fesm2022/testing.mjs:1844:37)
      at src/app/ui/pages/studio/toolbar-dialog/field-measuring/components/parameter-calculation-15-without-wind/parameter-calculation-15-without-wind.component.spec.ts:94:23

    console.error
      ERROR TypeError: Cannot read properties of undefined (reading 'then')
          at Object.fn (/home/infoger/phlowers-stellar-app/src/app/ui/pages/studio/services/plot.service.ts:143:68)
          at Object.run (/home/infoger/phlowers-stellar-app/node_modules/@angular/core/fesm2022/core.mjs:39608:18)
          at ZoneAwareEffectScheduler.flushQueue (/home/infoger/phlowers-stellar-app/node_modules/@angular/core/fesm2022/core.mjs:22953:20)
          at /home/infoger/phlowers-stellar-app/node_modules/@angular/core/fesm2022/core.mjs:22943:41
          at _ZoneDelegate.invoke (/home/infoger/phlowers-stellar-app/node_modules/zone.js/bundles/zone.umd.js:410:32)
          at Object.onInvoke (/home/infoger/phlowers-stellar-app/node_modules/@angular/core/fesm2022/core.mjs:6579:33)
          at _ZoneDelegate.invoke (/home/infoger/phlowers-stellar-app/node_modules/zone.js/bundles/zone.umd.js:409:38)
          at ZoneImpl.run (/home/infoger/phlowers-stellar-app/node_modules/zone.js/bundles/zone.umd.js:145:47)
          at ZoneAwareEffectScheduler.flush (/home/infoger/phlowers-stellar-app/node_modules/@angular/core/fesm2022/core.mjs:22943:26)
          at _ApplicationRef.synchronizeOnce (/home/infoger/phlowers-stellar-app/node_modules/@angular/core/fesm2022/core.mjs:23611:38)
          at _ApplicationRef.synchronize (/home/infoger/phlowers-stellar-app/node_modules/@angular/core/fesm2022/core.mjs:23594:18)
          at _ApplicationRef.tickImpl (/home/infoger/phlowers-stellar-app/node_modules/@angular/core/fesm2022/core.mjs:23563:18)
          at _ApplicationRef._tick (/home/infoger/phlowers-stellar-app/node_modules/@angular/core/fesm2022/core.mjs:23552:18)
          at _ApplicationRef.tick (/home/infoger/phlowers-stellar-app/node_modules/@angular/core/fesm2022/core.mjs:23540:14)
          at /home/infoger/phlowers-stellar-app/node_modules/@angular/core/fesm2022/core.mjs:34806:41
          at _ZoneDelegate.invoke (/home/infoger/phlowers-stellar-app/node_modules/zone.js/bundles/zone.umd.js:410:32)
          at Object.onInvoke (/home/infoger/phlowers-stellar-app/node_modules/@angular/core/fesm2022/core.mjs:6579:33)
          at _ZoneDelegate.invoke (/home/infoger/phlowers-stellar-app/node_modules/zone.js/bundles/zone.umd.js:409:38)
          at ZoneImpl.run (/home/infoger/phlowers-stellar-app/node_modules/zone.js/bundles/zone.umd.js:145:47)
          at NgZone.run (/home/infoger/phlowers-stellar-app/node_modules/@angular/core/fesm2022/core.mjs:6425:28)
          at Object.next (/home/infoger/phlowers-stellar-app/node_modules/@angular/core/fesm2022/core.mjs:34805:27)
          at ConsumerObserver.Object.<anonymous>.ConsumerObserver.next (/home/infoger/phlowers-stellar-app/node_modules/rxjs/src/internal/Subscriber.ts:155:25)
          at SafeSubscriber.Object.<anonymous>.Subscriber._next (/home/infoger/phlowers-stellar-app/node_modules/rxjs/src/internal/Subscriber.ts:113:22)
          at SafeSubscriber.Object.<anonymous>.Subscriber.next (/home/infoger/phlowers-stellar-app/node_modules/rxjs/src/internal/Subscriber.ts:71:12)
          at /home/infoger/phlowers-stellar-app/node_modules/rxjs/src/internal/Subject.ts:67:20
          at Object.errorContext (/home/infoger/phlowers-stellar-app/node_modules/rxjs/src/internal/util/errorContext.ts:29:5)
          at EventEmitter_.Object.<anonymous>.Subject.next (/home/infoger/phlowers-stellar-app/node_modules/rxjs/src/internal/Subject.ts:60:5)
          at EventEmitter_.emit (/home/infoger/phlowers-stellar-app/node_modules/@angular/core/fesm2022/core.mjs:6114:19)
          at checkStable (/home/infoger/phlowers-stellar-app/node_modules/@angular/core/fesm2022/core.mjs:6493:35)
          at onLeave (/home/infoger/phlowers-stellar-app/node_modules/@angular/core/fesm2022/core.mjs:6640:5)
          at Object.onInvoke (/home/infoger/phlowers-stellar-app/node_modules/@angular/core/fesm2022/core.mjs:6596:17)
          at _ZoneDelegate.invoke (/home/infoger/phlowers-stellar-app/node_modules/zone.js/bundles/zone.umd.js:409:38)
          at ZoneImpl.run (/home/infoger/phlowers-stellar-app/node_modules/zone.js/bundles/zone.umd.js:145:47)
          at NgZone.run (/home/infoger/phlowers-stellar-app/node_modules/@angular/core/fesm2022/core.mjs:6425:28)
          at _TestBedImpl.createComponent (/home/infoger/phlowers-stellar-app/node_modules/@angular/core/fesm2022/testing.mjs:2058:41)
          at _TestBedImpl.createComponent (/home/infoger/phlowers-stellar-app/node_modules/@angular/core/fesm2022/testing.mjs:1844:37)
          at /home/infoger/phlowers-stellar-app/src/app/ui/pages/studio/toolbar-dialog/field-measuring/components/parameter-calculation-15-without-wind/parameter-calculation-15-without-wind.component.spec.ts:94:23
          at processTicksAndRejections (node:internal/process/task_queues:105:5)

      92 |     }).compileComponents();
      93 |
    > 94 |     fixture = TestBed.createComponent(ParameterCalculation15WithoutWindComponent);
         |                       ^
      95 |     component = fixture.componentInstance;
      96 |     componentRef = fixture.componentRef;
      97 |     componentRef.setInput('measureData', createTestMeasureData());

      at ErrorHandler.handleError (node_modules/@angular/core/fesm2022/core.mjs:6731:23)
      at node_modules/@angular/core/fesm2022/testing.mjs:160:69
      at _ZoneDelegate.invoke (node_modules/zone.js/bundles/zone.umd.js:410:32)
      at ZoneImpl.run (node_modules/zone.js/bundles/zone.umd.js:145:47)
      at NgZone.runOutsideAngular (node_modules/@angular/core/fesm2022/core.mjs:6470:28)
      at _TestBedApplicationErrorHandler.handleError (node_modules/@angular/core/fesm2022/testing.mjs:160:23)
      at _ApplicationRef.internalErrorHandler (node_modules/@angular/core/fesm2022/testing.mjs:1488:37)
      at _ApplicationRef.tickImpl (node_modules/@angular/core/fesm2022/core.mjs:23572:18)
      at _ApplicationRef._tick (node_modules/@angular/core/fesm2022/core.mjs:23552:18)
      at _ApplicationRef.tick (node_modules/@angular/core/fesm2022/core.mjs:23540:14)
      at node_modules/@angular/core/fesm2022/core.mjs:34806:41
      at _ZoneDelegate.invoke (node_modules/zone.js/bundles/zone.umd.js:410:32)
      at Object.onInvoke (node_modules/@angular/core/fesm2022/core.mjs:6579:33)
      at _ZoneDelegate.invoke (node_modules/zone.js/bundles/zone.umd.js:409:38)
      at ZoneImpl.run (node_modules/zone.js/bundles/zone.umd.js:145:47)
      at NgZone.run (node_modules/@angular/core/fesm2022/core.mjs:6425:28)
      at Object.next (node_modules/@angular/core/fesm2022/core.mjs:34805:27)
      at ConsumerObserver.Object.<anonymous>.ConsumerObserver.next (node_modules/rxjs/src/internal/Subscriber.ts:155:25)
      at SafeSubscriber.Object.<anonymous>.Subscriber._next (node_modules/rxjs/src/internal/Subscriber.ts:113:22)
      at SafeSubscriber.Object.<anonymous>.Subscriber.next (node_modules/rxjs/src/internal/Subscriber.ts:71:12)
      at node_modules/rxjs/src/internal/Subject.ts:67:20
      at Object.errorContext (node_modules/rxjs/src/internal/util/errorContext.ts:29:5)
      at EventEmitter_.Object.<anonymous>.Subject.next (node_modules/rxjs/src/internal/Subject.ts:60:5)
      at EventEmitter_.emit (node_modules/@angular/core/fesm2022/core.mjs:6114:19)
      at checkStable (node_modules/@angular/core/fesm2022/core.mjs:6493:35)
      at onLeave (node_modules/@angular/core/fesm2022/core.mjs:6640:5)
      at Object.onInvoke (node_modules/@angular/core/fesm2022/core.mjs:6596:17)
      at _ZoneDelegate.invoke (node_modules/zone.js/bundles/zone.umd.js:409:38)
      at ZoneImpl.run (node_modules/zone.js/bundles/zone.umd.js:145:47)
      at NgZone.run (node_modules/@angular/core/fesm2022/core.mjs:6425:28)
      at _TestBedImpl.createComponent (node_modules/@angular/core/fesm2022/testing.mjs:2058:41)
      at _TestBedImpl.createComponent (node_modules/@angular/core/fesm2022/testing.mjs:1844:37)
      at src/app/ui/pages/studio/toolbar-dialog/field-measuring/components/parameter-calculation-15-without-wind/parameter-calculation-15-without-wind.component.spec.ts:94:23

PASS src/app/ui/pages/studio/toolbar-dialog/field-measuring/components/init/init.component.spec.ts
PASS src/app/ui/pages/studio/toolbar-dialog/toolbar-dialog.service.spec.ts
PASS src/app/ui/app.component.spec.ts
PASS src/app/core/services/initial-conditions/initial-condition.service.spec.ts
PASS src/app/ui/shared/components/atoms/select-with-buttons/select-with-buttons.component.spec.ts
PASS src/app/ui/pages/studio/side-tabs/side-tabs.component.spec.ts
PASS src/app/ui/pages/changelog/changelog.component.spec.ts
PASS src/app/ui/pages/studio/toolbar-dialog/l0-sum/l0-sum.component.spec.ts
  ● Console

    console.error
      NG0303: Can't bind to 'ngIf' since it isn't a known property of 'div' (used in the 'L0SumComponent' component template).
      If the 'ngIf' is an Angular control flow directive, please make sure that either the 'NgIf' directive or the 'CommonModule' is included in the '@Component.imports' of this component.

      at reportUnknownPropertyError (node_modules/@angular/core/fesm2022/core.mjs:11279:17)
      at handleUnknownPropertyError (node_modules/@angular/core/fesm2022/core.mjs:11272:5)
      at elementPropertyInternal (node_modules/@angular/core/fesm2022/core.mjs:12543:13)
      at ɵɵproperty (node_modules/@angular/core/fesm2022/core.mjs:26058:9)
      at L0SumComponent_Template (ng:/L0SumComponent.js:189:9)
      at executeTemplate (node_modules/@angular/core/fesm2022/core.mjs:12389:9)
      at refreshView (node_modules/@angular/core/fesm2022/core.mjs:14074:13)
      at detectChangesInView (node_modules/@angular/core/fesm2022/core.mjs:14294:9)
      at detectChangesInViewIfAttached (node_modules/@angular/core/fesm2022/core.mjs:14254:5)
      at detectChangesInComponent (node_modules/@angular/core/fesm2022/core.mjs:14242:5)
      at detectChangesInChildComponents (node_modules/@angular/core/fesm2022/core.mjs:14313:9)
      at refreshView (node_modules/@angular/core/fesm2022/core.mjs:14129:13)
      at detectChangesInView (node_modules/@angular/core/fesm2022/core.mjs:14294:9)
      at detectChangesInViewWhileDirty (node_modules/@angular/core/fesm2022/core.mjs:13986:9)
      at detectChangesInternal (node_modules/@angular/core/fesm2022/core.mjs:13968:9)
      at ViewRef.detectChanges (node_modules/@angular/core/fesm2022/core.mjs:14825:9)
      at node_modules/@angular/core/fesm2022/testing.mjs:292:44
      at _ZoneDelegate.invoke (node_modules/zone.js/bundles/zone.umd.js:410:32)
      at Object.onInvoke (node_modules/@angular/core/fesm2022/core.mjs:6579:33)
      at _ZoneDelegate.invoke (node_modules/zone.js/bundles/zone.umd.js:409:38)
      at ZoneImpl.run (node_modules/zone.js/bundles/zone.umd.js:145:47)
      at NgZone.run (node_modules/@angular/core/fesm2022/core.mjs:6425:28)
      at ComponentFixture.detectChanges (node_modules/@angular/core/fesm2022/testing.mjs:289:30)
      at src/app/ui/pages/studio/toolbar-dialog/l0-sum/l0-sum.component.spec.ts:63:13

    console.error
      NG0303: Can't bind to 'ngIfElse' since it isn't a known property of 'div' (used in the 'L0SumComponent' component template).
      1. If 'div' is an Angular component and it has the 'ngIfElse' input, then verify that it is included in the '@Component.imports' of this component.
      2. To allow any property add 'NO_ERRORS_SCHEMA' to the '@Component.schemas' of this component.

      at reportUnknownPropertyError (node_modules/@angular/core/fesm2022/core.mjs:11279:17)
      at handleUnknownPropertyError (node_modules/@angular/core/fesm2022/core.mjs:11272:5)
      at elementPropertyInternal (node_modules/@angular/core/fesm2022/core.mjs:12543:13)
      at ɵɵproperty (node_modules/@angular/core/fesm2022/core.mjs:26058:9)
      at L0SumComponent_Template (ng:/L0SumComponent.js:189:48)
      at executeTemplate (node_modules/@angular/core/fesm2022/core.mjs:12389:9)
      at refreshView (node_modules/@angular/core/fesm2022/core.mjs:14074:13)
      at detectChangesInView (node_modules/@angular/core/fesm2022/core.mjs:14294:9)
      at detectChangesInViewIfAttached (node_modules/@angular/core/fesm2022/core.mjs:14254:5)
      at detectChangesInComponent (node_modules/@angular/core/fesm2022/core.mjs:14242:5)
      at detectChangesInChildComponents (node_modules/@angular/core/fesm2022/core.mjs:14313:9)
      at refreshView (node_modules/@angular/core/fesm2022/core.mjs:14129:13)
      at detectChangesInView (node_modules/@angular/core/fesm2022/core.mjs:14294:9)
      at detectChangesInViewWhileDirty (node_modules/@angular/core/fesm2022/core.mjs:13986:9)
      at detectChangesInternal (node_modules/@angular/core/fesm2022/core.mjs:13968:9)
      at ViewRef.detectChanges (node_modules/@angular/core/fesm2022/core.mjs:14825:9)
      at node_modules/@angular/core/fesm2022/testing.mjs:292:44
      at _ZoneDelegate.invoke (node_modules/zone.js/bundles/zone.umd.js:410:32)
      at Object.onInvoke (node_modules/@angular/core/fesm2022/core.mjs:6579:33)
      at _ZoneDelegate.invoke (node_modules/zone.js/bundles/zone.umd.js:409:38)
      at ZoneImpl.run (node_modules/zone.js/bundles/zone.umd.js:145:47)
      at NgZone.run (node_modules/@angular/core/fesm2022/core.mjs:6425:28)
      at ComponentFixture.detectChanges (node_modules/@angular/core/fesm2022/testing.mjs:289:30)
      at src/app/ui/pages/studio/toolbar-dialog/l0-sum/l0-sum.component.spec.ts:63:13

    console.error
      NG0303: Can't bind to 'ngIf' since it isn't a known property of 'div' (used in the 'L0SumComponent' component template).
      If the 'ngIf' is an Angular control flow directive, please make sure that either the 'NgIf' directive or the 'CommonModule' is included in the '@Component.imports' of this component.

      at reportUnknownPropertyError (node_modules/@angular/core/fesm2022/core.mjs:11279:17)
      at handleUnknownPropertyError (node_modules/@angular/core/fesm2022/core.mjs:11272:5)
      at elementPropertyInternal (node_modules/@angular/core/fesm2022/core.mjs:12543:13)
      at ɵɵproperty (node_modules/@angular/core/fesm2022/core.mjs:26058:9)
      at L0SumComponent_Template (ng:/L0SumComponent.js:189:9)
      at executeTemplate (node_modules/@angular/core/fesm2022/core.mjs:12389:9)
      at refreshView (node_modules/@angular/core/fesm2022/core.mjs:14074:13)
      at detectChangesInView (node_modules/@angular/core/fesm2022/core.mjs:14294:9)
      at detectChangesInViewIfAttached (node_modules/@angular/core/fesm2022/core.mjs:14254:5)
      at detectChangesInComponent (node_modules/@angular/core/fesm2022/core.mjs:14242:5)
      at detectChangesInChildComponents (node_modules/@angular/core/fesm2022/core.mjs:14313:9)
      at refreshView (node_modules/@angular/core/fesm2022/core.mjs:14129:13)
      at detectChangesInView (node_modules/@angular/core/fesm2022/core.mjs:14294:9)
      at detectChangesInViewWhileDirty (node_modules/@angular/core/fesm2022/core.mjs:13986:9)
      at detectChangesInternal (node_modules/@angular/core/fesm2022/core.mjs:13968:9)
      at ViewRef.detectChanges (node_modules/@angular/core/fesm2022/core.mjs:14825:9)
      at node_modules/@angular/core/fesm2022/testing.mjs:292:44
      at _ZoneDelegate.invoke (node_modules/zone.js/bundles/zone.umd.js:410:32)
      at Object.onInvoke (node_modules/@angular/core/fesm2022/core.mjs:6579:33)
      at _ZoneDelegate.invoke (node_modules/zone.js/bundles/zone.umd.js:409:38)
      at ZoneImpl.run (node_modules/zone.js/bundles/zone.umd.js:145:47)
      at NgZone.run (node_modules/@angular/core/fesm2022/core.mjs:6425:28)
      at ComponentFixture.detectChanges (node_modules/@angular/core/fesm2022/testing.mjs:289:30)
      at src/app/ui/pages/studio/toolbar-dialog/l0-sum/l0-sum.component.spec.ts:63:13

    console.error
      NG0303: Can't bind to 'ngIfElse' since it isn't a known property of 'div' (used in the 'L0SumComponent' component template).
      1. If 'div' is an Angular component and it has the 'ngIfElse' input, then verify that it is included in the '@Component.imports' of this component.
      2. To allow any property add 'NO_ERRORS_SCHEMA' to the '@Component.schemas' of this component.

      at reportUnknownPropertyError (node_modules/@angular/core/fesm2022/core.mjs:11279:17)
      at handleUnknownPropertyError (node_modules/@angular/core/fesm2022/core.mjs:11272:5)
      at elementPropertyInternal (node_modules/@angular/core/fesm2022/core.mjs:12543:13)
      at ɵɵproperty (node_modules/@angular/core/fesm2022/core.mjs:26058:9)
      at L0SumComponent_Template (ng:/L0SumComponent.js:189:48)
      at executeTemplate (node_modules/@angular/core/fesm2022/core.mjs:12389:9)
      at refreshView (node_modules/@angular/core/fesm2022/core.mjs:14074:13)
      at detectChangesInView (node_modules/@angular/core/fesm2022/core.mjs:14294:9)
      at detectChangesInViewIfAttached (node_modules/@angular/core/fesm2022/core.mjs:14254:5)
      at detectChangesInComponent (node_modules/@angular/core/fesm2022/core.mjs:14242:5)
      at detectChangesInChildComponents (node_modules/@angular/core/fesm2022/core.mjs:14313:9)
      at refreshView (node_modules/@angular/core/fesm2022/core.mjs:14129:13)
      at detectChangesInView (node_modules/@angular/core/fesm2022/core.mjs:14294:9)
      at detectChangesInViewWhileDirty (node_modules/@angular/core/fesm2022/core.mjs:13986:9)
      at detectChangesInternal (node_modules/@angular/core/fesm2022/core.mjs:13968:9)
      at ViewRef.detectChanges (node_modules/@angular/core/fesm2022/core.mjs:14825:9)
      at node_modules/@angular/core/fesm2022/testing.mjs:292:44
      at _ZoneDelegate.invoke (node_modules/zone.js/bundles/zone.umd.js:410:32)
      at Object.onInvoke (node_modules/@angular/core/fesm2022/core.mjs:6579:33)
      at _ZoneDelegate.invoke (node_modules/zone.js/bundles/zone.umd.js:409:38)
      at ZoneImpl.run (node_modules/zone.js/bundles/zone.umd.js:145:47)
      at NgZone.run (node_modules/@angular/core/fesm2022/core.mjs:6425:28)
      at ComponentFixture.detectChanges (node_modules/@angular/core/fesm2022/testing.mjs:289:30)
      at src/app/ui/pages/studio/toolbar-dialog/l0-sum/l0-sum.component.spec.ts:63:13

    console.error
      NG0303: Can't bind to 'ngIf' since it isn't a known property of 'div' (used in the 'L0SumComponent' component template).
      If the 'ngIf' is an Angular control flow directive, please make sure that either the 'NgIf' directive or the 'CommonModule' is included in the '@Component.imports' of this component.

      at reportUnknownPropertyError (node_modules/@angular/core/fesm2022/core.mjs:11279:17)
      at handleUnknownPropertyError (node_modules/@angular/core/fesm2022/core.mjs:11272:5)
      at elementPropertyInternal (node_modules/@angular/core/fesm2022/core.mjs:12543:13)
      at ɵɵproperty (node_modules/@angular/core/fesm2022/core.mjs:26058:9)
      at L0SumComponent_Template (ng:/L0SumComponent.js:189:9)
      at executeTemplate (node_modules/@angular/core/fesm2022/core.mjs:12389:9)
      at refreshView (node_modules/@angular/core/fesm2022/core.mjs:14074:13)
      at detectChangesInView (node_modules/@angular/core/fesm2022/core.mjs:14294:9)
      at detectChangesInViewIfAttached (node_modules/@angular/core/fesm2022/core.mjs:14254:5)
      at detectChangesInComponent (node_modules/@angular/core/fesm2022/core.mjs:14242:5)
      at detectChangesInChildComponents (node_modules/@angular/core/fesm2022/core.mjs:14313:9)
      at refreshView (node_modules/@angular/core/fesm2022/core.mjs:14129:13)
      at detectChangesInView (node_modules/@angular/core/fesm2022/core.mjs:14294:9)
      at detectChangesInViewWhileDirty (node_modules/@angular/core/fesm2022/core.mjs:13986:9)
      at detectChangesInternal (node_modules/@angular/core/fesm2022/core.mjs:13968:9)
      at ViewRef.detectChanges (node_modules/@angular/core/fesm2022/core.mjs:14825:9)
      at node_modules/@angular/core/fesm2022/testing.mjs:292:44
      at _ZoneDelegate.invoke (node_modules/zone.js/bundles/zone.umd.js:410:32)
      at Object.onInvoke (node_modules/@angular/core/fesm2022/core.mjs:6579:33)
      at _ZoneDelegate.invoke (node_modules/zone.js/bundles/zone.umd.js:409:38)
      at ZoneImpl.run (node_modules/zone.js/bundles/zone.umd.js:145:47)
      at NgZone.run (node_modules/@angular/core/fesm2022/core.mjs:6425:28)
      at ComponentFixture.detectChanges (node_modules/@angular/core/fesm2022/testing.mjs:289:30)
      at src/app/ui/pages/studio/toolbar-dialog/l0-sum/l0-sum.component.spec.ts:63:13

    console.error
      NG0303: Can't bind to 'ngIfElse' since it isn't a known property of 'div' (used in the 'L0SumComponent' component template).
      1. If 'div' is an Angular component and it has the 'ngIfElse' input, then verify that it is included in the '@Component.imports' of this component.
      2. To allow any property add 'NO_ERRORS_SCHEMA' to the '@Component.schemas' of this component.

      at reportUnknownPropertyError (node_modules/@angular/core/fesm2022/core.mjs:11279:17)
      at handleUnknownPropertyError (node_modules/@angular/core/fesm2022/core.mjs:11272:5)
      at elementPropertyInternal (node_modules/@angular/core/fesm2022/core.mjs:12543:13)
      at ɵɵproperty (node_modules/@angular/core/fesm2022/core.mjs:26058:9)
      at L0SumComponent_Template (ng:/L0SumComponent.js:189:48)
      at executeTemplate (node_modules/@angular/core/fesm2022/core.mjs:12389:9)
      at refreshView (node_modules/@angular/core/fesm2022/core.mjs:14074:13)
      at detectChangesInView (node_modules/@angular/core/fesm2022/core.mjs:14294:9)
      at detectChangesInViewIfAttached (node_modules/@angular/core/fesm2022/core.mjs:14254:5)
      at detectChangesInComponent (node_modules/@angular/core/fesm2022/core.mjs:14242:5)
      at detectChangesInChildComponents (node_modules/@angular/core/fesm2022/core.mjs:14313:9)
      at refreshView (node_modules/@angular/core/fesm2022/core.mjs:14129:13)
      at detectChangesInView (node_modules/@angular/core/fesm2022/core.mjs:14294:9)
      at detectChangesInViewWhileDirty (node_modules/@angular/core/fesm2022/core.mjs:13986:9)
      at detectChangesInternal (node_modules/@angular/core/fesm2022/core.mjs:13968:9)
      at ViewRef.detectChanges (node_modules/@angular/core/fesm2022/core.mjs:14825:9)
      at node_modules/@angular/core/fesm2022/testing.mjs:292:44
      at _ZoneDelegate.invoke (node_modules/zone.js/bundles/zone.umd.js:410:32)
      at Object.onInvoke (node_modules/@angular/core/fesm2022/core.mjs:6579:33)
      at _ZoneDelegate.invoke (node_modules/zone.js/bundles/zone.umd.js:409:38)
      at ZoneImpl.run (node_modules/zone.js/bundles/zone.umd.js:145:47)
      at NgZone.run (node_modules/@angular/core/fesm2022/core.mjs:6425:28)
      at ComponentFixture.detectChanges (node_modules/@angular/core/fesm2022/testing.mjs:289:30)
      at src/app/ui/pages/studio/toolbar-dialog/l0-sum/l0-sum.component.spec.ts:63:13

PASS src/app/ui/shared/components/studio/studio.component.spec.ts
PASS src/app/ui/pages/study/study-header/study-header.component.spec.ts
PASS src/app/ui/pages/home/home.component.spec.ts
PASS src/app/ui/pages/study/tabs/sections/initialConditionModal/initialConditionModal.component.spec.ts
PASS src/app/ui/pages/studio/toolbar-dialog/field-measuring/components/temperature-calculation/temperature-calculation.component.spec.ts
PASS src/app/ui/shared/components/studio/free-positioning/free-positioning.component.spec.ts
PASS src/app/ui/pages/studio/loads/loadForms.service.spec.ts
PASS src/app/ui/pages/studio/services/plot.service.spec.ts
  ● Console

    console.error
      refreshSection error

      216 |     this.section.set(section);
      217 |     if (!this.workerPythonService.ready || !section?.cable_name) {
    > 218 |       console.error('refreshSection error');
          |               ^
      219 |       this.error.set(DataError.NO_CABLE_FOUND);
      220 |       this.loading.set(false);
      221 |       return;

      at PlotService.refreshSection (src/app/ui/pages/studio/services/plot.service.ts:218:15)
      at src/app/ui/pages/studio/services/plot.service.spec.ts:321:21
      at _ZoneDelegate.invoke (node_modules/zone.js/bundles/zone.umd.js:410:32)
      at ProxyZoneSpec.Object.<anonymous>.ProxyZoneSpec.onInvoke (node_modules/zone.js/bundles/zone-testing.umd.js:2219:43)
      at _ZoneDelegate.invoke (node_modules/zone.js/bundles/zone.umd.js:409:38)
      at ZoneImpl.run (node_modules/zone.js/bundles/zone.umd.js:145:47)
      at Object.wrappedFunc (node_modules/zone.js/bundles/zone-testing.umd.js:449:38)

    console.error
      refreshSection error

      216 |     this.section.set(section);
      217 |     if (!this.workerPythonService.ready || !section?.cable_name) {
    > 218 |       console.error('refreshSection error');
          |               ^
      219 |       this.error.set(DataError.NO_CABLE_FOUND);
      220 |       this.loading.set(false);
      221 |       return;

      at PlotService.refreshSection (src/app/ui/pages/studio/services/plot.service.ts:218:15)
      at src/app/ui/pages/studio/services/plot.service.spec.ts:331:21
      at _ZoneDelegate.invoke (node_modules/zone.js/bundles/zone.umd.js:410:32)
      at ProxyZoneSpec.Object.<anonymous>.ProxyZoneSpec.onInvoke (node_modules/zone.js/bundles/zone-testing.umd.js:2219:43)
      at _ZoneDelegate.invoke (node_modules/zone.js/bundles/zone.umd.js:409:38)
      at ZoneImpl.run (node_modules/zone.js/bundles/zone.umd.js:145:47)
      at Object.wrappedFunc (node_modules/zone.js/bundles/zone-testing.umd.js:449:38)

    console.error
      refreshSection error

      216 |     this.section.set(section);
      217 |     if (!this.workerPythonService.ready || !section?.cable_name) {
    > 218 |       console.error('refreshSection error');
          |               ^
      219 |       this.error.set(DataError.NO_CABLE_FOUND);
      220 |       this.loading.set(false);
      221 |       return;

      at PlotService.refreshSection (src/app/ui/pages/studio/services/plot.service.ts:218:15)
      at src/app/ui/pages/studio/services/plot.service.spec.ts:341:21
      at _ZoneDelegate.invoke (node_modules/zone.js/bundles/zone.umd.js:410:32)
      at ProxyZoneSpec.Object.<anonymous>.ProxyZoneSpec.onInvoke (node_modules/zone.js/bundles/zone-testing.umd.js:2219:43)
      at _ZoneDelegate.invoke (node_modules/zone.js/bundles/zone.umd.js:409:38)
      at ZoneImpl.run (node_modules/zone.js/bundles/zone.umd.js:145:47)
      at Object.wrappedFunc (node_modules/zone.js/bundles/zone-testing.umd.js:449:38)

PASS src/app/ui/shared/components/studio/section/section-plot.component.spec.ts
  ● Console

    console.warn
      The 'allowSignalWrites' flag is deprecated and no longer impacts effect() (writes are always allowed)

      82 |   constructor() {
      83 |     // Setup effect for debounced state change
    > 84 |     effect(
         |           ^
      85 |       () => {
      86 |         this.debouncedPlotState();
      87 |       },

      at effect (node_modules/@angular/core/fesm2022/core.mjs:39535:17)
      at new SectionPlotComponent (src/app/ui/shared/components/studio/section/section-plot.component.ts:84:11)
      at NodeInjectorFactory.SectionPlotComponent_Factory [as factory] (ng:/SectionPlotComponent/ɵfac.js:5:10)
      at getNodeInjectable (node_modules/@angular/core/fesm2022/core.mjs:5374:44)
      at instantiateAllDirectives (node_modules/@angular/core/fesm2022/core.mjs:12613:27)
      at createDirectivesInstances (node_modules/@angular/core/fesm2022/core.mjs:12403:5)
      at ComponentFactory2.create (node_modules/@angular/core/fesm2022/core.mjs:17950:17)
      at initComponent (node_modules/@angular/core/fesm2022/testing.mjs:2053:51)
      at _ZoneDelegate.invoke (node_modules/zone.js/bundles/zone.umd.js:410:32)
      at Object.onInvoke (node_modules/@angular/core/fesm2022/core.mjs:6579:33)
      at _ZoneDelegate.invoke (node_modules/zone.js/bundles/zone.umd.js:409:38)
      at ZoneImpl.run (node_modules/zone.js/bundles/zone.umd.js:145:47)
      at NgZone.run (node_modules/@angular/core/fesm2022/core.mjs:6425:28)
      at _TestBedImpl.createComponent (node_modules/@angular/core/fesm2022/testing.mjs:2058:41)
      at _TestBedImpl.createComponent (node_modules/@angular/core/fesm2022/testing.mjs:1844:37)
      at src/app/ui/shared/components/studio/section/section-plot.component.spec.ts:271:23

    console.warn
      The 'allowSignalWrites' flag is deprecated and no longer impacts effect() (writes are always allowed)

      82 |   constructor() {
      83 |     // Setup effect for debounced state change
    > 84 |     effect(
         |           ^
      85 |       () => {
      86 |         this.debouncedPlotState();
      87 |       },

      at effect (node_modules/@angular/core/fesm2022/core.mjs:39535:17)
      at new SectionPlotComponent (src/app/ui/shared/components/studio/section/section-plot.component.ts:84:11)
      at NodeInjectorFactory.SectionPlotComponent_Factory [as factory] (ng:/SectionPlotComponent/ɵfac.js:5:10)
      at getNodeInjectable (node_modules/@angular/core/fesm2022/core.mjs:5374:44)
      at instantiateAllDirectives (node_modules/@angular/core/fesm2022/core.mjs:12613:27)
      at createDirectivesInstances (node_modules/@angular/core/fesm2022/core.mjs:12403:5)
      at ComponentFactory2.create (node_modules/@angular/core/fesm2022/core.mjs:17950:17)
      at initComponent (node_modules/@angular/core/fesm2022/testing.mjs:2053:51)
      at _ZoneDelegate.invoke (node_modules/zone.js/bundles/zone.umd.js:410:32)
      at Object.onInvoke (node_modules/@angular/core/fesm2022/core.mjs:6579:33)
      at _ZoneDelegate.invoke (node_modules/zone.js/bundles/zone.umd.js:409:38)
      at ZoneImpl.run (node_modules/zone.js/bundles/zone.umd.js:145:47)
      at NgZone.run (node_modules/@angular/core/fesm2022/core.mjs:6425:28)
      at _TestBedImpl.createComponent (node_modules/@angular/core/fesm2022/testing.mjs:2058:41)
      at _TestBedImpl.createComponent (node_modules/@angular/core/fesm2022/testing.mjs:1844:37)
      at src/app/ui/shared/components/studio/section/section-plot.component.spec.ts:271:23

    console.warn
      The 'allowSignalWrites' flag is deprecated and no longer impacts effect() (writes are always allowed)

      82 |   constructor() {
      83 |     // Setup effect for debounced state change
    > 84 |     effect(
         |           ^
      85 |       () => {
      86 |         this.debouncedPlotState();
      87 |       },

      at effect (node_modules/@angular/core/fesm2022/core.mjs:39535:17)
      at new SectionPlotComponent (src/app/ui/shared/components/studio/section/section-plot.component.ts:84:11)
      at NodeInjectorFactory.SectionPlotComponent_Factory [as factory] (ng:/SectionPlotComponent/ɵfac.js:5:10)
      at getNodeInjectable (node_modules/@angular/core/fesm2022/core.mjs:5374:44)
      at instantiateAllDirectives (node_modules/@angular/core/fesm2022/core.mjs:12613:27)
      at createDirectivesInstances (node_modules/@angular/core/fesm2022/core.mjs:12403:5)
      at ComponentFactory2.create (node_modules/@angular/core/fesm2022/core.mjs:17950:17)
      at initComponent (node_modules/@angular/core/fesm2022/testing.mjs:2053:51)
      at _ZoneDelegate.invoke (node_modules/zone.js/bundles/zone.umd.js:410:32)
      at Object.onInvoke (node_modules/@angular/core/fesm2022/core.mjs:6579:33)
      at _ZoneDelegate.invoke (node_modules/zone.js/bundles/zone.umd.js:409:38)
      at ZoneImpl.run (node_modules/zone.js/bundles/zone.umd.js:145:47)
      at NgZone.run (node_modules/@angular/core/fesm2022/core.mjs:6425:28)
      at _TestBedImpl.createComponent (node_modules/@angular/core/fesm2022/testing.mjs:2058:41)
      at _TestBedImpl.createComponent (node_modules/@angular/core/fesm2022/testing.mjs:1844:37)
      at src/app/ui/shared/components/studio/section/section-plot.component.spec.ts:271:23

    console.warn
      The 'allowSignalWrites' flag is deprecated and no longer impacts effect() (writes are always allowed)

      82 |   constructor() {
      83 |     // Setup effect for debounced state change
    > 84 |     effect(
         |           ^
      85 |       () => {
      86 |         this.debouncedPlotState();
      87 |       },

      at effect (node_modules/@angular/core/fesm2022/core.mjs:39535:17)
      at new SectionPlotComponent (src/app/ui/shared/components/studio/section/section-plot.component.ts:84:11)
      at NodeInjectorFactory.SectionPlotComponent_Factory [as factory] (ng:/SectionPlotComponent/ɵfac.js:5:10)
      at getNodeInjectable (node_modules/@angular/core/fesm2022/core.mjs:5374:44)
      at instantiateAllDirectives (node_modules/@angular/core/fesm2022/core.mjs:12613:27)
      at createDirectivesInstances (node_modules/@angular/core/fesm2022/core.mjs:12403:5)
      at ComponentFactory2.create (node_modules/@angular/core/fesm2022/core.mjs:17950:17)
      at initComponent (node_modules/@angular/core/fesm2022/testing.mjs:2053:51)
      at _ZoneDelegate.invoke (node_modules/zone.js/bundles/zone.umd.js:410:32)
      at Object.onInvoke (node_modules/@angular/core/fesm2022/core.mjs:6579:33)
      at _ZoneDelegate.invoke (node_modules/zone.js/bundles/zone.umd.js:409:38)
      at ZoneImpl.run (node_modules/zone.js/bundles/zone.umd.js:145:47)
      at NgZone.run (node_modules/@angular/core/fesm2022/core.mjs:6425:28)
      at _TestBedImpl.createComponent (node_modules/@angular/core/fesm2022/testing.mjs:2058:41)
      at _TestBedImpl.createComponent (node_modules/@angular/core/fesm2022/testing.mjs:1844:37)
      at src/app/ui/shared/components/studio/section/section-plot.component.spec.ts:271:23

    console.warn
      The 'allowSignalWrites' flag is deprecated and no longer impacts effect() (writes are always allowed)

      82 |   constructor() {
      83 |     // Setup effect for debounced state change
    > 84 |     effect(
         |           ^
      85 |       () => {
      86 |         this.debouncedPlotState();
      87 |       },

      at effect (node_modules/@angular/core/fesm2022/core.mjs:39535:17)
      at new SectionPlotComponent (src/app/ui/shared/components/studio/section/section-plot.component.ts:84:11)
      at NodeInjectorFactory.SectionPlotComponent_Factory [as factory] (ng:/SectionPlotComponent/ɵfac.js:5:10)
      at getNodeInjectable (node_modules/@angular/core/fesm2022/core.mjs:5374:44)
      at instantiateAllDirectives (node_modules/@angular/core/fesm2022/core.mjs:12613:27)
      at createDirectivesInstances (node_modules/@angular/core/fesm2022/core.mjs:12403:5)
      at ComponentFactory2.create (node_modules/@angular/core/fesm2022/core.mjs:17950:17)
      at initComponent (node_modules/@angular/core/fesm2022/testing.mjs:2053:51)
      at _ZoneDelegate.invoke (node_modules/zone.js/bundles/zone.umd.js:410:32)
      at Object.onInvoke (node_modules/@angular/core/fesm2022/core.mjs:6579:33)
      at _ZoneDelegate.invoke (node_modules/zone.js/bundles/zone.umd.js:409:38)
      at ZoneImpl.run (node_modules/zone.js/bundles/zone.umd.js:145:47)
      at NgZone.run (node_modules/@angular/core/fesm2022/core.mjs:6425:28)
      at _TestBedImpl.createComponent (node_modules/@angular/core/fesm2022/testing.mjs:2058:41)
      at _TestBedImpl.createComponent (node_modules/@angular/core/fesm2022/testing.mjs:1844:37)
      at src/app/ui/shared/components/studio/section/section-plot.component.spec.ts:271:23

    console.warn
      The 'allowSignalWrites' flag is deprecated and no longer impacts effect() (writes are always allowed)

      82 |   constructor() {
      83 |     // Setup effect for debounced state change
    > 84 |     effect(
         |           ^
      85 |       () => {
      86 |         this.debouncedPlotState();
      87 |       },

      at effect (node_modules/@angular/core/fesm2022/core.mjs:39535:17)
      at new SectionPlotComponent (src/app/ui/shared/components/studio/section/section-plot.component.ts:84:11)
      at NodeInjectorFactory.SectionPlotComponent_Factory [as factory] (ng:/SectionPlotComponent/ɵfac.js:5:10)
      at getNodeInjectable (node_modules/@angular/core/fesm2022/core.mjs:5374:44)
      at instantiateAllDirectives (node_modules/@angular/core/fesm2022/core.mjs:12613:27)
      at createDirectivesInstances (node_modules/@angular/core/fesm2022/core.mjs:12403:5)
      at ComponentFactory2.create (node_modules/@angular/core/fesm2022/core.mjs:17950:17)
      at initComponent (node_modules/@angular/core/fesm2022/testing.mjs:2053:51)
      at _ZoneDelegate.invoke (node_modules/zone.js/bundles/zone.umd.js:410:32)
      at Object.onInvoke (node_modules/@angular/core/fesm2022/core.mjs:6579:33)
      at _ZoneDelegate.invoke (node_modules/zone.js/bundles/zone.umd.js:409:38)
      at ZoneImpl.run (node_modules/zone.js/bundles/zone.umd.js:145:47)
      at NgZone.run (node_modules/@angular/core/fesm2022/core.mjs:6425:28)
      at _TestBedImpl.createComponent (node_modules/@angular/core/fesm2022/testing.mjs:2058:41)
      at _TestBedImpl.createComponent (node_modules/@angular/core/fesm2022/testing.mjs:1844:37)
      at src/app/ui/shared/components/studio/section/section-plot.component.spec.ts:271:23

    console.warn
      The 'allowSignalWrites' flag is deprecated and no longer impacts effect() (writes are always allowed)

      82 |   constructor() {
      83 |     // Setup effect for debounced state change
    > 84 |     effect(
         |           ^
      85 |       () => {
      86 |         this.debouncedPlotState();
      87 |       },

      at effect (node_modules/@angular/core/fesm2022/core.mjs:39535:17)
      at new SectionPlotComponent (src/app/ui/shared/components/studio/section/section-plot.component.ts:84:11)
      at NodeInjectorFactory.SectionPlotComponent_Factory [as factory] (ng:/SectionPlotComponent/ɵfac.js:5:10)
      at getNodeInjectable (node_modules/@angular/core/fesm2022/core.mjs:5374:44)
      at instantiateAllDirectives (node_modules/@angular/core/fesm2022/core.mjs:12613:27)
      at createDirectivesInstances (node_modules/@angular/core/fesm2022/core.mjs:12403:5)
      at ComponentFactory2.create (node_modules/@angular/core/fesm2022/core.mjs:17950:17)
      at initComponent (node_modules/@angular/core/fesm2022/testing.mjs:2053:51)
      at _ZoneDelegate.invoke (node_modules/zone.js/bundles/zone.umd.js:410:32)
      at Object.onInvoke (node_modules/@angular/core/fesm2022/core.mjs:6579:33)
      at _ZoneDelegate.invoke (node_modules/zone.js/bundles/zone.umd.js:409:38)
      at ZoneImpl.run (node_modules/zone.js/bundles/zone.umd.js:145:47)
      at NgZone.run (node_modules/@angular/core/fesm2022/core.mjs:6425:28)
      at _TestBedImpl.createComponent (node_modules/@angular/core/fesm2022/testing.mjs:2058:41)
      at _TestBedImpl.createComponent (node_modules/@angular/core/fesm2022/testing.mjs:1844:37)
      at src/app/ui/shared/components/studio/section/section-plot.component.spec.ts:271:23

    console.warn
      The 'allowSignalWrites' flag is deprecated and no longer impacts effect() (writes are always allowed)

      82 |   constructor() {
      83 |     // Setup effect for debounced state change
    > 84 |     effect(
         |           ^
      85 |       () => {
      86 |         this.debouncedPlotState();
      87 |       },

      at effect (node_modules/@angular/core/fesm2022/core.mjs:39535:17)
      at new SectionPlotComponent (src/app/ui/shared/components/studio/section/section-plot.component.ts:84:11)
      at NodeInjectorFactory.SectionPlotComponent_Factory [as factory] (ng:/SectionPlotComponent/ɵfac.js:5:10)
      at getNodeInjectable (node_modules/@angular/core/fesm2022/core.mjs:5374:44)
      at instantiateAllDirectives (node_modules/@angular/core/fesm2022/core.mjs:12613:27)
      at createDirectivesInstances (node_modules/@angular/core/fesm2022/core.mjs:12403:5)
      at ComponentFactory2.create (node_modules/@angular/core/fesm2022/core.mjs:17950:17)
      at initComponent (node_modules/@angular/core/fesm2022/testing.mjs:2053:51)
      at _ZoneDelegate.invoke (node_modules/zone.js/bundles/zone.umd.js:410:32)
      at Object.onInvoke (node_modules/@angular/core/fesm2022/core.mjs:6579:33)
      at _ZoneDelegate.invoke (node_modules/zone.js/bundles/zone.umd.js:409:38)
      at ZoneImpl.run (node_modules/zone.js/bundles/zone.umd.js:145:47)
      at NgZone.run (node_modules/@angular/core/fesm2022/core.mjs:6425:28)
      at _TestBedImpl.createComponent (node_modules/@angular/core/fesm2022/testing.mjs:2058:41)
      at _TestBedImpl.createComponent (node_modules/@angular/core/fesm2022/testing.mjs:1844:37)
      at src/app/ui/shared/components/studio/section/section-plot.component.spec.ts:271:23

    console.warn
      The 'allowSignalWrites' flag is deprecated and no longer impacts effect() (writes are always allowed)

      82 |   constructor() {
      83 |     // Setup effect for debounced state change
    > 84 |     effect(
         |           ^
      85 |       () => {
      86 |         this.debouncedPlotState();
      87 |       },

      at effect (node_modules/@angular/core/fesm2022/core.mjs:39535:17)
      at new SectionPlotComponent (src/app/ui/shared/components/studio/section/section-plot.component.ts:84:11)
      at NodeInjectorFactory.SectionPlotComponent_Factory [as factory] (ng:/SectionPlotComponent/ɵfac.js:5:10)
      at getNodeInjectable (node_modules/@angular/core/fesm2022/core.mjs:5374:44)
      at instantiateAllDirectives (node_modules/@angular/core/fesm2022/core.mjs:12613:27)
      at createDirectivesInstances (node_modules/@angular/core/fesm2022/core.mjs:12403:5)
      at ComponentFactory2.create (node_modules/@angular/core/fesm2022/core.mjs:17950:17)
      at initComponent (node_modules/@angular/core/fesm2022/testing.mjs:2053:51)
      at _ZoneDelegate.invoke (node_modules/zone.js/bundles/zone.umd.js:410:32)
      at Object.onInvoke (node_modules/@angular/core/fesm2022/core.mjs:6579:33)
      at _ZoneDelegate.invoke (node_modules/zone.js/bundles/zone.umd.js:409:38)
      at ZoneImpl.run (node_modules/zone.js/bundles/zone.umd.js:145:47)
      at NgZone.run (node_modules/@angular/core/fesm2022/core.mjs:6425:28)
      at _TestBedImpl.createComponent (node_modules/@angular/core/fesm2022/testing.mjs:2058:41)
      at _TestBedImpl.createComponent (node_modules/@angular/core/fesm2022/testing.mjs:1844:37)
      at src/app/ui/shared/components/studio/section/section-plot.component.spec.ts:271:23

    console.warn
      The 'allowSignalWrites' flag is deprecated and no longer impacts effect() (writes are always allowed)

      82 |   constructor() {
      83 |     // Setup effect for debounced state change
    > 84 |     effect(
         |           ^
      85 |       () => {
      86 |         this.debouncedPlotState();
      87 |       },

      at effect (node_modules/@angular/core/fesm2022/core.mjs:39535:17)
      at new SectionPlotComponent (src/app/ui/shared/components/studio/section/section-plot.component.ts:84:11)
      at NodeInjectorFactory.SectionPlotComponent_Factory [as factory] (ng:/SectionPlotComponent/ɵfac.js:5:10)
      at getNodeInjectable (node_modules/@angular/core/fesm2022/core.mjs:5374:44)
      at instantiateAllDirectives (node_modules/@angular/core/fesm2022/core.mjs:12613:27)
      at createDirectivesInstances (node_modules/@angular/core/fesm2022/core.mjs:12403:5)
      at ComponentFactory2.create (node_modules/@angular/core/fesm2022/core.mjs:17950:17)
      at initComponent (node_modules/@angular/core/fesm2022/testing.mjs:2053:51)
      at _ZoneDelegate.invoke (node_modules/zone.js/bundles/zone.umd.js:410:32)
      at Object.onInvoke (node_modules/@angular/core/fesm2022/core.mjs:6579:33)
      at _ZoneDelegate.invoke (node_modules/zone.js/bundles/zone.umd.js:409:38)
      at ZoneImpl.run (node_modules/zone.js/bundles/zone.umd.js:145:47)
      at NgZone.run (node_modules/@angular/core/fesm2022/core.mjs:6425:28)
      at _TestBedImpl.createComponent (node_modules/@angular/core/fesm2022/testing.mjs:2058:41)
      at _TestBedImpl.createComponent (node_modules/@angular/core/fesm2022/testing.mjs:1844:37)
      at src/app/ui/shared/components/studio/section/section-plot.component.spec.ts:271:23

    console.warn
      The 'allowSignalWrites' flag is deprecated and no longer impacts effect() (writes are always allowed)

      82 |   constructor() {
      83 |     // Setup effect for debounced state change
    > 84 |     effect(
         |           ^
      85 |       () => {
      86 |         this.debouncedPlotState();
      87 |       },

      at effect (node_modules/@angular/core/fesm2022/core.mjs:39535:17)
      at new SectionPlotComponent (src/app/ui/shared/components/studio/section/section-plot.component.ts:84:11)
      at NodeInjectorFactory.SectionPlotComponent_Factory [as factory] (ng:/SectionPlotComponent/ɵfac.js:5:10)
      at getNodeInjectable (node_modules/@angular/core/fesm2022/core.mjs:5374:44)
      at instantiateAllDirectives (node_modules/@angular/core/fesm2022/core.mjs:12613:27)
      at createDirectivesInstances (node_modules/@angular/core/fesm2022/core.mjs:12403:5)
      at ComponentFactory2.create (node_modules/@angular/core/fesm2022/core.mjs:17950:17)
      at initComponent (node_modules/@angular/core/fesm2022/testing.mjs:2053:51)
      at _ZoneDelegate.invoke (node_modules/zone.js/bundles/zone.umd.js:410:32)
      at Object.onInvoke (node_modules/@angular/core/fesm2022/core.mjs:6579:33)
      at _ZoneDelegate.invoke (node_modules/zone.js/bundles/zone.umd.js:409:38)
      at ZoneImpl.run (node_modules/zone.js/bundles/zone.umd.js:145:47)
      at NgZone.run (node_modules/@angular/core/fesm2022/core.mjs:6425:28)
      at _TestBedImpl.createComponent (node_modules/@angular/core/fesm2022/testing.mjs:2058:41)
      at _TestBedImpl.createComponent (node_modules/@angular/core/fesm2022/testing.mjs:1844:37)
      at src/app/ui/shared/components/studio/section/section-plot.component.spec.ts:271:23

    console.warn
      The 'allowSignalWrites' flag is deprecated and no longer impacts effect() (writes are always allowed)

      82 |   constructor() {
      83 |     // Setup effect for debounced state change
    > 84 |     effect(
         |           ^
      85 |       () => {
      86 |         this.debouncedPlotState();
      87 |       },

      at effect (node_modules/@angular/core/fesm2022/core.mjs:39535:17)
      at new SectionPlotComponent (src/app/ui/shared/components/studio/section/section-plot.component.ts:84:11)
      at NodeInjectorFactory.SectionPlotComponent_Factory [as factory] (ng:/SectionPlotComponent/ɵfac.js:5:10)
      at getNodeInjectable (node_modules/@angular/core/fesm2022/core.mjs:5374:44)
      at instantiateAllDirectives (node_modules/@angular/core/fesm2022/core.mjs:12613:27)
      at createDirectivesInstances (node_modules/@angular/core/fesm2022/core.mjs:12403:5)
      at ComponentFactory2.create (node_modules/@angular/core/fesm2022/core.mjs:17950:17)
      at initComponent (node_modules/@angular/core/fesm2022/testing.mjs:2053:51)
      at _ZoneDelegate.invoke (node_modules/zone.js/bundles/zone.umd.js:410:32)
      at Object.onInvoke (node_modules/@angular/core/fesm2022/core.mjs:6579:33)
      at _ZoneDelegate.invoke (node_modules/zone.js/bundles/zone.umd.js:409:38)
      at ZoneImpl.run (node_modules/zone.js/bundles/zone.umd.js:145:47)
      at NgZone.run (node_modules/@angular/core/fesm2022/core.mjs:6425:28)
      at _TestBedImpl.createComponent (node_modules/@angular/core/fesm2022/testing.mjs:2058:41)
      at _TestBedImpl.createComponent (node_modules/@angular/core/fesm2022/testing.mjs:1844:37)
      at src/app/ui/shared/components/studio/section/section-plot.component.spec.ts:271:23

    console.warn
      The 'allowSignalWrites' flag is deprecated and no longer impacts effect() (writes are always allowed)

      82 |   constructor() {
      83 |     // Setup effect for debounced state change
    > 84 |     effect(
         |           ^
      85 |       () => {
      86 |         this.debouncedPlotState();
      87 |       },

      at effect (node_modules/@angular/core/fesm2022/core.mjs:39535:17)
      at new SectionPlotComponent (src/app/ui/shared/components/studio/section/section-plot.component.ts:84:11)
      at NodeInjectorFactory.SectionPlotComponent_Factory [as factory] (ng:/SectionPlotComponent/ɵfac.js:5:10)
      at getNodeInjectable (node_modules/@angular/core/fesm2022/core.mjs:5374:44)
      at instantiateAllDirectives (node_modules/@angular/core/fesm2022/core.mjs:12613:27)
      at createDirectivesInstances (node_modules/@angular/core/fesm2022/core.mjs:12403:5)
      at ComponentFactory2.create (node_modules/@angular/core/fesm2022/core.mjs:17950:17)
      at initComponent (node_modules/@angular/core/fesm2022/testing.mjs:2053:51)
      at _ZoneDelegate.invoke (node_modules/zone.js/bundles/zone.umd.js:410:32)
      at Object.onInvoke (node_modules/@angular/core/fesm2022/core.mjs:6579:33)
      at _ZoneDelegate.invoke (node_modules/zone.js/bundles/zone.umd.js:409:38)
      at ZoneImpl.run (node_modules/zone.js/bundles/zone.umd.js:145:47)
      at NgZone.run (node_modules/@angular/core/fesm2022/core.mjs:6425:28)
      at _TestBedImpl.createComponent (node_modules/@angular/core/fesm2022/testing.mjs:2058:41)
      at _TestBedImpl.createComponent (node_modules/@angular/core/fesm2022/testing.mjs:1844:37)
      at src/app/ui/shared/components/studio/section/section-plot.component.spec.ts:271:23

    console.warn
      The 'allowSignalWrites' flag is deprecated and no longer impacts effect() (writes are always allowed)

      82 |   constructor() {
      83 |     // Setup effect for debounced state change
    > 84 |     effect(
         |           ^
      85 |       () => {
      86 |         this.debouncedPlotState();
      87 |       },

      at effect (node_modules/@angular/core/fesm2022/core.mjs:39535:17)
      at new SectionPlotComponent (src/app/ui/shared/components/studio/section/section-plot.component.ts:84:11)
      at NodeInjectorFactory.SectionPlotComponent_Factory [as factory] (ng:/SectionPlotComponent/ɵfac.js:5:10)
      at getNodeInjectable (node_modules/@angular/core/fesm2022/core.mjs:5374:44)
      at instantiateAllDirectives (node_modules/@angular/core/fesm2022/core.mjs:12613:27)
      at createDirectivesInstances (node_modules/@angular/core/fesm2022/core.mjs:12403:5)
      at ComponentFactory2.create (node_modules/@angular/core/fesm2022/core.mjs:17950:17)
      at initComponent (node_modules/@angular/core/fesm2022/testing.mjs:2053:51)
      at _ZoneDelegate.invoke (node_modules/zone.js/bundles/zone.umd.js:410:32)
      at Object.onInvoke (node_modules/@angular/core/fesm2022/core.mjs:6579:33)
      at _ZoneDelegate.invoke (node_modules/zone.js/bundles/zone.umd.js:409:38)
      at ZoneImpl.run (node_modules/zone.js/bundles/zone.umd.js:145:47)
      at NgZone.run (node_modules/@angular/core/fesm2022/core.mjs:6425:28)
      at _TestBedImpl.createComponent (node_modules/@angular/core/fesm2022/testing.mjs:2058:41)
      at _TestBedImpl.createComponent (node_modules/@angular/core/fesm2022/testing.mjs:1844:37)
      at src/app/ui/shared/components/studio/section/section-plot.component.spec.ts:271:23

    console.warn
      The 'allowSignalWrites' flag is deprecated and no longer impacts effect() (writes are always allowed)

      82 |   constructor() {
      83 |     // Setup effect for debounced state change
    > 84 |     effect(
         |           ^
      85 |       () => {
      86 |         this.debouncedPlotState();
      87 |       },

      at effect (node_modules/@angular/core/fesm2022/core.mjs:39535:17)
      at new SectionPlotComponent (src/app/ui/shared/components/studio/section/section-plot.component.ts:84:11)
      at NodeInjectorFactory.SectionPlotComponent_Factory [as factory] (ng:/SectionPlotComponent/ɵfac.js:5:10)
      at getNodeInjectable (node_modules/@angular/core/fesm2022/core.mjs:5374:44)
      at instantiateAllDirectives (node_modules/@angular/core/fesm2022/core.mjs:12613:27)
      at createDirectivesInstances (node_modules/@angular/core/fesm2022/core.mjs:12403:5)
      at ComponentFactory2.create (node_modules/@angular/core/fesm2022/core.mjs:17950:17)
      at initComponent (node_modules/@angular/core/fesm2022/testing.mjs:2053:51)
      at _ZoneDelegate.invoke (node_modules/zone.js/bundles/zone.umd.js:410:32)
      at Object.onInvoke (node_modules/@angular/core/fesm2022/core.mjs:6579:33)
      at _ZoneDelegate.invoke (node_modules/zone.js/bundles/zone.umd.js:409:38)
      at ZoneImpl.run (node_modules/zone.js/bundles/zone.umd.js:145:47)
      at NgZone.run (node_modules/@angular/core/fesm2022/core.mjs:6425:28)
      at _TestBedImpl.createComponent (node_modules/@angular/core/fesm2022/testing.mjs:2058:41)
      at _TestBedImpl.createComponent (node_modules/@angular/core/fesm2022/testing.mjs:1844:37)
      at src/app/ui/shared/components/studio/section/section-plot.component.spec.ts:271:23

    console.warn
      The 'allowSignalWrites' flag is deprecated and no longer impacts effect() (writes are always allowed)

      82 |   constructor() {
      83 |     // Setup effect for debounced state change
    > 84 |     effect(
         |           ^
      85 |       () => {
      86 |         this.debouncedPlotState();
      87 |       },

      at effect (node_modules/@angular/core/fesm2022/core.mjs:39535:17)
      at new SectionPlotComponent (src/app/ui/shared/components/studio/section/section-plot.component.ts:84:11)
      at NodeInjectorFactory.SectionPlotComponent_Factory [as factory] (ng:/SectionPlotComponent/ɵfac.js:5:10)
      at getNodeInjectable (node_modules/@angular/core/fesm2022/core.mjs:5374:44)
      at instantiateAllDirectives (node_modules/@angular/core/fesm2022/core.mjs:12613:27)
      at createDirectivesInstances (node_modules/@angular/core/fesm2022/core.mjs:12403:5)
      at ComponentFactory2.create (node_modules/@angular/core/fesm2022/core.mjs:17950:17)
      at initComponent (node_modules/@angular/core/fesm2022/testing.mjs:2053:51)
      at _ZoneDelegate.invoke (node_modules/zone.js/bundles/zone.umd.js:410:32)
      at Object.onInvoke (node_modules/@angular/core/fesm2022/core.mjs:6579:33)
      at _ZoneDelegate.invoke (node_modules/zone.js/bundles/zone.umd.js:409:38)
      at ZoneImpl.run (node_modules/zone.js/bundles/zone.umd.js:145:47)
      at NgZone.run (node_modules/@angular/core/fesm2022/core.mjs:6425:28)
      at _TestBedImpl.createComponent (node_modules/@angular/core/fesm2022/testing.mjs:2058:41)
      at _TestBedImpl.createComponent (node_modules/@angular/core/fesm2022/testing.mjs:1844:37)
      at src/app/ui/shared/components/studio/section/section-plot.component.spec.ts:271:23

    console.warn
      The 'allowSignalWrites' flag is deprecated and no longer impacts effect() (writes are always allowed)

      82 |   constructor() {
      83 |     // Setup effect for debounced state change
    > 84 |     effect(
         |           ^
      85 |       () => {
      86 |         this.debouncedPlotState();
      87 |       },

      at effect (node_modules/@angular/core/fesm2022/core.mjs:39535:17)
      at new SectionPlotComponent (src/app/ui/shared/components/studio/section/section-plot.component.ts:84:11)
      at NodeInjectorFactory.SectionPlotComponent_Factory [as factory] (ng:/SectionPlotComponent/ɵfac.js:5:10)
      at getNodeInjectable (node_modules/@angular/core/fesm2022/core.mjs:5374:44)
      at instantiateAllDirectives (node_modules/@angular/core/fesm2022/core.mjs:12613:27)
      at createDirectivesInstances (node_modules/@angular/core/fesm2022/core.mjs:12403:5)
      at ComponentFactory2.create (node_modules/@angular/core/fesm2022/core.mjs:17950:17)
      at initComponent (node_modules/@angular/core/fesm2022/testing.mjs:2053:51)
      at _ZoneDelegate.invoke (node_modules/zone.js/bundles/zone.umd.js:410:32)
      at Object.onInvoke (node_modules/@angular/core/fesm2022/core.mjs:6579:33)
      at _ZoneDelegate.invoke (node_modules/zone.js/bundles/zone.umd.js:409:38)
      at ZoneImpl.run (node_modules/zone.js/bundles/zone.umd.js:145:47)
      at NgZone.run (node_modules/@angular/core/fesm2022/core.mjs:6425:28)
      at _TestBedImpl.createComponent (node_modules/@angular/core/fesm2022/testing.mjs:2058:41)
      at _TestBedImpl.createComponent (node_modules/@angular/core/fesm2022/testing.mjs:1844:37)
      at src/app/ui/shared/components/studio/section/section-plot.component.spec.ts:271:23

    console.warn
      The 'allowSignalWrites' flag is deprecated and no longer impacts effect() (writes are always allowed)

      82 |   constructor() {
      83 |     // Setup effect for debounced state change
    > 84 |     effect(
         |           ^
      85 |       () => {
      86 |         this.debouncedPlotState();
      87 |       },

      at effect (node_modules/@angular/core/fesm2022/core.mjs:39535:17)
      at new SectionPlotComponent (src/app/ui/shared/components/studio/section/section-plot.component.ts:84:11)
      at NodeInjectorFactory.SectionPlotComponent_Factory [as factory] (ng:/SectionPlotComponent/ɵfac.js:5:10)
      at getNodeInjectable (node_modules/@angular/core/fesm2022/core.mjs:5374:44)
      at instantiateAllDirectives (node_modules/@angular/core/fesm2022/core.mjs:12613:27)
      at createDirectivesInstances (node_modules/@angular/core/fesm2022/core.mjs:12403:5)
      at ComponentFactory2.create (node_modules/@angular/core/fesm2022/core.mjs:17950:17)
      at initComponent (node_modules/@angular/core/fesm2022/testing.mjs:2053:51)
      at _ZoneDelegate.invoke (node_modules/zone.js/bundles/zone.umd.js:410:32)
      at Object.onInvoke (node_modules/@angular/core/fesm2022/core.mjs:6579:33)
      at _ZoneDelegate.invoke (node_modules/zone.js/bundles/zone.umd.js:409:38)
      at ZoneImpl.run (node_modules/zone.js/bundles/zone.umd.js:145:47)
      at NgZone.run (node_modules/@angular/core/fesm2022/core.mjs:6425:28)
      at _TestBedImpl.createComponent (node_modules/@angular/core/fesm2022/testing.mjs:2058:41)
      at _TestBedImpl.createComponent (node_modules/@angular/core/fesm2022/testing.mjs:1844:37)
      at src/app/ui/shared/components/studio/section/section-plot.component.spec.ts:271:23

    console.warn
      The 'allowSignalWrites' flag is deprecated and no longer impacts effect() (writes are always allowed)

      82 |   constructor() {
      83 |     // Setup effect for debounced state change
    > 84 |     effect(
         |           ^
      85 |       () => {
      86 |         this.debouncedPlotState();
      87 |       },

      at effect (node_modules/@angular/core/fesm2022/core.mjs:39535:17)
      at new SectionPlotComponent (src/app/ui/shared/components/studio/section/section-plot.component.ts:84:11)
      at NodeInjectorFactory.SectionPlotComponent_Factory [as factory] (ng:/SectionPlotComponent/ɵfac.js:5:10)
      at getNodeInjectable (node_modules/@angular/core/fesm2022/core.mjs:5374:44)
      at instantiateAllDirectives (node_modules/@angular/core/fesm2022/core.mjs:12613:27)
      at createDirectivesInstances (node_modules/@angular/core/fesm2022/core.mjs:12403:5)
      at ComponentFactory2.create (node_modules/@angular/core/fesm2022/core.mjs:17950:17)
      at initComponent (node_modules/@angular/core/fesm2022/testing.mjs:2053:51)
      at _ZoneDelegate.invoke (node_modules/zone.js/bundles/zone.umd.js:410:32)
      at Object.onInvoke (node_modules/@angular/core/fesm2022/core.mjs:6579:33)
      at _ZoneDelegate.invoke (node_modules/zone.js/bundles/zone.umd.js:409:38)
      at ZoneImpl.run (node_modules/zone.js/bundles/zone.umd.js:145:47)
      at NgZone.run (node_modules/@angular/core/fesm2022/core.mjs:6425:28)
      at _TestBedImpl.createComponent (node_modules/@angular/core/fesm2022/testing.mjs:2058:41)
      at _TestBedImpl.createComponent (node_modules/@angular/core/fesm2022/testing.mjs:1844:37)
      at src/app/ui/shared/components/studio/section/section-plot.component.spec.ts:271:23

    console.warn
      The 'allowSignalWrites' flag is deprecated and no longer impacts effect() (writes are always allowed)

      82 |   constructor() {
      83 |     // Setup effect for debounced state change
    > 84 |     effect(
         |           ^
      85 |       () => {
      86 |         this.debouncedPlotState();
      87 |       },

      at effect (node_modules/@angular/core/fesm2022/core.mjs:39535:17)
      at new SectionPlotComponent (src/app/ui/shared/components/studio/section/section-plot.component.ts:84:11)
      at NodeInjectorFactory.SectionPlotComponent_Factory [as factory] (ng:/SectionPlotComponent/ɵfac.js:5:10)
      at getNodeInjectable (node_modules/@angular/core/fesm2022/core.mjs:5374:44)
      at instantiateAllDirectives (node_modules/@angular/core/fesm2022/core.mjs:12613:27)
      at createDirectivesInstances (node_modules/@angular/core/fesm2022/core.mjs:12403:5)
      at ComponentFactory2.create (node_modules/@angular/core/fesm2022/core.mjs:17950:17)
      at initComponent (node_modules/@angular/core/fesm2022/testing.mjs:2053:51)
      at _ZoneDelegate.invoke (node_modules/zone.js/bundles/zone.umd.js:410:32)
      at Object.onInvoke (node_modules/@angular/core/fesm2022/core.mjs:6579:33)
      at _ZoneDelegate.invoke (node_modules/zone.js/bundles/zone.umd.js:409:38)
      at ZoneImpl.run (node_modules/zone.js/bundles/zone.umd.js:145:47)
      at NgZone.run (node_modules/@angular/core/fesm2022/core.mjs:6425:28)
      at _TestBedImpl.createComponent (node_modules/@angular/core/fesm2022/testing.mjs:2058:41)
      at _TestBedImpl.createComponent (node_modules/@angular/core/fesm2022/testing.mjs:1844:37)
      at src/app/ui/shared/components/studio/section/section-plot.component.spec.ts:271:23

    console.warn
      The 'allowSignalWrites' flag is deprecated and no longer impacts effect() (writes are always allowed)

      82 |   constructor() {
      83 |     // Setup effect for debounced state change
    > 84 |     effect(
         |           ^
      85 |       () => {
      86 |         this.debouncedPlotState();
      87 |       },

      at effect (node_modules/@angular/core/fesm2022/core.mjs:39535:17)
      at new SectionPlotComponent (src/app/ui/shared/components/studio/section/section-plot.component.ts:84:11)
      at NodeInjectorFactory.SectionPlotComponent_Factory [as factory] (ng:/SectionPlotComponent/ɵfac.js:5:10)
      at getNodeInjectable (node_modules/@angular/core/fesm2022/core.mjs:5374:44)
      at instantiateAllDirectives (node_modules/@angular/core/fesm2022/core.mjs:12613:27)
      at createDirectivesInstances (node_modules/@angular/core/fesm2022/core.mjs:12403:5)
      at ComponentFactory2.create (node_modules/@angular/core/fesm2022/core.mjs:17950:17)
      at initComponent (node_modules/@angular/core/fesm2022/testing.mjs:2053:51)
      at _ZoneDelegate.invoke (node_modules/zone.js/bundles/zone.umd.js:410:32)
      at Object.onInvoke (node_modules/@angular/core/fesm2022/core.mjs:6579:33)
      at _ZoneDelegate.invoke (node_modules/zone.js/bundles/zone.umd.js:409:38)
      at ZoneImpl.run (node_modules/zone.js/bundles/zone.umd.js:145:47)
      at NgZone.run (node_modules/@angular/core/fesm2022/core.mjs:6425:28)
      at _TestBedImpl.createComponent (node_modules/@angular/core/fesm2022/testing.mjs:2058:41)
      at _TestBedImpl.createComponent (node_modules/@angular/core/fesm2022/testing.mjs:1844:37)
      at src/app/ui/shared/components/studio/section/section-plot.component.spec.ts:271:23

    console.warn
      The 'allowSignalWrites' flag is deprecated and no longer impacts effect() (writes are always allowed)

      82 |   constructor() {
      83 |     // Setup effect for debounced state change
    > 84 |     effect(
         |           ^
      85 |       () => {
      86 |         this.debouncedPlotState();
      87 |       },

      at effect (node_modules/@angular/core/fesm2022/core.mjs:39535:17)
      at new SectionPlotComponent (src/app/ui/shared/components/studio/section/section-plot.component.ts:84:11)
      at NodeInjectorFactory.SectionPlotComponent_Factory [as factory] (ng:/SectionPlotComponent/ɵfac.js:5:10)
      at getNodeInjectable (node_modules/@angular/core/fesm2022/core.mjs:5374:44)
      at instantiateAllDirectives (node_modules/@angular/core/fesm2022/core.mjs:12613:27)
      at createDirectivesInstances (node_modules/@angular/core/fesm2022/core.mjs:12403:5)
      at ComponentFactory2.create (node_modules/@angular/core/fesm2022/core.mjs:17950:17)
      at initComponent (node_modules/@angular/core/fesm2022/testing.mjs:2053:51)
      at _ZoneDelegate.invoke (node_modules/zone.js/bundles/zone.umd.js:410:32)
      at Object.onInvoke (node_modules/@angular/core/fesm2022/core.mjs:6579:33)
      at _ZoneDelegate.invoke (node_modules/zone.js/bundles/zone.umd.js:409:38)
      at ZoneImpl.run (node_modules/zone.js/bundles/zone.umd.js:145:47)
      at NgZone.run (node_modules/@angular/core/fesm2022/core.mjs:6425:28)
      at _TestBedImpl.createComponent (node_modules/@angular/core/fesm2022/testing.mjs:2058:41)
      at _TestBedImpl.createComponent (node_modules/@angular/core/fesm2022/testing.mjs:1844:37)
      at src/app/ui/shared/components/studio/section/section-plot.component.spec.ts:271:23

    console.warn
      The 'allowSignalWrites' flag is deprecated and no longer impacts effect() (writes are always allowed)

      82 |   constructor() {
      83 |     // Setup effect for debounced state change
    > 84 |     effect(
         |           ^
      85 |       () => {
      86 |         this.debouncedPlotState();
      87 |       },

      at effect (node_modules/@angular/core/fesm2022/core.mjs:39535:17)
      at new SectionPlotComponent (src/app/ui/shared/components/studio/section/section-plot.component.ts:84:11)
      at NodeInjectorFactory.SectionPlotComponent_Factory [as factory] (ng:/SectionPlotComponent/ɵfac.js:5:10)
      at getNodeInjectable (node_modules/@angular/core/fesm2022/core.mjs:5374:44)
      at instantiateAllDirectives (node_modules/@angular/core/fesm2022/core.mjs:12613:27)
      at createDirectivesInstances (node_modules/@angular/core/fesm2022/core.mjs:12403:5)
      at ComponentFactory2.create (node_modules/@angular/core/fesm2022/core.mjs:17950:17)
      at initComponent (node_modules/@angular/core/fesm2022/testing.mjs:2053:51)
      at _ZoneDelegate.invoke (node_modules/zone.js/bundles/zone.umd.js:410:32)
      at Object.onInvoke (node_modules/@angular/core/fesm2022/core.mjs:6579:33)
      at _ZoneDelegate.invoke (node_modules/zone.js/bundles/zone.umd.js:409:38)
      at ZoneImpl.run (node_modules/zone.js/bundles/zone.umd.js:145:47)
      at NgZone.run (node_modules/@angular/core/fesm2022/core.mjs:6425:28)
      at _TestBedImpl.createComponent (node_modules/@angular/core/fesm2022/testing.mjs:2058:41)
      at _TestBedImpl.createComponent (node_modules/@angular/core/fesm2022/testing.mjs:1844:37)
      at src/app/ui/shared/components/studio/section/section-plot.component.spec.ts:271:23

    console.warn
      The 'allowSignalWrites' flag is deprecated and no longer impacts effect() (writes are always allowed)

      82 |   constructor() {
      83 |     // Setup effect for debounced state change
    > 84 |     effect(
         |           ^
      85 |       () => {
      86 |         this.debouncedPlotState();
      87 |       },

      at effect (node_modules/@angular/core/fesm2022/core.mjs:39535:17)
      at new SectionPlotComponent (src/app/ui/shared/components/studio/section/section-plot.component.ts:84:11)
      at NodeInjectorFactory.SectionPlotComponent_Factory [as factory] (ng:/SectionPlotComponent/ɵfac.js:5:10)
      at getNodeInjectable (node_modules/@angular/core/fesm2022/core.mjs:5374:44)
      at instantiateAllDirectives (node_modules/@angular/core/fesm2022/core.mjs:12613:27)
      at createDirectivesInstances (node_modules/@angular/core/fesm2022/core.mjs:12403:5)
      at ComponentFactory2.create (node_modules/@angular/core/fesm2022/core.mjs:17950:17)
      at initComponent (node_modules/@angular/core/fesm2022/testing.mjs:2053:51)
      at _ZoneDelegate.invoke (node_modules/zone.js/bundles/zone.umd.js:410:32)
      at Object.onInvoke (node_modules/@angular/core/fesm2022/core.mjs:6579:33)
      at _ZoneDelegate.invoke (node_modules/zone.js/bundles/zone.umd.js:409:38)
      at ZoneImpl.run (node_modules/zone.js/bundles/zone.umd.js:145:47)
      at NgZone.run (node_modules/@angular/core/fesm2022/core.mjs:6425:28)
      at _TestBedImpl.createComponent (node_modules/@angular/core/fesm2022/testing.mjs:2058:41)
      at _TestBedImpl.createComponent (node_modules/@angular/core/fesm2022/testing.mjs:1844:37)
      at src/app/ui/shared/components/studio/section/section-plot.component.spec.ts:271:23

    console.warn
      The 'allowSignalWrites' flag is deprecated and no longer impacts effect() (writes are always allowed)

      82 |   constructor() {
      83 |     // Setup effect for debounced state change
    > 84 |     effect(
         |           ^
      85 |       () => {
      86 |         this.debouncedPlotState();
      87 |       },

      at effect (node_modules/@angular/core/fesm2022/core.mjs:39535:17)
      at new SectionPlotComponent (src/app/ui/shared/components/studio/section/section-plot.component.ts:84:11)
      at NodeInjectorFactory.SectionPlotComponent_Factory [as factory] (ng:/SectionPlotComponent/ɵfac.js:5:10)
      at getNodeInjectable (node_modules/@angular/core/fesm2022/core.mjs:5374:44)
      at instantiateAllDirectives (node_modules/@angular/core/fesm2022/core.mjs:12613:27)
      at createDirectivesInstances (node_modules/@angular/core/fesm2022/core.mjs:12403:5)
      at ComponentFactory2.create (node_modules/@angular/core/fesm2022/core.mjs:17950:17)
      at initComponent (node_modules/@angular/core/fesm2022/testing.mjs:2053:51)
      at _ZoneDelegate.invoke (node_modules/zone.js/bundles/zone.umd.js:410:32)
      at Object.onInvoke (node_modules/@angular/core/fesm2022/core.mjs:6579:33)
      at _ZoneDelegate.invoke (node_modules/zone.js/bundles/zone.umd.js:409:38)
      at ZoneImpl.run (node_modules/zone.js/bundles/zone.umd.js:145:47)
      at NgZone.run (node_modules/@angular/core/fesm2022/core.mjs:6425:28)
      at _TestBedImpl.createComponent (node_modules/@angular/core/fesm2022/testing.mjs:2058:41)
      at _TestBedImpl.createComponent (node_modules/@angular/core/fesm2022/testing.mjs:1844:37)
      at src/app/ui/shared/components/studio/section/section-plot.component.spec.ts:271:23

    console.warn
      The 'allowSignalWrites' flag is deprecated and no longer impacts effect() (writes are always allowed)

      82 |   constructor() {
      83 |     // Setup effect for debounced state change
    > 84 |     effect(
         |           ^
      85 |       () => {
      86 |         this.debouncedPlotState();
      87 |       },

      at effect (node_modules/@angular/core/fesm2022/core.mjs:39535:17)
      at new SectionPlotComponent (src/app/ui/shared/components/studio/section/section-plot.component.ts:84:11)
      at NodeInjectorFactory.SectionPlotComponent_Factory [as factory] (ng:/SectionPlotComponent/ɵfac.js:5:10)
      at getNodeInjectable (node_modules/@angular/core/fesm2022/core.mjs:5374:44)
      at instantiateAllDirectives (node_modules/@angular/core/fesm2022/core.mjs:12613:27)
      at createDirectivesInstances (node_modules/@angular/core/fesm2022/core.mjs:12403:5)
      at ComponentFactory2.create (node_modules/@angular/core/fesm2022/core.mjs:17950:17)
      at initComponent (node_modules/@angular/core/fesm2022/testing.mjs:2053:51)
      at _ZoneDelegate.invoke (node_modules/zone.js/bundles/zone.umd.js:410:32)
      at Object.onInvoke (node_modules/@angular/core/fesm2022/core.mjs:6579:33)
      at _ZoneDelegate.invoke (node_modules/zone.js/bundles/zone.umd.js:409:38)
      at ZoneImpl.run (node_modules/zone.js/bundles/zone.umd.js:145:47)
      at NgZone.run (node_modules/@angular/core/fesm2022/core.mjs:6425:28)
      at _TestBedImpl.createComponent (node_modules/@angular/core/fesm2022/testing.mjs:2058:41)
      at _TestBedImpl.createComponent (node_modules/@angular/core/fesm2022/testing.mjs:1844:37)
      at src/app/ui/shared/components/studio/section/section-plot.component.spec.ts:271:23

    console.warn
      The 'allowSignalWrites' flag is deprecated and no longer impacts effect() (writes are always allowed)

      82 |   constructor() {
      83 |     // Setup effect for debounced state change
    > 84 |     effect(
         |           ^
      85 |       () => {
      86 |         this.debouncedPlotState();
      87 |       },

      at effect (node_modules/@angular/core/fesm2022/core.mjs:39535:17)
      at new SectionPlotComponent (src/app/ui/shared/components/studio/section/section-plot.component.ts:84:11)
      at NodeInjectorFactory.SectionPlotComponent_Factory [as factory] (ng:/SectionPlotComponent/ɵfac.js:5:10)
      at getNodeInjectable (node_modules/@angular/core/fesm2022/core.mjs:5374:44)
      at instantiateAllDirectives (node_modules/@angular/core/fesm2022/core.mjs:12613:27)
      at createDirectivesInstances (node_modules/@angular/core/fesm2022/core.mjs:12403:5)
      at ComponentFactory2.create (node_modules/@angular/core/fesm2022/core.mjs:17950:17)
      at initComponent (node_modules/@angular/core/fesm2022/testing.mjs:2053:51)
      at _ZoneDelegate.invoke (node_modules/zone.js/bundles/zone.umd.js:410:32)
      at Object.onInvoke (node_modules/@angular/core/fesm2022/core.mjs:6579:33)
      at _ZoneDelegate.invoke (node_modules/zone.js/bundles/zone.umd.js:409:38)
      at ZoneImpl.run (node_modules/zone.js/bundles/zone.umd.js:145:47)
      at NgZone.run (node_modules/@angular/core/fesm2022/core.mjs:6425:28)
      at _TestBedImpl.createComponent (node_modules/@angular/core/fesm2022/testing.mjs:2058:41)
      at _TestBedImpl.createComponent (node_modules/@angular/core/fesm2022/testing.mjs:1844:37)
      at src/app/ui/shared/components/studio/section/section-plot.component.spec.ts:271:23

    console.warn
      The 'allowSignalWrites' flag is deprecated and no longer impacts effect() (writes are always allowed)

      82 |   constructor() {
      83 |     // Setup effect for debounced state change
    > 84 |     effect(
         |           ^
      85 |       () => {
      86 |         this.debouncedPlotState();
      87 |       },

      at effect (node_modules/@angular/core/fesm2022/core.mjs:39535:17)
      at new SectionPlotComponent (src/app/ui/shared/components/studio/section/section-plot.component.ts:84:11)
      at NodeInjectorFactory.SectionPlotComponent_Factory [as factory] (ng:/SectionPlotComponent/ɵfac.js:5:10)
      at getNodeInjectable (node_modules/@angular/core/fesm2022/core.mjs:5374:44)
      at instantiateAllDirectives (node_modules/@angular/core/fesm2022/core.mjs:12613:27)
      at createDirectivesInstances (node_modules/@angular/core/fesm2022/core.mjs:12403:5)
      at ComponentFactory2.create (node_modules/@angular/core/fesm2022/core.mjs:17950:17)
      at initComponent (node_modules/@angular/core/fesm2022/testing.mjs:2053:51)
      at _ZoneDelegate.invoke (node_modules/zone.js/bundles/zone.umd.js:410:32)
      at Object.onInvoke (node_modules/@angular/core/fesm2022/core.mjs:6579:33)
      at _ZoneDelegate.invoke (node_modules/zone.js/bundles/zone.umd.js:409:38)
      at ZoneImpl.run (node_modules/zone.js/bundles/zone.umd.js:145:47)
      at NgZone.run (node_modules/@angular/core/fesm2022/core.mjs:6425:28)
      at _TestBedImpl.createComponent (node_modules/@angular/core/fesm2022/testing.mjs:2058:41)
      at _TestBedImpl.createComponent (node_modules/@angular/core/fesm2022/testing.mjs:1844:37)
      at src/app/ui/shared/components/studio/section/section-plot.component.spec.ts:271:23

    console.warn
      The 'allowSignalWrites' flag is deprecated and no longer impacts effect() (writes are always allowed)

      82 |   constructor() {
      83 |     // Setup effect for debounced state change
    > 84 |     effect(
         |           ^
      85 |       () => {
      86 |         this.debouncedPlotState();
      87 |       },

      at effect (node_modules/@angular/core/fesm2022/core.mjs:39535:17)
      at new SectionPlotComponent (src/app/ui/shared/components/studio/section/section-plot.component.ts:84:11)
      at NodeInjectorFactory.SectionPlotComponent_Factory [as factory] (ng:/SectionPlotComponent/ɵfac.js:5:10)
      at getNodeInjectable (node_modules/@angular/core/fesm2022/core.mjs:5374:44)
      at instantiateAllDirectives (node_modules/@angular/core/fesm2022/core.mjs:12613:27)
      at createDirectivesInstances (node_modules/@angular/core/fesm2022/core.mjs:12403:5)
      at ComponentFactory2.create (node_modules/@angular/core/fesm2022/core.mjs:17950:17)
      at initComponent (node_modules/@angular/core/fesm2022/testing.mjs:2053:51)
      at _ZoneDelegate.invoke (node_modules/zone.js/bundles/zone.umd.js:410:32)
      at Object.onInvoke (node_modules/@angular/core/fesm2022/core.mjs:6579:33)
      at _ZoneDelegate.invoke (node_modules/zone.js/bundles/zone.umd.js:409:38)
      at ZoneImpl.run (node_modules/zone.js/bundles/zone.umd.js:145:47)
      at NgZone.run (node_modules/@angular/core/fesm2022/core.mjs:6425:28)
      at _TestBedImpl.createComponent (node_modules/@angular/core/fesm2022/testing.mjs:2058:41)
      at _TestBedImpl.createComponent (node_modules/@angular/core/fesm2022/testing.mjs:1844:37)
      at src/app/ui/shared/components/studio/section/section-plot.component.spec.ts:271:23

    console.warn
      The 'allowSignalWrites' flag is deprecated and no longer impacts effect() (writes are always allowed)

      82 |   constructor() {
      83 |     // Setup effect for debounced state change
    > 84 |     effect(
         |           ^
      85 |       () => {
      86 |         this.debouncedPlotState();
      87 |       },

      at effect (node_modules/@angular/core/fesm2022/core.mjs:39535:17)
      at new SectionPlotComponent (src/app/ui/shared/components/studio/section/section-plot.component.ts:84:11)
      at NodeInjectorFactory.SectionPlotComponent_Factory [as factory] (ng:/SectionPlotComponent/ɵfac.js:5:10)
      at getNodeInjectable (node_modules/@angular/core/fesm2022/core.mjs:5374:44)
      at instantiateAllDirectives (node_modules/@angular/core/fesm2022/core.mjs:12613:27)
      at createDirectivesInstances (node_modules/@angular/core/fesm2022/core.mjs:12403:5)
      at ComponentFactory2.create (node_modules/@angular/core/fesm2022/core.mjs:17950:17)
      at initComponent (node_modules/@angular/core/fesm2022/testing.mjs:2053:51)
      at _ZoneDelegate.invoke (node_modules/zone.js/bundles/zone.umd.js:410:32)
      at Object.onInvoke (node_modules/@angular/core/fesm2022/core.mjs:6579:33)
      at _ZoneDelegate.invoke (node_modules/zone.js/bundles/zone.umd.js:409:38)
      at ZoneImpl.run (node_modules/zone.js/bundles/zone.umd.js:145:47)
      at NgZone.run (node_modules/@angular/core/fesm2022/core.mjs:6425:28)
      at _TestBedImpl.createComponent (node_modules/@angular/core/fesm2022/testing.mjs:2058:41)
      at _TestBedImpl.createComponent (node_modules/@angular/core/fesm2022/testing.mjs:1844:37)
      at src/app/ui/shared/components/studio/section/section-plot.component.spec.ts:271:23

    console.warn
      The 'allowSignalWrites' flag is deprecated and no longer impacts effect() (writes are always allowed)

      82 |   constructor() {
      83 |     // Setup effect for debounced state change
    > 84 |     effect(
         |           ^
      85 |       () => {
      86 |         this.debouncedPlotState();
      87 |       },

      at effect (node_modules/@angular/core/fesm2022/core.mjs:39535:17)
      at new SectionPlotComponent (src/app/ui/shared/components/studio/section/section-plot.component.ts:84:11)
      at NodeInjectorFactory.SectionPlotComponent_Factory [as factory] (ng:/SectionPlotComponent/ɵfac.js:5:10)
      at getNodeInjectable (node_modules/@angular/core/fesm2022/core.mjs:5374:44)
      at instantiateAllDirectives (node_modules/@angular/core/fesm2022/core.mjs:12613:27)
      at createDirectivesInstances (node_modules/@angular/core/fesm2022/core.mjs:12403:5)
      at ComponentFactory2.create (node_modules/@angular/core/fesm2022/core.mjs:17950:17)
      at initComponent (node_modules/@angular/core/fesm2022/testing.mjs:2053:51)
      at _ZoneDelegate.invoke (node_modules/zone.js/bundles/zone.umd.js:410:32)
      at Object.onInvoke (node_modules/@angular/core/fesm2022/core.mjs:6579:33)
      at _ZoneDelegate.invoke (node_modules/zone.js/bundles/zone.umd.js:409:38)
      at ZoneImpl.run (node_modules/zone.js/bundles/zone.umd.js:145:47)
      at NgZone.run (node_modules/@angular/core/fesm2022/core.mjs:6425:28)
      at _TestBedImpl.createComponent (node_modules/@angular/core/fesm2022/testing.mjs:2058:41)
      at _TestBedImpl.createComponent (node_modules/@angular/core/fesm2022/testing.mjs:1844:37)
      at src/app/ui/shared/components/studio/section/section-plot.component.spec.ts:271:23

    console.warn
      The 'allowSignalWrites' flag is deprecated and no longer impacts effect() (writes are always allowed)

      82 |   constructor() {
      83 |     // Setup effect for debounced state change
    > 84 |     effect(
         |           ^
      85 |       () => {
      86 |         this.debouncedPlotState();
      87 |       },

      at effect (node_modules/@angular/core/fesm2022/core.mjs:39535:17)
      at new SectionPlotComponent (src/app/ui/shared/components/studio/section/section-plot.component.ts:84:11)
      at NodeInjectorFactory.SectionPlotComponent_Factory [as factory] (ng:/SectionPlotComponent/ɵfac.js:5:10)
      at getNodeInjectable (node_modules/@angular/core/fesm2022/core.mjs:5374:44)
      at instantiateAllDirectives (node_modules/@angular/core/fesm2022/core.mjs:12613:27)
      at createDirectivesInstances (node_modules/@angular/core/fesm2022/core.mjs:12403:5)
      at ComponentFactory2.create (node_modules/@angular/core/fesm2022/core.mjs:17950:17)
      at initComponent (node_modules/@angular/core/fesm2022/testing.mjs:2053:51)
      at _ZoneDelegate.invoke (node_modules/zone.js/bundles/zone.umd.js:410:32)
      at Object.onInvoke (node_modules/@angular/core/fesm2022/core.mjs:6579:33)
      at _ZoneDelegate.invoke (node_modules/zone.js/bundles/zone.umd.js:409:38)
      at ZoneImpl.run (node_modules/zone.js/bundles/zone.umd.js:145:47)
      at NgZone.run (node_modules/@angular/core/fesm2022/core.mjs:6425:28)
      at _TestBedImpl.createComponent (node_modules/@angular/core/fesm2022/testing.mjs:2058:41)
      at _TestBedImpl.createComponent (node_modules/@angular/core/fesm2022/testing.mjs:1844:37)
      at src/app/ui/shared/components/studio/section/section-plot.component.spec.ts:271:23

    console.warn
      The 'allowSignalWrites' flag is deprecated and no longer impacts effect() (writes are always allowed)

      82 |   constructor() {
      83 |     // Setup effect for debounced state change
    > 84 |     effect(
         |           ^
      85 |       () => {
      86 |         this.debouncedPlotState();
      87 |       },

      at effect (node_modules/@angular/core/fesm2022/core.mjs:39535:17)
      at new SectionPlotComponent (src/app/ui/shared/components/studio/section/section-plot.component.ts:84:11)
      at NodeInjectorFactory.SectionPlotComponent_Factory [as factory] (ng:/SectionPlotComponent/ɵfac.js:5:10)
      at getNodeInjectable (node_modules/@angular/core/fesm2022/core.mjs:5374:44)
      at instantiateAllDirectives (node_modules/@angular/core/fesm2022/core.mjs:12613:27)
      at createDirectivesInstances (node_modules/@angular/core/fesm2022/core.mjs:12403:5)
      at ComponentFactory2.create (node_modules/@angular/core/fesm2022/core.mjs:17950:17)
      at initComponent (node_modules/@angular/core/fesm2022/testing.mjs:2053:51)
      at _ZoneDelegate.invoke (node_modules/zone.js/bundles/zone.umd.js:410:32)
      at Object.onInvoke (node_modules/@angular/core/fesm2022/core.mjs:6579:33)
      at _ZoneDelegate.invoke (node_modules/zone.js/bundles/zone.umd.js:409:38)
      at ZoneImpl.run (node_modules/zone.js/bundles/zone.umd.js:145:47)
      at NgZone.run (node_modules/@angular/core/fesm2022/core.mjs:6425:28)
      at _TestBedImpl.createComponent (node_modules/@angular/core/fesm2022/testing.mjs:2058:41)
      at _TestBedImpl.createComponent (node_modules/@angular/core/fesm2022/testing.mjs:1844:37)
      at src/app/ui/shared/components/studio/section/section-plot.component.spec.ts:271:23

    console.warn
      The 'allowSignalWrites' flag is deprecated and no longer impacts effect() (writes are always allowed)

      82 |   constructor() {
      83 |     // Setup effect for debounced state change
    > 84 |     effect(
         |           ^
      85 |       () => {
      86 |         this.debouncedPlotState();
      87 |       },

      at effect (node_modules/@angular/core/fesm2022/core.mjs:39535:17)
      at new SectionPlotComponent (src/app/ui/shared/components/studio/section/section-plot.component.ts:84:11)
      at NodeInjectorFactory.SectionPlotComponent_Factory [as factory] (ng:/SectionPlotComponent/ɵfac.js:5:10)
      at getNodeInjectable (node_modules/@angular/core/fesm2022/core.mjs:5374:44)
      at instantiateAllDirectives (node_modules/@angular/core/fesm2022/core.mjs:12613:27)
      at createDirectivesInstances (node_modules/@angular/core/fesm2022/core.mjs:12403:5)
      at ComponentFactory2.create (node_modules/@angular/core/fesm2022/core.mjs:17950:17)
      at initComponent (node_modules/@angular/core/fesm2022/testing.mjs:2053:51)
      at _ZoneDelegate.invoke (node_modules/zone.js/bundles/zone.umd.js:410:32)
      at Object.onInvoke (node_modules/@angular/core/fesm2022/core.mjs:6579:33)
      at _ZoneDelegate.invoke (node_modules/zone.js/bundles/zone.umd.js:409:38)
      at ZoneImpl.run (node_modules/zone.js/bundles/zone.umd.js:145:47)
      at NgZone.run (node_modules/@angular/core/fesm2022/core.mjs:6425:28)
      at _TestBedImpl.createComponent (node_modules/@angular/core/fesm2022/testing.mjs:2058:41)
      at _TestBedImpl.createComponent (node_modules/@angular/core/fesm2022/testing.mjs:1844:37)
      at src/app/ui/shared/components/studio/section/section-plot.component.spec.ts:271:23

    console.warn
      The 'allowSignalWrites' flag is deprecated and no longer impacts effect() (writes are always allowed)

      82 |   constructor() {
      83 |     // Setup effect for debounced state change
    > 84 |     effect(
         |           ^
      85 |       () => {
      86 |         this.debouncedPlotState();
      87 |       },

      at effect (node_modules/@angular/core/fesm2022/core.mjs:39535:17)
      at new SectionPlotComponent (src/app/ui/shared/components/studio/section/section-plot.component.ts:84:11)
      at NodeInjectorFactory.SectionPlotComponent_Factory [as factory] (ng:/SectionPlotComponent/ɵfac.js:5:10)
      at getNodeInjectable (node_modules/@angular/core/fesm2022/core.mjs:5374:44)
      at instantiateAllDirectives (node_modules/@angular/core/fesm2022/core.mjs:12613:27)
      at createDirectivesInstances (node_modules/@angular/core/fesm2022/core.mjs:12403:5)
      at ComponentFactory2.create (node_modules/@angular/core/fesm2022/core.mjs:17950:17)
      at initComponent (node_modules/@angular/core/fesm2022/testing.mjs:2053:51)
      at _ZoneDelegate.invoke (node_modules/zone.js/bundles/zone.umd.js:410:32)
      at Object.onInvoke (node_modules/@angular/core/fesm2022/core.mjs:6579:33)
      at _ZoneDelegate.invoke (node_modules/zone.js/bundles/zone.umd.js:409:38)
      at ZoneImpl.run (node_modules/zone.js/bundles/zone.umd.js:145:47)
      at NgZone.run (node_modules/@angular/core/fesm2022/core.mjs:6425:28)
      at _TestBedImpl.createComponent (node_modules/@angular/core/fesm2022/testing.mjs:2058:41)
      at _TestBedImpl.createComponent (node_modules/@angular/core/fesm2022/testing.mjs:1844:37)
      at src/app/ui/shared/components/studio/section/section-plot.component.spec.ts:271:23

    console.warn
      The 'allowSignalWrites' flag is deprecated and no longer impacts effect() (writes are always allowed)

      82 |   constructor() {
      83 |     // Setup effect for debounced state change
    > 84 |     effect(
         |           ^
      85 |       () => {
      86 |         this.debouncedPlotState();
      87 |       },

      at effect (node_modules/@angular/core/fesm2022/core.mjs:39535:17)
      at new SectionPlotComponent (src/app/ui/shared/components/studio/section/section-plot.component.ts:84:11)
      at NodeInjectorFactory.SectionPlotComponent_Factory [as factory] (ng:/SectionPlotComponent/ɵfac.js:5:10)
      at getNodeInjectable (node_modules/@angular/core/fesm2022/core.mjs:5374:44)
      at instantiateAllDirectives (node_modules/@angular/core/fesm2022/core.mjs:12613:27)
      at createDirectivesInstances (node_modules/@angular/core/fesm2022/core.mjs:12403:5)
      at ComponentFactory2.create (node_modules/@angular/core/fesm2022/core.mjs:17950:17)
      at initComponent (node_modules/@angular/core/fesm2022/testing.mjs:2053:51)
      at _ZoneDelegate.invoke (node_modules/zone.js/bundles/zone.umd.js:410:32)
      at Object.onInvoke (node_modules/@angular/core/fesm2022/core.mjs:6579:33)
      at _ZoneDelegate.invoke (node_modules/zone.js/bundles/zone.umd.js:409:38)
      at ZoneImpl.run (node_modules/zone.js/bundles/zone.umd.js:145:47)
      at NgZone.run (node_modules/@angular/core/fesm2022/core.mjs:6425:28)
      at _TestBedImpl.createComponent (node_modules/@angular/core/fesm2022/testing.mjs:2058:41)
      at _TestBedImpl.createComponent (node_modules/@angular/core/fesm2022/testing.mjs:1844:37)
      at src/app/ui/shared/components/studio/section/section-plot.component.spec.ts:271:23

    console.warn
      The 'allowSignalWrites' flag is deprecated and no longer impacts effect() (writes are always allowed)

      82 |   constructor() {
      83 |     // Setup effect for debounced state change
    > 84 |     effect(
         |           ^
      85 |       () => {
      86 |         this.debouncedPlotState();
      87 |       },

      at effect (node_modules/@angular/core/fesm2022/core.mjs:39535:17)
      at new SectionPlotComponent (src/app/ui/shared/components/studio/section/section-plot.component.ts:84:11)
      at NodeInjectorFactory.SectionPlotComponent_Factory [as factory] (ng:/SectionPlotComponent/ɵfac.js:5:10)
      at getNodeInjectable (node_modules/@angular/core/fesm2022/core.mjs:5374:44)
      at instantiateAllDirectives (node_modules/@angular/core/fesm2022/core.mjs:12613:27)
      at createDirectivesInstances (node_modules/@angular/core/fesm2022/core.mjs:12403:5)
      at ComponentFactory2.create (node_modules/@angular/core/fesm2022/core.mjs:17950:17)
      at initComponent (node_modules/@angular/core/fesm2022/testing.mjs:2053:51)
      at _ZoneDelegate.invoke (node_modules/zone.js/bundles/zone.umd.js:410:32)
      at Object.onInvoke (node_modules/@angular/core/fesm2022/core.mjs:6579:33)
      at _ZoneDelegate.invoke (node_modules/zone.js/bundles/zone.umd.js:409:38)
      at ZoneImpl.run (node_modules/zone.js/bundles/zone.umd.js:145:47)
      at NgZone.run (node_modules/@angular/core/fesm2022/core.mjs:6425:28)
      at _TestBedImpl.createComponent (node_modules/@angular/core/fesm2022/testing.mjs:2058:41)
      at _TestBedImpl.createComponent (node_modules/@angular/core/fesm2022/testing.mjs:1844:37)
      at src/app/ui/shared/components/studio/section/section-plot.component.spec.ts:271:23

    console.warn
      The 'allowSignalWrites' flag is deprecated and no longer impacts effect() (writes are always allowed)

      82 |   constructor() {
      83 |     // Setup effect for debounced state change
    > 84 |     effect(
         |           ^
      85 |       () => {
      86 |         this.debouncedPlotState();
      87 |       },

      at effect (node_modules/@angular/core/fesm2022/core.mjs:39535:17)
      at new SectionPlotComponent (src/app/ui/shared/components/studio/section/section-plot.component.ts:84:11)
      at NodeInjectorFactory.SectionPlotComponent_Factory [as factory] (ng:/SectionPlotComponent/ɵfac.js:5:10)
      at getNodeInjectable (node_modules/@angular/core/fesm2022/core.mjs:5374:44)
      at instantiateAllDirectives (node_modules/@angular/core/fesm2022/core.mjs:12613:27)
      at createDirectivesInstances (node_modules/@angular/core/fesm2022/core.mjs:12403:5)
      at ComponentFactory2.create (node_modules/@angular/core/fesm2022/core.mjs:17950:17)
      at initComponent (node_modules/@angular/core/fesm2022/testing.mjs:2053:51)
      at _ZoneDelegate.invoke (node_modules/zone.js/bundles/zone.umd.js:410:32)
      at Object.onInvoke (node_modules/@angular/core/fesm2022/core.mjs:6579:33)
      at _ZoneDelegate.invoke (node_modules/zone.js/bundles/zone.umd.js:409:38)
      at ZoneImpl.run (node_modules/zone.js/bundles/zone.umd.js:145:47)
      at NgZone.run (node_modules/@angular/core/fesm2022/core.mjs:6425:28)
      at _TestBedImpl.createComponent (node_modules/@angular/core/fesm2022/testing.mjs:2058:41)
      at _TestBedImpl.createComponent (node_modules/@angular/core/fesm2022/testing.mjs:1844:37)
      at src/app/ui/shared/components/studio/section/section-plot.component.spec.ts:271:23

    console.warn
      The 'allowSignalWrites' flag is deprecated and no longer impacts effect() (writes are always allowed)

      82 |   constructor() {
      83 |     // Setup effect for debounced state change
    > 84 |     effect(
         |           ^
      85 |       () => {
      86 |         this.debouncedPlotState();
      87 |       },

      at effect (node_modules/@angular/core/fesm2022/core.mjs:39535:17)
      at new SectionPlotComponent (src/app/ui/shared/components/studio/section/section-plot.component.ts:84:11)
      at NodeInjectorFactory.SectionPlotComponent_Factory [as factory] (ng:/SectionPlotComponent/ɵfac.js:5:10)
      at getNodeInjectable (node_modules/@angular/core/fesm2022/core.mjs:5374:44)
      at instantiateAllDirectives (node_modules/@angular/core/fesm2022/core.mjs:12613:27)
      at createDirectivesInstances (node_modules/@angular/core/fesm2022/core.mjs:12403:5)
      at ComponentFactory2.create (node_modules/@angular/core/fesm2022/core.mjs:17950:17)
      at initComponent (node_modules/@angular/core/fesm2022/testing.mjs:2053:51)
      at _ZoneDelegate.invoke (node_modules/zone.js/bundles/zone.umd.js:410:32)
      at Object.onInvoke (node_modules/@angular/core/fesm2022/core.mjs:6579:33)
      at _ZoneDelegate.invoke (node_modules/zone.js/bundles/zone.umd.js:409:38)
      at ZoneImpl.run (node_modules/zone.js/bundles/zone.umd.js:145:47)
      at NgZone.run (node_modules/@angular/core/fesm2022/core.mjs:6425:28)
      at _TestBedImpl.createComponent (node_modules/@angular/core/fesm2022/testing.mjs:2058:41)
      at _TestBedImpl.createComponent (node_modules/@angular/core/fesm2022/testing.mjs:1844:37)
      at src/app/ui/shared/components/studio/section/section-plot.component.spec.ts:271:23

    console.warn
      The 'allowSignalWrites' flag is deprecated and no longer impacts effect() (writes are always allowed)

      82 |   constructor() {
      83 |     // Setup effect for debounced state change
    > 84 |     effect(
         |           ^
      85 |       () => {
      86 |         this.debouncedPlotState();
      87 |       },

      at effect (node_modules/@angular/core/fesm2022/core.mjs:39535:17)
      at new SectionPlotComponent (src/app/ui/shared/components/studio/section/section-plot.component.ts:84:11)
      at NodeInjectorFactory.SectionPlotComponent_Factory [as factory] (ng:/SectionPlotComponent/ɵfac.js:5:10)
      at getNodeInjectable (node_modules/@angular/core/fesm2022/core.mjs:5374:44)
      at instantiateAllDirectives (node_modules/@angular/core/fesm2022/core.mjs:12613:27)
      at createDirectivesInstances (node_modules/@angular/core/fesm2022/core.mjs:12403:5)
      at ComponentFactory2.create (node_modules/@angular/core/fesm2022/core.mjs:17950:17)
      at initComponent (node_modules/@angular/core/fesm2022/testing.mjs:2053:51)
      at _ZoneDelegate.invoke (node_modules/zone.js/bundles/zone.umd.js:410:32)
      at Object.onInvoke (node_modules/@angular/core/fesm2022/core.mjs:6579:33)
      at _ZoneDelegate.invoke (node_modules/zone.js/bundles/zone.umd.js:409:38)
      at ZoneImpl.run (node_modules/zone.js/bundles/zone.umd.js:145:47)
      at NgZone.run (node_modules/@angular/core/fesm2022/core.mjs:6425:28)
      at _TestBedImpl.createComponent (node_modules/@angular/core/fesm2022/testing.mjs:2058:41)
      at _TestBedImpl.createComponent (node_modules/@angular/core/fesm2022/testing.mjs:1844:37)
      at src/app/ui/shared/components/studio/section/section-plot.component.spec.ts:271:23

    console.warn
      The 'allowSignalWrites' flag is deprecated and no longer impacts effect() (writes are always allowed)

      82 |   constructor() {
      83 |     // Setup effect for debounced state change
    > 84 |     effect(
         |           ^
      85 |       () => {
      86 |         this.debouncedPlotState();
      87 |       },

      at effect (node_modules/@angular/core/fesm2022/core.mjs:39535:17)
      at new SectionPlotComponent (src/app/ui/shared/components/studio/section/section-plot.component.ts:84:11)
      at NodeInjectorFactory.SectionPlotComponent_Factory [as factory] (ng:/SectionPlotComponent/ɵfac.js:5:10)
      at getNodeInjectable (node_modules/@angular/core/fesm2022/core.mjs:5374:44)
      at instantiateAllDirectives (node_modules/@angular/core/fesm2022/core.mjs:12613:27)
      at createDirectivesInstances (node_modules/@angular/core/fesm2022/core.mjs:12403:5)
      at ComponentFactory2.create (node_modules/@angular/core/fesm2022/core.mjs:17950:17)
      at initComponent (node_modules/@angular/core/fesm2022/testing.mjs:2053:51)
      at _ZoneDelegate.invoke (node_modules/zone.js/bundles/zone.umd.js:410:32)
      at Object.onInvoke (node_modules/@angular/core/fesm2022/core.mjs:6579:33)
      at _ZoneDelegate.invoke (node_modules/zone.js/bundles/zone.umd.js:409:38)
      at ZoneImpl.run (node_modules/zone.js/bundles/zone.umd.js:145:47)
      at NgZone.run (node_modules/@angular/core/fesm2022/core.mjs:6425:28)
      at _TestBedImpl.createComponent (node_modules/@angular/core/fesm2022/testing.mjs:2058:41)
      at _TestBedImpl.createComponent (node_modules/@angular/core/fesm2022/testing.mjs:1844:37)
      at src/app/ui/shared/components/studio/section/section-plot.component.spec.ts:271:23

    console.warn
      The 'allowSignalWrites' flag is deprecated and no longer impacts effect() (writes are always allowed)

      82 |   constructor() {
      83 |     // Setup effect for debounced state change
    > 84 |     effect(
         |           ^
      85 |       () => {
      86 |         this.debouncedPlotState();
      87 |       },

      at effect (node_modules/@angular/core/fesm2022/core.mjs:39535:17)
      at new SectionPlotComponent (src/app/ui/shared/components/studio/section/section-plot.component.ts:84:11)
      at NodeInjectorFactory.SectionPlotComponent_Factory [as factory] (ng:/SectionPlotComponent/ɵfac.js:5:10)
      at getNodeInjectable (node_modules/@angular/core/fesm2022/core.mjs:5374:44)
      at instantiateAllDirectives (node_modules/@angular/core/fesm2022/core.mjs:12613:27)
      at createDirectivesInstances (node_modules/@angular/core/fesm2022/core.mjs:12403:5)
      at ComponentFactory2.create (node_modules/@angular/core/fesm2022/core.mjs:17950:17)
      at initComponent (node_modules/@angular/core/fesm2022/testing.mjs:2053:51)
      at _ZoneDelegate.invoke (node_modules/zone.js/bundles/zone.umd.js:410:32)
      at Object.onInvoke (node_modules/@angular/core/fesm2022/core.mjs:6579:33)
      at _ZoneDelegate.invoke (node_modules/zone.js/bundles/zone.umd.js:409:38)
      at ZoneImpl.run (node_modules/zone.js/bundles/zone.umd.js:145:47)
      at NgZone.run (node_modules/@angular/core/fesm2022/core.mjs:6425:28)
      at _TestBedImpl.createComponent (node_modules/@angular/core/fesm2022/testing.mjs:2058:41)
      at _TestBedImpl.createComponent (node_modules/@angular/core/fesm2022/testing.mjs:1844:37)
      at src/app/ui/shared/components/studio/section/section-plot.component.spec.ts:271:23

    console.warn
      The 'allowSignalWrites' flag is deprecated and no longer impacts effect() (writes are always allowed)

      82 |   constructor() {
      83 |     // Setup effect for debounced state change
    > 84 |     effect(
         |           ^
      85 |       () => {
      86 |         this.debouncedPlotState();
      87 |       },

      at effect (node_modules/@angular/core/fesm2022/core.mjs:39535:17)
      at new SectionPlotComponent (src/app/ui/shared/components/studio/section/section-plot.component.ts:84:11)
      at NodeInjectorFactory.SectionPlotComponent_Factory [as factory] (ng:/SectionPlotComponent/ɵfac.js:5:10)
      at getNodeInjectable (node_modules/@angular/core/fesm2022/core.mjs:5374:44)
      at instantiateAllDirectives (node_modules/@angular/core/fesm2022/core.mjs:12613:27)
      at createDirectivesInstances (node_modules/@angular/core/fesm2022/core.mjs:12403:5)
      at ComponentFactory2.create (node_modules/@angular/core/fesm2022/core.mjs:17950:17)
      at initComponent (node_modules/@angular/core/fesm2022/testing.mjs:2053:51)
      at _ZoneDelegate.invoke (node_modules/zone.js/bundles/zone.umd.js:410:32)
      at Object.onInvoke (node_modules/@angular/core/fesm2022/core.mjs:6579:33)
      at _ZoneDelegate.invoke (node_modules/zone.js/bundles/zone.umd.js:409:38)
      at ZoneImpl.run (node_modules/zone.js/bundles/zone.umd.js:145:47)
      at NgZone.run (node_modules/@angular/core/fesm2022/core.mjs:6425:28)
      at _TestBedImpl.createComponent (node_modules/@angular/core/fesm2022/testing.mjs:2058:41)
      at _TestBedImpl.createComponent (node_modules/@angular/core/fesm2022/testing.mjs:1844:37)
      at src/app/ui/shared/components/studio/section/section-plot.component.spec.ts:271:23

    console.warn
      The 'allowSignalWrites' flag is deprecated and no longer impacts effect() (writes are always allowed)

      82 |   constructor() {
      83 |     // Setup effect for debounced state change
    > 84 |     effect(
         |           ^
      85 |       () => {
      86 |         this.debouncedPlotState();
      87 |       },

      at effect (node_modules/@angular/core/fesm2022/core.mjs:39535:17)
      at new SectionPlotComponent (src/app/ui/shared/components/studio/section/section-plot.component.ts:84:11)
      at NodeInjectorFactory.SectionPlotComponent_Factory [as factory] (ng:/SectionPlotComponent/ɵfac.js:5:10)
      at getNodeInjectable (node_modules/@angular/core/fesm2022/core.mjs:5374:44)
      at instantiateAllDirectives (node_modules/@angular/core/fesm2022/core.mjs:12613:27)
      at createDirectivesInstances (node_modules/@angular/core/fesm2022/core.mjs:12403:5)
      at ComponentFactory2.create (node_modules/@angular/core/fesm2022/core.mjs:17950:17)
      at initComponent (node_modules/@angular/core/fesm2022/testing.mjs:2053:51)
      at _ZoneDelegate.invoke (node_modules/zone.js/bundles/zone.umd.js:410:32)
      at Object.onInvoke (node_modules/@angular/core/fesm2022/core.mjs:6579:33)
      at _ZoneDelegate.invoke (node_modules/zone.js/bundles/zone.umd.js:409:38)
      at ZoneImpl.run (node_modules/zone.js/bundles/zone.umd.js:145:47)
      at NgZone.run (node_modules/@angular/core/fesm2022/core.mjs:6425:28)
      at _TestBedImpl.createComponent (node_modules/@angular/core/fesm2022/testing.mjs:2058:41)
      at _TestBedImpl.createComponent (node_modules/@angular/core/fesm2022/testing.mjs:1844:37)
      at src/app/ui/shared/components/studio/section/section-plot.component.spec.ts:271:23

    console.warn
      The 'allowSignalWrites' flag is deprecated and no longer impacts effect() (writes are always allowed)

      82 |   constructor() {
      83 |     // Setup effect for debounced state change
    > 84 |     effect(
         |           ^
      85 |       () => {
      86 |         this.debouncedPlotState();
      87 |       },

      at effect (node_modules/@angular/core/fesm2022/core.mjs:39535:17)
      at new SectionPlotComponent (src/app/ui/shared/components/studio/section/section-plot.component.ts:84:11)
      at NodeInjectorFactory.SectionPlotComponent_Factory [as factory] (ng:/SectionPlotComponent/ɵfac.js:5:10)
      at getNodeInjectable (node_modules/@angular/core/fesm2022/core.mjs:5374:44)
      at instantiateAllDirectives (node_modules/@angular/core/fesm2022/core.mjs:12613:27)
      at createDirectivesInstances (node_modules/@angular/core/fesm2022/core.mjs:12403:5)
      at ComponentFactory2.create (node_modules/@angular/core/fesm2022/core.mjs:17950:17)
      at initComponent (node_modules/@angular/core/fesm2022/testing.mjs:2053:51)
      at _ZoneDelegate.invoke (node_modules/zone.js/bundles/zone.umd.js:410:32)
      at Object.onInvoke (node_modules/@angular/core/fesm2022/core.mjs:6579:33)
      at _ZoneDelegate.invoke (node_modules/zone.js/bundles/zone.umd.js:409:38)
      at ZoneImpl.run (node_modules/zone.js/bundles/zone.umd.js:145:47)
      at NgZone.run (node_modules/@angular/core/fesm2022/core.mjs:6425:28)
      at _TestBedImpl.createComponent (node_modules/@angular/core/fesm2022/testing.mjs:2058:41)
      at _TestBedImpl.createComponent (node_modules/@angular/core/fesm2022/testing.mjs:1844:37)
      at src/app/ui/shared/components/studio/section/section-plot.component.spec.ts:271:23

PASS src/app/core/services/charges/charges.service.spec.ts
PASS src/app/core/services/sections/section.service.spec.ts
PASS src/app/ui/pages/studio/obstacles/obstaclesForm/obstaclesForm.service.spec.ts
PASS src/app/core/services/studies/studies.service.spec.ts
PASS src/app/ui/pages/studies/components/new-study-modal/new-study-modal.component.spec.ts
PASS src/app/ui/shared/components/studio/section/helpers/obstacles.spec.ts
PASS src/app/ui/shared/components/atoms/accordion-header/accordion-header.component.spec.ts
PASS src/app/ui/shared/components/layout/sidebar/sidebar.component.spec.ts
PASS src/app/ui/pages/study/tabs/sections/newSectionModal/manualSection/supportsTable/helpers.spec.ts
PASS src/app/ui/shared/components/atoms/tag/tag.component.spec.ts
PASS src/app/ui/shared/components/atoms/button/button.component.spec.ts
PASS src/app/core/services/attachment/attachment.service.spec.ts
  ● Console

    console.log
      adding attachments data 2

      at Object.complete (src/app/core/services/attachment/attachment.service.ts:119:21)

    console.log
      adding attachments data 2

      at Object.complete (src/app/core/services/attachment/attachment.service.ts:119:21)

    console.log
      adding attachments data 1

      at Object.complete (src/app/core/services/attachment/attachment.service.ts:119:21)

    console.log
      adding attachments data 2

      at Object.complete (src/app/core/services/attachment/attachment.service.ts:119:21)

    console.log
      adding attachments data 1

      at Object.complete (src/app/core/services/attachment/attachment.service.ts:119:21)

    console.error
      Error importing attachments HttpErrorResponse {
        headers: HttpHeaders {
          headers: Map(0) {},
          normalizedNames: Map(0) {},
          lazyInit: undefined,
          lazyUpdate: null
        },
        status: 404,
        statusText: 'Not Found',
        url: 'http://localhost/data/attachments.csv',
        ok: false,
        type: undefined,
        name: 'HttpErrorResponse',
        message: 'Http failure response for http://localhost/data/attachments.csv: 404 Not Found',
        error: 'Error'
      }

      81 |       .pipe(
      82 |         catchError((error) => {
    > 83 |           console.error('Error importing attachments', error);
         |                   ^
      84 |           return of('');
      85 |         })
      86 |       );

      at src/app/core/services/attachment/attachment.service.ts:83:19
      at node_modules/rxjs/src/internal/operators/catchError.ts:115:35
      at OperatorSubscriber._this._error (node_modules/rxjs/src/internal/operators/OperatorSubscriber.ts:79:13)
      at OperatorSubscriber.Object.<anonymous>.Subscriber.error (node_modules/rxjs/src/internal/Subscriber.ts:86:12)
      at OperatorSubscriber.Object.<anonymous>.Subscriber._error (node_modules/rxjs/src/internal/Subscriber.ts:118:24)
      at OperatorSubscriber.Object.<anonymous>.Subscriber.error (node_modules/rxjs/src/internal/Subscriber.ts:86:12)
      at OperatorSubscriber.Object.<anonymous>.Subscriber._error (node_modules/rxjs/src/internal/Subscriber.ts:118:24)
      at OperatorSubscriber.Object.<anonymous>.Subscriber.error (node_modules/rxjs/src/internal/Subscriber.ts:86:12)
      at OperatorSubscriber.Object.<anonymous>.Subscriber._error (node_modules/rxjs/src/internal/Subscriber.ts:118:24)
      at OperatorSubscriber.Object.<anonymous>.Subscriber.error (node_modules/rxjs/src/internal/Subscriber.ts:86:12)
      at TestRequest.flush (node_modules/@angular/common/fesm2022/http/testing.mjs:80:27)
      at src/app/core/services/attachment/attachment.service.spec.ts:645:11

    console.log
      adding attachments data 2

      at Object.complete (src/app/core/services/attachment/attachment.service.ts:119:21)

PASS src/app/ui/shared/components/atoms/icon/icon.component.spec.ts
PASS src/app/ui/pages/studio/cards/card/section-plot-card.component.spec.ts
  ● Console

    console.error
      NG0303: Can't bind to 'role' since it isn't a known property of 'app-card' (used in the 'SectionPlotCardComponent' component template).
      1. If 'app-card' is an Angular component and it has the 'role' input, then verify that it is included in the '@Component.imports' of this component.
      2. If 'app-card' is a Web Component then add 'CUSTOM_ELEMENTS_SCHEMA' to the '@Component.schemas' of this component to suppress this message.
      3. To allow any property add 'NO_ERRORS_SCHEMA' to the '@Component.schemas' of this component.

      at reportUnknownPropertyError (node_modules/@angular/core/fesm2022/core.mjs:11279:17)
      at handleUnknownPropertyError (node_modules/@angular/core/fesm2022/core.mjs:11272:5)
      at elementPropertyInternal (node_modules/@angular/core/fesm2022/core.mjs:12530:17)
      at ɵɵhostProperty (node_modules/@angular/core/fesm2022/core.mjs:28187:9)
      at CardComponent_HostBindings (ng:/CardComponent.js:8:9)
      at processHostBindingOpCodes (node_modules/@angular/core/fesm2022/core.mjs:14344:17)
      at refreshView (node_modules/@angular/core/fesm2022/core.mjs:14125:9)
      at detectChangesInView (node_modules/@angular/core/fesm2022/core.mjs:14294:9)
      at detectChangesInViewIfAttached (node_modules/@angular/core/fesm2022/core.mjs:14254:5)
      at detectChangesInComponent (node_modules/@angular/core/fesm2022/core.mjs:14242:5)
      at detectChangesInChildComponents (node_modules/@angular/core/fesm2022/core.mjs:14313:9)
      at refreshView (node_modules/@angular/core/fesm2022/core.mjs:14129:13)
      at detectChangesInView (node_modules/@angular/core/fesm2022/core.mjs:14294:9)
      at detectChangesInViewIfAttached (node_modules/@angular/core/fesm2022/core.mjs:14254:5)
      at detectChangesInComponent (node_modules/@angular/core/fesm2022/core.mjs:14242:5)
      at detectChangesInChildComponents (node_modules/@angular/core/fesm2022/core.mjs:14313:9)
      at refreshView (node_modules/@angular/core/fesm2022/core.mjs:14129:13)
      at detectChangesInView (node_modules/@angular/core/fesm2022/core.mjs:14294:9)
      at detectChangesInViewWhileDirty (node_modules/@angular/core/fesm2022/core.mjs:13986:9)
      at detectChangesInternal (node_modules/@angular/core/fesm2022/core.mjs:13968:9)
      at ViewRef.detectChanges (node_modules/@angular/core/fesm2022/core.mjs:14825:9)
      at node_modules/@angular/core/fesm2022/testing.mjs:292:44
      at _ZoneDelegate.invoke (node_modules/zone.js/bundles/zone.umd.js:410:32)
      at Object.onInvoke (node_modules/@angular/core/fesm2022/core.mjs:6579:33)
      at _ZoneDelegate.invoke (node_modules/zone.js/bundles/zone.umd.js:409:38)
      at ZoneImpl.run (node_modules/zone.js/bundles/zone.umd.js:145:47)
      at NgZone.run (node_modules/@angular/core/fesm2022/core.mjs:6425:28)
      at ComponentFixture.detectChanges (node_modules/@angular/core/fesm2022/testing.mjs:289:30)
      at src/app/ui/pages/studio/cards/card/section-plot-card.component.spec.ts:125:19
      at _ZoneDelegate.invoke (node_modules/zone.js/bundles/zone.umd.js:410:32)
      at ProxyZoneSpec.Object.<anonymous>.ProxyZoneSpec.onInvoke (node_modules/zone.js/bundles/zone-testing.umd.js:2219:43)
      at _ZoneDelegate.invoke (node_modules/zone.js/bundles/zone.umd.js:409:38)
      at ZoneImpl.run (node_modules/zone.js/bundles/zone.umd.js:145:47)
      at Object.wrappedFunc (node_modules/zone.js/bundles/zone-testing.umd.js:449:38)

    console.error
      NG0303: Can't bind to 'role' since it isn't a known property of 'app-card' (used in the 'SectionPlotCardComponent' component template).
      1. If 'app-card' is an Angular component and it has the 'role' input, then verify that it is included in the '@Component.imports' of this component.
      2. If 'app-card' is a Web Component then add 'CUSTOM_ELEMENTS_SCHEMA' to the '@Component.schemas' of this component to suppress this message.
      3. To allow any property add 'NO_ERRORS_SCHEMA' to the '@Component.schemas' of this component.

      at reportUnknownPropertyError (node_modules/@angular/core/fesm2022/core.mjs:11279:17)
      at handleUnknownPropertyError (node_modules/@angular/core/fesm2022/core.mjs:11272:5)
      at elementPropertyInternal (node_modules/@angular/core/fesm2022/core.mjs:12530:17)
      at ɵɵhostProperty (node_modules/@angular/core/fesm2022/core.mjs:28187:9)
      at CardComponent_HostBindings (ng:/CardComponent.js:8:9)
      at processHostBindingOpCodes (node_modules/@angular/core/fesm2022/core.mjs:14344:17)
      at refreshView (node_modules/@angular/core/fesm2022/core.mjs:14125:9)
      at detectChangesInView (node_modules/@angular/core/fesm2022/core.mjs:14294:9)
      at detectChangesInViewIfAttached (node_modules/@angular/core/fesm2022/core.mjs:14254:5)
      at detectChangesInComponent (node_modules/@angular/core/fesm2022/core.mjs:14242:5)
      at detectChangesInChildComponents (node_modules/@angular/core/fesm2022/core.mjs:14313:9)
      at refreshView (node_modules/@angular/core/fesm2022/core.mjs:14129:13)
      at detectChangesInView (node_modules/@angular/core/fesm2022/core.mjs:14294:9)
      at detectChangesInViewIfAttached (node_modules/@angular/core/fesm2022/core.mjs:14254:5)
      at detectChangesInComponent (node_modules/@angular/core/fesm2022/core.mjs:14242:5)
      at detectChangesInChildComponents (node_modules/@angular/core/fesm2022/core.mjs:14313:9)
      at refreshView (node_modules/@angular/core/fesm2022/core.mjs:14129:13)
      at detectChangesInView (node_modules/@angular/core/fesm2022/core.mjs:14294:9)
      at detectChangesInViewWhileDirty (node_modules/@angular/core/fesm2022/core.mjs:13986:9)
      at detectChangesInternal (node_modules/@angular/core/fesm2022/core.mjs:13968:9)
      at ViewRef.detectChanges (node_modules/@angular/core/fesm2022/core.mjs:14825:9)
      at node_modules/@angular/core/fesm2022/testing.mjs:292:44
      at _ZoneDelegate.invoke (node_modules/zone.js/bundles/zone.umd.js:410:32)
      at Object.onInvoke (node_modules/@angular/core/fesm2022/core.mjs:6579:33)
      at _ZoneDelegate.invoke (node_modules/zone.js/bundles/zone.umd.js:409:38)
      at ZoneImpl.run (node_modules/zone.js/bundles/zone.umd.js:145:47)
      at NgZone.run (node_modules/@angular/core/fesm2022/core.mjs:6425:28)
      at ComponentFixture.detectChanges (node_modules/@angular/core/fesm2022/testing.mjs:289:30)
      at src/app/ui/pages/studio/cards/card/section-plot-card.component.spec.ts:135:19
      at _ZoneDelegate.invoke (node_modules/zone.js/bundles/zone.umd.js:410:32)
      at ProxyZoneSpec.Object.<anonymous>.ProxyZoneSpec.onInvoke (node_modules/zone.js/bundles/zone-testing.umd.js:2219:43)
      at _ZoneDelegate.invoke (node_modules/zone.js/bundles/zone.umd.js:409:38)
      at ZoneImpl.run (node_modules/zone.js/bundles/zone.umd.js:145:47)
      at Object.wrappedFunc (node_modules/zone.js/bundles/zone-testing.umd.js:449:38)

    console.error
      NG0303: Can't bind to 'role' since it isn't a known property of 'app-card' (used in the 'SectionPlotCardComponent' component template).
      1. If 'app-card' is an Angular component and it has the 'role' input, then verify that it is included in the '@Component.imports' of this component.
      2. If 'app-card' is a Web Component then add 'CUSTOM_ELEMENTS_SCHEMA' to the '@Component.schemas' of this component to suppress this message.
      3. To allow any property add 'NO_ERRORS_SCHEMA' to the '@Component.schemas' of this component.

      at reportUnknownPropertyError (node_modules/@angular/core/fesm2022/core.mjs:11279:17)
      at handleUnknownPropertyError (node_modules/@angular/core/fesm2022/core.mjs:11272:5)
      at elementPropertyInternal (node_modules/@angular/core/fesm2022/core.mjs:12530:17)
      at ɵɵhostProperty (node_modules/@angular/core/fesm2022/core.mjs:28187:9)
      at CardComponent_HostBindings (ng:/CardComponent.js:8:9)
      at processHostBindingOpCodes (node_modules/@angular/core/fesm2022/core.mjs:14344:17)
      at refreshView (node_modules/@angular/core/fesm2022/core.mjs:14125:9)
      at detectChangesInView (node_modules/@angular/core/fesm2022/core.mjs:14294:9)
      at detectChangesInViewIfAttached (node_modules/@angular/core/fesm2022/core.mjs:14254:5)
      at detectChangesInComponent (node_modules/@angular/core/fesm2022/core.mjs:14242:5)
      at detectChangesInChildComponents (node_modules/@angular/core/fesm2022/core.mjs:14313:9)
      at refreshView (node_modules/@angular/core/fesm2022/core.mjs:14129:13)
      at detectChangesInView (node_modules/@angular/core/fesm2022/core.mjs:14294:9)
      at detectChangesInViewIfAttached (node_modules/@angular/core/fesm2022/core.mjs:14254:5)
      at detectChangesInComponent (node_modules/@angular/core/fesm2022/core.mjs:14242:5)
      at detectChangesInChildComponents (node_modules/@angular/core/fesm2022/core.mjs:14313:9)
      at refreshView (node_modules/@angular/core/fesm2022/core.mjs:14129:13)
      at detectChangesInView (node_modules/@angular/core/fesm2022/core.mjs:14294:9)
      at detectChangesInViewWhileDirty (node_modules/@angular/core/fesm2022/core.mjs:13986:9)
      at detectChangesInternal (node_modules/@angular/core/fesm2022/core.mjs:13968:9)
      at ViewRef.detectChanges (node_modules/@angular/core/fesm2022/core.mjs:14825:9)
      at node_modules/@angular/core/fesm2022/testing.mjs:292:44
      at _ZoneDelegate.invoke (node_modules/zone.js/bundles/zone.umd.js:410:32)
      at Object.onInvoke (node_modules/@angular/core/fesm2022/core.mjs:6579:33)
      at _ZoneDelegate.invoke (node_modules/zone.js/bundles/zone.umd.js:409:38)
      at ZoneImpl.run (node_modules/zone.js/bundles/zone.umd.js:145:47)
      at NgZone.run (node_modules/@angular/core/fesm2022/core.mjs:6425:28)
      at ComponentFixture.detectChanges (node_modules/@angular/core/fesm2022/testing.mjs:289:30)
      at src/app/ui/pages/studio/cards/card/section-plot-card.component.spec.ts:150:19
      at _ZoneDelegate.invoke (node_modules/zone.js/bundles/zone.umd.js:410:32)
      at ProxyZoneSpec.Object.<anonymous>.ProxyZoneSpec.onInvoke (node_modules/zone.js/bundles/zone-testing.umd.js:2219:43)
      at _ZoneDelegate.invoke (node_modules/zone.js/bundles/zone.umd.js:409:38)
      at ZoneImpl.run (node_modules/zone.js/bundles/zone.umd.js:145:47)
      at Object.wrappedFunc (node_modules/zone.js/bundles/zone-testing.umd.js:449:38)

    console.error
      NG0303: Can't bind to 'role' since it isn't a known property of 'app-card' (used in the 'SectionPlotCardComponent' component template).
      1. If 'app-card' is an Angular component and it has the 'role' input, then verify that it is included in the '@Component.imports' of this component.
      2. If 'app-card' is a Web Component then add 'CUSTOM_ELEMENTS_SCHEMA' to the '@Component.schemas' of this component to suppress this message.
      3. To allow any property add 'NO_ERRORS_SCHEMA' to the '@Component.schemas' of this component.

      at reportUnknownPropertyError (node_modules/@angular/core/fesm2022/core.mjs:11279:17)
      at handleUnknownPropertyError (node_modules/@angular/core/fesm2022/core.mjs:11272:5)
      at elementPropertyInternal (node_modules/@angular/core/fesm2022/core.mjs:12530:17)
      at ɵɵhostProperty (node_modules/@angular/core/fesm2022/core.mjs:28187:9)
      at CardComponent_HostBindings (ng:/CardComponent.js:8:9)
      at processHostBindingOpCodes (node_modules/@angular/core/fesm2022/core.mjs:14344:17)
      at refreshView (node_modules/@angular/core/fesm2022/core.mjs:14125:9)
      at detectChangesInView (node_modules/@angular/core/fesm2022/core.mjs:14294:9)
      at detectChangesInViewIfAttached (node_modules/@angular/core/fesm2022/core.mjs:14254:5)
      at detectChangesInComponent (node_modules/@angular/core/fesm2022/core.mjs:14242:5)
      at detectChangesInChildComponents (node_modules/@angular/core/fesm2022/core.mjs:14313:9)
      at refreshView (node_modules/@angular/core/fesm2022/core.mjs:14129:13)
      at detectChangesInView (node_modules/@angular/core/fesm2022/core.mjs:14294:9)
      at detectChangesInViewIfAttached (node_modules/@angular/core/fesm2022/core.mjs:14254:5)
      at detectChangesInComponent (node_modules/@angular/core/fesm2022/core.mjs:14242:5)
      at detectChangesInChildComponents (node_modules/@angular/core/fesm2022/core.mjs:14313:9)
      at refreshView (node_modules/@angular/core/fesm2022/core.mjs:14129:13)
      at detectChangesInView (node_modules/@angular/core/fesm2022/core.mjs:14294:9)
      at detectChangesInViewWhileDirty (node_modules/@angular/core/fesm2022/core.mjs:13986:9)
      at detectChangesInternal (node_modules/@angular/core/fesm2022/core.mjs:13968:9)
      at ViewRef.detectChanges (node_modules/@angular/core/fesm2022/core.mjs:14825:9)
      at node_modules/@angular/core/fesm2022/testing.mjs:292:44
      at _ZoneDelegate.invoke (node_modules/zone.js/bundles/zone.umd.js:410:32)
      at Object.onInvoke (node_modules/@angular/core/fesm2022/core.mjs:6579:33)
      at _ZoneDelegate.invoke (node_modules/zone.js/bundles/zone.umd.js:409:38)
      at ZoneImpl.run (node_modules/zone.js/bundles/zone.umd.js:145:47)
      at NgZone.run (node_modules/@angular/core/fesm2022/core.mjs:6425:28)
      at ComponentFixture.detectChanges (node_modules/@angular/core/fesm2022/testing.mjs:289:30)
      at src/app/ui/pages/studio/cards/card/section-plot-card.component.spec.ts:162:19
      at _ZoneDelegate.invoke (node_modules/zone.js/bundles/zone.umd.js:410:32)
      at ProxyZoneSpec.Object.<anonymous>.ProxyZoneSpec.onInvoke (node_modules/zone.js/bundles/zone-testing.umd.js:2219:43)
      at _ZoneDelegate.invoke (node_modules/zone.js/bundles/zone.umd.js:409:38)
      at ZoneImpl.run (node_modules/zone.js/bundles/zone.umd.js:145:47)
      at Object.wrappedFunc (node_modules/zone.js/bundles/zone-testing.umd.js:449:38)

    console.error
      NG0303: Can't bind to 'role' since it isn't a known property of 'app-card' (used in the 'SectionPlotCardComponent' component template).
      1. If 'app-card' is an Angular component and it has the 'role' input, then verify that it is included in the '@Component.imports' of this component.
      2. If 'app-card' is a Web Component then add 'CUSTOM_ELEMENTS_SCHEMA' to the '@Component.schemas' of this component to suppress this message.
      3. To allow any property add 'NO_ERRORS_SCHEMA' to the '@Component.schemas' of this component.

      at reportUnknownPropertyError (node_modules/@angular/core/fesm2022/core.mjs:11279:17)
      at handleUnknownPropertyError (node_modules/@angular/core/fesm2022/core.mjs:11272:5)
      at elementPropertyInternal (node_modules/@angular/core/fesm2022/core.mjs:12530:17)
      at ɵɵhostProperty (node_modules/@angular/core/fesm2022/core.mjs:28187:9)
      at CardComponent_HostBindings (ng:/CardComponent.js:8:9)
      at processHostBindingOpCodes (node_modules/@angular/core/fesm2022/core.mjs:14344:17)
      at refreshView (node_modules/@angular/core/fesm2022/core.mjs:14125:9)
      at detectChangesInView (node_modules/@angular/core/fesm2022/core.mjs:14294:9)
      at detectChangesInViewIfAttached (node_modules/@angular/core/fesm2022/core.mjs:14254:5)
      at detectChangesInComponent (node_modules/@angular/core/fesm2022/core.mjs:14242:5)
      at detectChangesInChildComponents (node_modules/@angular/core/fesm2022/core.mjs:14313:9)
      at refreshView (node_modules/@angular/core/fesm2022/core.mjs:14129:13)
      at detectChangesInView (node_modules/@angular/core/fesm2022/core.mjs:14294:9)
      at detectChangesInViewIfAttached (node_modules/@angular/core/fesm2022/core.mjs:14254:5)
      at detectChangesInComponent (node_modules/@angular/core/fesm2022/core.mjs:14242:5)
      at detectChangesInChildComponents (node_modules/@angular/core/fesm2022/core.mjs:14313:9)
      at refreshView (node_modules/@angular/core/fesm2022/core.mjs:14129:13)
      at detectChangesInView (node_modules/@angular/core/fesm2022/core.mjs:14294:9)
      at detectChangesInViewWhileDirty (node_modules/@angular/core/fesm2022/core.mjs:13986:9)
      at detectChangesInternal (node_modules/@angular/core/fesm2022/core.mjs:13968:9)
      at ViewRef.detectChanges (node_modules/@angular/core/fesm2022/core.mjs:14825:9)
      at node_modules/@angular/core/fesm2022/testing.mjs:292:44
      at _ZoneDelegate.invoke (node_modules/zone.js/bundles/zone.umd.js:410:32)
      at Object.onInvoke (node_modules/@angular/core/fesm2022/core.mjs:6579:33)
      at _ZoneDelegate.invoke (node_modules/zone.js/bundles/zone.umd.js:409:38)
      at ZoneImpl.run (node_modules/zone.js/bundles/zone.umd.js:145:47)
      at NgZone.run (node_modules/@angular/core/fesm2022/core.mjs:6425:28)
      at ComponentFixture.detectChanges (node_modules/@angular/core/fesm2022/testing.mjs:289:30)
      at src/app/ui/pages/studio/cards/card/section-plot-card.component.spec.ts:162:19
      at _ZoneDelegate.invoke (node_modules/zone.js/bundles/zone.umd.js:410:32)
      at ProxyZoneSpec.Object.<anonymous>.ProxyZoneSpec.onInvoke (node_modules/zone.js/bundles/zone-testing.umd.js:2219:43)
      at _ZoneDelegate.invoke (node_modules/zone.js/bundles/zone.umd.js:409:38)
      at ZoneImpl.run (node_modules/zone.js/bundles/zone.umd.js:145:47)
      at Object.wrappedFunc (node_modules/zone.js/bundles/zone-testing.umd.js:449:38)

PASS src/app/ui/shared/components/atoms/card-info/card-info.component.spec.ts
PASS src/app/ui/shared/components/atoms/card-study/card-study.component.spec.ts
PASS src/app/core/services/cables/cables.service.spec.ts
  ● Console

    console.log
      adding cables data 2

      at Object.complete (src/app/core/services/cables/cables.service.ts:145:21)

    console.log
      adding cables data 1

      at Object.complete (src/app/core/services/cables/cables.service.ts:145:21)

    console.log
      adding cables data 1

      at Object.complete (src/app/core/services/cables/cables.service.ts:145:21)

    console.log
      adding cables data 2

      at Object.complete (src/app/core/services/cables/cables.service.ts:145:21)

    console.log
      adding cables data 1

      at Object.complete (src/app/core/services/cables/cables.service.ts:145:21)

PASS src/app/ui/shared/components/layout/logged-layout/logged-layout.component.spec.ts
PASS src/app/ui/shared/components/layout/topbar/topbar.component.spec.ts
PASS src/app/ui/shared/service/page-title/page-title.service.spec.ts
PASS src/app/ui/pages/news/news.component.spec.ts
PASS src/app/core/services/obstacles/obstacles.service.spec.ts
  ● Console

    console.error
      Error importing obstacle types HttpErrorResponse {
        headers: HttpHeaders {
          headers: Map(0) {},
          normalizedNames: Map(0) {},
          lazyInit: undefined,
          lazyUpdate: null
        },
        status: 404,
        statusText: 'Not Found',
        url: 'http://localhost/data/obstacle_type_rte.csv',
        ok: false,
        type: undefined,
        name: 'HttpErrorResponse',
        message: 'Http failure response for http://localhost/data/obstacle_type_rte.csv: 404 Not Found',
        error: null
      }

      119 |         .pipe(
      120 |           catchError((error) => {
    > 121 |             console.error('Error importing obstacle types', error);
          |                     ^
      122 |             return of('');
      123 |           })
      124 |         )

      at src/app/core/services/obstacles/obstacles.service.ts:121:21
      at node_modules/rxjs/src/internal/operators/catchError.ts:115:35
      at OperatorSubscriber._this._error (node_modules/rxjs/src/internal/operators/OperatorSubscriber.ts:79:13)
      at OperatorSubscriber.Object.<anonymous>.Subscriber.error (node_modules/rxjs/src/internal/Subscriber.ts:86:12)
      at OperatorSubscriber.Object.<anonymous>.Subscriber._error (node_modules/rxjs/src/internal/Subscriber.ts:118:24)
      at OperatorSubscriber.Object.<anonymous>.Subscriber.error (node_modules/rxjs/src/internal/Subscriber.ts:86:12)
      at OperatorSubscriber.Object.<anonymous>.Subscriber._error (node_modules/rxjs/src/internal/Subscriber.ts:118:24)
      at OperatorSubscriber.Object.<anonymous>.Subscriber.error (node_modules/rxjs/src/internal/Subscriber.ts:86:12)
      at OperatorSubscriber.Object.<anonymous>.Subscriber._error (node_modules/rxjs/src/internal/Subscriber.ts:118:24)
      at OperatorSubscriber.Object.<anonymous>.Subscriber.error (node_modules/rxjs/src/internal/Subscriber.ts:86:12)
      at TestRequest.flush (node_modules/@angular/common/fesm2022/http/testing.mjs:80:27)
      at src/app/core/services/obstacles/obstacles.service.spec.ts:313:11
      at _ZoneDelegate.invoke (node_modules/zone.js/bundles/zone.umd.js:410:32)
      at ProxyZoneSpec.Object.<anonymous>.ProxyZoneSpec.onInvoke (node_modules/zone.js/bundles/zone-testing.umd.js:2219:43)
      at _ZoneDelegate.invoke (node_modules/zone.js/bundles/zone.umd.js:409:38)
      at ZoneImpl.run (node_modules/zone.js/bundles/zone.umd.js:145:47)
      at Object.wrappedFunc (node_modules/zone.js/bundles/zone-testing.umd.js:449:38)

PASS src/app/core/services/worker_update/worker_update.service.spec.ts
  ● Console

    console.log
      latest version is {
        git_hash: 'abc123',
        build_datetime_utc: '2023-01-01T00:00:00.000000'
      }

      at UpdateService.getLatestVersion (src/app/core/services/worker_update/worker_update.service.ts:141:15)

    console.log
      current version is {
        git_hash: 'def456',
        build_datetime_utc: '2022-12-31T00:00:00.000000'
      }

      at UpdateService.getCurrentVersion (src/app/core/services/worker_update/worker_update.service.ts:125:15)

    console.log
      latest version is {
        git_hash: 'abc123',
        build_datetime_utc: '2023-01-01T00:00:00.000000'
      }

      at UpdateService.getLatestVersion (src/app/core/services/worker_update/worker_update.service.ts:141:15)

    console.log
      Message from service worker: {
        message: 'update_complete',
        current_version: {
          git_hash: 'abc123',
          build_datetime_utc: '2023-01-01T00:00:00.000000'
        }
      }

      at src/app/core/services/worker_update/worker_update.service.ts:85:15

    console.log
      current version is {
        git_hash: 'abc123',
        build_datetime_utc: '2023-01-01T00:00:00.000000'
      }

      at UpdateService.getCurrentVersion (src/app/core/services/worker_update/worker_update.service.ts:125:15)

    console.log
      latest version is {
        git_hash: 'abc123',
        build_datetime_utc: '2023-01-01T00:00:00.000000'
      }

      at UpdateService.getLatestVersion (src/app/core/services/worker_update/worker_update.service.ts:141:15)

    console.log
      Message from service worker: {
        message: 'install_complete',
        latest_version: {
          git_hash: 'abc123',
          build_datetime_utc: '2023-01-01T00:00:00.000000'
        }
      }

      at src/app/core/services/worker_update/worker_update.service.ts:85:15

    console.log
      current version is {
        git_hash: 'abc123',
        build_datetime_utc: '2023-01-01T00:00:00.000000'
      }

      at UpdateService.getCurrentVersion (src/app/core/services/worker_update/worker_update.service.ts:125:15)

    console.log
      latest version is {
        git_hash: 'abc123',
        build_datetime_utc: '2023-01-01T00:00:00.000000'
      }

      at UpdateService.getLatestVersion (src/app/core/services/worker_update/worker_update.service.ts:141:15)

PASS src/app/core/services/maintenance/maintenance.service.spec.ts
  ● Console

    console.log
      adding maintenance data 2

      at Object.complete (src/app/core/services/maintenance/maintenance.service.ts:111:21)

    console.log
      adding maintenance data 1

      at Object.complete (src/app/core/services/maintenance/maintenance.service.ts:111:21)

    console.log
      adding maintenance data 1

      at Object.complete (src/app/core/services/maintenance/maintenance.service.ts:111:21)

    console.log
      adding maintenance data 2

      at Object.complete (src/app/core/services/maintenance/maintenance.service.ts:111:21)

    console.log
      adding maintenance data 1

      at Object.complete (src/app/core/services/maintenance/maintenance.service.ts:111:21)

PASS src/app/core/services/lines/lines.service.spec.ts
PASS src/app/core/services/chains/chains.service.spec.ts
  ● Console

    console.log
      adding chains data 2

      at Object.complete (src/app/core/services/chains/chains.service.ts:110:21)

    console.log
      adding chains data 1

      at Object.complete (src/app/core/services/chains/chains.service.ts:110:21)

    console.log
      adding chains data 1

      at Object.complete (src/app/core/services/chains/chains.service.ts:110:21)

    console.log
      adding chains data 2

      at Object.complete (src/app/core/services/chains/chains.service.ts:110:21)

    console.log
      adding chains data 1

      at Object.complete (src/app/core/services/chains/chains.service.ts:110:21)

PASS src/app/ui/shared/components/studio/section/helpers/createPlot.spec.ts
PASS src/app/ui/pages/studio/toolbar-dialog/field-measuring/components/calculus-setting/tangent-aiming/tangent-aiming.component.spec.ts
PASS src/app/core/services/worker_python/worker-python.service.spec.ts
PASS src/app/ui/shared/components/atoms/card/card.component.spec.ts
  ● Console

    console.error
      NG0303: Can't bind to 'role' since it isn't a known property of 'app-card' (used in the 'TestHostComponent' component template).
      1. If 'app-card' is an Angular component and it has the 'role' input, then verify that it is included in the '@Component.imports' of this component.
      2. If 'app-card' is a Web Component then add 'CUSTOM_ELEMENTS_SCHEMA' to the '@Component.schemas' of this component to suppress this message.
      3. To allow any property add 'NO_ERRORS_SCHEMA' to the '@Component.schemas' of this component.

      at reportUnknownPropertyError (node_modules/@angular/core/fesm2022/core.mjs:11279:17)
      at handleUnknownPropertyError (node_modules/@angular/core/fesm2022/core.mjs:11272:5)
      at elementPropertyInternal (node_modules/@angular/core/fesm2022/core.mjs:12530:17)
      at ɵɵhostProperty (node_modules/@angular/core/fesm2022/core.mjs:28187:9)
      at CardComponent_HostBindings (ng:/CardComponent.js:8:9)
      at processHostBindingOpCodes (node_modules/@angular/core/fesm2022/core.mjs:14344:17)
      at refreshView (node_modules/@angular/core/fesm2022/core.mjs:14125:9)
      at detectChangesInView (node_modules/@angular/core/fesm2022/core.mjs:14294:9)
      at detectChangesInViewIfAttached (node_modules/@angular/core/fesm2022/core.mjs:14254:5)
      at detectChangesInComponent (node_modules/@angular/core/fesm2022/core.mjs:14242:5)
      at detectChangesInChildComponents (node_modules/@angular/core/fesm2022/core.mjs:14313:9)
      at refreshView (node_modules/@angular/core/fesm2022/core.mjs:14129:13)
      at detectChangesInView (node_modules/@angular/core/fesm2022/core.mjs:14294:9)
      at detectChangesInViewWhileDirty (node_modules/@angular/core/fesm2022/core.mjs:13986:9)
      at detectChangesInternal (node_modules/@angular/core/fesm2022/core.mjs:13968:9)
      at ViewRef.detectChanges (node_modules/@angular/core/fesm2022/core.mjs:14825:9)
      at node_modules/@angular/core/fesm2022/testing.mjs:292:44
      at _ZoneDelegate.invoke (node_modules/zone.js/bundles/zone.umd.js:410:32)
      at Object.onInvoke (node_modules/@angular/core/fesm2022/core.mjs:6579:33)
      at _ZoneDelegate.invoke (node_modules/zone.js/bundles/zone.umd.js:409:38)
      at ZoneImpl.run (node_modules/zone.js/bundles/zone.umd.js:145:47)
      at NgZone.run (node_modules/@angular/core/fesm2022/core.mjs:6425:28)
      at ComponentFixture.detectChanges (node_modules/@angular/core/fesm2022/testing.mjs:289:30)
      at src/app/ui/shared/components/atoms/card/card.component.spec.ts:65:19
      at _ZoneDelegate.invoke (node_modules/zone.js/bundles/zone.umd.js:410:32)
      at ProxyZoneSpec.Object.<anonymous>.ProxyZoneSpec.onInvoke (node_modules/zone.js/bundles/zone-testing.umd.js:2219:43)
      at _ZoneDelegate.invoke (node_modules/zone.js/bundles/zone.umd.js:409:38)
      at ZoneImpl.run (node_modules/zone.js/bundles/zone.umd.js:145:47)
      at Object.wrappedFunc (node_modules/zone.js/bundles/zone-testing.umd.js:449:38)

PASS src/app/ui/pages/study/tabs/sections/newSectionModal/newSectionModal.constants.spec.ts
PASS src/app/ui/shared/components/studio/section/helpers/createPlotDataObject.spec.ts
PASS src/app/ui/shared/service/autocomplete/autocomplete-filters.service.spec.ts
PASS src/app/ui/pages/studio/side-tabs/side-tab/side-tab.component.spec.ts
PASS src/app/core/services/storage/storage.service.spec.ts
PASS src/app/ui/pages/studio/toolbar-dialog/field-measuring/components/calculus-setting/pep/pep.component.spec.ts
PASS src/app/ui/shared/components/studio/section/helpers/createShadowPlotData.spec.ts
PASS src/app/ui/shared/components/studio/section/helpers/createPlotData.spec.ts
PASS src/app/core/services/worker_update/service-worker.spec.ts
PASS src/app/ui/shared/components/studio/section/helpers/createShadowDataObject.spec.ts
PASS src/app/core/services/user/user.service.spec.ts
PASS src/app/ui/shared/helpers/findMiddleSpan.spec.ts
PASS src/app/core/services/worker_python/worker-python.spec.ts
PASS src/app/core/services/worker_python/tasks/handle-task.spec.ts

Summary of all failing tests
FAIL src/app/ui/pages/studio/top-toolbar/scale-view/scale-view.component.spec.ts
  ● ScaleViewComponent › Component Initialization › should have scaleMax set to 250

    expect(received).toBe(expected) // Object.is equality

    Expected: 250
    Received: 100

      66 |
      67 |     it('should have scaleMax set to 250', () => {
    > 68 |       expect(component.scaleMax).toBe(250);
         |                                  ^
      69 |     });
      70 |
      71 |     it('should initialize the scale form control to "auto"', () => {

      at src/app/ui/pages/studio/top-toolbar/scale-view/scale-view.component.spec.ts:68:34
      at _ZoneDelegate.invoke (node_modules/zone.js/bundles/zone.umd.js:410:32)
      at ProxyZoneSpec.Object.<anonymous>.ProxyZoneSpec.onInvoke (node_modules/zone.js/bundles/zone-testing.umd.js:2219:43)
      at _ZoneDelegate.invoke (node_modules/zone.js/bundles/zone.umd.js:409:38)
      at ZoneImpl.run (node_modules/zone.js/bundles/zone.umd.js:145:47)
      at Object.wrappedFunc (node_modules/zone.js/bundles/zone-testing.umd.js:449:38)


Test Suites: 1 failed, 87 passed, 88 total
Tests:       1 failed, 1658 passed, 1659 total
Snapshots:   0 total
Time:        87.358 s
Ran all test suites.
